17:35:43 **** Incremental Build of configuration msdk_ffd for project MSDK ****
make -j16 all 
cmd /C "..\..\..\image_prebuild.bat riscv-nuclei-elf- C:/Users/stapi/OneDrive/Desktop/GD32VW553/GD32VW55X_Wifi_BLE_SDK/GD32VW55x_RELEASE_V1.0.2/MSDK/projects/eclipse/msdk/../../../ "
Active code page: 65001
cd=C:\Users\stapi\OneDrive\Desktop\GD32VW553\GD32VW55X_Wifi_BLE_SDK\GD32VW55x_RELEASE_V1.0.2\MSDK\projects\eclipse\msdk\msdk_ffd
Active code page: 437
 
Building file: C:/Users/stapi/OneDrive/Desktop/GD32VW553/GD32VW55X_Wifi_BLE_SDK/GD32VW55x_RELEASE_V1.0.2/MSDK/app/atcmd.c
Building file: C:/Users/stapi/OneDrive/Desktop/GD32VW553/GD32VW55X_Wifi_BLE_SDK/GD32VW55x_RELEASE_V1.0.2/MSDK/app/cmd_shell.c
Invoking: GD RISC-V MCU C Compiler
Invoking: GD RISC-V MCU C Compiler
riscv-nuclei-elf-gcc -march=rv32imafcbp -mcmodel=medlow -msmall-data-limit=8 -msave-restore -mabi=ilp32f -Os -fmessage-length=0 -fsigned-char -ffunction-sections -fdata-sections -fno-common -fno-unroll-loops -Werror -Wunused -Wuninitialized -Wall -Wno-format -Wno-unused-function -Wno-unused-variable -Wno-unused-but-set-variable  -g -std=c99 -DCFG_RTOS -DCONFIG_WPA_SUPPLICANT -DPLATFORM_OS_FREERTOS -I"..\..\..\..\cloud\alicloud\examples\linkkit\living_platform" -I"..\..\..\..\cloud\alicloud\src\ref-impl\hal\os\freertos" -I"..\..\..\..\cloud\alicloud\src\infra\utils\misc" -I"..\..\..\..\cloud\alicloud\src\infra\utils\kv" -I"..\..\..\..\cloud\alicloud\src\ref-impl\hal" -I"..\..\..\..\cloud\alicloud\src\infra\log" -I"..\..\..\..\cloud\alicloud\src\infra\utils\digest" -I"..\..\..\..\cloud\alicloud\include\exports" -I"..\..\..\..\cloud\alicloud\include\imports" -I"..\..\..\..\cloud\alicloud\include" -I"..\..\..\..\mbedtls\mbedtls-2.17.0-ssl\include" -I"..\..\..\..\cloud\tuya\tuyaos_adapter\include\adc" -I"..\..\..\..\cloud\tuya\tuyaos_adapter\include\base\include" -I"..\..\..\..\cloud\tuya\tuyaos_adapter\include\bluetooth" -I"..\..\..\..\cloud\tuya\tuyaos_adapter\include\flash" -I"..\..\..\..\cloud\tuya\tuyaos_adapter\include\gpio" -I"..\..\..\..\cloud\tuya\tuyaos_adapter\include\hci" -I"..\..\..\..\cloud\tuya\tuyaos_adapter\include\i2c" -I"..\..\..\..\cloud\tuya\tuyaos_adapter\include\init\include" -I"..\..\..\..\cloud\tuya\tuyaos_adapter\include\network" -I"..\..\..\..\cloud\tuya\tuyaos_adapter\include\pinmux" -I"..\..\..\..\cloud\tuya\tuyaos_adapter\include\pwm" -I"..\..\..\..\cloud\tuya\tuyaos_adapter\include\rtc" -I"..\..\..\..\cloud\tuya\tuyaos_adapter\include\security" -I"..\..\..\..\cloud\tuya\tuyaos_adapter\include\spi" -I"..\..\..\..\cloud\tuya\tuyaos_adapter\include\system" -I"..\..\..\..\cloud\tuya\tuyaos_adapter\include\timer" -I"..\..\..\..\cloud\tuya\tuyaos_adapter\include\uart" -I"..\..\..\..\cloud\tuya\tuyaos_adapter\include\utilities\include" -I"..\..\..\..\cloud\tuya\tuyaos_adapter\include\watchdog" -I"..\..\..\..\cloud\tuya\tuyaos_adapter\include\wifi" -I"..\..\..\..\cloud\tuya" -I"..\..\..\..\lwip\iperf3" -I"..\..\..\..\lwip\iperf" -I"..\..\..\..\macsw\export" -I"..\..\..\..\macsw\import" -I"..\..\..\..\plf\riscv\arch" -I"..\..\..\..\plf\riscv\arch\boot" -I"..\..\..\..\plf\riscv\arch\lib" -I"..\..\..\..\plf\riscv\arch\ll" -I"..\..\..\..\plf\riscv\arch\compiler" -I"..\..\..\..\plf\src" -I"..\..\..\..\plf\src\reg" -I"..\..\..\..\plf\src\dma" -I"..\..\..\..\plf\src\time" -I"..\..\..\..\plf\src\trng" -I"..\..\..\..\plf\src\uart" -I"..\..\..\..\plf\src\nvds" -I"..\..\..\..\plf\src\raw_flash" -I"..\..\..\..\plf\src\rf" -I"..\..\..\..\plf\riscv\gd32vw55x" -I"..\..\..\..\plf\riscv\NMSIS\Core\Include" -I"..\..\..\..\plf\riscv\NMSIS\DSP\Include" -I"..\..\..\..\plf\riscv\NMSIS\DSP\Include\dsp" -I"..\..\..\..\plf\GD32VW55x_standard_peripheral" -I"..\..\..\..\plf\GD32VW55x_standard_peripheral\Include" -I"..\..\..\..\rtos\rtos_wrapper" -I"..\..\..\..\rtos\FreeRTOS\Source\include" -I"..\..\..\..\rtos\FreeRTOS\Source\portable\riscv32" -I"..\..\..\..\rtos\FreeRTOS\config" -I"..\..\..\..\lwip\lwip-2.1.2\src\include" -I"..\..\..\..\lwip\lwip-2.1.2\src\include\compat\posix" -I"..\..\..\..\lwip\lwip-2.1.2\src\include\lwip" -I"..\..\..\..\lwip\lwip-2.1.2\src\include\lwip\apps" -I"..\..\..\..\lwip\lwip-2.1.2\port" -I"..\..\..\..\lwip\libcoap-4.3.4\port" -I"..\..\..\..\lwip\libcoap-4.3.4\include" -I"..\..\..\..\wpa_supplicant\wpa_supplicant" -I"..\..\..\..\wpa_supplicant\src" -I"..\..\..\..\wpa_supplicant\src\utils" -I"..\..\..\..\wpa_supplicant\src\crypto" -I"..\..\..\..\mbedtls\mbedtls-2.17.0-ssl\include" -I"..\..\..\..\..\ROM-EXPORT\bootloader" -I"..\..\..\..\..\ROM-EXPORT\halcomm" -I"..\..\..\..\..\ROM-EXPORT\symbol" -I"..\..\..\..\..\ROM-EXPORT\mbedtls-2.17.0-rom\include" -I"..\..\..\..\..\config" -I"..\..\..\..\app" -I"..\..\..\..\app\mqtt_app" -I"..\..\..\..\wifi_manager" -I"..\..\..\..\blesw\src\export" -I"..\..\..\..\blesw\src\export\config_max" -I"..\..\..\..\ble\app" -I"..\..\..\..\ble\profile" -I"..\..\..\..\ble\profile\datatrans" -I"..\..\..\..\util\include" -I"..\..\..\..\FatFS\port" -I"..\..\..\..\FatFS\src" -MMD -MP -MF"app/atcmd.d" -MT"app/atcmd.o" -Wa,-adhlns=app/atcmd.o.lst   -c -o "app/atcmd.o" "C:/Users/stapi/OneDrive/Desktop/GD32VW553/GD32VW55X_Wifi_BLE_SDK/GD32VW55x_RELEASE_V1.0.2/MSDK/app/atcmd.c"
Building file: C:/Users/stapi/OneDrive/Desktop/GD32VW553/GD32VW55X_Wifi_BLE_SDK/GD32VW55x_RELEASE_V1.0.2/MSDK/app/main.c
riscv-nuclei-elf-gcc -march=rv32imafcbp -mcmodel=medlow -msmall-data-limit=8 -msave-restore -mabi=ilp32f -Os -fmessage-length=0 -fsigned-char -ffunction-sections -fdata-sections -fno-common -fno-unroll-loops -Werror -Wunused -Wuninitialized -Wall -Wno-format -Wno-unused-function -Wno-unused-variable -Wno-unused-but-set-variable  -g -std=c99 -DCFG_RTOS -DCONFIG_WPA_SUPPLICANT -DPLATFORM_OS_FREERTOS -I"..\..\..\..\cloud\alicloud\examples\linkkit\living_platform" -I"..\..\..\..\cloud\alicloud\src\ref-impl\hal\os\freertos" -I"..\..\..\..\cloud\alicloud\src\infra\utils\misc" -I"..\..\..\..\cloud\alicloud\src\infra\utils\kv" -I"..\..\..\..\cloud\alicloud\src\ref-impl\hal" -I"..\..\..\..\cloud\alicloud\src\infra\log" -I"..\..\..\..\cloud\alicloud\src\infra\utils\digest" -I"..\..\..\..\cloud\alicloud\include\exports" -I"..\..\..\..\cloud\alicloud\include\imports" -I"..\..\..\..\cloud\alicloud\include" -I"..\..\..\..\mbedtls\mbedtls-2.17.0-ssl\include" -I"..\..\..\..\cloud\tuya\tuyaos_adapter\include\adc" -I"..\..\..\..\cloud\tuya\tuyaos_adapter\include\base\include" -I"..\..\..\..\cloud\tuya\tuyaos_adapter\include\bluetooth" -I"..\..\..\..\cloud\tuya\tuyaos_adapter\include\flash" -I"..\..\..\..\cloud\tuya\tuyaos_adapter\include\gpio" -I"..\..\..\..\cloud\tuya\tuyaos_adapter\include\hci" -I"..\..\..\..\cloud\tuya\tuyaos_adapter\include\i2c" -I"..\..\..\..\cloud\tuya\tuyaos_adapter\include\init\include" -I"..\..\..\..\cloud\tuya\tuyaos_adapter\include\network" -I"..\..\..\..\cloud\tuya\tuyaos_adapter\include\pinmux" -I"..\..\..\..\cloud\tuya\tuyaos_adapter\include\pwm" -I"..\..\..\..\cloud\tuya\tuyaos_adapter\include\rtc" -I"..\..\..\..\cloud\tuya\tuyaos_adapter\include\security" -I"..\..\..\..\cloud\tuya\tuyaos_adapter\include\spi" -I"..\..\..\..\cloud\tuya\tuyaos_adapter\include\system" -I"..\..\..\..\cloud\tuya\tuyaos_adapter\include\timer" -I"..\..\..\..\cloud\tuya\tuyaos_adapter\include\uart" -I"..\..\..\..\cloud\tuya\tuyaos_adapter\include\utilities\include" -I"..\..\..\..\cloud\tuya\tuyaos_adapter\include\watchdog" -I"..\..\..\..\cloud\tuya\tuyaos_adapter\include\wifi" -I"..\..\..\..\cloud\tuya" -I"..\..\..\..\lwip\iperf3" -I"..\..\..\..\lwip\iperf" -I"..\..\..\..\macsw\export" -I"..\..\..\..\macsw\import" -I"..\..\..\..\plf\riscv\arch" -I"..\..\..\..\plf\riscv\arch\boot" -I"..\..\..\..\plf\riscv\arch\lib" -I"..\..\..\..\plf\riscv\arch\ll" -I"..\..\..\..\plf\riscv\arch\compiler" -I"..\..\..\..\plf\src" -I"..\..\..\..\plf\src\reg" -I"..\..\..\..\plf\src\dma" -I"..\..\..\..\plf\src\time" -I"..\..\..\..\plf\src\trng" -I"..\..\..\..\plf\src\uart" -I"..\..\..\..\plf\src\nvds" -I"..\..\..\..\plf\src\raw_flash" -I"..\..\..\..\plf\src\rf" -I"..\..\..\..\plf\riscv\gd32vw55x" -I"..\..\..\..\plf\riscv\NMSIS\Core\Include" -I"..\..\..\..\plf\riscv\NMSIS\DSP\Include" -I"..\..\..\..\plf\riscv\NMSIS\DSP\Include\dsp" -I"..\..\..\..\plf\GD32VW55x_standard_peripheral" -I"..\..\..\..\plf\GD32VW55x_standard_peripheral\Include" -I"..\..\..\..\rtos\rtos_wrapper" -I"..\..\..\..\rtos\FreeRTOS\Source\include" -I"..\..\..\..\rtos\FreeRTOS\Source\portable\riscv32" -I"..\..\..\..\rtos\FreeRTOS\config" -I"..\..\..\..\lwip\lwip-2.1.2\src\include" -I"..\..\..\..\lwip\lwip-2.1.2\src\include\compat\posix" -I"..\..\..\..\lwip\lwip-2.1.2\src\include\lwip" -I"..\..\..\..\lwip\lwip-2.1.2\src\include\lwip\apps" -I"..\..\..\..\lwip\lwip-2.1.2\port" -I"..\..\..\..\lwip\libcoap-4.3.4\port" -I"..\..\..\..\lwip\libcoap-4.3.4\include" -I"..\..\..\..\wpa_supplicant\wpa_supplicant" -I"..\..\..\..\wpa_supplicant\src" -I"..\..\..\..\wpa_supplicant\src\utils" -I"..\..\..\..\wpa_supplicant\src\crypto" -I"..\..\..\..\mbedtls\mbedtls-2.17.0-ssl\include" -I"..\..\..\..\..\ROM-EXPORT\bootloader" -I"..\..\..\..\..\ROM-EXPORT\halcomm" -I"..\..\..\..\..\ROM-EXPORT\symbol" -I"..\..\..\..\..\ROM-EXPORT\mbedtls-2.17.0-rom\include" -I"..\..\..\..\..\config" -I"..\..\..\..\app" -I"..\..\..\..\app\mqtt_app" -I"..\..\..\..\wifi_manager" -I"..\..\..\..\blesw\src\export" -I"..\..\..\..\blesw\src\export\config_max" -I"..\..\..\..\ble\app" -I"..\..\..\..\ble\profile" -I"..\..\..\..\ble\profile\datatrans" -I"..\..\..\..\util\include" -I"..\..\..\..\FatFS\port" -I"..\..\..\..\FatFS\src" -MMD -MP -MF"app/cmd_shell.d" -MT"app/cmd_shell.o" -Wa,-adhlns=app/cmd_shell.o.lst   -c -o "app/cmd_shell.o" "C:/Users/stapi/OneDrive/Desktop/GD32VW553/GD32VW55X_Wifi_BLE_SDK/GD32VW55x_RELEASE_V1.0.2/MSDK/app/cmd_shell.c"
Invoking: GD RISC-V MCU C Compiler
Building file: C:/Users/stapi/OneDrive/Desktop/GD32VW553/GD32VW55X_Wifi_BLE_SDK/GD32VW55x_RELEASE_V1.0.2/MSDK/app/mqtt_app/mqtt_cmd.c
riscv-nuclei-elf-gcc -march=rv32imafcbp -mcmodel=medlow -msmall-data-limit=8 -msave-restore -mabi=ilp32f -Os -fmessage-length=0 -fsigned-char -ffunction-sections -fdata-sections -fno-common -fno-unroll-loops -Werror -Wunused -Wuninitialized -Wall -Wno-format -Wno-unused-function -Wno-unused-variable -Wno-unused-but-set-variable  -g -std=c99 -DCFG_RTOS -DCONFIG_WPA_SUPPLICANT -DPLATFORM_OS_FREERTOS -I"..\..\..\..\cloud\alicloud\examples\linkkit\living_platform" -I"..\..\..\..\cloud\alicloud\src\ref-impl\hal\os\freertos" -I"..\..\..\..\cloud\alicloud\src\infra\utils\misc" -I"..\..\..\..\cloud\alicloud\src\infra\utils\kv" -I"..\..\..\..\cloud\alicloud\src\ref-impl\hal" -I"..\..\..\..\cloud\alicloud\src\infra\log" -I"..\..\..\..\cloud\alicloud\src\infra\utils\digest" -I"..\..\..\..\cloud\alicloud\include\exports" -I"..\..\..\..\cloud\alicloud\include\imports" -I"..\..\..\..\cloud\alicloud\include" -I"..\..\..\..\mbedtls\mbedtls-2.17.0-ssl\include" -I"..\..\..\..\cloud\tuya\tuyaos_adapter\include\adc" -I"..\..\..\..\cloud\tuya\tuyaos_adapter\include\base\include" -I"..\..\..\..\cloud\tuya\tuyaos_adapter\include\bluetooth" -I"..\..\..\..\cloud\tuya\tuyaos_adapter\include\flash" -I"..\..\..\..\cloud\tuya\tuyaos_adapter\include\gpio" -I"..\..\..\..\cloud\tuya\tuyaos_adapter\include\hci" -I"..\..\..\..\cloud\tuya\tuyaos_adapter\include\i2c" -I"..\..\..\..\cloud\tuya\tuyaos_adapter\include\init\include" -I"..\..\..\..\cloud\tuya\tuyaos_adapter\include\network" -I"..\..\..\..\cloud\tuya\tuyaos_adapter\include\pinmux" -I"..\..\..\..\cloud\tuya\tuyaos_adapter\include\pwm" -I"..\..\..\..\cloud\tuya\tuyaos_adapter\include\rtc" -I"..\..\..\..\cloud\tuya\tuyaos_adapter\include\security" -I"..\..\..\..\cloud\tuya\tuyaos_adapter\include\spi" -I"..\..\..\..\cloud\tuya\tuyaos_adapter\include\system" -I"..\..\..\..\cloud\tuya\tuyaos_adapter\include\timer" -I"..\..\..\..\cloud\tuya\tuyaos_adapter\include\uart" -I"..\..\..\..\cloud\tuya\tuyaos_adapter\include\utilities\include" -I"..\..\..\..\cloud\tuya\tuyaos_adapter\include\watchdog" -I"..\..\..\..\cloud\tuya\tuyaos_adapter\include\wifi" -I"..\..\..\..\cloud\tuya" -I"..\..\..\..\lwip\iperf3" -I"..\..\..\..\lwip\iperf" -I"..\..\..\..\macsw\export" -I"..\..\..\..\macsw\import" -I"..\..\..\..\plf\riscv\arch" -I"..\..\..\..\plf\riscv\arch\boot" -I"..\..\..\..\plf\riscv\arch\lib" -I"..\..\..\..\plf\riscv\arch\ll" -I"..\..\..\..\plf\riscv\arch\compiler" -I"..\..\..\..\plf\src" -I"..\..\..\..\plf\src\reg" -I"..\..\..\..\plf\src\dma" -I"..\..\..\..\plf\src\time" -I"..\..\..\..\plf\src\trng" -I"..\..\..\..\plf\src\uart" -I"..\..\..\..\plf\src\nvds" -I"..\..\..\..\plf\src\raw_flash" -I"..\..\..\..\plf\src\rf" -I"..\..\..\..\plf\riscv\gd32vw55x" -I"..\..\..\..\plf\riscv\NMSIS\Core\Include" -I"..\..\..\..\plf\riscv\NMSIS\DSP\Include" -I"..\..\..\..\plf\riscv\NMSIS\DSP\Include\dsp" -I"..\..\..\..\plf\GD32VW55x_standard_peripheral" -I"..\..\..\..\plf\GD32VW55x_standard_peripheral\Include" -I"..\..\..\..\rtos\rtos_wrapper" -I"..\..\..\..\rtos\FreeRTOS\Source\include" -I"..\..\..\..\rtos\FreeRTOS\Source\portable\riscv32" -I"..\..\..\..\rtos\FreeRTOS\config" -I"..\..\..\..\lwip\lwip-2.1.2\src\include" -I"..\..\..\..\lwip\lwip-2.1.2\src\include\compat\posix" -I"..\..\..\..\lwip\lwip-2.1.2\src\include\lwip" -I"..\..\..\..\lwip\lwip-2.1.2\src\include\lwip\apps" -I"..\..\..\..\lwip\lwip-2.1.2\port" -I"..\..\..\..\lwip\libcoap-4.3.4\port" -I"..\..\..\..\lwip\libcoap-4.3.4\include" -I"..\..\..\..\wpa_supplicant\wpa_supplicant" -I"..\..\..\..\wpa_supplicant\src" -I"..\..\..\..\wpa_supplicant\src\utils" -I"..\..\..\..\wpa_supplicant\src\crypto" -I"..\..\..\..\mbedtls\mbedtls-2.17.0-ssl\include" -I"..\..\..\..\..\ROM-EXPORT\bootloader" -I"..\..\..\..\..\ROM-EXPORT\halcomm" -I"..\..\..\..\..\ROM-EXPORT\symbol" -I"..\..\..\..\..\ROM-EXPORT\mbedtls-2.17.0-rom\include" -I"..\..\..\..\..\config" -I"..\..\..\..\app" -I"..\..\..\..\app\mqtt_app" -I"..\..\..\..\wifi_manager" -I"..\..\..\..\blesw\src\export" -I"..\..\..\..\blesw\src\export\config_max" -I"..\..\..\..\ble\app" -I"..\..\..\..\ble\profile" -I"..\..\..\..\ble\profile\datatrans" -I"..\..\..\..\util\include" -I"..\..\..\..\FatFS\port" -I"..\..\..\..\FatFS\src" -MMD -MP -MF"app/main.d" -MT"app/main.o" -Wa,-adhlns=app/main.o.lst   -c -o "app/main.o" "C:/Users/stapi/OneDrive/Desktop/GD32VW553/GD32VW55X_Wifi_BLE_SDK/GD32VW55x_RELEASE_V1.0.2/MSDK/app/main.c"
Invoking: GD RISC-V MCU C Compiler
riscv-nuclei-elf-gcc -march=rv32imafcbp -mcmodel=medlow -msmall-data-limit=8 -msave-restore -mabi=ilp32f -Os -fmessage-length=0 -fsigned-char -ffunction-sections -fdata-sections -fno-common -fno-unroll-loops -Werror -Wunused -Wuninitialized -Wall -Wno-format -Wno-unused-function -Wno-unused-variable -Wno-unused-but-set-variable  -g -std=c99 -DCFG_RTOS -DCONFIG_WPA_SUPPLICANT -DPLATFORM_OS_FREERTOS -I"..\..\..\..\cloud\alicloud\examples\linkkit\living_platform" -I"..\..\..\..\cloud\alicloud\src\ref-impl\hal\os\freertos" -I"..\..\..\..\cloud\alicloud\src\infra\utils\misc" -I"..\..\..\..\cloud\alicloud\src\infra\utils\kv" -I"..\..\..\..\cloud\alicloud\src\ref-impl\hal" -I"..\..\..\..\cloud\alicloud\src\infra\log" -I"..\..\..\..\cloud\alicloud\src\infra\utils\digest" -I"..\..\..\..\cloud\alicloud\include\exports" -I"..\..\..\..\cloud\alicloud\include\imports" -I"..\..\..\..\cloud\alicloud\include" -I"..\..\..\..\mbedtls\mbedtls-2.17.0-ssl\include" -I"..\..\..\..\cloud\tuya\tuyaos_adapter\include\adc" -I"..\..\..\..\cloud\tuya\tuyaos_adapter\include\base\include" -I"..\..\..\..\cloud\tuya\tuyaos_adapter\include\bluetooth" -I"..\..\..\..\cloud\tuya\tuyaos_adapter\include\flash" -I"..\..\..\..\cloud\tuya\tuyaos_adapter\include\gpio" -I"..\..\..\..\cloud\tuya\tuyaos_adapter\include\hci" -I"..\..\..\..\cloud\tuya\tuyaos_adapter\include\i2c" -I"..\..\..\..\cloud\tuya\tuyaos_adapter\include\init\include" -I"..\..\..\..\cloud\tuya\tuyaos_adapter\include\network" -I"..\..\..\..\cloud\tuya\tuyaos_adapter\include\pinmux" -I"..\..\..\..\cloud\tuya\tuyaos_adapter\include\pwm" -I"..\..\..\..\cloud\tuya\tuyaos_adapter\include\rtc" -I"..\..\..\..\cloud\tuya\tuyaos_adapter\include\security" -I"..\..\..\..\cloud\tuya\tuyaos_adapter\include\spi" -I"..\..\..\..\cloud\tuya\tuyaos_adapter\include\system" -I"..\..\..\..\cloud\tuya\tuyaos_adapter\include\timer" -I"..\..\..\..\cloud\tuya\tuyaos_adapter\include\uart" -I"..\..\..\..\cloud\tuya\tuyaos_adapter\include\utilities\include" -I"..\..\..\..\cloud\tuya\tuyaos_adapter\include\watchdog" -I"..\..\..\..\cloud\tuya\tuyaos_adapter\include\wifi" -I"..\..\..\..\cloud\tuya" -I"..\..\..\..\lwip\iperf3" -I"..\..\..\..\lwip\iperf" -I"..\..\..\..\macsw\export" -I"..\..\..\..\macsw\import" -I"..\..\..\..\plf\riscv\arch" -I"..\..\..\..\plf\riscv\arch\boot" -I"..\..\..\..\plf\riscv\arch\lib" -I"..\..\..\..\plf\riscv\arch\ll" -I"..\..\..\..\plf\riscv\arch\compiler" -I"..\..\..\..\plf\src" -I"..\..\..\..\plf\src\reg" -I"..\..\..\..\plf\src\dma" -I"..\..\..\..\plf\src\time" -I"..\..\..\..\plf\src\trng" -I"..\..\..\..\plf\src\uart" -I"..\..\..\..\plf\src\nvds" -I"..\..\..\..\plf\src\raw_flash" -I"..\..\..\..\plf\src\rf" -I"..\..\..\..\plf\riscv\gd32vw55x" -I"..\..\..\..\plf\riscv\NMSIS\Core\Include" -I"..\..\..\..\plf\riscv\NMSIS\DSP\Include" -I"..\..\..\..\plf\riscv\NMSIS\DSP\Include\dsp" -I"..\..\..\..\plf\GD32VW55x_standard_peripheral" -I"..\..\..\..\plf\GD32VW55x_standard_peripheral\Include" -I"..\..\..\..\rtos\rtos_wrapper" -I"..\..\..\..\rtos\FreeRTOS\Source\include" -I"..\..\..\..\rtos\FreeRTOS\Source\portable\riscv32" -I"..\..\..\..\rtos\FreeRTOS\config" -I"..\..\..\..\lwip\lwip-2.1.2\src\include" -I"..\..\..\..\lwip\lwip-2.1.2\src\include\compat\posix" -I"..\..\..\..\lwip\lwip-2.1.2\src\include\lwip" -I"..\..\..\..\lwip\lwip-2.1.2\src\include\lwip\apps" -I"..\..\..\..\lwip\lwip-2.1.2\port" -I"..\..\..\..\lwip\libcoap-4.3.4\port" -I"..\..\..\..\lwip\libcoap-4.3.4\include" -I"..\..\..\..\wpa_supplicant\wpa_supplicant" -I"..\..\..\..\wpa_supplicant\src" -I"..\..\..\..\wpa_supplicant\src\utils" -I"..\..\..\..\wpa_supplicant\src\crypto" -I"..\..\..\..\mbedtls\mbedtls-2.17.0-ssl\include" -I"..\..\..\..\..\ROM-EXPORT\bootloader" -I"..\..\..\..\..\ROM-EXPORT\halcomm" -I"..\..\..\..\..\ROM-EXPORT\symbol" -I"..\..\..\..\..\ROM-EXPORT\mbedtls-2.17.0-rom\include" -I"..\..\..\..\..\config" -I"..\..\..\..\app" -I"..\..\..\..\app\mqtt_app" -I"..\..\..\..\wifi_manager" -I"..\..\..\..\blesw\src\export" -I"..\..\..\..\blesw\src\export\config_max" -I"..\..\..\..\ble\app" -I"..\..\..\..\ble\profile" -I"..\..\..\..\ble\profile\datatrans" -I"..\..\..\..\util\include" -I"..\..\..\..\FatFS\port" -I"..\..\..\..\FatFS\src" -MMD -MP -MF"app/mqtt_cmd.d" -MT"app/mqtt_cmd.o" -Wa,-adhlns=app/mqtt_cmd.o.lst   -c -o "app/mqtt_cmd.o" "C:/Users/stapi/OneDrive/Desktop/GD32VW553/GD32VW55X_Wifi_BLE_SDK/GD32VW55x_RELEASE_V1.0.2/MSDK/app/mqtt_app/mqtt_cmd.c"
Finished building: C:/Users/stapi/OneDrive/Desktop/GD32VW553/GD32VW55X_Wifi_BLE_SDK/GD32VW55x_RELEASE_V1.0.2/MSDK/app/atcmd.c
 
C:/Users/stapi/OneDrive/Desktop/GD32VW553/GD32VW55X_Wifi_BLE_SDK/GD32VW55x_RELEASE_V1.0.2/MSDK/app/main.c:81:8: error: unknown type name 'mqtt_client_t'
   81 | extern mqtt_client_t *mqtt_client;
      |        ^~~~~~~~~~~~~
C:/Users/stapi/OneDrive/Desktop/GD32VW553/GD32VW55X_Wifi_BLE_SDK/GD32VW55x_RELEASE_V1.0.2/MSDK/app/main.c:87:14: error: expected '=', ',', ';', 'asm' or '__attribute__' before '.' token
   87 | sever_ip_addr.addr = PP_HTONL(LWIP_MAKEU32(192, 168, 1, 100)); // Broker IP
      |              ^
C:/Users/stapi/OneDrive/Desktop/GD32VW553/GD32VW55X_Wifi_BLE_SDK/GD32VW55x_RELEASE_V1.0.2/MSDK/app/main.c:88:1: error: data definition has no type or storage class [-Werror]
   88 | port = 1883; // Broker Port
      | ^~~~
C:/Users/stapi/OneDrive/Desktop/GD32VW553/GD32VW55X_Wifi_BLE_SDK/GD32VW55x_RELEASE_V1.0.2/MSDK/app/main.c:88:1: error: type defaults to 'int' in declaration of 'port' [-Werror=implicit-int]
C:/Users/stapi/OneDrive/Desktop/GD32VW553/GD32VW55X_Wifi_BLE_SDK/GD32VW55x_RELEASE_V1.0.2/MSDK/app/main.c:88:1: error: conflicting types for 'port'
C:/Users/stapi/OneDrive/Desktop/GD32VW553/GD32VW55X_Wifi_BLE_SDK/GD32VW55x_RELEASE_V1.0.2/MSDK/app/main.c:85:17: note: previous declaration of 'port' was here
   85 | extern uint16_t port;
      |                 ^~~~
C:/Users/stapi/OneDrive/Desktop/GD32VW553/GD32VW55X_Wifi_BLE_SDK/GD32VW55x_RELEASE_V1.0.2/MSDK/app/main.c: In function 'main':
C:/Users/stapi/OneDrive/Desktop/GD32VW553/GD32VW55X_Wifi_BLE_SDK/GD32VW55x_RELEASE_V1.0.2/MSDK/app/main.c:122:23: error: implicit declaration of function 'mqtt_client_new'; did you mean 'mqtt_client_disconnect'? [-Werror=implicit-function-declaration]
  122 |         mqtt_client = mqtt_client_new();
      |                       ^~~~~~~~~~~~~~~
      |                       mqtt_client_disconnect
C:/Users/stapi/OneDrive/Desktop/GD32VW553/GD32VW55X_Wifi_BLE_SDK/GD32VW55x_RELEASE_V1.0.2/MSDK/app/main.c:122:21: error: assignment to 'int *' from 'int' makes pointer from integer without a cast [-Werror=int-conversion]
  122 |         mqtt_client = mqtt_client_new();
      |                     ^
C:/Users/stapi/OneDrive/Desktop/GD32VW553/GD32VW55X_Wifi_BLE_SDK/GD32VW55x_RELEASE_V1.0.2/MSDK/app/main.c:132:9: error: implicit declaration of function 'mqtt_connect_to_server'; did you mean 'mqtt_connect_server'? [-Werror=implicit-function-declaration]
  132 |     if (mqtt_connect_to_server() != 0) {
      |         ^~~~~~~~~~~~~~~~~~~~~~
      |         mqtt_connect_server
cc1.exe: all warnings being treated as errors
make[1]: *** [app/subdir.mk:79: app/main.o] Error 1
make[1]: *** Waiting for unfinished jobs....
Finished building: C:/Users/stapi/OneDrive/Desktop/GD32VW553/GD32VW55X_Wifi_BLE_SDK/GD32VW55x_RELEASE_V1.0.2/MSDK/app/mqtt_app/mqtt_cmd.c
 
Finished building: C:/Users/stapi/OneDrive/Desktop/GD32VW553/GD32VW55X_Wifi_BLE_SDK/GD32VW55x_RELEASE_V1.0.2/MSDK/app/cmd_shell.c
 
make: *** [makefile:65: all] Error 2
"make -j16 all" terminated with exit code 2. Build might be incomplete.
09:29:14 **** Incremental Build of configuration msdk_ffd for project MSDK ****
make -j16 all 
cmd /C "..\..\..\image_prebuild.bat riscv-nuclei-elf- C:/Users/stapi/OneDrive/Desktop/GD32VW553/GD32VW55X_Wifi_BLE_SDK/GD32VW55x_RELEASE_V1.0.2/MSDK/projects/eclipse/msdk/../../../ "
Active code page: 65001
cd=C:\Users\stapi\OneDrive\Desktop\GD32VW553\GD32VW55X_Wifi_BLE_SDK\GD32VW55x_RELEASE_V1.0.2\MSDK\projects\eclipse\msdk\msdk_ffd
Active code page: 437
 
Building file: C:/Users/stapi/OneDrive/Desktop/GD32VW553/GD32VW55X_Wifi_BLE_SDK/GD32VW55x_RELEASE_V1.0.2/MSDK/app/atcmd.c
Building file: C:/Users/stapi/OneDrive/Desktop/GD32VW553/GD32VW55X_Wifi_BLE_SDK/GD32VW55x_RELEASE_V1.0.2/MSDK/app/cmd_shell.c
Building file: C:/Users/stapi/OneDrive/Desktop/GD32VW553/GD32VW55X_Wifi_BLE_SDK/GD32VW55x_RELEASE_V1.0.2/MSDK/app/main.c
Invoking: GD RISC-V MCU C Compiler
riscv-nuclei-elf-gcc -march=rv32imafcbp -mcmodel=medlow -msmall-data-limit=8 -msave-restore -mabi=ilp32f -Os -fmessage-length=0 -fsigned-char -ffunction-sections -fdata-sections -fno-common -fno-unroll-loops -Werror -Wunused -Wuninitialized -Wall -Wno-format -Wno-unused-function -Wno-unused-variable -Wno-unused-but-set-variable  -g -std=c99 -DCFG_RTOS -DCONFIG_WPA_SUPPLICANT -DPLATFORM_OS_FREERTOS -I"..\..\..\..\cloud\alicloud\examples\linkkit\living_platform" -I"..\..\..\..\cloud\alicloud\src\ref-impl\hal\os\freertos" -I"..\..\..\..\cloud\alicloud\src\infra\utils\misc" -I"..\..\..\..\cloud\alicloud\src\infra\utils\kv" -I"..\..\..\..\cloud\alicloud\src\ref-impl\hal" -I"..\..\..\..\cloud\alicloud\src\infra\log" -I"..\..\..\..\cloud\alicloud\src\infra\utils\digest" -I"..\..\..\..\cloud\alicloud\include\exports" -I"..\..\..\..\cloud\alicloud\include\imports" -I"..\..\..\..\cloud\alicloud\include" -I"..\..\..\..\mbedtls\mbedtls-2.17.0-ssl\include" -I"..\..\..\..\cloud\tuya\tuyaos_adapter\include\adc" -I"..\..\..\..\cloud\tuya\tuyaos_adapter\include\base\include" -I"..\..\..\..\cloud\tuya\tuyaos_adapter\include\bluetooth" -I"..\..\..\..\cloud\tuya\tuyaos_adapter\include\flash" -I"..\..\..\..\cloud\tuya\tuyaos_adapter\include\gpio" -I"..\..\..\..\cloud\tuya\tuyaos_adapter\include\hci" -I"..\..\..\..\cloud\tuya\tuyaos_adapter\include\i2c" -I"..\..\..\..\cloud\tuya\tuyaos_adapter\include\init\include" -I"..\..\..\..\cloud\tuya\tuyaos_adapter\include\network" -I"..\..\..\..\cloud\tuya\tuyaos_adapter\include\pinmux" -I"..\..\..\..\cloud\tuya\tuyaos_adapter\include\pwm" -I"..\..\..\..\cloud\tuya\tuyaos_adapter\include\rtc" -I"..\..\..\..\cloud\tuya\tuyaos_adapter\include\security" -I"..\..\..\..\cloud\tuya\tuyaos_adapter\include\spi" -I"..\..\..\..\cloud\tuya\tuyaos_adapter\include\system" -I"..\..\..\..\cloud\tuya\tuyaos_adapter\include\timer" -I"..\..\..\..\cloud\tuya\tuyaos_adapter\include\uart" -I"..\..\..\..\cloud\tuya\tuyaos_adapter\include\utilities\include" -I"..\..\..\..\cloud\tuya\tuyaos_adapter\include\watchdog" -I"..\..\..\..\cloud\tuya\tuyaos_adapter\include\wifi" -I"..\..\..\..\cloud\tuya" -I"..\..\..\..\lwip\iperf3" -I"..\..\..\..\lwip\iperf" -I"..\..\..\..\macsw\export" -I"..\..\..\..\macsw\import" -I"..\..\..\..\plf\riscv\arch" -I"..\..\..\..\plf\riscv\arch\boot" -I"..\..\..\..\plf\riscv\arch\lib" -I"..\..\..\..\plf\riscv\arch\ll" -I"..\..\..\..\plf\riscv\arch\compiler" -I"..\..\..\..\plf\src" -I"..\..\..\..\plf\src\reg" -I"..\..\..\..\plf\src\dma" -I"..\..\..\..\plf\src\time" -I"..\..\..\..\plf\src\trng" -I"..\..\..\..\plf\src\uart" -I"..\..\..\..\plf\src\nvds" -I"..\..\..\..\plf\src\raw_flash" -I"..\..\..\..\plf\src\rf" -I"..\..\..\..\plf\riscv\gd32vw55x" -I"..\..\..\..\plf\riscv\NMSIS\Core\Include" -I"..\..\..\..\plf\riscv\NMSIS\DSP\Include" -I"..\..\..\..\plf\riscv\NMSIS\DSP\Include\dsp" -I"..\..\..\..\plf\GD32VW55x_standard_peripheral" -I"..\..\..\..\plf\GD32VW55x_standard_peripheral\Include" -I"..\..\..\..\rtos\rtos_wrapper" -I"..\..\..\..\rtos\FreeRTOS\Source\include" -I"..\..\..\..\rtos\FreeRTOS\Source\portable\riscv32" -I"..\..\..\..\rtos\FreeRTOS\config" -I"..\..\..\..\lwip\lwip-2.1.2\src\include" -I"..\..\..\..\lwip\lwip-2.1.2\src\include\compat\posix" -I"..\..\..\..\lwip\lwip-2.1.2\src\include\lwip" -I"..\..\..\..\lwip\lwip-2.1.2\src\include\lwip\apps" -I"..\..\..\..\lwip\lwip-2.1.2\port" -I"..\..\..\..\lwip\libcoap-4.3.4\port" -I"..\..\..\..\lwip\libcoap-4.3.4\include" -I"..\..\..\..\wpa_supplicant\wpa_supplicant" -I"..\..\..\..\wpa_supplicant\src" -I"..\..\..\..\wpa_supplicant\src\utils" -I"..\..\..\..\wpa_supplicant\src\crypto" -I"..\..\..\..\mbedtls\mbedtls-2.17.0-ssl\include" -I"..\..\..\..\..\ROM-EXPORT\bootloader" -I"..\..\..\..\..\ROM-EXPORT\halcomm" -I"..\..\..\..\..\ROM-EXPORT\symbol" -I"..\..\..\..\..\ROM-EXPORT\mbedtls-2.17.0-rom\include" -I"..\..\..\..\..\config" -I"..\..\..\..\app" -I"..\..\..\..\app\mqtt_app" -I"..\..\..\..\wifi_manager" -I"..\..\..\..\blesw\src\export" -I"..\..\..\..\blesw\src\export\config_max" -I"..\..\..\..\ble\app" -I"..\..\..\..\ble\profile" -I"..\..\..\..\ble\profile\datatrans" -I"..\..\..\..\util\include" -I"..\..\..\..\FatFS\port" -I"..\..\..\..\FatFS\src" -MMD -MP -MF"app/atcmd.d" -MT"app/atcmd.o" -Wa,-adhlns=app/atcmd.o.lst   -c -o "app/atcmd.o" "C:/Users/stapi/OneDrive/Desktop/GD32VW553/GD32VW55X_Wifi_BLE_SDK/GD32VW55x_RELEASE_V1.0.2/MSDK/app/atcmd.c"
Invoking: GD RISC-V MCU C Compiler
riscv-nuclei-elf-gcc -march=rv32imafcbp -mcmodel=medlow -msmall-data-limit=8 -msave-restore -mabi=ilp32f -Os -fmessage-length=0 -fsigned-char -ffunction-sections -fdata-sections -fno-common -fno-unroll-loops -Werror -Wunused -Wuninitialized -Wall -Wno-format -Wno-unused-function -Wno-unused-variable -Wno-unused-but-set-variable  -g -std=c99 -DCFG_RTOS -DCONFIG_WPA_SUPPLICANT -DPLATFORM_OS_FREERTOS -I"..\..\..\..\cloud\alicloud\examples\linkkit\living_platform" -I"..\..\..\..\cloud\alicloud\src\ref-impl\hal\os\freertos" -I"..\..\..\..\cloud\alicloud\src\infra\utils\misc" -I"..\..\..\..\cloud\alicloud\src\infra\utils\kv" -I"..\..\..\..\cloud\alicloud\src\ref-impl\hal" -I"..\..\..\..\cloud\alicloud\src\infra\log" -I"..\..\..\..\cloud\alicloud\src\infra\utils\digest" -I"..\..\..\..\cloud\alicloud\include\exports" -I"..\..\..\..\cloud\alicloud\include\imports" -I"..\..\..\..\cloud\alicloud\include" -I"..\..\..\..\mbedtls\mbedtls-2.17.0-ssl\include" -I"..\..\..\..\cloud\tuya\tuyaos_adapter\include\adc" -I"..\..\..\..\cloud\tuya\tuyaos_adapter\include\base\include" -I"..\..\..\..\cloud\tuya\tuyaos_adapter\include\bluetooth" -I"..\..\..\..\cloud\tuya\tuyaos_adapter\include\flash" -I"..\..\..\..\cloud\tuya\tuyaos_adapter\include\gpio" -I"..\..\..\..\cloud\tuya\tuyaos_adapter\include\hci" -I"..\..\..\..\cloud\tuya\tuyaos_adapter\include\i2c" -I"..\..\..\..\cloud\tuya\tuyaos_adapter\include\init\include" -I"..\..\..\..\cloud\tuya\tuyaos_adapter\include\network" -I"..\..\..\..\cloud\tuya\tuyaos_adapter\include\pinmux" -I"..\..\..\..\cloud\tuya\tuyaos_adapter\include\pwm" -I"..\..\..\..\cloud\tuya\tuyaos_adapter\include\rtc" -I"..\..\..\..\cloud\tuya\tuyaos_adapter\include\security" -I"..\..\..\..\cloud\tuya\tuyaos_adapter\include\spi" -I"..\..\..\..\cloud\tuya\tuyaos_adapter\include\system" -I"..\..\..\..\cloud\tuya\tuyaos_adapter\include\timer" -I"..\..\..\..\cloud\tuya\tuyaos_adapter\include\uart" -I"..\..\..\..\cloud\tuya\tuyaos_adapter\include\utilities\include" -I"..\..\..\..\cloud\tuya\tuyaos_adapter\include\watchdog" -I"..\..\..\..\cloud\tuya\tuyaos_adapter\include\wifi" -I"..\..\..\..\cloud\tuya" -I"..\..\..\..\lwip\iperf3" -I"..\..\..\..\lwip\iperf" -I"..\..\..\..\macsw\export" -I"..\..\..\..\macsw\import" -I"..\..\..\..\plf\riscv\arch" -I"..\..\..\..\plf\riscv\arch\boot" -I"..\..\..\..\plf\riscv\arch\lib" -I"..\..\..\..\plf\riscv\arch\ll" -I"..\..\..\..\plf\riscv\arch\compiler" -I"..\..\..\..\plf\src" -I"..\..\..\..\plf\src\reg" -I"..\..\..\..\plf\src\dma" -I"..\..\..\..\plf\src\time" -I"..\..\..\..\plf\src\trng" -I"..\..\..\..\plf\src\uart" -I"..\..\..\..\plf\src\nvds" -I"..\..\..\..\plf\src\raw_flash" -I"..\..\..\..\plf\src\rf" -I"..\..\..\..\plf\riscv\gd32vw55x" -I"..\..\..\..\plf\riscv\NMSIS\Core\Include" -I"..\..\..\..\plf\riscv\NMSIS\DSP\Include" -I"..\..\..\..\plf\riscv\NMSIS\DSP\Include\dsp" -I"..\..\..\..\plf\GD32VW55x_standard_peripheral" -I"..\..\..\..\plf\GD32VW55x_standard_peripheral\Include" -I"..\..\..\..\rtos\rtos_wrapper" -I"..\..\..\..\rtos\FreeRTOS\Source\include" -I"..\..\..\..\rtos\FreeRTOS\Source\portable\riscv32" -I"..\..\..\..\rtos\FreeRTOS\config" -I"..\..\..\..\lwip\lwip-2.1.2\src\include" -I"..\..\..\..\lwip\lwip-2.1.2\src\include\compat\posix" -I"..\..\..\..\lwip\lwip-2.1.2\src\include\lwip" -I"..\..\..\..\lwip\lwip-2.1.2\src\include\lwip\apps" -I"..\..\..\..\lwip\lwip-2.1.2\port" -I"..\..\..\..\lwip\libcoap-4.3.4\port" -I"..\..\..\..\lwip\libcoap-4.3.4\include" -I"..\..\..\..\wpa_supplicant\wpa_supplicant" -I"..\..\..\..\wpa_supplicant\src" -I"..\..\..\..\wpa_supplicant\src\utils" -I"..\..\..\..\wpa_supplicant\src\crypto" -I"..\..\..\..\mbedtls\mbedtls-2.17.0-ssl\include" -I"..\..\..\..\..\ROM-EXPORT\bootloader" -I"..\..\..\..\..\ROM-EXPORT\halcomm" -I"..\..\..\..\..\ROM-EXPORT\symbol" -I"..\..\..\..\..\ROM-EXPORT\mbedtls-2.17.0-rom\include" -I"..\..\..\..\..\config" -I"..\..\..\..\app" -I"..\..\..\..\app\mqtt_app" -I"..\..\..\..\wifi_manager" -I"..\..\..\..\blesw\src\export" -I"..\..\..\..\blesw\src\export\config_max" -I"..\..\..\..\ble\app" -I"..\..\..\..\ble\profile" -I"..\..\..\..\ble\profile\datatrans" -I"..\..\..\..\util\include" -I"..\..\..\..\FatFS\port" -I"..\..\..\..\FatFS\src" -MMD -MP -MF"app/cmd_shell.d" -MT"app/cmd_shell.o" -Wa,-adhlns=app/cmd_shell.o.lst   -c -o "app/cmd_shell.o" "C:/Users/stapi/OneDrive/Desktop/GD32VW553/GD32VW55X_Wifi_BLE_SDK/GD32VW55x_RELEASE_V1.0.2/MSDK/app/cmd_shell.c"
Invoking: GD RISC-V MCU C Compiler
riscv-nuclei-elf-gcc -march=rv32imafcbp -mcmodel=medlow -msmall-data-limit=8 -msave-restore -mabi=ilp32f -Os -fmessage-length=0 -fsigned-char -ffunction-sections -fdata-sections -fno-common -fno-unroll-loops -Werror -Wunused -Wuninitialized -Wall -Wno-format -Wno-unused-function -Wno-unused-variable -Wno-unused-but-set-variable  -g -std=c99 -DCFG_RTOS -DCONFIG_WPA_SUPPLICANT -DPLATFORM_OS_FREERTOS -I"..\..\..\..\cloud\alicloud\examples\linkkit\living_platform" -I"..\..\..\..\cloud\alicloud\src\ref-impl\hal\os\freertos" -I"..\..\..\..\cloud\alicloud\src\infra\utils\misc" -I"..\..\..\..\cloud\alicloud\src\infra\utils\kv" -I"..\..\..\..\cloud\alicloud\src\ref-impl\hal" -I"..\..\..\..\cloud\alicloud\src\infra\log" -I"..\..\..\..\cloud\alicloud\src\infra\utils\digest" -I"..\..\..\..\cloud\alicloud\include\exports" -I"..\..\..\..\cloud\alicloud\include\imports" -I"..\..\..\..\cloud\alicloud\include" -I"..\..\..\..\mbedtls\mbedtls-2.17.0-ssl\include" -I"..\..\..\..\cloud\tuya\tuyaos_adapter\include\adc" -I"..\..\..\..\cloud\tuya\tuyaos_adapter\include\base\include" -I"..\..\..\..\cloud\tuya\tuyaos_adapter\include\bluetooth" -I"..\..\..\..\cloud\tuya\tuyaos_adapter\include\flash" -I"..\..\..\..\cloud\tuya\tuyaos_adapter\include\gpio" -I"..\..\..\..\cloud\tuya\tuyaos_adapter\include\hci" -I"..\..\..\..\cloud\tuya\tuyaos_adapter\include\i2c" -I"..\..\..\..\cloud\tuya\tuyaos_adapter\include\init\include" -I"..\..\..\..\cloud\tuya\tuyaos_adapter\include\network" -I"..\..\..\..\cloud\tuya\tuyaos_adapter\include\pinmux" -I"..\..\..\..\cloud\tuya\tuyaos_adapter\include\pwm" -I"..\..\..\..\cloud\tuya\tuyaos_adapter\include\rtc" -I"..\..\..\..\cloud\tuya\tuyaos_adapter\include\security" -I"..\..\..\..\cloud\tuya\tuyaos_adapter\include\spi" -I"..\..\..\..\cloud\tuya\tuyaos_adapter\include\system" -I"..\..\..\..\cloud\tuya\tuyaos_adapter\include\timer" -I"..\..\..\..\cloud\tuya\tuyaos_adapter\include\uart" -I"..\..\..\..\cloud\tuya\tuyaos_adapter\include\utilities\include" -I"..\..\..\..\cloud\tuya\tuyaos_adapter\include\watchdog" -I"..\..\..\..\cloud\tuya\tuyaos_adapter\include\wifi" -I"..\..\..\..\cloud\tuya" -I"..\..\..\..\lwip\iperf3" -I"..\..\..\..\lwip\iperf" -I"..\..\..\..\macsw\export" -I"..\..\..\..\macsw\import" -I"..\..\..\..\plf\riscv\arch" -I"..\..\..\..\plf\riscv\arch\boot" -I"..\..\..\..\plf\riscv\arch\lib" -I"..\..\..\..\plf\riscv\arch\ll" -I"..\..\..\..\plf\riscv\arch\compiler" -I"..\..\..\..\plf\src" -I"..\..\..\..\plf\src\reg" -I"..\..\..\..\plf\src\dma" -I"..\..\..\..\plf\src\time" -I"..\..\..\..\plf\src\trng" -I"..\..\..\..\plf\src\uart" -I"..\..\..\..\plf\src\nvds" -I"..\..\..\..\plf\src\raw_flash" -I"..\..\..\..\plf\src\rf" -I"..\..\..\..\plf\riscv\gd32vw55x" -I"..\..\..\..\plf\riscv\NMSIS\Core\Include" -I"..\..\..\..\plf\riscv\NMSIS\DSP\Include" -I"..\..\..\..\plf\riscv\NMSIS\DSP\Include\dsp" -I"..\..\..\..\plf\GD32VW55x_standard_peripheral" -I"..\..\..\..\plf\GD32VW55x_standard_peripheral\Include" -I"..\..\..\..\rtos\rtos_wrapper" -I"..\..\..\..\rtos\FreeRTOS\Source\include" -I"..\..\..\..\rtos\FreeRTOS\Source\portable\riscv32" -I"..\..\..\..\rtos\FreeRTOS\config" -I"..\..\..\..\lwip\lwip-2.1.2\src\include" -I"..\..\..\..\lwip\lwip-2.1.2\src\include\compat\posix" -I"..\..\..\..\lwip\lwip-2.1.2\src\include\lwip" -I"..\..\..\..\lwip\lwip-2.1.2\src\include\lwip\apps" -I"..\..\..\..\lwip\lwip-2.1.2\port" -I"..\..\..\..\lwip\libcoap-4.3.4\port" -I"..\..\..\..\lwip\libcoap-4.3.4\include" -I"..\..\..\..\wpa_supplicant\wpa_supplicant" -I"..\..\..\..\wpa_supplicant\src" -I"..\..\..\..\wpa_supplicant\src\utils" -I"..\..\..\..\wpa_supplicant\src\crypto" -I"..\..\..\..\mbedtls\mbedtls-2.17.0-ssl\include" -I"..\..\..\..\..\ROM-EXPORT\bootloader" -I"..\..\..\..\..\ROM-EXPORT\halcomm" -I"..\..\..\..\..\ROM-EXPORT\symbol" -I"..\..\..\..\..\ROM-EXPORT\mbedtls-2.17.0-rom\include" -I"..\..\..\..\..\config" -I"..\..\..\..\app" -I"..\..\..\..\app\mqtt_app" -I"..\..\..\..\wifi_manager" -I"..\..\..\..\blesw\src\export" -I"..\..\..\..\blesw\src\export\config_max" -I"..\..\..\..\ble\app" -I"..\..\..\..\ble\profile" -I"..\..\..\..\ble\profile\datatrans" -I"..\..\..\..\util\include" -I"..\..\..\..\FatFS\port" -I"..\..\..\..\FatFS\src" -MMD -MP -MF"app/main.d" -MT"app/main.o" -Wa,-adhlns=app/main.o.lst   -c -o "app/main.o" "C:/Users/stapi/OneDrive/Desktop/GD32VW553/GD32VW55X_Wifi_BLE_SDK/GD32VW55x_RELEASE_V1.0.2/MSDK/app/main.c"
C:/Users/stapi/OneDrive/Desktop/GD32VW553/GD32VW55X_Wifi_BLE_SDK/GD32VW55x_RELEASE_V1.0.2/MSDK/app/main.c: In function 'main':
C:/Users/stapi/OneDrive/Desktop/GD32VW553/GD32VW55X_Wifi_BLE_SDK/GD32VW55x_RELEASE_V1.0.2/MSDK/app/main.c:3:5: error: implicit declaration of function 'platform_init' [-Werror=implicit-function-declaration]
    3 |     platform_init();
      |     ^~~~~~~~~~~~~
C:/Users/stapi/OneDrive/Desktop/GD32VW553/GD32VW55X_Wifi_BLE_SDK/GD32VW55x_RELEASE_V1.0.2/MSDK/app/main.c:5:5: error: implicit declaration of function 'dbg_print' [-Werror=implicit-function-declaration]
    5 |     dbg_print(NOTICE, "SDK Version: %s\n", WIFI_GIT_REVISION);
      |     ^~~~~~~~~
C:/Users/stapi/OneDrive/Desktop/GD32VW553/GD32VW55X_Wifi_BLE_SDK/GD32VW55x_RELEASE_V1.0.2/MSDK/app/main.c:5:15: error: 'NOTICE' undeclared (first use in this function)
    5 |     dbg_print(NOTICE, "SDK Version: %s\n", WIFI_GIT_REVISION);
      |               ^~~~~~
C:/Users/stapi/OneDrive/Desktop/GD32VW553/GD32VW55X_Wifi_BLE_SDK/GD32VW55x_RELEASE_V1.0.2/MSDK/app/main.c:5:15: note: each undeclared identifier is reported only once for each function it appears in
C:/Users/stapi/OneDrive/Desktop/GD32VW553/GD32VW55X_Wifi_BLE_SDK/GD32VW55x_RELEASE_V1.0.2/MSDK/app/main.c:5:44: error: 'WIFI_GIT_REVISION' undeclared (first use in this function)
    5 |     dbg_print(NOTICE, "SDK Version: %s\n", WIFI_GIT_REVISION);
      |                                            ^~~~~~~~~~~~~~~~~
C:/Users/stapi/OneDrive/Desktop/GD32VW553/GD32VW55X_Wifi_BLE_SDK/GD32VW55x_RELEASE_V1.0.2/MSDK/app/main.c:6:43: error: 'SDK_BUILD_DATE' undeclared (first use in this function)
    6 |     dbg_print(NOTICE, "Build date: %s\n", SDK_BUILD_DATE);
      |                                           ^~~~~~~~~~~~~~
C:/Users/stapi/OneDrive/Desktop/GD32VW553/GD32VW55X_Wifi_BLE_SDK/GD32VW55x_RELEASE_V1.0.2/MSDK/app/main.c:9:5: error: unknown type name 'uint8_t'
    9 |     uint8_t *ssid = (uint8_t *)"Mobiliz NaRGE_Guest";       // Replace with your Wi-Fi SSID
      |     ^~~~~~~
C:/Users/stapi/OneDrive/Desktop/GD32VW553/GD32VW55X_Wifi_BLE_SDK/GD32VW55x_RELEASE_V1.0.2/MSDK/app/main.c:9:22: error: 'uint8_t' undeclared (first use in this function)
    9 |     uint8_t *ssid = (uint8_t *)"Mobiliz NaRGE_Guest";       // Replace with your Wi-Fi SSID
      |                      ^~~~~~~
C:/Users/stapi/OneDrive/Desktop/GD32VW553/GD32VW55X_Wifi_BLE_SDK/GD32VW55x_RELEASE_V1.0.2/MSDK/app/main.c:9:31: error: expected expression before ')' token
    9 |     uint8_t *ssid = (uint8_t *)"Mobiliz NaRGE_Guest";       // Replace with your Wi-Fi SSID
      |                               ^
C:/Users/stapi/OneDrive/Desktop/GD32VW553/GD32VW55X_Wifi_BLE_SDK/GD32VW55x_RELEASE_V1.0.2/MSDK/app/main.c:10:14: error: 'password' undeclared (first use in this function)
   10 |     uint8_t *password = (uint8_t *)"M@b!lz12.*"; // Replace with your Wi-Fi password
      |              ^~~~~~~~
C:/Users/stapi/OneDrive/Desktop/GD32VW553/GD32VW55X_Wifi_BLE_SDK/GD32VW55x_RELEASE_V1.0.2/MSDK/app/main.c:10:35: error: expected expression before ')' token
   10 |     uint8_t *password = (uint8_t *)"M@b!lz12.*"; // Replace with your Wi-Fi password
      |                                   ^
C:/Users/stapi/OneDrive/Desktop/GD32VW553/GD32VW55X_Wifi_BLE_SDK/GD32VW55x_RELEASE_V1.0.2/MSDK/app/main.c:13:9: error: implicit declaration of function 'wifi_init' [-Werror=implicit-function-declaration]
   13 |     if (wifi_init()) {
      |         ^~~~~~~~~
C:/Users/stapi/OneDrive/Desktop/GD32VW553/GD32VW55X_Wifi_BLE_SDK/GD32VW55x_RELEASE_V1.0.2/MSDK/app/main.c:14:13: error: implicit declaration of function 'printf' [-Werror=implicit-function-declaration]
   14 |             printf("wifi init failed.\r\n");
      |             ^~~~~~
C:/Users/stapi/OneDrive/Desktop/GD32VW553/GD32VW55X_Wifi_BLE_SDK/GD32VW55x_RELEASE_V1.0.2/MSDK/app/main.c:14:13: error: incompatible implicit declaration of built-in function 'printf' [-Werror]
C:/Users/stapi/OneDrive/Desktop/GD32VW553/GD32VW55X_Wifi_BLE_SDK/GD32VW55x_RELEASE_V1.0.2/MSDK/app/main.c:1:1: note: include '<stdio.h>' or provide a declaration of 'printf'
  +++ |+#include <stdio.h>
    1 | int main(void) {
C:/Users/stapi/OneDrive/Desktop/GD32VW553/GD32VW55X_Wifi_BLE_SDK/GD32VW55x_RELEASE_V1.0.2/MSDK/app/main.c:32:5: error: implicit declaration of function 'sys_os_start' [-Werror=implicit-function-declaration]
   32 |     sys_os_start();
      |     ^~~~~~~~~~~~
cc1.exe: all warnings being treated as errors
make[1]: *** [app/subdir.mk:79: app/main.o] Error 1
make[1]: *** Waiting for unfinished jobs....
Finished building: C:/Users/stapi/OneDrive/Desktop/GD32VW553/GD32VW55X_Wifi_BLE_SDK/GD32VW55x_RELEASE_V1.0.2/MSDK/app/atcmd.c
 
Finished building: C:/Users/stapi/OneDrive/Desktop/GD32VW553/GD32VW55X_Wifi_BLE_SDK/GD32VW55x_RELEASE_V1.0.2/MSDK/app/cmd_shell.c
 
make: *** [makefile:65: all] Error 2
"make -j16 all" terminated with exit code 2. Build might be incomplete.
09:29:57 **** Incremental Build of configuration msdk_ffd for project MSDK ****
make -j16 all 
cmd /C "..\..\..\image_prebuild.bat riscv-nuclei-elf- C:/Users/stapi/OneDrive/Desktop/GD32VW553/GD32VW55X_Wifi_BLE_SDK/GD32VW55x_RELEASE_V1.0.2/MSDK/projects/eclipse/msdk/../../../ "
Active code page: 65001
cd=C:\Users\stapi\OneDrive\Desktop\GD32VW553\GD32VW55X_Wifi_BLE_SDK\GD32VW55x_RELEASE_V1.0.2\MSDK\projects\eclipse\msdk\msdk_ffd
Active code page: 437
 
Building file: C:/Users/stapi/OneDrive/Desktop/GD32VW553/GD32VW55X_Wifi_BLE_SDK/GD32VW55x_RELEASE_V1.0.2/MSDK/app/atcmd.c
Building file: C:/Users/stapi/OneDrive/Desktop/GD32VW553/GD32VW55X_Wifi_BLE_SDK/GD32VW55x_RELEASE_V1.0.2/MSDK/app/cmd_shell.c
Building file: C:/Users/stapi/OneDrive/Desktop/GD32VW553/GD32VW55X_Wifi_BLE_SDK/GD32VW55x_RELEASE_V1.0.2/MSDK/app/main.c
Invoking: GD RISC-V MCU C Compiler
riscv-nuclei-elf-gcc -march=rv32imafcbp -mcmodel=medlow -msmall-data-limit=8 -msave-restore -mabi=ilp32f -Os -fmessage-length=0 -fsigned-char -ffunction-sections -fdata-sections -fno-common -fno-unroll-loops -Werror -Wunused -Wuninitialized -Wall -Wno-format -Wno-unused-function -Wno-unused-variable -Wno-unused-but-set-variable  -g -std=c99 -DCFG_RTOS -DCONFIG_WPA_SUPPLICANT -DPLATFORM_OS_FREERTOS -I"..\..\..\..\cloud\alicloud\examples\linkkit\living_platform" -I"..\..\..\..\cloud\alicloud\src\ref-impl\hal\os\freertos" -I"..\..\..\..\cloud\alicloud\src\infra\utils\misc" -I"..\..\..\..\cloud\alicloud\src\infra\utils\kv" -I"..\..\..\..\cloud\alicloud\src\ref-impl\hal" -I"..\..\..\..\cloud\alicloud\src\infra\log" -I"..\..\..\..\cloud\alicloud\src\infra\utils\digest" -I"..\..\..\..\cloud\alicloud\include\exports" -I"..\..\..\..\cloud\alicloud\include\imports" -I"..\..\..\..\cloud\alicloud\include" -I"..\..\..\..\mbedtls\mbedtls-2.17.0-ssl\include" -I"..\..\..\..\cloud\tuya\tuyaos_adapter\include\adc" -I"..\..\..\..\cloud\tuya\tuyaos_adapter\include\base\include" -I"..\..\..\..\cloud\tuya\tuyaos_adapter\include\bluetooth" -I"..\..\..\..\cloud\tuya\tuyaos_adapter\include\flash" -I"..\..\..\..\cloud\tuya\tuyaos_adapter\include\gpio" -I"..\..\..\..\cloud\tuya\tuyaos_adapter\include\hci" -I"..\..\..\..\cloud\tuya\tuyaos_adapter\include\i2c" -I"..\..\..\..\cloud\tuya\tuyaos_adapter\include\init\include" -I"..\..\..\..\cloud\tuya\tuyaos_adapter\include\network" -I"..\..\..\..\cloud\tuya\tuyaos_adapter\include\pinmux" -I"..\..\..\..\cloud\tuya\tuyaos_adapter\include\pwm" -I"..\..\..\..\cloud\tuya\tuyaos_adapter\include\rtc" -I"..\..\..\..\cloud\tuya\tuyaos_adapter\include\security" -I"..\..\..\..\cloud\tuya\tuyaos_adapter\include\spi" -I"..\..\..\..\cloud\tuya\tuyaos_adapter\include\system" -I"..\..\..\..\cloud\tuya\tuyaos_adapter\include\timer" -I"..\..\..\..\cloud\tuya\tuyaos_adapter\include\uart" -I"..\..\..\..\cloud\tuya\tuyaos_adapter\include\utilities\include" -I"..\..\..\..\cloud\tuya\tuyaos_adapter\include\watchdog" -I"..\..\..\..\cloud\tuya\tuyaos_adapter\include\wifi" -I"..\..\..\..\cloud\tuya" -I"..\..\..\..\lwip\iperf3" -I"..\..\..\..\lwip\iperf" -I"..\..\..\..\macsw\export" -I"..\..\..\..\macsw\import" -I"..\..\..\..\plf\riscv\arch" -I"..\..\..\..\plf\riscv\arch\boot" -I"..\..\..\..\plf\riscv\arch\lib" -I"..\..\..\..\plf\riscv\arch\ll" -I"..\..\..\..\plf\riscv\arch\compiler" -I"..\..\..\..\plf\src" -I"..\..\..\..\plf\src\reg" -I"..\..\..\..\plf\src\dma" -I"..\..\..\..\plf\src\time" -I"..\..\..\..\plf\src\trng" -I"..\..\..\..\plf\src\uart" -I"..\..\..\..\plf\src\nvds" -I"..\..\..\..\plf\src\raw_flash" -I"..\..\..\..\plf\src\rf" -I"..\..\..\..\plf\riscv\gd32vw55x" -I"..\..\..\..\plf\riscv\NMSIS\Core\Include" -I"..\..\..\..\plf\riscv\NMSIS\DSP\Include" -I"..\..\..\..\plf\riscv\NMSIS\DSP\Include\dsp" -I"..\..\..\..\plf\GD32VW55x_standard_peripheral" -I"..\..\..\..\plf\GD32VW55x_standard_peripheral\Include" -I"..\..\..\..\rtos\rtos_wrapper" -I"..\..\..\..\rtos\FreeRTOS\Source\include" -I"..\..\..\..\rtos\FreeRTOS\Source\portable\riscv32" -I"..\..\..\..\rtos\FreeRTOS\config" -I"..\..\..\..\lwip\lwip-2.1.2\src\include" -I"..\..\..\..\lwip\lwip-2.1.2\src\include\compat\posix" -I"..\..\..\..\lwip\lwip-2.1.2\src\include\lwip" -I"..\..\..\..\lwip\lwip-2.1.2\src\include\lwip\apps" -I"..\..\..\..\lwip\lwip-2.1.2\port" -I"..\..\..\..\lwip\libcoap-4.3.4\port" -I"..\..\..\..\lwip\libcoap-4.3.4\include" -I"..\..\..\..\wpa_supplicant\wpa_supplicant" -I"..\..\..\..\wpa_supplicant\src" -I"..\..\..\..\wpa_supplicant\src\utils" -I"..\..\..\..\wpa_supplicant\src\crypto" -I"..\..\..\..\mbedtls\mbedtls-2.17.0-ssl\include" -I"..\..\..\..\..\ROM-EXPORT\bootloader" -I"..\..\..\..\..\ROM-EXPORT\halcomm" -I"..\..\..\..\..\ROM-EXPORT\symbol" -I"..\..\..\..\..\ROM-EXPORT\mbedtls-2.17.0-rom\include" -I"..\..\..\..\..\config" -I"..\..\..\..\app" -I"..\..\..\..\app\mqtt_app" -I"..\..\..\..\wifi_manager" -I"..\..\..\..\blesw\src\export" -I"..\..\..\..\blesw\src\export\config_max" -I"..\..\..\..\ble\app" -I"..\..\..\..\ble\profile" -I"..\..\..\..\ble\profile\datatrans" -I"..\..\..\..\util\include" -I"..\..\..\..\FatFS\port" -I"..\..\..\..\FatFS\src" -MMD -MP -MF"app/atcmd.d" -MT"app/atcmd.o" -Wa,-adhlns=app/atcmd.o.lst   -c -o "app/atcmd.o" "C:/Users/stapi/OneDrive/Desktop/GD32VW553/GD32VW55X_Wifi_BLE_SDK/GD32VW55x_RELEASE_V1.0.2/MSDK/app/atcmd.c"
Invoking: GD RISC-V MCU C Compiler
Invoking: GD RISC-V MCU C Compiler
riscv-nuclei-elf-gcc -march=rv32imafcbp -mcmodel=medlow -msmall-data-limit=8 -msave-restore -mabi=ilp32f -Os -fmessage-length=0 -fsigned-char -ffunction-sections -fdata-sections -fno-common -fno-unroll-loops -Werror -Wunused -Wuninitialized -Wall -Wno-format -Wno-unused-function -Wno-unused-variable -Wno-unused-but-set-variable  -g -std=c99 -DCFG_RTOS -DCONFIG_WPA_SUPPLICANT -DPLATFORM_OS_FREERTOS -I"..\..\..\..\cloud\alicloud\examples\linkkit\living_platform" -I"..\..\..\..\cloud\alicloud\src\ref-impl\hal\os\freertos" -I"..\..\..\..\cloud\alicloud\src\infra\utils\misc" -I"..\..\..\..\cloud\alicloud\src\infra\utils\kv" -I"..\..\..\..\cloud\alicloud\src\ref-impl\hal" -I"..\..\..\..\cloud\alicloud\src\infra\log" -I"..\..\..\..\cloud\alicloud\src\infra\utils\digest" -I"..\..\..\..\cloud\alicloud\include\exports" -I"..\..\..\..\cloud\alicloud\include\imports" -I"..\..\..\..\cloud\alicloud\include" -I"..\..\..\..\mbedtls\mbedtls-2.17.0-ssl\include" -I"..\..\..\..\cloud\tuya\tuyaos_adapter\include\adc" -I"..\..\..\..\cloud\tuya\tuyaos_adapter\include\base\include" -I"..\..\..\..\cloud\tuya\tuyaos_adapter\include\bluetooth" -I"..\..\..\..\cloud\tuya\tuyaos_adapter\include\flash" -I"..\..\..\..\cloud\tuya\tuyaos_adapter\include\gpio" -I"..\..\..\..\cloud\tuya\tuyaos_adapter\include\hci" -I"..\..\..\..\cloud\tuya\tuyaos_adapter\include\i2c" -I"..\..\..\..\cloud\tuya\tuyaos_adapter\include\init\include" -I"..\..\..\..\cloud\tuya\tuyaos_adapter\include\network" -I"..\..\..\..\cloud\tuya\tuyaos_adapter\include\pinmux" -I"..\..\..\..\cloud\tuya\tuyaos_adapter\include\pwm" -I"..\..\..\..\cloud\tuya\tuyaos_adapter\include\rtc" -I"..\..\..\..\cloud\tuya\tuyaos_adapter\include\security" -I"..\..\..\..\cloud\tuya\tuyaos_adapter\include\spi" -I"..\..\..\..\cloud\tuya\tuyaos_adapter\include\system" -I"..\..\..\..\cloud\tuya\tuyaos_adapter\include\timer" -I"..\..\..\..\cloud\tuya\tuyaos_adapter\include\uart" -I"..\..\..\..\cloud\tuya\tuyaos_adapter\include\utilities\include" -I"..\..\..\..\cloud\tuya\tuyaos_adapter\include\watchdog" -I"..\..\..\..\cloud\tuya\tuyaos_adapter\include\wifi" -I"..\..\..\..\cloud\tuya" -I"..\..\..\..\lwip\iperf3" -I"..\..\..\..\lwip\iperf" -I"..\..\..\..\macsw\export" -I"..\..\..\..\macsw\import" -I"..\..\..\..\plf\riscv\arch" -I"..\..\..\..\plf\riscv\arch\boot" -I"..\..\..\..\plf\riscv\arch\lib" -I"..\..\..\..\plf\riscv\arch\ll" -I"..\..\..\..\plf\riscv\arch\compiler" -I"..\..\..\..\plf\src" -I"..\..\..\..\plf\src\reg" -I"..\..\..\..\plf\src\dma" -I"..\..\..\..\plf\src\time" -I"..\..\..\..\plf\src\trng" -I"..\..\..\..\plf\src\uart" -I"..\..\..\..\plf\src\nvds" -I"..\..\..\..\plf\src\raw_flash" -I"..\..\..\..\plf\src\rf" -I"..\..\..\..\plf\riscv\gd32vw55x" -I"..\..\..\..\plf\riscv\NMSIS\Core\Include" -I"..\..\..\..\plf\riscv\NMSIS\DSP\Include" -I"..\..\..\..\plf\riscv\NMSIS\DSP\Include\dsp" -I"..\..\..\..\plf\GD32VW55x_standard_peripheral" -I"..\..\..\..\plf\GD32VW55x_standard_peripheral\Include" -I"..\..\..\..\rtos\rtos_wrapper" -I"..\..\..\..\rtos\FreeRTOS\Source\include" -I"..\..\..\..\rtos\FreeRTOS\Source\portable\riscv32" -I"..\..\..\..\rtos\FreeRTOS\config" -I"..\..\..\..\lwip\lwip-2.1.2\src\include" -I"..\..\..\..\lwip\lwip-2.1.2\src\include\compat\posix" -I"..\..\..\..\lwip\lwip-2.1.2\src\include\lwip" -I"..\..\..\..\lwip\lwip-2.1.2\src\include\lwip\apps" -I"..\..\..\..\lwip\lwip-2.1.2\port" -I"..\..\..\..\lwip\libcoap-4.3.4\port" -I"..\..\..\..\lwip\libcoap-4.3.4\include" -I"..\..\..\..\wpa_supplicant\wpa_supplicant" -I"..\..\..\..\wpa_supplicant\src" -I"..\..\..\..\wpa_supplicant\src\utils" -I"..\..\..\..\wpa_supplicant\src\crypto" -I"..\..\..\..\mbedtls\mbedtls-2.17.0-ssl\include" -I"..\..\..\..\..\ROM-EXPORT\bootloader" -I"..\..\..\..\..\ROM-EXPORT\halcomm" -I"..\..\..\..\..\ROM-EXPORT\symbol" -I"..\..\..\..\..\ROM-EXPORT\mbedtls-2.17.0-rom\include" -I"..\..\..\..\..\config" -I"..\..\..\..\app" -I"..\..\..\..\app\mqtt_app" -I"..\..\..\..\wifi_manager" -I"..\..\..\..\blesw\src\export" -I"..\..\..\..\blesw\src\export\config_max" -I"..\..\..\..\ble\app" -I"..\..\..\..\ble\profile" -I"..\..\..\..\ble\profile\datatrans" -I"..\..\..\..\util\include" -I"..\..\..\..\FatFS\port" -I"..\..\..\..\FatFS\src" -MMD -MP -MF"app/cmd_shell.d" -MT"app/cmd_shell.o" -Wa,-adhlns=app/cmd_shell.o.lst   -c -o "app/cmd_shell.o" "C:/Users/stapi/OneDrive/Desktop/GD32VW553/GD32VW55X_Wifi_BLE_SDK/GD32VW55x_RELEASE_V1.0.2/MSDK/app/cmd_shell.c"
riscv-nuclei-elf-gcc -march=rv32imafcbp -mcmodel=medlow -msmall-data-limit=8 -msave-restore -mabi=ilp32f -Os -fmessage-length=0 -fsigned-char -ffunction-sections -fdata-sections -fno-common -fno-unroll-loops -Werror -Wunused -Wuninitialized -Wall -Wno-format -Wno-unused-function -Wno-unused-variable -Wno-unused-but-set-variable  -g -std=c99 -DCFG_RTOS -DCONFIG_WPA_SUPPLICANT -DPLATFORM_OS_FREERTOS -I"..\..\..\..\cloud\alicloud\examples\linkkit\living_platform" -I"..\..\..\..\cloud\alicloud\src\ref-impl\hal\os\freertos" -I"..\..\..\..\cloud\alicloud\src\infra\utils\misc" -I"..\..\..\..\cloud\alicloud\src\infra\utils\kv" -I"..\..\..\..\cloud\alicloud\src\ref-impl\hal" -I"..\..\..\..\cloud\alicloud\src\infra\log" -I"..\..\..\..\cloud\alicloud\src\infra\utils\digest" -I"..\..\..\..\cloud\alicloud\include\exports" -I"..\..\..\..\cloud\alicloud\include\imports" -I"..\..\..\..\cloud\alicloud\include" -I"..\..\..\..\mbedtls\mbedtls-2.17.0-ssl\include" -I"..\..\..\..\cloud\tuya\tuyaos_adapter\include\adc" -I"..\..\..\..\cloud\tuya\tuyaos_adapter\include\base\include" -I"..\..\..\..\cloud\tuya\tuyaos_adapter\include\bluetooth" -I"..\..\..\..\cloud\tuya\tuyaos_adapter\include\flash" -I"..\..\..\..\cloud\tuya\tuyaos_adapter\include\gpio" -I"..\..\..\..\cloud\tuya\tuyaos_adapter\include\hci" -I"..\..\..\..\cloud\tuya\tuyaos_adapter\include\i2c" -I"..\..\..\..\cloud\tuya\tuyaos_adapter\include\init\include" -I"..\..\..\..\cloud\tuya\tuyaos_adapter\include\network" -I"..\..\..\..\cloud\tuya\tuyaos_adapter\include\pinmux" -I"..\..\..\..\cloud\tuya\tuyaos_adapter\include\pwm" -I"..\..\..\..\cloud\tuya\tuyaos_adapter\include\rtc" -I"..\..\..\..\cloud\tuya\tuyaos_adapter\include\security" -I"..\..\..\..\cloud\tuya\tuyaos_adapter\include\spi" -I"..\..\..\..\cloud\tuya\tuyaos_adapter\include\system" -I"..\..\..\..\cloud\tuya\tuyaos_adapter\include\timer" -I"..\..\..\..\cloud\tuya\tuyaos_adapter\include\uart" -I"..\..\..\..\cloud\tuya\tuyaos_adapter\include\utilities\include" -I"..\..\..\..\cloud\tuya\tuyaos_adapter\include\watchdog" -I"..\..\..\..\cloud\tuya\tuyaos_adapter\include\wifi" -I"..\..\..\..\cloud\tuya" -I"..\..\..\..\lwip\iperf3" -I"..\..\..\..\lwip\iperf" -I"..\..\..\..\macsw\export" -I"..\..\..\..\macsw\import" -I"..\..\..\..\plf\riscv\arch" -I"..\..\..\..\plf\riscv\arch\boot" -I"..\..\..\..\plf\riscv\arch\lib" -I"..\..\..\..\plf\riscv\arch\ll" -I"..\..\..\..\plf\riscv\arch\compiler" -I"..\..\..\..\plf\src" -I"..\..\..\..\plf\src\reg" -I"..\..\..\..\plf\src\dma" -I"..\..\..\..\plf\src\time" -I"..\..\..\..\plf\src\trng" -I"..\..\..\..\plf\src\uart" -I"..\..\..\..\plf\src\nvds" -I"..\..\..\..\plf\src\raw_flash" -I"..\..\..\..\plf\src\rf" -I"..\..\..\..\plf\riscv\gd32vw55x" -I"..\..\..\..\plf\riscv\NMSIS\Core\Include" -I"..\..\..\..\plf\riscv\NMSIS\DSP\Include" -I"..\..\..\..\plf\riscv\NMSIS\DSP\Include\dsp" -I"..\..\..\..\plf\GD32VW55x_standard_peripheral" -I"..\..\..\..\plf\GD32VW55x_standard_peripheral\Include" -I"..\..\..\..\rtos\rtos_wrapper" -I"..\..\..\..\rtos\FreeRTOS\Source\include" -I"..\..\..\..\rtos\FreeRTOS\Source\portable\riscv32" -I"..\..\..\..\rtos\FreeRTOS\config" -I"..\..\..\..\lwip\lwip-2.1.2\src\include" -I"..\..\..\..\lwip\lwip-2.1.2\src\include\compat\posix" -I"..\..\..\..\lwip\lwip-2.1.2\src\include\lwip" -I"..\..\..\..\lwip\lwip-2.1.2\src\include\lwip\apps" -I"..\..\..\..\lwip\lwip-2.1.2\port" -I"..\..\..\..\lwip\libcoap-4.3.4\port" -I"..\..\..\..\lwip\libcoap-4.3.4\include" -I"..\..\..\..\wpa_supplicant\wpa_supplicant" -I"..\..\..\..\wpa_supplicant\src" -I"..\..\..\..\wpa_supplicant\src\utils" -I"..\..\..\..\wpa_supplicant\src\crypto" -I"..\..\..\..\mbedtls\mbedtls-2.17.0-ssl\include" -I"..\..\..\..\..\ROM-EXPORT\bootloader" -I"..\..\..\..\..\ROM-EXPORT\halcomm" -I"..\..\..\..\..\ROM-EXPORT\symbol" -I"..\..\..\..\..\ROM-EXPORT\mbedtls-2.17.0-rom\include" -I"..\..\..\..\..\config" -I"..\..\..\..\app" -I"..\..\..\..\app\mqtt_app" -I"..\..\..\..\wifi_manager" -I"..\..\..\..\blesw\src\export" -I"..\..\..\..\blesw\src\export\config_max" -I"..\..\..\..\ble\app" -I"..\..\..\..\ble\profile" -I"..\..\..\..\ble\profile\datatrans" -I"..\..\..\..\util\include" -I"..\..\..\..\FatFS\port" -I"..\..\..\..\FatFS\src" -MMD -MP -MF"app/main.d" -MT"app/main.o" -Wa,-adhlns=app/main.o.lst   -c -o "app/main.o" "C:/Users/stapi/OneDrive/Desktop/GD32VW553/GD32VW55X_Wifi_BLE_SDK/GD32VW55x_RELEASE_V1.0.2/MSDK/app/main.c"
Finished building: C:/Users/stapi/OneDrive/Desktop/GD32VW553/GD32VW55X_Wifi_BLE_SDK/GD32VW55x_RELEASE_V1.0.2/MSDK/app/atcmd.c
C:/Users/stapi/OneDrive/Desktop/GD32VW553/GD32VW55X_Wifi_BLE_SDK/GD32VW55x_RELEASE_V1.0.2/MSDK/app/main.c:81:8: error: unknown type name 'mqtt_client_t'
   81 | extern mqtt_client_t *mqtt_client;
      |        ^~~~~~~~~~~~~
 
make[1]: *** [app/subdir.mk:79: app/main.o] Error 1
make[1]: *** Waiting for unfinished jobs....
Finished building: C:/Users/stapi/OneDrive/Desktop/GD32VW553/GD32VW55X_Wifi_BLE_SDK/GD32VW55x_RELEASE_V1.0.2/MSDK/app/cmd_shell.c
 
make: *** [makefile:65: all] Error 2
"make -j16 all" terminated with exit code 2. Build might be incomplete.
09:31:13 **** Incremental Build of configuration msdk_ffd for project MSDK ****
make -j16 all 
cmd /C "..\..\..\image_prebuild.bat riscv-nuclei-elf- C:/Users/stapi/OneDrive/Desktop/GD32VW553/GD32VW55X_Wifi_BLE_SDK/GD32VW55x_RELEASE_V1.0.2/MSDK/projects/eclipse/msdk/../../../ "
Active code page: 65001
cd=C:\Users\stapi\OneDrive\Desktop\GD32VW553\GD32VW55X_Wifi_BLE_SDK\GD32VW55x_RELEASE_V1.0.2\MSDK\projects\eclipse\msdk\msdk_ffd
Active code page: 437
 
Building file: C:/Users/stapi/OneDrive/Desktop/GD32VW553/GD32VW55X_Wifi_BLE_SDK/GD32VW55x_RELEASE_V1.0.2/MSDK/app/atcmd.c
Building file: C:/Users/stapi/OneDrive/Desktop/GD32VW553/GD32VW55X_Wifi_BLE_SDK/GD32VW55x_RELEASE_V1.0.2/MSDK/app/cmd_shell.c
Invoking: GD RISC-V MCU C Compiler
Building file: C:/Users/stapi/OneDrive/Desktop/GD32VW553/GD32VW55X_Wifi_BLE_SDK/GD32VW55x_RELEASE_V1.0.2/MSDK/app/main.c
riscv-nuclei-elf-gcc -march=rv32imafcbp -mcmodel=medlow -msmall-data-limit=8 -msave-restore -mabi=ilp32f -Os -fmessage-length=0 -fsigned-char -ffunction-sections -fdata-sections -fno-common -fno-unroll-loops -Werror -Wunused -Wuninitialized -Wall -Wno-format -Wno-unused-function -Wno-unused-variable -Wno-unused-but-set-variable  -g -std=c99 -DCFG_RTOS -DCONFIG_WPA_SUPPLICANT -DPLATFORM_OS_FREERTOS -I"..\..\..\..\cloud\alicloud\examples\linkkit\living_platform" -I"..\..\..\..\cloud\alicloud\src\ref-impl\hal\os\freertos" -I"..\..\..\..\cloud\alicloud\src\infra\utils\misc" -I"..\..\..\..\cloud\alicloud\src\infra\utils\kv" -I"..\..\..\..\cloud\alicloud\src\ref-impl\hal" -I"..\..\..\..\cloud\alicloud\src\infra\log" -I"..\..\..\..\cloud\alicloud\src\infra\utils\digest" -I"..\..\..\..\cloud\alicloud\include\exports" -I"..\..\..\..\cloud\alicloud\include\imports" -I"..\..\..\..\cloud\alicloud\include" -I"..\..\..\..\mbedtls\mbedtls-2.17.0-ssl\include" -I"..\..\..\..\cloud\tuya\tuyaos_adapter\include\adc" -I"..\..\..\..\cloud\tuya\tuyaos_adapter\include\base\include" -I"..\..\..\..\cloud\tuya\tuyaos_adapter\include\bluetooth" -I"..\..\..\..\cloud\tuya\tuyaos_adapter\include\flash" -I"..\..\..\..\cloud\tuya\tuyaos_adapter\include\gpio" -I"..\..\..\..\cloud\tuya\tuyaos_adapter\include\hci" -I"..\..\..\..\cloud\tuya\tuyaos_adapter\include\i2c" -I"..\..\..\..\cloud\tuya\tuyaos_adapter\include\init\include" -I"..\..\..\..\cloud\tuya\tuyaos_adapter\include\network" -I"..\..\..\..\cloud\tuya\tuyaos_adapter\include\pinmux" -I"..\..\..\..\cloud\tuya\tuyaos_adapter\include\pwm" -I"..\..\..\..\cloud\tuya\tuyaos_adapter\include\rtc" -I"..\..\..\..\cloud\tuya\tuyaos_adapter\include\security" -I"..\..\..\..\cloud\tuya\tuyaos_adapter\include\spi" -I"..\..\..\..\cloud\tuya\tuyaos_adapter\include\system" -I"..\..\..\..\cloud\tuya\tuyaos_adapter\include\timer" -I"..\..\..\..\cloud\tuya\tuyaos_adapter\include\uart" -I"..\..\..\..\cloud\tuya\tuyaos_adapter\include\utilities\include" -I"..\..\..\..\cloud\tuya\tuyaos_adapter\include\watchdog" -I"..\..\..\..\cloud\tuya\tuyaos_adapter\include\wifi" -I"..\..\..\..\cloud\tuya" -I"..\..\..\..\lwip\iperf3" -I"..\..\..\..\lwip\iperf" -I"..\..\..\..\macsw\export" -I"..\..\..\..\macsw\import" -I"..\..\..\..\plf\riscv\arch" -I"..\..\..\..\plf\riscv\arch\boot" -I"..\..\..\..\plf\riscv\arch\lib" -I"..\..\..\..\plf\riscv\arch\ll" -I"..\..\..\..\plf\riscv\arch\compiler" -I"..\..\..\..\plf\src" -I"..\..\..\..\plf\src\reg" -I"..\..\..\..\plf\src\dma" -I"..\..\..\..\plf\src\time" -I"..\..\..\..\plf\src\trng" -I"..\..\..\..\plf\src\uart" -I"..\..\..\..\plf\src\nvds" -I"..\..\..\..\plf\src\raw_flash" -I"..\..\..\..\plf\src\rf" -I"..\..\..\..\plf\riscv\gd32vw55x" -I"..\..\..\..\plf\riscv\NMSIS\Core\Include" -I"..\..\..\..\plf\riscv\NMSIS\DSP\Include" -I"..\..\..\..\plf\riscv\NMSIS\DSP\Include\dsp" -I"..\..\..\..\plf\GD32VW55x_standard_peripheral" -I"..\..\..\..\plf\GD32VW55x_standard_peripheral\Include" -I"..\..\..\..\rtos\rtos_wrapper" -I"..\..\..\..\rtos\FreeRTOS\Source\include" -I"..\..\..\..\rtos\FreeRTOS\Source\portable\riscv32" -I"..\..\..\..\rtos\FreeRTOS\config" -I"..\..\..\..\lwip\lwip-2.1.2\src\include" -I"..\..\..\..\lwip\lwip-2.1.2\src\include\compat\posix" -I"..\..\..\..\lwip\lwip-2.1.2\src\include\lwip" -I"..\..\..\..\lwip\lwip-2.1.2\src\include\lwip\apps" -I"..\..\..\..\lwip\lwip-2.1.2\port" -I"..\..\..\..\lwip\libcoap-4.3.4\port" -I"..\..\..\..\lwip\libcoap-4.3.4\include" -I"..\..\..\..\wpa_supplicant\wpa_supplicant" -I"..\..\..\..\wpa_supplicant\src" -I"..\..\..\..\wpa_supplicant\src\utils" -I"..\..\..\..\wpa_supplicant\src\crypto" -I"..\..\..\..\mbedtls\mbedtls-2.17.0-ssl\include" -I"..\..\..\..\..\ROM-EXPORT\bootloader" -I"..\..\..\..\..\ROM-EXPORT\halcomm" -I"..\..\..\..\..\ROM-EXPORT\symbol" -I"..\..\..\..\..\ROM-EXPORT\mbedtls-2.17.0-rom\include" -I"..\..\..\..\..\config" -I"..\..\..\..\app" -I"..\..\..\..\app\mqtt_app" -I"..\..\..\..\wifi_manager" -I"..\..\..\..\blesw\src\export" -I"..\..\..\..\blesw\src\export\config_max" -I"..\..\..\..\ble\app" -I"..\..\..\..\ble\profile" -I"..\..\..\..\ble\profile\datatrans" -I"..\..\..\..\util\include" -I"..\..\..\..\FatFS\port" -I"..\..\..\..\FatFS\src" -MMD -MP -MF"app/atcmd.d" -MT"app/atcmd.o" -Wa,-adhlns=app/atcmd.o.lst   -c -o "app/atcmd.o" "C:/Users/stapi/OneDrive/Desktop/GD32VW553/GD32VW55X_Wifi_BLE_SDK/GD32VW55x_RELEASE_V1.0.2/MSDK/app/atcmd.c"
Invoking: GD RISC-V MCU C Compiler
riscv-nuclei-elf-gcc -march=rv32imafcbp -mcmodel=medlow -msmall-data-limit=8 -msave-restore -mabi=ilp32f -Os -fmessage-length=0 -fsigned-char -ffunction-sections -fdata-sections -fno-common -fno-unroll-loops -Werror -Wunused -Wuninitialized -Wall -Wno-format -Wno-unused-function -Wno-unused-variable -Wno-unused-but-set-variable  -g -std=c99 -DCFG_RTOS -DCONFIG_WPA_SUPPLICANT -DPLATFORM_OS_FREERTOS -I"..\..\..\..\cloud\alicloud\examples\linkkit\living_platform" -I"..\..\..\..\cloud\alicloud\src\ref-impl\hal\os\freertos" -I"..\..\..\..\cloud\alicloud\src\infra\utils\misc" -I"..\..\..\..\cloud\alicloud\src\infra\utils\kv" -I"..\..\..\..\cloud\alicloud\src\ref-impl\hal" -I"..\..\..\..\cloud\alicloud\src\infra\log" -I"..\..\..\..\cloud\alicloud\src\infra\utils\digest" -I"..\..\..\..\cloud\alicloud\include\exports" -I"..\..\..\..\cloud\alicloud\include\imports" -I"..\..\..\..\cloud\alicloud\include" -I"..\..\..\..\mbedtls\mbedtls-2.17.0-ssl\include" -I"..\..\..\..\cloud\tuya\tuyaos_adapter\include\adc" -I"..\..\..\..\cloud\tuya\tuyaos_adapter\include\base\include" -I"..\..\..\..\cloud\tuya\tuyaos_adapter\include\bluetooth" -I"..\..\..\..\cloud\tuya\tuyaos_adapter\include\flash" -I"..\..\..\..\cloud\tuya\tuyaos_adapter\include\gpio" -I"..\..\..\..\cloud\tuya\tuyaos_adapter\include\hci" -I"..\..\..\..\cloud\tuya\tuyaos_adapter\include\i2c" -I"..\..\..\..\cloud\tuya\tuyaos_adapter\include\init\include" -I"..\..\..\..\cloud\tuya\tuyaos_adapter\include\network" -I"..\..\..\..\cloud\tuya\tuyaos_adapter\include\pinmux" -I"..\..\..\..\cloud\tuya\tuyaos_adapter\include\pwm" -I"..\..\..\..\cloud\tuya\tuyaos_adapter\include\rtc" -I"..\..\..\..\cloud\tuya\tuyaos_adapter\include\security" -I"..\..\..\..\cloud\tuya\tuyaos_adapter\include\spi" -I"..\..\..\..\cloud\tuya\tuyaos_adapter\include\system" -I"..\..\..\..\cloud\tuya\tuyaos_adapter\include\timer" -I"..\..\..\..\cloud\tuya\tuyaos_adapter\include\uart" -I"..\..\..\..\cloud\tuya\tuyaos_adapter\include\utilities\include" -I"..\..\..\..\cloud\tuya\tuyaos_adapter\include\watchdog" -I"..\..\..\..\cloud\tuya\tuyaos_adapter\include\wifi" -I"..\..\..\..\cloud\tuya" -I"..\..\..\..\lwip\iperf3" -I"..\..\..\..\lwip\iperf" -I"..\..\..\..\macsw\export" -I"..\..\..\..\macsw\import" -I"..\..\..\..\plf\riscv\arch" -I"..\..\..\..\plf\riscv\arch\boot" -I"..\..\..\..\plf\riscv\arch\lib" -I"..\..\..\..\plf\riscv\arch\ll" -I"..\..\..\..\plf\riscv\arch\compiler" -I"..\..\..\..\plf\src" -I"..\..\..\..\plf\src\reg" -I"..\..\..\..\plf\src\dma" -I"..\..\..\..\plf\src\time" -I"..\..\..\..\plf\src\trng" -I"..\..\..\..\plf\src\uart" -I"..\..\..\..\plf\src\nvds" -I"..\..\..\..\plf\src\raw_flash" -I"..\..\..\..\plf\src\rf" -I"..\..\..\..\plf\riscv\gd32vw55x" -I"..\..\..\..\plf\riscv\NMSIS\Core\Include" -I"..\..\..\..\plf\riscv\NMSIS\DSP\Include" -I"..\..\..\..\plf\riscv\NMSIS\DSP\Include\dsp" -I"..\..\..\..\plf\GD32VW55x_standard_peripheral" -I"..\..\..\..\plf\GD32VW55x_standard_peripheral\Include" -I"..\..\..\..\rtos\rtos_wrapper" -I"..\..\..\..\rtos\FreeRTOS\Source\include" -I"..\..\..\..\rtos\FreeRTOS\Source\portable\riscv32" -I"..\..\..\..\rtos\FreeRTOS\config" -I"..\..\..\..\lwip\lwip-2.1.2\src\include" -I"..\..\..\..\lwip\lwip-2.1.2\src\include\compat\posix" -I"..\..\..\..\lwip\lwip-2.1.2\src\include\lwip" -I"..\..\..\..\lwip\lwip-2.1.2\src\include\lwip\apps" -I"..\..\..\..\lwip\lwip-2.1.2\port" -I"..\..\..\..\lwip\libcoap-4.3.4\port" -I"..\..\..\..\lwip\libcoap-4.3.4\include" -I"..\..\..\..\wpa_supplicant\wpa_supplicant" -I"..\..\..\..\wpa_supplicant\src" -I"..\..\..\..\wpa_supplicant\src\utils" -I"..\..\..\..\wpa_supplicant\src\crypto" -I"..\..\..\..\mbedtls\mbedtls-2.17.0-ssl\include" -I"..\..\..\..\..\ROM-EXPORT\bootloader" -I"..\..\..\..\..\ROM-EXPORT\halcomm" -I"..\..\..\..\..\ROM-EXPORT\symbol" -I"..\..\..\..\..\ROM-EXPORT\mbedtls-2.17.0-rom\include" -I"..\..\..\..\..\config" -I"..\..\..\..\app" -I"..\..\..\..\app\mqtt_app" -I"..\..\..\..\wifi_manager" -I"..\..\..\..\blesw\src\export" -I"..\..\..\..\blesw\src\export\config_max" -I"..\..\..\..\ble\app" -I"..\..\..\..\ble\profile" -I"..\..\..\..\ble\profile\datatrans" -I"..\..\..\..\util\include" -I"..\..\..\..\FatFS\port" -I"..\..\..\..\FatFS\src" -MMD -MP -MF"app/cmd_shell.d" -MT"app/cmd_shell.o" -Wa,-adhlns=app/cmd_shell.o.lst   -c -o "app/cmd_shell.o" "C:/Users/stapi/OneDrive/Desktop/GD32VW553/GD32VW55X_Wifi_BLE_SDK/GD32VW55x_RELEASE_V1.0.2/MSDK/app/cmd_shell.c"
Invoking: GD RISC-V MCU C Compiler
riscv-nuclei-elf-gcc -march=rv32imafcbp -mcmodel=medlow -msmall-data-limit=8 -msave-restore -mabi=ilp32f -Os -fmessage-length=0 -fsigned-char -ffunction-sections -fdata-sections -fno-common -fno-unroll-loops -Werror -Wunused -Wuninitialized -Wall -Wno-format -Wno-unused-function -Wno-unused-variable -Wno-unused-but-set-variable  -g -std=c99 -DCFG_RTOS -DCONFIG_WPA_SUPPLICANT -DPLATFORM_OS_FREERTOS -I"..\..\..\..\cloud\alicloud\examples\linkkit\living_platform" -I"..\..\..\..\cloud\alicloud\src\ref-impl\hal\os\freertos" -I"..\..\..\..\cloud\alicloud\src\infra\utils\misc" -I"..\..\..\..\cloud\alicloud\src\infra\utils\kv" -I"..\..\..\..\cloud\alicloud\src\ref-impl\hal" -I"..\..\..\..\cloud\alicloud\src\infra\log" -I"..\..\..\..\cloud\alicloud\src\infra\utils\digest" -I"..\..\..\..\cloud\alicloud\include\exports" -I"..\..\..\..\cloud\alicloud\include\imports" -I"..\..\..\..\cloud\alicloud\include" -I"..\..\..\..\mbedtls\mbedtls-2.17.0-ssl\include" -I"..\..\..\..\cloud\tuya\tuyaos_adapter\include\adc" -I"..\..\..\..\cloud\tuya\tuyaos_adapter\include\base\include" -I"..\..\..\..\cloud\tuya\tuyaos_adapter\include\bluetooth" -I"..\..\..\..\cloud\tuya\tuyaos_adapter\include\flash" -I"..\..\..\..\cloud\tuya\tuyaos_adapter\include\gpio" -I"..\..\..\..\cloud\tuya\tuyaos_adapter\include\hci" -I"..\..\..\..\cloud\tuya\tuyaos_adapter\include\i2c" -I"..\..\..\..\cloud\tuya\tuyaos_adapter\include\init\include" -I"..\..\..\..\cloud\tuya\tuyaos_adapter\include\network" -I"..\..\..\..\cloud\tuya\tuyaos_adapter\include\pinmux" -I"..\..\..\..\cloud\tuya\tuyaos_adapter\include\pwm" -I"..\..\..\..\cloud\tuya\tuyaos_adapter\include\rtc" -I"..\..\..\..\cloud\tuya\tuyaos_adapter\include\security" -I"..\..\..\..\cloud\tuya\tuyaos_adapter\include\spi" -I"..\..\..\..\cloud\tuya\tuyaos_adapter\include\system" -I"..\..\..\..\cloud\tuya\tuyaos_adapter\include\timer" -I"..\..\..\..\cloud\tuya\tuyaos_adapter\include\uart" -I"..\..\..\..\cloud\tuya\tuyaos_adapter\include\utilities\include" -I"..\..\..\..\cloud\tuya\tuyaos_adapter\include\watchdog" -I"..\..\..\..\cloud\tuya\tuyaos_adapter\include\wifi" -I"..\..\..\..\cloud\tuya" -I"..\..\..\..\lwip\iperf3" -I"..\..\..\..\lwip\iperf" -I"..\..\..\..\macsw\export" -I"..\..\..\..\macsw\import" -I"..\..\..\..\plf\riscv\arch" -I"..\..\..\..\plf\riscv\arch\boot" -I"..\..\..\..\plf\riscv\arch\lib" -I"..\..\..\..\plf\riscv\arch\ll" -I"..\..\..\..\plf\riscv\arch\compiler" -I"..\..\..\..\plf\src" -I"..\..\..\..\plf\src\reg" -I"..\..\..\..\plf\src\dma" -I"..\..\..\..\plf\src\time" -I"..\..\..\..\plf\src\trng" -I"..\..\..\..\plf\src\uart" -I"..\..\..\..\plf\src\nvds" -I"..\..\..\..\plf\src\raw_flash" -I"..\..\..\..\plf\src\rf" -I"..\..\..\..\plf\riscv\gd32vw55x" -I"..\..\..\..\plf\riscv\NMSIS\Core\Include" -I"..\..\..\..\plf\riscv\NMSIS\DSP\Include" -I"..\..\..\..\plf\riscv\NMSIS\DSP\Include\dsp" -I"..\..\..\..\plf\GD32VW55x_standard_peripheral" -I"..\..\..\..\plf\GD32VW55x_standard_peripheral\Include" -I"..\..\..\..\rtos\rtos_wrapper" -I"..\..\..\..\rtos\FreeRTOS\Source\include" -I"..\..\..\..\rtos\FreeRTOS\Source\portable\riscv32" -I"..\..\..\..\rtos\FreeRTOS\config" -I"..\..\..\..\lwip\lwip-2.1.2\src\include" -I"..\..\..\..\lwip\lwip-2.1.2\src\include\compat\posix" -I"..\..\..\..\lwip\lwip-2.1.2\src\include\lwip" -I"..\..\..\..\lwip\lwip-2.1.2\src\include\lwip\apps" -I"..\..\..\..\lwip\lwip-2.1.2\port" -I"..\..\..\..\lwip\libcoap-4.3.4\port" -I"..\..\..\..\lwip\libcoap-4.3.4\include" -I"..\..\..\..\wpa_supplicant\wpa_supplicant" -I"..\..\..\..\wpa_supplicant\src" -I"..\..\..\..\wpa_supplicant\src\utils" -I"..\..\..\..\wpa_supplicant\src\crypto" -I"..\..\..\..\mbedtls\mbedtls-2.17.0-ssl\include" -I"..\..\..\..\..\ROM-EXPORT\bootloader" -I"..\..\..\..\..\ROM-EXPORT\halcomm" -I"..\..\..\..\..\ROM-EXPORT\symbol" -I"..\..\..\..\..\ROM-EXPORT\mbedtls-2.17.0-rom\include" -I"..\..\..\..\..\config" -I"..\..\..\..\app" -I"..\..\..\..\app\mqtt_app" -I"..\..\..\..\wifi_manager" -I"..\..\..\..\blesw\src\export" -I"..\..\..\..\blesw\src\export\config_max" -I"..\..\..\..\ble\app" -I"..\..\..\..\ble\profile" -I"..\..\..\..\ble\profile\datatrans" -I"..\..\..\..\util\include" -I"..\..\..\..\FatFS\port" -I"..\..\..\..\FatFS\src" -MMD -MP -MF"app/main.d" -MT"app/main.o" -Wa,-adhlns=app/main.o.lst   -c -o "app/main.o" "C:/Users/stapi/OneDrive/Desktop/GD32VW553/GD32VW55X_Wifi_BLE_SDK/GD32VW55x_RELEASE_V1.0.2/MSDK/app/main.c"
Finished building: C:/Users/stapi/OneDrive/Desktop/GD32VW553/GD32VW55X_Wifi_BLE_SDK/GD32VW55x_RELEASE_V1.0.2/MSDK/app/atcmd.c
 
Finished building: C:/Users/stapi/OneDrive/Desktop/GD32VW553/GD32VW55X_Wifi_BLE_SDK/GD32VW55x_RELEASE_V1.0.2/MSDK/app/main.c
 
Finished building: C:/Users/stapi/OneDrive/Desktop/GD32VW553/GD32VW55X_Wifi_BLE_SDK/GD32VW55x_RELEASE_V1.0.2/MSDK/app/cmd_shell.c
 
Building target: MSDK.elf
Invoking: GD RISC-V MCU Linker
riscv-nuclei-elf-gcc -march=rv32imafcbp -mcmodel=medlow -msmall-data-limit=8 -msave-restore -mabi=ilp32f -Os -fmessage-length=0 -fsigned-char -ffunction-sections -fdata-sections -fno-common -fno-unroll-loops -Werror -Wunused -Wuninitialized -Wall -Wno-format -Wno-unused-function -Wno-unused-variable -Wno-unused-but-set-variable  -g -Wl,-Map,"MSDK.map" -T "..\..\..\..\plf\riscv\env\gd32vw55x.lds" -nostartfiles -Xlinker --gc-sections -L"..\..\..\..\lib" -L"..\..\..\..\plf\riscv\NMSIS\Library\DSP\GCC" --specs=nano.specs -u_printf_float --specs=nosys.specs -Wl,--just-symbols=../../../../../ROM-EXPORT/symbol/rom_symbol_m.gcc -o "MSDK.elf"  ./wifi_manager/wifi_eloop.o ./wifi_manager/wifi_init.o ./wifi_manager/wifi_management.o ./wifi_manager/wifi_net_ip.o ./wifi_manager/wifi_netlink.o ./wifi_manager/wifi_vif.o ./wifi_manager/wifi_wpa.o  ./util/aes_ecb.o ./util/cJSON.o ./util/crc.o ./util/cyclic_buffer.o ./util/debug_print.o ./util/dlist.o ./util/slist.o ./util/trace_ext.o ./util/user_setting.o ./util/util.o  ./tuya/src/tkl_adc.o ./tuya/src/tkl_bluetooth.o ./tuya/src/tkl_bluetooth_bredr.o ./tuya/src/tkl_bluetooth_mesh_device.o ./tuya/src/tkl_bluetooth_mesh_prov.o ./tuya/src/tkl_flash.o ./tuya/src/tkl_gpio.o ./tuya/src/tkl_i2c.o ./tuya/src/tkl_lwip.o ./tuya/src/tkl_memory.o ./tuya/src/tkl_mutex.o ./tuya/src/tkl_network.o ./tuya/src/tkl_ota.o ./tuya/src/tkl_output.o ./tuya/src/tkl_pinmux.o ./tuya/src/tkl_pwm.o ./tuya/src/tkl_queue.o ./tuya/src/tkl_rtc.o ./tuya/src/tkl_semaphore.o ./tuya/src/tkl_sleep.o ./tuya/src/tkl_spi.o ./tuya/src/tkl_system.o ./tuya/src/tkl_thread.o ./tuya/src/tkl_timer.o ./tuya/src/tkl_uart.o ./tuya/src/tkl_watchdog.o ./tuya/src/tkl_wifi.o ./tuya/src/tkl_wifi_hostap.o ./tuya/src/tuya_ble_hal.o  ./plf/src/ble_uart.o ./plf/src/dma.o ./plf/src/gd32vw55x_platform.o ./plf/src/init_rom.o ./plf/src/lib_hook.o ./plf/src/log_uart.o ./plf/src/nvds_flash.o ./plf/src/plf_assert.o ./plf/src/raw_flash_api.o ./plf/src/systime.o ./plf/src/trace_uart.o ./plf/src/trng.o ./plf/src/uart.o ./plf/src/wakelock.o  ./plf/gd32vw55x/gd32vw55x_it.o ./plf/gd32vw55x/system_gd32vw55x.o  ./plf/env/entry.o ./plf/env/env_init.o ./plf/env/handlers.o ./plf/env/start.o  ./plf/GD32VW55x_standard_peripheral/gd32vw55x_adc.o ./plf/GD32VW55x_standard_peripheral/gd32vw55x_cau.o ./plf/GD32VW55x_standard_peripheral/gd32vw55x_cau_aes.o ./plf/GD32VW55x_standard_peripheral/gd32vw55x_cau_des.o ./plf/GD32VW55x_standard_peripheral/gd32vw55x_cau_tdes.o ./plf/GD32VW55x_standard_peripheral/gd32vw55x_crc.o ./plf/GD32VW55x_standard_peripheral/gd32vw55x_dbg.o ./plf/GD32VW55x_standard_peripheral/gd32vw55x_dma.o ./plf/GD32VW55x_standard_peripheral/gd32vw55x_eclic.o ./plf/GD32VW55x_standard_peripheral/gd32vw55x_efuse.o ./plf/GD32VW55x_standard_peripheral/gd32vw55x_exti.o ./plf/GD32VW55x_standard_peripheral/gd32vw55x_fmc.o ./plf/GD32VW55x_standard_peripheral/gd32vw55x_fwdgt.o ./plf/GD32VW55x_standard_peripheral/gd32vw55x_gpio.o ./plf/GD32VW55x_standard_peripheral/gd32vw55x_hau.o ./plf/GD32VW55x_standard_peripheral/gd32vw55x_hau_sha_md5.o ./plf/GD32VW55x_standard_peripheral/gd32vw55x_i2c.o ./plf/GD32VW55x_standard_peripheral/gd32vw55x_pkcau.o ./plf/GD32VW55x_standard_peripheral/gd32vw55x_pmu.o ./plf/GD32VW55x_standard_peripheral/gd32vw55x_qspi.o ./plf/GD32VW55x_standard_peripheral/gd32vw55x_rcu.o ./plf/GD32VW55x_standard_peripheral/gd32vw55x_rtc.o ./plf/GD32VW55x_standard_peripheral/gd32vw55x_spi.o ./plf/GD32VW55x_standard_peripheral/gd32vw55x_syscfg.o ./plf/GD32VW55x_standard_peripheral/gd32vw55x_timer.o ./plf/GD32VW55x_standard_peripheral/gd32vw55x_trng.o ./plf/GD32VW55x_standard_peripheral/gd32vw55x_usart.o ./plf/GD32VW55x_standard_peripheral/gd32vw55x_wwdgt.o  ./os/freertos/croutine.o ./os/freertos/event_groups.o ./os/freertos/heap_4.o ./os/freertos/list.o ./os/freertos/port.o ./os/freertos/portasm.o ./os/freertos/queue.o ./os/freertos/stream_buffer.o ./os/freertos/tasks.o ./os/freertos/tickless_sleep.o ./os/freertos/timers.o  ./os/wrapper_os.o  ./mbedtls/debug.o ./mbedtls/mbedtls_patch.o ./mbedtls/net_sockets.o ./mbedtls/ssl_cache.o ./mbedtls/ssl_ciphersuites.o ./mbedtls/ssl_cli.o ./mbedtls/ssl_client.o ./mbedtls/ssl_cookie.o ./mbedtls/ssl_default_conf.o ./mbedtls/ssl_srv.o ./mbedtls/ssl_ticket.o ./mbedtls/ssl_tls.o  ./lwip/ipv6/dhcp6.o ./lwip/ipv6/ethip6.o ./lwip/ipv6/icmp6.o ./lwip/ipv6/inet6.o ./lwip/ipv6/ip6.o ./lwip/ipv6/ip6_addr.o ./lwip/ipv6/ip6_frag.o ./lwip/ipv6/mld6.o ./lwip/ipv6/nd6.o  ./lwip/altcp.o ./lwip/altcp_alloc.o ./lwip/altcp_tcp.o ./lwip/altcp_tls_mbedtls.o ./lwip/altcp_tls_mbedtls_mem.o ./lwip/api_lib.o ./lwip/api_msg.o ./lwip/autoip.o ./lwip/def.o ./lwip/dhcp.o ./lwip/dhcpd.o ./lwip/dns.o ./lwip/err.o ./lwip/etharp.o ./lwip/ethernet.o ./lwip/icmp.o ./lwip/igmp.o ./lwip/inet_chksum.o ./lwip/init.o ./lwip/ip.o ./lwip/ip4.o ./lwip/ip4_addr.o ./lwip/ip4_frag.o ./lwip/lwip_sockets_demo.o ./lwip/lwiperf.o ./lwip/mem.o ./lwip/memp.o ./lwip/mqtt.o ./lwip/mqtt5.o ./lwip/netbuf.o ./lwip/netdb.o ./lwip/netif.o ./lwip/netifapi.o ./lwip/pbuf.o ./lwip/raw.o ./lwip/sockets.o ./lwip/stats.o ./lwip/sys.o ./lwip/sys_arch.o ./lwip/tcp.o ./lwip/tcp_in.o ./lwip/tcp_out.o ./lwip/tcpip.o ./lwip/timeouts.o ./lwip/udp.o ./lwip/wifi_netif.o  ./coap/coap_address.o ./coap/coap_asn1.o ./coap/coap_async.o ./coap/coap_block.o ./coap/coap_cache.o ./coap/coap_debug.o ./coap/coap_dtls.o ./coap/coap_encode.o ./coap/coap_event.o ./coap/coap_hashkey.o ./coap/coap_io.o ./coap/coap_io_lwip.o ./coap/coap_layers.o ./coap/coap_mem.o ./coap/coap_net.o ./coap/coap_netif.o ./coap/coap_notls.o ./coap/coap_option.o ./coap/coap_pdu.o ./coap/coap_prng.o ./coap/coap_resource.o ./coap/coap_session.o ./coap/coap_str.o ./coap/coap_subscribe.o ./coap/coap_tcp.o ./coap/coap_time.o ./coap/coap_uri.o ./coap/coap_ws.o  ./ble_profile/ble_bass.o ./ble_profile/ble_cscss.o ./ble_profile/ble_datatrans_srv.o ./ble_profile/ble_diss.o ./ble_profile/ble_glps.o ./ble_profile/ble_hpsc.o ./ble_profile/ble_hpss.o ./ble_profile/ble_iass.o ./ble_profile/ble_llss.o ./ble_profile/ble_profile_utils.o ./ble_profile/ble_proxm.o ./ble_profile/ble_proxr.o ./ble_profile/ble_sample_cli.o ./ble_profile/ble_sample_srv.o ./ble_profile/ble_throughput_cli.o ./ble_profile/ble_throughput_srv.o ./ble_profile/ble_tpss.o  ./ble_app/app_adapter_mgr.o ./ble_app/app_adv_mgr.o ./ble_app/app_bass.o ./ble_app/app_blue_courier_link.o ./ble_app/app_blue_courier_prot.o ./ble_app/app_cmd.o ./ble_app/app_conn_mgr.o ./ble_app/app_cscss.o ./ble_app/app_datatrans_srv.o ./ble_app/app_dev_mgr.o ./ble_app/app_diss.o ./ble_app/app_gatt_bqb.o ./ble_app/app_http_proxy_client.o ./ble_app/app_http_proxy_server.o ./ble_app/app_iso_mgr.o ./ble_app/app_l2cap.o ./ble_app/app_list_mgr.o ./ble_app/app_per_sync_mgr.o ./ble_app/app_prox_monitor.o ./ble_app/app_prox_rpt.o ./ble_app/app_scan_mgr.o ./ble_app/app_sec_mgr.o ./ble_app/app_virtual_hci.o ./ble_app/virtual_hci.o  ./app/coap_example/client-coap.o ./app/coap_example/server-coap.o  ./app/atcmd.o ./app/ble_init.o ./app/cmd_shell.o ./app/iperf.o ./app/iperf3_main.o ./app/main.o ./app/mqtt_cmd.o ./app/ota_demo.o ./app/ping.o  ./alicloud/alicloud_entry.o ./alicloud/hal_awss_gd.o ./alicloud/hal_crypto_gd.o ./alicloud/hal_kv_gd.o ./alicloud/hal_os_gd.o ./alicloud/hal_ota_gd.o ./alicloud/hal_product_gd.o ./alicloud/hal_system_gd.o ./alicloud/hal_tcp_gd.o ./alicloud/hal_tls_gd.o ./alicloud/hal_udp_gd.o ./alicloud/hal_wifi_gd.o ./alicloud/living_platform_awss_reset.o ./alicloud/living_platform_main.o ./alicloud/living_platform_ut.o  ./FatFS/diskio.o ./FatFS/fatfs.o ./FatFS/ff.o ./FatFS/ffsystem.o ./FatFS/ffunicode.o    -lble_max -lrftest -lrf -lwifi -lwpa_supplicant -lalicloud -lm -lnmsis_dsp_rv32imafcbp -liperf3
Finished building target: MSDK.elf
 
Invoking: GD RISC-V MCU Flash Image(Hex)
riscv-nuclei-elf-objcopy -O ihex  "MSDK.elf"  "MSDK.hex"
Invoking: GD RISC-V MCU Flash Image(Bin)
riscv-nuclei-elf-objcopy -O binary  "MSDK.elf"  "MSDK.bin"
Invoking: GD RISC-V MCU Listing
Invoking: GD RISC-V MCU Print Size
riscv-nuclei-elf-objdump --source --all-headers --demangle --line-numbers --wide "MSDK.elf" > "MSDK.lst"
riscv-nuclei-elf-size --format=berkeley "MSDK.elf"
   text	   data	    bss	    dec	    hex	filename
 723930	    772	 100494	 825196	  c976c	MSDK.elf
Finished building: MSDK.siz
Finished building: MSDK.bin
Finished building: MSDK.hex
 
 
 
Finished building: MSDK.lst
 
cmd /C "..\..\..\image_afterbuild.bat riscv-nuclei-elf- ECDSA256 CERT C:\Users\stapi\OneDrive\Desktop\GD32VW553\EmbeddedBuilder_v1.4.7.26843\EmbeddedBuilder\/../Tools/OpenOCD/xpack-openocd-0.11.0-3/bin C:/Users/stapi/OneDrive/Desktop/GD32VW553/GD32VW55X_Wifi_BLE_SDK/GD32VW55x_RELEASE_V1.0.2/MSDK/projects/eclipse/msdk/../../../../ "" "
Active code page: 65001
ECHO is off.
"msdk.elf"
Invalid switch - "Users".
mbl_offset=0x0 image0_offset=0xA000 image1_offset=0x1E0000
rftest_on=0
mbl_len = 17184
rftest_end = 40960
"Not add image header and tailer!"
        1 file(s) copied.
Goto download!
 
09:40:28 **** Incremental Build of configuration msdk_ffd for project MSDK ****
make -j16 all 
cmd /C "..\..\..\image_prebuild.bat riscv-nuclei-elf- C:/Users/stapi/OneDrive/Desktop/GD32VW553/GD32VW55X_Wifi_BLE_SDK/GD32VW55x_RELEASE_V1.0.2/MSDK/projects/eclipse/msdk/../../../ "
Active code page: 65001
cd=C:\Users\stapi\OneDrive\Desktop\GD32VW553\GD32VW55X_Wifi_BLE_SDK\GD32VW55x_RELEASE_V1.0.2\MSDK\projects\eclipse\msdk\msdk_ffd
Active code page: 437
 
Building file: C:/Users/stapi/OneDrive/Desktop/GD32VW553/GD32VW55X_Wifi_BLE_SDK/GD32VW55x_RELEASE_V1.0.2/MSDK/app/atcmd.c
Building file: C:/Users/stapi/OneDrive/Desktop/GD32VW553/GD32VW55X_Wifi_BLE_SDK/GD32VW55x_RELEASE_V1.0.2/MSDK/app/cmd_shell.c
[...]
Invoking: GD RISC-V MCU C Compiler
riscv-nuclei-elf-gcc -march=rv32imafcbp -mcmodel=medlow -msmall-data-limit=8 -msave-restore -mabi=ilp32f -Os -fmessage-length=0 -fsigned-char -ffunction-sections -fdata-sections -fno-common -fno-unroll-loops -Werror -Wunused -Wuninitialized -Wall -Wno-format -Wno-unused-function -Wno-unused-variable -Wno-unused-but-set-variable  -g -std=c99 -DCFG_RTOS -DCONFIG_WPA_SUPPLICANT -DPLATFORM_OS_FREERTOS -I"..\..\..\..\cloud\alicloud\examples\linkkit\living_platform" -I"..\..\..\..\cloud\alicloud\src\ref-impl\hal\os\freertos" -I"..\..\..\..\cloud\alicloud\src\infra\utils\misc" -I"..\..\..\..\cloud\alicloud\src\infra\utils\kv" -I"..\..\..\..\cloud\alicloud\src\ref-impl\hal" -I"..\..\..\..\cloud\alicloud\src\infra\log" -I"..\..\..\..\cloud\alicloud\src\infra\utils\digest" -I"..\..\..\..\cloud\alicloud\include\exports" -I"..\..\..\..\cloud\alicloud\include\imports" -I"..\..\..\..\cloud\alicloud\include" -I"..\..\..\..\mbedtls\mbedtls-2.17.0-ssl\include" -I"..\..\..\..\cloud\tuya\tuyaos_adapter\include\adc" -I"..\..\..\..\cloud\tuya\tuyaos_adapter\include\base\include" -I"..\..\..\..\cloud\tuya\tuyaos_adapter\include\bluetooth" -I"..\..\..\..\cloud\tuya\tuyaos_adapter\include\flash" -I"..\..\..\..\cloud\tuya\tuyaos_adapter\include\gpio" -I"..\..\..\..\cloud\tuya\tuyaos_adapter\include\hci" -I"..\..\..\..\cloud\tuya\tuyaos_adapter\include\i2c" -I"..\..\..\..\cloud\tuya\tuyaos_adapter\include\init\include" -I"..\..\..\..\cloud\tuya\tuyaos_adapter\include\network" -I"..\..\..\..\cloud\tuya\tuyaos_adapter\include\pinmux" -I"..\..\..\..\cloud\tuya\tuyaos_adapter\include\pwm" -I"..\..\..\..\cloud\tuya\tuyaos_adapter\include\rtc" -I"..\..\..\..\cloud\tuya\tuyaos_adapter\include\security" -I"..\..\..\..\cloud\tuya\tuyaos_adapter\include\spi" -I"..\..\..\..\cloud\tuya\tuyaos_adapter\include\system" -I"..\..\..\..\cloud\tuya\tuyaos_adapter\include\timer" -I"..\..\..\..\cloud\tuya\tuyaos_adapter\include\uart" -I"..\..\..\..\cloud\tuya\tuyaos_adapter\include\utilities\include" -I"..\..\..\..\cloud\tuya\tuyaos_adapter\include\watchdog" -I"..\..\..\..\cloud\tuya\tuyaos_adapter\include\wifi" -I"..\..\..\..\cloud\tuya" -I"..\..\..\..\lwip\iperf3" -I"..\..\..\..\lwip\iperf" -I"..\..\..\..\macsw\export" -I"..\..\..\..\macsw\import" -I"..\..\..\..\plf\riscv\arch" -I"..\..\..\..\plf\riscv\arch\boot" -I"..\..\..\..\plf\riscv\arch\lib" -I"..\..\..\..\plf\riscv\arch\ll" -I"..\..\..\..\plf\riscv\arch\compiler" -I"..\..\..\..\plf\src" -I"..\..\..\..\plf\src\reg" -I"..\..\..\..\plf\src\dma" -I"..\..\..\..\plf\src\time" -I"..\..\..\..\plf\src\trng" -I"..\..\..\..\plf\src\uart" -I"..\..\..\..\plf\src\nvds" -I"..\..\..\..\plf\src\raw_flash" -I"..\..\..\..\plf\src\rf" -I"..\..\..\..\plf\riscv\gd32vw55x" -I"..\..\..\..\plf\riscv\NMSIS\Core\Include" -I"..\..\..\..\plf\riscv\NMSIS\DSP\Include" -I"..\..\..\..\plf\riscv\NMSIS\DSP\Include\dsp" -I"..\..\..\..\plf\GD32VW55x_standard_peripheral" -I"..\..\..\..\plf\GD32VW55x_standard_peripheral\Include" -I"..\..\..\..\rtos\rtos_wrapper" -I"..\..\..\..\rtos\FreeRTOS\Source\include" -I"..\..\..\..\rtos\FreeRTOS\Source\portable\riscv32" -I"..\..\..\..\rtos\FreeRTOS\config" -I"..\..\..\..\lwip\lwip-2.1.2\src\include" -I"..\..\..\..\lwip\lwip-2.1.2\src\include\compat\posix" -I"..\..\..\..\lwip\lwip-2.1.2\src\include\lwip" -I"..\..\..\..\lwip\lwip-2.1.2\src\include\lwip\apps" -I"..\..\..\..\lwip\lwip-2.1.2\port" -I"..\..\..\..\lwip\libcoap-4.3.4\port" -I"..\..\..\..\lwip\libcoap-4.3.4\include" -I"..\..\..\..\wpa_supplicant\wpa_supplicant" -I"..\..\..\..\wpa_supplicant\src" -I"..\..\..\..\wpa_supplicant\src\utils" -I"..\..\..\..\wpa_supplicant\src\crypto" -I"..\..\..\..\mbedtls\mbedtls-2.17.0-ssl\include" -I"..\..\..\..\..\ROM-EXPORT\bootloader" -I"..\..\..\..\..\ROM-EXPORT\halcomm" -I"..\..\..\..\..\ROM-EXPORT\symbol" -I"..\..\..\..\..\ROM-EXPORT\mbedtls-2.17.0-rom\include" -I"..\..\..\..\..\config" -I"..\..\..\..\app" -I"..\..\..\..\app\mqtt_app" -I"..\..\..\..\wifi_manager" -I"..\..\..\..\blesw\src\export" -I"..\..\..\..\blesw\src\export\config_max" -I"..\..\..\..\ble\app" -I"..\..\..\..\ble\profile" -I"..\..\..\..\ble\profile\datatrans" -I"..\..\..\..\util\include" -I"..\..\..\..\FatFS\port" -I"..\..\..\..\FatFS\src" -MMD -MP -MF"app/cmd_shell.d" -MT"app/cmd_shell.o" -Wa,-adhlns=app/cmd_shell.o.lst   -c -o "app/cmd_shell.o" "C:/Users/stapi/OneDrive/Desktop/GD32VW553/GD32VW55X_Wifi_BLE_SDK/GD32VW55x_RELEASE_V1.0.2/MSDK/app/cmd_shell.c"
Invoking: GD RISC-V MCU C Compiler
riscv-nuclei-elf-gcc -march=rv32imafcbp -mcmodel=medlow -msmall-data-limit=8 -msave-restore -mabi=ilp32f -Os -fmessage-length=0 -fsigned-char -ffunction-sections -fdata-sections -fno-common -fno-unroll-loops -Werror -Wunused -Wuninitialized -Wall -Wno-format -Wno-unused-function -Wno-unused-variable -Wno-unused-but-set-variable  -g -std=c99 -DCFG_RTOS -DCONFIG_WPA_SUPPLICANT -DPLATFORM_OS_FREERTOS -I"..\..\..\..\cloud\alicloud\examples\linkkit\living_platform" -I"..\..\..\..\cloud\alicloud\src\ref-impl\hal\os\freertos" -I"..\..\..\..\cloud\alicloud\src\infra\utils\misc" -I"..\..\..\..\cloud\alicloud\src\infra\utils\kv" -I"..\..\..\..\cloud\alicloud\src\ref-impl\hal" -I"..\..\..\..\cloud\alicloud\src\infra\log" -I"..\..\..\..\cloud\alicloud\src\infra\utils\digest" -I"..\..\..\..\cloud\alicloud\include\exports" -I"..\..\..\..\cloud\alicloud\include\imports" -I"..\..\..\..\cloud\alicloud\include" -I"..\..\..\..\mbedtls\mbedtls-2.17.0-ssl\include" -I"..\..\..\..\cloud\tuya\tuyaos_adapter\include\adc" -I"..\..\..\..\cloud\tuya\tuyaos_adapter\include\base\include" -I"..\..\..\..\cloud\tuya\tuyaos_adapter\include\bluetooth" -I"..\..\..\..\cloud\tuya\tuyaos_adapter\include\flash" -I"..\..\..\..\cloud\tuya\tuyaos_adapter\include\gpio" -I"..\..\..\..\cloud\tuya\tuyaos_adapter\include\hci" -I"..\..\..\..\cloud\tuya\tuyaos_adapter\include\i2c" -I"..\..\..\..\cloud\tuya\tuyaos_adapter\include\init\include" -I"..\..\..\..\cloud\tuya\tuyaos_adapter\include\network" -I"..\..\..\..\cloud\tuya\tuyaos_adapter\include\pinmux" -I"..\..\..\..\cloud\tuya\tuyaos_adapter\include\pwm" -I"..\..\..\..\cloud\tuya\tuyaos_adapter\include\rtc" -I"..\..\..\..\cloud\tuya\tuyaos_adapter\include\security" -I"..\..\..\..\cloud\tuya\tuyaos_adapter\include\spi" -I"..\..\..\..\cloud\tuya\tuyaos_adapter\include\system" -I"..\..\..\..\cloud\tuya\tuyaos_adapter\include\timer" -I"..\..\..\..\cloud\tuya\tuyaos_adapter\include\uart" -I"..\..\..\..\cloud\tuya\tuyaos_adapter\include\utilities\include" -I"..\..\..\..\cloud\tuya\tuyaos_adapter\include\watchdog" -I"..\..\..\..\cloud\tuya\tuyaos_adapter\include\wifi" -I"..\..\..\..\cloud\tuya" -I"..\..\..\..\lwip\iperf3" -I"..\..\..\..\lwip\iperf" -I"..\..\..\..\macsw\export" -I"..\..\..\..\macsw\import" -I"..\..\..\..\plf\riscv\arch" -I"..\..\..\..\plf\riscv\arch\boot" -I"..\..\..\..\plf\riscv\arch\lib" -I"..\..\..\..\plf\riscv\arch\ll" -I"..\..\..\..\plf\riscv\arch\compiler" -I"..\..\..\..\plf\src" -I"..\..\..\..\plf\src\reg" -I"..\..\..\..\plf\src\dma" -I"..\..\..\..\plf\src\time" -I"..\..\..\..\plf\src\trng" -I"..\..\..\..\plf\src\uart" -I"..\..\..\..\plf\src\nvds" -I"..\..\..\..\plf\src\raw_flash" -I"..\..\..\..\plf\src\rf" -I"..\..\..\..\plf\riscv\gd32vw55x" -I"..\..\..\..\plf\riscv\NMSIS\Core\Include" -I"..\..\..\..\plf\riscv\NMSIS\DSP\Include" -I"..\..\..\..\plf\riscv\NMSIS\DSP\Include\dsp" -I"..\..\..\..\plf\GD32VW55x_standard_peripheral" -I"..\..\..\..\plf\GD32VW55x_standard_peripheral\Include" -I"..\..\..\..\rtos\rtos_wrapper" -I"..\..\..\..\rtos\FreeRTOS\Source\include" -I"..\..\..\..\rtos\FreeRTOS\Source\portable\riscv32" -I"..\..\..\..\rtos\FreeRTOS\config" -I"..\..\..\..\lwip\lwip-2.1.2\src\include" -I"..\..\..\..\lwip\lwip-2.1.2\src\include\compat\posix" -I"..\..\..\..\lwip\lwip-2.1.2\src\include\lwip" -I"..\..\..\..\lwip\lwip-2.1.2\src\include\lwip\apps" -I"..\..\..\..\lwip\lwip-2.1.2\port" -I"..\..\..\..\lwip\libcoap-4.3.4\port" -I"..\..\..\..\lwip\libcoap-4.3.4\include" -I"..\..\..\..\wpa_supplicant\wpa_supplicant" -I"..\..\..\..\wpa_supplicant\src" -I"..\..\..\..\wpa_supplicant\src\utils" -I"..\..\..\..\wpa_supplicant\src\crypto" -I"..\..\..\..\mbedtls\mbedtls-2.17.0-ssl\include" -I"..\..\..\..\..\ROM-EXPORT\bootloader" -I"..\..\..\..\..\ROM-EXPORT\halcomm" -I"..\..\..\..\..\ROM-EXPORT\symbol" -I"..\..\..\..\..\ROM-EXPORT\mbedtls-2.17.0-rom\include" -I"..\..\..\..\..\config" -I"..\..\..\..\app" -I"..\..\..\..\app\mqtt_app" -I"..\..\..\..\wifi_manager" -I"..\..\..\..\blesw\src\export" -I"..\..\..\..\blesw\src\export\config_max" -I"..\..\..\..\ble\app" -I"..\..\..\..\ble\profile" -I"..\..\..\..\ble\profile\datatrans" -I"..\..\..\..\util\include" -I"..\..\..\..\FatFS\port" -I"..\..\..\..\FatFS\src" -MMD -MP -MF"app/main.d" -MT"app/main.o" -Wa,-adhlns=app/main.o.lst   -c -o "app/main.o" "C:/Users/stapi/OneDrive/Desktop/GD32VW553/GD32VW55X_Wifi_BLE_SDK/GD32VW55x_RELEASE_V1.0.2/MSDK/app/main.c"
Finished building: C:/Users/stapi/OneDrive/Desktop/GD32VW553/GD32VW55X_Wifi_BLE_SDK/GD32VW55x_RELEASE_V1.0.2/MSDK/app/atcmd.c
Finished building: C:/Users/stapi/OneDrive/Desktop/GD32VW553/GD32VW55X_Wifi_BLE_SDK/GD32VW55x_RELEASE_V1.0.2/MSDK/app/main.c
 
 
Finished building: C:/Users/stapi/OneDrive/Desktop/GD32VW553/GD32VW55X_Wifi_BLE_SDK/GD32VW55x_RELEASE_V1.0.2/MSDK/app/cmd_shell.c
 
Building target: MSDK.elf
Invoking: GD RISC-V MCU Linker
riscv-nuclei-elf-gcc -march=rv32imafcbp -mcmodel=medlow -msmall-data-limit=8 -msave-restore -mabi=ilp32f -Os -fmessage-length=0 -fsigned-char -ffunction-sections -fdata-sections -fno-common -fno-unroll-loops -Werror -Wunused -Wuninitialized -Wall -Wno-format -Wno-unused-function -Wno-unused-variable -Wno-unused-but-set-variable  -g -Wl,-Map,"MSDK.map" -T "..\..\..\..\plf\riscv\env\gd32vw55x.lds" -nostartfiles -Xlinker --gc-sections -L"..\..\..\..\lib" -L"..\..\..\..\plf\riscv\NMSIS\Library\DSP\GCC" --specs=nano.specs -u_printf_float --specs=nosys.specs -Wl,--just-symbols=../../../../../ROM-EXPORT/symbol/rom_symbol_m.gcc -o "MSDK.elf"  ./wifi_manager/wifi_eloop.o ./wifi_manager/wifi_init.o ./wifi_manager/wifi_management.o ./wifi_manager/wifi_net_ip.o ./wifi_manager/wifi_netlink.o ./wifi_manager/wifi_vif.o ./wifi_manager/wifi_wpa.o  ./util/aes_ecb.o ./util/cJSON.o ./util/crc.o ./util/cyclic_buffer.o ./util/debug_print.o ./util/dlist.o ./util/slist.o ./util/trace_ext.o ./util/user_setting.o ./util/util.o  ./tuya/src/tkl_adc.o ./tuya/src/tkl_bluetooth.o ./tuya/src/tkl_bluetooth_bredr.o ./tuya/src/tkl_bluetooth_mesh_device.o ./tuya/src/tkl_bluetooth_mesh_prov.o ./tuya/src/tkl_flash.o ./tuya/src/tkl_gpio.o ./tuya/src/tkl_i2c.o ./tuya/src/tkl_lwip.o ./tuya/src/tkl_memory.o ./tuya/src/tkl_mutex.o ./tuya/src/tkl_network.o ./tuya/src/tkl_ota.o ./tuya/src/tkl_output.o ./tuya/src/tkl_pinmux.o ./tuya/src/tkl_pwm.o ./tuya/src/tkl_queue.o ./tuya/src/tkl_rtc.o ./tuya/src/tkl_semaphore.o ./tuya/src/tkl_sleep.o ./tuya/src/tkl_spi.o ./tuya/src/tkl_system.o ./tuya/src/tkl_thread.o ./tuya/src/tkl_timer.o ./tuya/src/tkl_uart.o ./tuya/src/tkl_watchdog.o ./tuya/src/tkl_wifi.o ./tuya/src/tkl_wifi_hostap.o ./tuya/src/tuya_ble_hal.o  ./plf/src/ble_uart.o ./plf/src/dma.o ./plf/src/gd32vw55x_platform.o ./plf/src/init_rom.o ./plf/src/lib_hook.o ./plf/src/log_uart.o ./plf/src/nvds_flash.o ./plf/src/plf_assert.o ./plf/src/raw_flash_api.o ./plf/src/systime.o ./plf/src/trace_uart.o ./plf/src/trng.o ./plf/src/uart.o ./plf/src/wakelock.o  ./plf/gd32vw55x/gd32vw55x_it.o ./plf/gd32vw55x/system_gd32vw55x.o  ./plf/env/entry.o ./plf/env/env_init.o ./plf/env/handlers.o ./plf/env/start.o  ./plf/GD32VW55x_standard_peripheral/gd32vw55x_adc.o ./plf/GD32VW55x_standard_peripheral/gd32vw55x_cau.o ./plf/GD32VW55x_standard_peripheral/gd32vw55x_cau_aes.o ./plf/GD32VW55x_standard_peripheral/gd32vw55x_cau_des.o ./plf/GD32VW55x_standard_peripheral/gd32vw55x_cau_tdes.o ./plf/GD32VW55x_standard_peripheral/gd32vw55x_crc.o ./plf/GD32VW55x_standard_peripheral/gd32vw55x_dbg.o ./plf/GD32VW55x_standard_peripheral/gd32vw55x_dma.o ./plf/GD32VW55x_standard_peripheral/gd32vw55x_eclic.o ./plf/GD32VW55x_standard_peripheral/gd32vw55x_efuse.o ./plf/GD32VW55x_standard_peripheral/gd32vw55x_exti.o ./plf/GD32VW55x_standard_peripheral/gd32vw55x_fmc.o ./plf/GD32VW55x_standard_peripheral/gd32vw55x_fwdgt.o ./plf/GD32VW55x_standard_peripheral/gd32vw55x_gpio.o ./plf/GD32VW55x_standard_peripheral/gd32vw55x_hau.o ./plf/GD32VW55x_standard_peripheral/gd32vw55x_hau_sha_md5.o ./plf/GD32VW55x_standard_peripheral/gd32vw55x_i2c.o ./plf/GD32VW55x_standard_peripheral/gd32vw55x_pkcau.o ./plf/GD32VW55x_standard_peripheral/gd32vw55x_pmu.o ./plf/GD32VW55x_standard_peripheral/gd32vw55x_qspi.o ./plf/GD32VW55x_standard_peripheral/gd32vw55x_rcu.o ./plf/GD32VW55x_standard_peripheral/gd32vw55x_rtc.o ./plf/GD32VW55x_standard_peripheral/gd32vw55x_spi.o ./plf/GD32VW55x_standard_peripheral/gd32vw55x_syscfg.o ./plf/GD32VW55x_standard_peripheral/gd32vw55x_timer.o ./plf/GD32VW55x_standard_peripheral/gd32vw55x_trng.o ./plf/GD32VW55x_standard_peripheral/gd32vw55x_usart.o ./plf/GD32VW55x_standard_peripheral/gd32vw55x_wwdgt.o  ./os/freertos/croutine.o ./os/freertos/event_groups.o ./os/freertos/heap_4.o ./os/freertos/list.o ./os/freertos/port.o ./os/freertos/portasm.o ./os/freertos/queue.o ./os/freertos/stream_buffer.o ./os/freertos/tasks.o ./os/freertos/tickless_sleep.o ./os/freertos/timers.o  ./os/wrapper_os.o  ./mbedtls/debug.o ./mbedtls/mbedtls_patch.o ./mbedtls/net_sockets.o ./mbedtls/ssl_cache.o ./mbedtls/ssl_ciphersuites.o ./mbedtls/ssl_cli.o ./mbedtls/ssl_client.o ./mbedtls/ssl_cookie.o ./mbedtls/ssl_default_conf.o ./mbedtls/ssl_srv.o ./mbedtls/ssl_ticket.o ./mbedtls/ssl_tls.o  ./lwip/ipv6/dhcp6.o ./lwip/ipv6/ethip6.o ./lwip/ipv6/icmp6.o ./lwip/ipv6/inet6.o ./lwip/ipv6/ip6.o ./lwip/ipv6/ip6_addr.o ./lwip/ipv6/ip6_frag.o ./lwip/ipv6/mld6.o ./lwip/ipv6/nd6.o  ./lwip/altcp.o ./lwip/altcp_alloc.o ./lwip/altcp_tcp.o ./lwip/altcp_tls_mbedtls.o ./lwip/altcp_tls_mbedtls_mem.o ./lwip/api_lib.o ./lwip/api_msg.o ./lwip/autoip.o ./lwip/def.o ./lwip/dhcp.o ./lwip/dhcpd.o ./lwip/dns.o ./lwip/err.o ./lwip/etharp.o ./lwip/ethernet.o ./lwip/icmp.o ./lwip/igmp.o ./lwip/inet_chksum.o ./lwip/init.o ./lwip/ip.o ./lwip/ip4.o ./lwip/ip4_addr.o ./lwip/ip4_frag.o ./lwip/lwip_sockets_demo.o ./lwip/lwiperf.o ./lwip/mem.o ./lwip/memp.o ./lwip/mqtt.o ./lwip/mqtt5.o ./lwip/netbuf.o ./lwip/netdb.o ./lwip/netif.o ./lwip/netifapi.o ./lwip/pbuf.o ./lwip/raw.o ./lwip/sockets.o ./lwip/stats.o ./lwip/sys.o ./lwip/sys_arch.o ./lwip/tcp.o ./lwip/tcp_in.o ./lwip/tcp_out.o ./lwip/tcpip.o ./lwip/timeouts.o ./lwip/udp.o ./lwip/wifi_netif.o  ./coap/coap_address.o ./coap/coap_asn1.o ./coap/coap_async.o ./coap/coap_block.o ./coap/coap_cache.o ./coap/coap_debug.o ./coap/coap_dtls.o ./coap/coap_encode.o ./coap/coap_event.o ./coap/coap_hashkey.o ./coap/coap_io.o ./coap/coap_io_lwip.o ./coap/coap_layers.o ./coap/coap_mem.o ./coap/coap_net.o ./coap/coap_netif.o ./coap/coap_notls.o ./coap/coap_option.o ./coap/coap_pdu.o ./coap/coap_prng.o ./coap/coap_resource.o ./coap/coap_session.o ./coap/coap_str.o ./coap/coap_subscribe.o ./coap/coap_tcp.o ./coap/coap_time.o ./coap/coap_uri.o ./coap/coap_ws.o  ./ble_profile/ble_bass.o ./ble_profile/ble_cscss.o ./ble_profile/ble_datatrans_srv.o ./ble_profile/ble_diss.o ./ble_profile/ble_glps.o ./ble_profile/ble_hpsc.o ./ble_profile/ble_hpss.o ./ble_profile/ble_iass.o ./ble_profile/ble_llss.o ./ble_profile/ble_profile_utils.o ./ble_profile/ble_proxm.o ./ble_profile/ble_proxr.o ./ble_profile/ble_sample_cli.o ./ble_profile/ble_sample_srv.o ./ble_profile/ble_throughput_cli.o ./ble_profile/ble_throughput_srv.o ./ble_profile/ble_tpss.o  ./ble_app/app_adapter_mgr.o ./ble_app/app_adv_mgr.o ./ble_app/app_bass.o ./ble_app/app_blue_courier_link.o ./ble_app/app_blue_courier_prot.o ./ble_app/app_cmd.o ./ble_app/app_conn_mgr.o ./ble_app/app_cscss.o ./ble_app/app_datatrans_srv.o ./ble_app/app_dev_mgr.o ./ble_app/app_diss.o ./ble_app/app_gatt_bqb.o ./ble_app/app_http_proxy_client.o ./ble_app/app_http_proxy_server.o ./ble_app/app_iso_mgr.o ./ble_app/app_l2cap.o ./ble_app/app_list_mgr.o ./ble_app/app_per_sync_mgr.o ./ble_app/app_prox_monitor.o ./ble_app/app_prox_rpt.o ./ble_app/app_scan_mgr.o ./ble_app/app_sec_mgr.o ./ble_app/app_virtual_hci.o ./ble_app/virtual_hci.o  ./app/coap_example/client-coap.o ./app/coap_example/server-coap.o  ./app/atcmd.o ./app/ble_init.o ./app/cmd_shell.o ./app/iperf.o ./app/iperf3_main.o ./app/main.o ./app/mqtt_cmd.o ./app/ota_demo.o ./app/ping.o  ./alicloud/alicloud_entry.o ./alicloud/hal_awss_gd.o ./alicloud/hal_crypto_gd.o ./alicloud/hal_kv_gd.o ./alicloud/hal_os_gd.o ./alicloud/hal_ota_gd.o ./alicloud/hal_product_gd.o ./alicloud/hal_system_gd.o ./alicloud/hal_tcp_gd.o ./alicloud/hal_tls_gd.o ./alicloud/hal_udp_gd.o ./alicloud/hal_wifi_gd.o ./alicloud/living_platform_awss_reset.o ./alicloud/living_platform_main.o ./alicloud/living_platform_ut.o  ./FatFS/diskio.o ./FatFS/fatfs.o ./FatFS/ff.o ./FatFS/ffsystem.o ./FatFS/ffunicode.o    -lble_max -lrftest -lrf -lwifi -lwpa_supplicant -lalicloud -lm -lnmsis_dsp_rv32imafcbp -liperf3
Finished building target: MSDK.elf
 
Invoking: GD RISC-V MCU Flash Image(Hex)
Invoking: GD RISC-V MCU Flash Image(Bin)
riscv-nuclei-elf-objcopy -O ihex  "MSDK.elf"  "MSDK.hex"
Invoking: GD RISC-V MCU Listing
riscv-nuclei-elf-objcopy -O binary  "MSDK.elf"  "MSDK.bin"
Invoking: GD RISC-V MCU Print Size
riscv-nuclei-elf-objdump --source --all-headers --demangle --line-numbers --wide "MSDK.elf" > "MSDK.lst"
riscv-nuclei-elf-size --format=berkeley "MSDK.elf"
   text	   data	    bss	    dec	    hex	filename
 401908	    960	  27756	 430624	  69220	MSDK.elf
Finished building: MSDK.hex
Finished building: MSDK.bin
Finished building: MSDK.siz
 
 
 
Finished building: MSDK.lst
 
cmd /C "..\..\..\image_afterbuild.bat riscv-nuclei-elf- ECDSA256 CERT C:\Users\stapi\OneDrive\Desktop\GD32VW553\EmbeddedBuilder_v1.4.7.26843\EmbeddedBuilder\/../Tools/OpenOCD/xpack-openocd-0.11.0-3/bin C:/Users/stapi/OneDrive/Desktop/GD32VW553/GD32VW55X_Wifi_BLE_SDK/GD32VW55x_RELEASE_V1.0.2/MSDK/projects/eclipse/msdk/../../../../ "" "
Active code page: 65001
ECHO is off.
"msdk.elf"
Invalid switch - "Users".
mbl_offset=0x0 image0_offset=0xA000 image1_offset=0x1E0000
rftest_on=0
mbl_len = 17184
rftest_end = 40960
"Not add image header and tailer!"
        1 file(s) copied.
Goto download!
 
