   1              		.file	"aes-wrap.c"
   2              		.option nopic
   3              		.attribute arch, "rv32i2p0_m2p0_a2p0_f2p0_c2p0_b_p0p94"
   4              		.attribute unaligned_access, 0
   5              		.attribute stack_align, 16
   6              		.text
   7              	.Ltext0:
   8              		.cfi_sections	.debug_frame
   9              		.section	.text.aes_wrap,"ax",@progbits
  10              		.align	1
  11              		.globl	aes_wrap
  13              	aes_wrap:
  14              	.LFB432:
  15              		.file 1 "C:/Users/stapi/OneDrive/Desktop/GD32VW553/V1_MQTT_OK/GD32VW55X_Wifi_BLE_SDK/GD32VW55x_REL
   1:C:/Users/stapi/OneDrive/Desktop/GD32VW553/V1_MQTT_OK/GD32VW55X_Wifi_BLE_SDK/GD32VW55x_RELEASE_V1.0.2/MSDK/wpa_supplicant/src/crypto\aes-wrap.c **** /*
   2:C:/Users/stapi/OneDrive/Desktop/GD32VW553/V1_MQTT_OK/GD32VW55X_Wifi_BLE_SDK/GD32VW55x_RELEASE_V1.0.2/MSDK/wpa_supplicant/src/crypto\aes-wrap.c ****  * AES Key Wrap Algorithm (RFC3394)
   3:C:/Users/stapi/OneDrive/Desktop/GD32VW553/V1_MQTT_OK/GD32VW55X_Wifi_BLE_SDK/GD32VW55x_RELEASE_V1.0.2/MSDK/wpa_supplicant/src/crypto\aes-wrap.c ****  *
   4:C:/Users/stapi/OneDrive/Desktop/GD32VW553/V1_MQTT_OK/GD32VW55X_Wifi_BLE_SDK/GD32VW55x_RELEASE_V1.0.2/MSDK/wpa_supplicant/src/crypto\aes-wrap.c ****  * Copyright (c) 2003-2007, Jouni Malinen <j@w1.fi>
   5:C:/Users/stapi/OneDrive/Desktop/GD32VW553/V1_MQTT_OK/GD32VW55X_Wifi_BLE_SDK/GD32VW55x_RELEASE_V1.0.2/MSDK/wpa_supplicant/src/crypto\aes-wrap.c ****  *
   6:C:/Users/stapi/OneDrive/Desktop/GD32VW553/V1_MQTT_OK/GD32VW55X_Wifi_BLE_SDK/GD32VW55x_RELEASE_V1.0.2/MSDK/wpa_supplicant/src/crypto\aes-wrap.c ****  * This software may be distributed under the terms of the BSD license.
   7:C:/Users/stapi/OneDrive/Desktop/GD32VW553/V1_MQTT_OK/GD32VW55X_Wifi_BLE_SDK/GD32VW55x_RELEASE_V1.0.2/MSDK/wpa_supplicant/src/crypto\aes-wrap.c ****  * See README for more details.
   8:C:/Users/stapi/OneDrive/Desktop/GD32VW553/V1_MQTT_OK/GD32VW55X_Wifi_BLE_SDK/GD32VW55x_RELEASE_V1.0.2/MSDK/wpa_supplicant/src/crypto\aes-wrap.c ****  */
   9:C:/Users/stapi/OneDrive/Desktop/GD32VW553/V1_MQTT_OK/GD32VW55X_Wifi_BLE_SDK/GD32VW55x_RELEASE_V1.0.2/MSDK/wpa_supplicant/src/crypto\aes-wrap.c **** 
  10:C:/Users/stapi/OneDrive/Desktop/GD32VW553/V1_MQTT_OK/GD32VW55X_Wifi_BLE_SDK/GD32VW55x_RELEASE_V1.0.2/MSDK/wpa_supplicant/src/crypto\aes-wrap.c **** #include "gd32vw55x_cau.h"
  11:C:/Users/stapi/OneDrive/Desktop/GD32VW553/V1_MQTT_OK/GD32VW55X_Wifi_BLE_SDK/GD32VW55x_RELEASE_V1.0.2/MSDK/wpa_supplicant/src/crypto\aes-wrap.c **** #include "includes.h"
  12:C:/Users/stapi/OneDrive/Desktop/GD32VW553/V1_MQTT_OK/GD32VW55X_Wifi_BLE_SDK/GD32VW55x_RELEASE_V1.0.2/MSDK/wpa_supplicant/src/crypto\aes-wrap.c **** #include "common.h"
  13:C:/Users/stapi/OneDrive/Desktop/GD32VW553/V1_MQTT_OK/GD32VW55X_Wifi_BLE_SDK/GD32VW55x_RELEASE_V1.0.2/MSDK/wpa_supplicant/src/crypto\aes-wrap.c **** #include "aes.h"
  14:C:/Users/stapi/OneDrive/Desktop/GD32VW553/V1_MQTT_OK/GD32VW55X_Wifi_BLE_SDK/GD32VW55x_RELEASE_V1.0.2/MSDK/wpa_supplicant/src/crypto\aes-wrap.c **** #include "aes_wrap.h"
  15:C:/Users/stapi/OneDrive/Desktop/GD32VW553/V1_MQTT_OK/GD32VW55X_Wifi_BLE_SDK/GD32VW55x_RELEASE_V1.0.2/MSDK/wpa_supplicant/src/crypto\aes-wrap.c **** 
  16:C:/Users/stapi/OneDrive/Desktop/GD32VW553/V1_MQTT_OK/GD32VW55X_Wifi_BLE_SDK/GD32VW55x_RELEASE_V1.0.2/MSDK/wpa_supplicant/src/crypto\aes-wrap.c **** /**
  17:C:/Users/stapi/OneDrive/Desktop/GD32VW553/V1_MQTT_OK/GD32VW55X_Wifi_BLE_SDK/GD32VW55x_RELEASE_V1.0.2/MSDK/wpa_supplicant/src/crypto\aes-wrap.c ****  * aes_wrap - Wrap keys with AES Key Wrap Algorithm (RFC3394)
  18:C:/Users/stapi/OneDrive/Desktop/GD32VW553/V1_MQTT_OK/GD32VW55X_Wifi_BLE_SDK/GD32VW55x_RELEASE_V1.0.2/MSDK/wpa_supplicant/src/crypto\aes-wrap.c ****  * @kek: Key encryption key (KEK)
  19:C:/Users/stapi/OneDrive/Desktop/GD32VW553/V1_MQTT_OK/GD32VW55X_Wifi_BLE_SDK/GD32VW55x_RELEASE_V1.0.2/MSDK/wpa_supplicant/src/crypto\aes-wrap.c ****  * @kek_len: Length of KEK in octets
  20:C:/Users/stapi/OneDrive/Desktop/GD32VW553/V1_MQTT_OK/GD32VW55X_Wifi_BLE_SDK/GD32VW55x_RELEASE_V1.0.2/MSDK/wpa_supplicant/src/crypto\aes-wrap.c ****  * @n: Length of the plaintext key in 64-bit units; e.g., 2 = 128-bit = 16
  21:C:/Users/stapi/OneDrive/Desktop/GD32VW553/V1_MQTT_OK/GD32VW55X_Wifi_BLE_SDK/GD32VW55x_RELEASE_V1.0.2/MSDK/wpa_supplicant/src/crypto\aes-wrap.c ****  * bytes
  22:C:/Users/stapi/OneDrive/Desktop/GD32VW553/V1_MQTT_OK/GD32VW55X_Wifi_BLE_SDK/GD32VW55x_RELEASE_V1.0.2/MSDK/wpa_supplicant/src/crypto\aes-wrap.c ****  * @plain: Plaintext key to be wrapped, n * 64 bits
  23:C:/Users/stapi/OneDrive/Desktop/GD32VW553/V1_MQTT_OK/GD32VW55X_Wifi_BLE_SDK/GD32VW55x_RELEASE_V1.0.2/MSDK/wpa_supplicant/src/crypto\aes-wrap.c ****  * @cipher: Wrapped key, (n + 1) * 64 bits
  24:C:/Users/stapi/OneDrive/Desktop/GD32VW553/V1_MQTT_OK/GD32VW55X_Wifi_BLE_SDK/GD32VW55x_RELEASE_V1.0.2/MSDK/wpa_supplicant/src/crypto\aes-wrap.c ****  * Returns: 0 on success, -1 on failure
  25:C:/Users/stapi/OneDrive/Desktop/GD32VW553/V1_MQTT_OK/GD32VW55X_Wifi_BLE_SDK/GD32VW55x_RELEASE_V1.0.2/MSDK/wpa_supplicant/src/crypto\aes-wrap.c ****  */
  26:C:/Users/stapi/OneDrive/Desktop/GD32VW553/V1_MQTT_OK/GD32VW55X_Wifi_BLE_SDK/GD32VW55x_RELEASE_V1.0.2/MSDK/wpa_supplicant/src/crypto\aes-wrap.c **** int aes_wrap(const u8 *kek, size_t kek_len, int n, const u8 *plain, u8 *cipher)
  27:C:/Users/stapi/OneDrive/Desktop/GD32VW553/V1_MQTT_OK/GD32VW55X_Wifi_BLE_SDK/GD32VW55x_RELEASE_V1.0.2/MSDK/wpa_supplicant/src/crypto\aes-wrap.c **** {
  16              		.loc 1 27 1
  17              		.cfi_startproc
  18              	.LVL0:
  19 0000 17030000 		call	t0,__riscv_save_12
  19      E7020300 
  20              		.cfi_offset 27, -52
  21              		.cfi_offset 26, -48
  22              		.cfi_offset 25, -44
  23              		.cfi_offset 24, -40
  24              		.cfi_offset 23, -36
  25              		.cfi_offset 22, -32
  26              		.cfi_offset 21, -28
  27              		.cfi_offset 20, -24
  28              		.cfi_offset 19, -20
  29              		.cfi_offset 18, -16
  30              		.cfi_offset 9, -12
  31              		.cfi_offset 8, -8
  32              		.cfi_offset 1, -4
  33              		.cfi_def_cfa_offset 64
  28:C:/Users/stapi/OneDrive/Desktop/GD32VW553/V1_MQTT_OK/GD32VW55X_Wifi_BLE_SDK/GD32VW55x_RELEASE_V1.0.2/MSDK/wpa_supplicant/src/crypto\aes-wrap.c **** 	u8 *a, *r, b[AES_BLOCK_SIZE];
  34              		.loc 1 28 2
  29:C:/Users/stapi/OneDrive/Desktop/GD32VW553/V1_MQTT_OK/GD32VW55X_Wifi_BLE_SDK/GD32VW55x_RELEASE_V1.0.2/MSDK/wpa_supplicant/src/crypto\aes-wrap.c **** 	int i, j;
  35              		.loc 1 29 2
  30:C:/Users/stapi/OneDrive/Desktop/GD32VW553/V1_MQTT_OK/GD32VW55X_Wifi_BLE_SDK/GD32VW55x_RELEASE_V1.0.2/MSDK/wpa_supplicant/src/crypto\aes-wrap.c **** 	unsigned int t;
  36              		.loc 1 30 2
  31:C:/Users/stapi/OneDrive/Desktop/GD32VW553/V1_MQTT_OK/GD32VW55X_Wifi_BLE_SDK/GD32VW55x_RELEASE_V1.0.2/MSDK/wpa_supplicant/src/crypto\aes-wrap.c **** #ifdef WPA_HW_SECURITY_ENGINE_ENABLE
  32:C:/Users/stapi/OneDrive/Desktop/GD32VW553/V1_MQTT_OK/GD32VW55X_Wifi_BLE_SDK/GD32VW55x_RELEASE_V1.0.2/MSDK/wpa_supplicant/src/crypto\aes-wrap.c **** 	u8 res[AES_BLOCK_SIZE]; // for output
  37              		.loc 1 32 2
  33:C:/Users/stapi/OneDrive/Desktop/GD32VW553/V1_MQTT_OK/GD32VW55X_Wifi_BLE_SDK/GD32VW55x_RELEASE_V1.0.2/MSDK/wpa_supplicant/src/crypto\aes-wrap.c **** 	int ret = ERROR;
  38              		.loc 1 33 2
  39              	.LVL1:
  34:C:/Users/stapi/OneDrive/Desktop/GD32VW553/V1_MQTT_OK/GD32VW55X_Wifi_BLE_SDK/GD32VW55x_RELEASE_V1.0.2/MSDK/wpa_supplicant/src/crypto\aes-wrap.c **** #else
  35:C:/Users/stapi/OneDrive/Desktop/GD32VW553/V1_MQTT_OK/GD32VW55X_Wifi_BLE_SDK/GD32VW55x_RELEASE_V1.0.2/MSDK/wpa_supplicant/src/crypto\aes-wrap.c **** 	void *ctx;
  36:C:/Users/stapi/OneDrive/Desktop/GD32VW553/V1_MQTT_OK/GD32VW55X_Wifi_BLE_SDK/GD32VW55x_RELEASE_V1.0.2/MSDK/wpa_supplicant/src/crypto\aes-wrap.c **** 
  37:C:/Users/stapi/OneDrive/Desktop/GD32VW553/V1_MQTT_OK/GD32VW55X_Wifi_BLE_SDK/GD32VW55x_RELEASE_V1.0.2/MSDK/wpa_supplicant/src/crypto\aes-wrap.c **** 	ctx = aes_encrypt_init(kek, kek_len);
  38:C:/Users/stapi/OneDrive/Desktop/GD32VW553/V1_MQTT_OK/GD32VW55X_Wifi_BLE_SDK/GD32VW55x_RELEASE_V1.0.2/MSDK/wpa_supplicant/src/crypto\aes-wrap.c **** 	if (ctx == NULL)
  39:C:/Users/stapi/OneDrive/Desktop/GD32VW553/V1_MQTT_OK/GD32VW55X_Wifi_BLE_SDK/GD32VW55x_RELEASE_V1.0.2/MSDK/wpa_supplicant/src/crypto\aes-wrap.c **** 		return -1;
  40:C:/Users/stapi/OneDrive/Desktop/GD32VW553/V1_MQTT_OK/GD32VW55X_Wifi_BLE_SDK/GD32VW55x_RELEASE_V1.0.2/MSDK/wpa_supplicant/src/crypto\aes-wrap.c **** #endif
  41:C:/Users/stapi/OneDrive/Desktop/GD32VW553/V1_MQTT_OK/GD32VW55X_Wifi_BLE_SDK/GD32VW55x_RELEASE_V1.0.2/MSDK/wpa_supplicant/src/crypto\aes-wrap.c **** 	a = cipher;
  40              		.loc 1 41 2
  42:C:/Users/stapi/OneDrive/Desktop/GD32VW553/V1_MQTT_OK/GD32VW55X_Wifi_BLE_SDK/GD32VW55x_RELEASE_V1.0.2/MSDK/wpa_supplicant/src/crypto\aes-wrap.c **** 	r = cipher + 8;
  41              		.loc 1 42 2
  43:C:/Users/stapi/OneDrive/Desktop/GD32VW553/V1_MQTT_OK/GD32VW55X_Wifi_BLE_SDK/GD32VW55x_RELEASE_V1.0.2/MSDK/wpa_supplicant/src/crypto\aes-wrap.c **** 
  44:C:/Users/stapi/OneDrive/Desktop/GD32VW553/V1_MQTT_OK/GD32VW55X_Wifi_BLE_SDK/GD32VW55x_RELEASE_V1.0.2/MSDK/wpa_supplicant/src/crypto\aes-wrap.c **** 	/* 1) Initialize variables. */
  45:C:/Users/stapi/OneDrive/Desktop/GD32VW553/V1_MQTT_OK/GD32VW55X_Wifi_BLE_SDK/GD32VW55x_RELEASE_V1.0.2/MSDK/wpa_supplicant/src/crypto\aes-wrap.c **** 	os_memset(a, 0xa6, 8);
  42              		.loc 1 45 2
  27:C:/Users/stapi/OneDrive/Desktop/GD32VW553/V1_MQTT_OK/GD32VW55X_Wifi_BLE_SDK/GD32VW55x_RELEASE_V1.0.2/MSDK/wpa_supplicant/src/crypto\aes-wrap.c **** 	u8 *a, *r, b[AES_BLOCK_SIZE];
  43              		.loc 1 27 1 is_stmt 0
  44 0008 5D71     		addi	sp,sp,-80
  45              		.cfi_def_cfa_offset 144
  27:C:/Users/stapi/OneDrive/Desktop/GD32VW553/V1_MQTT_OK/GD32VW55X_Wifi_BLE_SDK/GD32VW55x_RELEASE_V1.0.2/MSDK/wpa_supplicant/src/crypto\aes-wrap.c **** 	u8 *a, *r, b[AES_BLOCK_SIZE];
  46              		.loc 1 27 1
  47 000a AE89     		mv	s3,a1
  48 000c 328A     		mv	s4,a2
  49              		.loc 1 45 2
  50 000e 9305600A 		li	a1,166
  51              	.LVL2:
  52 0012 2146     		li	a2,8
  53              	.LVL3:
  27:C:/Users/stapi/OneDrive/Desktop/GD32VW553/V1_MQTT_OK/GD32VW55X_Wifi_BLE_SDK/GD32VW55x_RELEASE_V1.0.2/MSDK/wpa_supplicant/src/crypto\aes-wrap.c **** 	u8 *a, *r, b[AES_BLOCK_SIZE];
  54              		.loc 1 27 1
  55 0014 AA8B     		mv	s7,a0
  56              		.loc 1 45 2
  57 0016 3A85     		mv	a0,a4
  58              	.LVL4:
  27:C:/Users/stapi/OneDrive/Desktop/GD32VW553/V1_MQTT_OK/GD32VW55X_Wifi_BLE_SDK/GD32VW55x_RELEASE_V1.0.2/MSDK/wpa_supplicant/src/crypto\aes-wrap.c **** 	u8 *a, *r, b[AES_BLOCK_SIZE];
  59              		.loc 1 27 1
  60 0018 B684     		mv	s1,a3
  61 001a 3A84     		mv	s0,a4
  62              		.loc 1 45 2
  63 001c 97000000 		call	os_memset
  63      E7800000 
  64              	.LVL5:
  46:C:/Users/stapi/OneDrive/Desktop/GD32VW553/V1_MQTT_OK/GD32VW55X_Wifi_BLE_SDK/GD32VW55x_RELEASE_V1.0.2/MSDK/wpa_supplicant/src/crypto\aes-wrap.c **** 	os_memcpy(r, plain, 8 * n);
  65              		.loc 1 46 2 is_stmt 1
  66 0024 A685     		mv	a1,s1
  67 0026 13163A00 		slli	a2,s4,3
  68 002a 13058400 		addi	a0,s0,8
  69              	.LVL6:
  70 002e 97000000 		call	os_memcpy
  70      E7800000 
  71              	.LVL7:
  47:C:/Users/stapi/OneDrive/Desktop/GD32VW553/V1_MQTT_OK/GD32VW55X_Wifi_BLE_SDK/GD32VW55x_RELEASE_V1.0.2/MSDK/wpa_supplicant/src/crypto\aes-wrap.c **** 
  48:C:/Users/stapi/OneDrive/Desktop/GD32VW553/V1_MQTT_OK/GD32VW55X_Wifi_BLE_SDK/GD32VW55x_RELEASE_V1.0.2/MSDK/wpa_supplicant/src/crypto\aes-wrap.c **** 	/* 2) Calculate intermediate values.
  49:C:/Users/stapi/OneDrive/Desktop/GD32VW553/V1_MQTT_OK/GD32VW55X_Wifi_BLE_SDK/GD32VW55x_RELEASE_V1.0.2/MSDK/wpa_supplicant/src/crypto\aes-wrap.c **** 	 * For j = 0 to 5
  50:C:/Users/stapi/OneDrive/Desktop/GD32VW553/V1_MQTT_OK/GD32VW55X_Wifi_BLE_SDK/GD32VW55x_RELEASE_V1.0.2/MSDK/wpa_supplicant/src/crypto\aes-wrap.c **** 	 *     For i=1 to n
  51:C:/Users/stapi/OneDrive/Desktop/GD32VW553/V1_MQTT_OK/GD32VW55X_Wifi_BLE_SDK/GD32VW55x_RELEASE_V1.0.2/MSDK/wpa_supplicant/src/crypto\aes-wrap.c **** 	 *         B = AES(K, A | R[i])
  52:C:/Users/stapi/OneDrive/Desktop/GD32VW553/V1_MQTT_OK/GD32VW55X_Wifi_BLE_SDK/GD32VW55x_RELEASE_V1.0.2/MSDK/wpa_supplicant/src/crypto\aes-wrap.c **** 	 *         A = MSB(64, B) ^ t where t = (n*j)+i
  53:C:/Users/stapi/OneDrive/Desktop/GD32VW553/V1_MQTT_OK/GD32VW55X_Wifi_BLE_SDK/GD32VW55x_RELEASE_V1.0.2/MSDK/wpa_supplicant/src/crypto\aes-wrap.c **** 	 *         R[i] = LSB(64, B)
  54:C:/Users/stapi/OneDrive/Desktop/GD32VW553/V1_MQTT_OK/GD32VW55X_Wifi_BLE_SDK/GD32VW55x_RELEASE_V1.0.2/MSDK/wpa_supplicant/src/crypto\aes-wrap.c **** 	 */
  55:C:/Users/stapi/OneDrive/Desktop/GD32VW553/V1_MQTT_OK/GD32VW55X_Wifi_BLE_SDK/GD32VW55x_RELEASE_V1.0.2/MSDK/wpa_supplicant/src/crypto\aes-wrap.c **** 	for (j = 0; j <= 5; j++) {
  72              		.loc 1 55 2
  73              		.loc 1 55 14
  74              	.LBB2:
  56:C:/Users/stapi/OneDrive/Desktop/GD32VW553/V1_MQTT_OK/GD32VW55X_Wifi_BLE_SDK/GD32VW55x_RELEASE_V1.0.2/MSDK/wpa_supplicant/src/crypto\aes-wrap.c **** 		r = cipher + 8;
  57:C:/Users/stapi/OneDrive/Desktop/GD32VW553/V1_MQTT_OK/GD32VW55X_Wifi_BLE_SDK/GD32VW55x_RELEASE_V1.0.2/MSDK/wpa_supplicant/src/crypto\aes-wrap.c **** 		for (i = 1; i <= n; i++) {
  58:C:/Users/stapi/OneDrive/Desktop/GD32VW553/V1_MQTT_OK/GD32VW55X_Wifi_BLE_SDK/GD32VW55x_RELEASE_V1.0.2/MSDK/wpa_supplicant/src/crypto\aes-wrap.c **** 			os_memcpy(b, a, 8);
  59:C:/Users/stapi/OneDrive/Desktop/GD32VW553/V1_MQTT_OK/GD32VW55X_Wifi_BLE_SDK/GD32VW55x_RELEASE_V1.0.2/MSDK/wpa_supplicant/src/crypto\aes-wrap.c **** 			os_memcpy(b + 8, r, 8);
  60:C:/Users/stapi/OneDrive/Desktop/GD32VW553/V1_MQTT_OK/GD32VW55X_Wifi_BLE_SDK/GD32VW55x_RELEASE_V1.0.2/MSDK/wpa_supplicant/src/crypto\aes-wrap.c **** #ifdef WPA_HW_SECURITY_ENGINE_ENABLE
  61:C:/Users/stapi/OneDrive/Desktop/GD32VW553/V1_MQTT_OK/GD32VW55X_Wifi_BLE_SDK/GD32VW55x_RELEASE_V1.0.2/MSDK/wpa_supplicant/src/crypto\aes-wrap.c **** 			{
  62:C:/Users/stapi/OneDrive/Desktop/GD32VW553/V1_MQTT_OK/GD32VW55X_Wifi_BLE_SDK/GD32VW55x_RELEASE_V1.0.2/MSDK/wpa_supplicant/src/crypto\aes-wrap.c **** 				cau_parameter_struct cau_param;
  63:C:/Users/stapi/OneDrive/Desktop/GD32VW553/V1_MQTT_OK/GD32VW55X_Wifi_BLE_SDK/GD32VW55x_RELEASE_V1.0.2/MSDK/wpa_supplicant/src/crypto\aes-wrap.c **** 
  64:C:/Users/stapi/OneDrive/Desktop/GD32VW553/V1_MQTT_OK/GD32VW55X_Wifi_BLE_SDK/GD32VW55x_RELEASE_V1.0.2/MSDK/wpa_supplicant/src/crypto\aes-wrap.c **** 				cau_deinit();
  65:C:/Users/stapi/OneDrive/Desktop/GD32VW553/V1_MQTT_OK/GD32VW55X_Wifi_BLE_SDK/GD32VW55x_RELEASE_V1.0.2/MSDK/wpa_supplicant/src/crypto\aes-wrap.c **** 				cau_struct_para_init(&cau_param);
  66:C:/Users/stapi/OneDrive/Desktop/GD32VW553/V1_MQTT_OK/GD32VW55X_Wifi_BLE_SDK/GD32VW55x_RELEASE_V1.0.2/MSDK/wpa_supplicant/src/crypto\aes-wrap.c **** 				cau_param.key = (u8 *)kek;
  67:C:/Users/stapi/OneDrive/Desktop/GD32VW553/V1_MQTT_OK/GD32VW55X_Wifi_BLE_SDK/GD32VW55x_RELEASE_V1.0.2/MSDK/wpa_supplicant/src/crypto\aes-wrap.c **** 				cau_param.key_size = kek_len * 8;
  75              		.loc 1 67 34 is_stmt 0
  76 0036 8E09     		slli	s3,s3,3
  77              	.LVL8:
  78 0038 054B     		li	s6,1
  79 003a 994D     		li	s11,6
  80              	.LBE2:
  33:C:/Users/stapi/OneDrive/Desktop/GD32VW553/V1_MQTT_OK/GD32VW55X_Wifi_BLE_SDK/GD32VW55x_RELEASE_V1.0.2/MSDK/wpa_supplicant/src/crypto\aes-wrap.c **** #else
  81              		.loc 1 33 6
  82 003c 8144     		li	s1,0
  83              	.LVL9:
  58:C:/Users/stapi/OneDrive/Desktop/GD32VW553/V1_MQTT_OK/GD32VW55X_Wifi_BLE_SDK/GD32VW55x_RELEASE_V1.0.2/MSDK/wpa_supplicant/src/crypto\aes-wrap.c **** 			os_memcpy(b + 8, r, 8);
  84              		.loc 1 58 4
  85 003e 130CC100 		addi	s8,sp,12
  86              	.LVL10:
  87              	.L2:
  27:C:/Users/stapi/OneDrive/Desktop/GD32VW553/V1_MQTT_OK/GD32VW55X_Wifi_BLE_SDK/GD32VW55x_RELEASE_V1.0.2/MSDK/wpa_supplicant/src/crypto\aes-wrap.c **** 	u8 *a, *r, b[AES_BLOCK_SIZE];
  88              		.loc 1 27 1
  89 0042 5A89     		mv	s2,s6
  57:C:/Users/stapi/OneDrive/Desktop/GD32VW553/V1_MQTT_OK/GD32VW55X_Wifi_BLE_SDK/GD32VW55x_RELEASE_V1.0.2/MSDK/wpa_supplicant/src/crypto\aes-wrap.c **** 			os_memcpy(b, a, 8);
  90              		.loc 1 57 10
  91 0044 854A     		li	s5,1
  92              	.LBB3:
  68:C:/Users/stapi/OneDrive/Desktop/GD32VW553/V1_MQTT_OK/GD32VW55X_Wifi_BLE_SDK/GD32VW55x_RELEASE_V1.0.2/MSDK/wpa_supplicant/src/crypto\aes-wrap.c **** 				cau_param.input = b;
  69:C:/Users/stapi/OneDrive/Desktop/GD32VW553/V1_MQTT_OK/GD32VW55X_Wifi_BLE_SDK/GD32VW55x_RELEASE_V1.0.2/MSDK/wpa_supplicant/src/crypto\aes-wrap.c **** 				cau_param.in_length = AES_BLOCK_SIZE;
  93              		.loc 1 69 25
  94 0046 414D     		li	s10,16
  95 0048 75A0     		j	.L5
  96              	.LVL11:
  97              	.L3:
  98              	.LBE3:
  58:C:/Users/stapi/OneDrive/Desktop/GD32VW553/V1_MQTT_OK/GD32VW55X_Wifi_BLE_SDK/GD32VW55x_RELEASE_V1.0.2/MSDK/wpa_supplicant/src/crypto\aes-wrap.c **** 			os_memcpy(b + 8, r, 8);
  99              		.loc 1 58 4 is_stmt 1 discriminator 3
 100 004a 2146     		li	a2,8
 101 004c A285     		mv	a1,s0
 102 004e 6285     		mv	a0,s8
 103 0050 97000000 		call	os_memcpy
 103      E7800000 
 104              	.LVL12:
  59:C:/Users/stapi/OneDrive/Desktop/GD32VW553/V1_MQTT_OK/GD32VW55X_Wifi_BLE_SDK/GD32VW55x_RELEASE_V1.0.2/MSDK/wpa_supplicant/src/crypto\aes-wrap.c **** #ifdef WPA_HW_SECURITY_ENGINE_ENABLE
 105              		.loc 1 59 4 discriminator 3
 106 0058 2146     		li	a2,8
 107 005a E685     		mv	a1,s9
 108 005c 4808     		addi	a0,sp,20
 109 005e 97000000 		call	os_memcpy
 109      E7800000 
 110              	.LVL13:
 111              	.LBB4:
  62:C:/Users/stapi/OneDrive/Desktop/GD32VW553/V1_MQTT_OK/GD32VW55X_Wifi_BLE_SDK/GD32VW55x_RELEASE_V1.0.2/MSDK/wpa_supplicant/src/crypto\aes-wrap.c **** 
 112              		.loc 1 62 5 discriminator 3
  64:C:/Users/stapi/OneDrive/Desktop/GD32VW553/V1_MQTT_OK/GD32VW55X_Wifi_BLE_SDK/GD32VW55x_RELEASE_V1.0.2/MSDK/wpa_supplicant/src/crypto\aes-wrap.c **** 				cau_struct_para_init(&cau_param);
 113              		.loc 1 64 5 discriminator 3
 114 0066 97000000 		call	cau_deinit
 114      E7800000 
 115              	.LVL14:
  65:C:/Users/stapi/OneDrive/Desktop/GD32VW553/V1_MQTT_OK/GD32VW55X_Wifi_BLE_SDK/GD32VW55x_RELEASE_V1.0.2/MSDK/wpa_supplicant/src/crypto\aes-wrap.c **** 				cau_param.key = (u8 *)kek;
 116              		.loc 1 65 5 discriminator 3
 117 006e 6810     		addi	a0,sp,44
 118 0070 97000000 		call	cau_struct_para_init
 118      E7800000 
 119              	.LVL15:
  66:C:/Users/stapi/OneDrive/Desktop/GD32VW553/V1_MQTT_OK/GD32VW55X_Wifi_BLE_SDK/GD32VW55x_RELEASE_V1.0.2/MSDK/wpa_supplicant/src/crypto\aes-wrap.c **** 				cau_param.key_size = kek_len * 8;
 120              		.loc 1 66 5 discriminator 3
  66:C:/Users/stapi/OneDrive/Desktop/GD32VW553/V1_MQTT_OK/GD32VW55X_Wifi_BLE_SDK/GD32VW55x_RELEASE_V1.0.2/MSDK/wpa_supplicant/src/crypto\aes-wrap.c **** 				cau_param.key_size = kek_len * 8;
 121              		.loc 1 66 19 is_stmt 0 discriminator 3
 122 0078 5ED8     		sw	s7,48(sp)
  67:C:/Users/stapi/OneDrive/Desktop/GD32VW553/V1_MQTT_OK/GD32VW55X_Wifi_BLE_SDK/GD32VW55x_RELEASE_V1.0.2/MSDK/wpa_supplicant/src/crypto\aes-wrap.c **** 				cau_param.input = b;
 123              		.loc 1 67 5 is_stmt 1 discriminator 3
  67:C:/Users/stapi/OneDrive/Desktop/GD32VW553/V1_MQTT_OK/GD32VW55X_Wifi_BLE_SDK/GD32VW55x_RELEASE_V1.0.2/MSDK/wpa_supplicant/src/crypto\aes-wrap.c **** 				cau_param.input = b;
 124              		.loc 1 67 24 is_stmt 0 discriminator 3
 125 007a 4EDA     		sw	s3,52(sp)
  68:C:/Users/stapi/OneDrive/Desktop/GD32VW553/V1_MQTT_OK/GD32VW55X_Wifi_BLE_SDK/GD32VW55x_RELEASE_V1.0.2/MSDK/wpa_supplicant/src/crypto\aes-wrap.c **** 				cau_param.in_length = AES_BLOCK_SIZE;
 126              		.loc 1 68 5 is_stmt 1 discriminator 3
  68:C:/Users/stapi/OneDrive/Desktop/GD32VW553/V1_MQTT_OK/GD32VW55X_Wifi_BLE_SDK/GD32VW55x_RELEASE_V1.0.2/MSDK/wpa_supplicant/src/crypto\aes-wrap.c **** 				cau_param.in_length = AES_BLOCK_SIZE;
 127              		.loc 1 68 21 is_stmt 0 discriminator 3
 128 007c E2C0     		sw	s8,64(sp)
 129              		.loc 1 69 5 is_stmt 1 discriminator 3
 130              		.loc 1 69 25 is_stmt 0 discriminator 3
 131 007e EAC2     		sw	s10,68(sp)
  70:C:/Users/stapi/OneDrive/Desktop/GD32VW553/V1_MQTT_OK/GD32VW55X_Wifi_BLE_SDK/GD32VW55x_RELEASE_V1.0.2/MSDK/wpa_supplicant/src/crypto\aes-wrap.c **** 				HW_ACC_ENGINE_LOCK();
 132              		.loc 1 70 5 is_stmt 1 discriminator 3
 133 0080 97000000 		call	sys_enter_critical
 133      E7800000 
 134              	.LVL16:
  71:C:/Users/stapi/OneDrive/Desktop/GD32VW553/V1_MQTT_OK/GD32VW55X_Wifi_BLE_SDK/GD32VW55x_RELEASE_V1.0.2/MSDK/wpa_supplicant/src/crypto\aes-wrap.c **** 				ret = cau_aes_ecb(&cau_param, res);
 135              		.loc 1 71 5 discriminator 3
 136              		.loc 1 71 11 is_stmt 0 discriminator 3
 137 0088 6C08     		addi	a1,sp,28
 138 008a 6810     		addi	a0,sp,44
 139 008c 97000000 		call	cau_aes_ecb
 139      E7800000 
 140              	.LVL17:
 141 0094 AA84     		mv	s1,a0
 142              	.LVL18:
  72:C:/Users/stapi/OneDrive/Desktop/GD32VW553/V1_MQTT_OK/GD32VW55X_Wifi_BLE_SDK/GD32VW55x_RELEASE_V1.0.2/MSDK/wpa_supplicant/src/crypto\aes-wrap.c **** 				HW_ACC_ENGINE_UNLOCK();
 143              		.loc 1 72 5 is_stmt 1 discriminator 3
 144 0096 97000000 		call	sys_exit_critical
 144      E7800000 
 145              	.LVL19:
 146              	.LBE4:
  73:C:/Users/stapi/OneDrive/Desktop/GD32VW553/V1_MQTT_OK/GD32VW55X_Wifi_BLE_SDK/GD32VW55x_RELEASE_V1.0.2/MSDK/wpa_supplicant/src/crypto\aes-wrap.c **** 			}
  74:C:/Users/stapi/OneDrive/Desktop/GD32VW553/V1_MQTT_OK/GD32VW55X_Wifi_BLE_SDK/GD32VW55x_RELEASE_V1.0.2/MSDK/wpa_supplicant/src/crypto\aes-wrap.c **** 
  75:C:/Users/stapi/OneDrive/Desktop/GD32VW553/V1_MQTT_OK/GD32VW55X_Wifi_BLE_SDK/GD32VW55x_RELEASE_V1.0.2/MSDK/wpa_supplicant/src/crypto\aes-wrap.c **** 			os_memcpy(a, res, 8);
 147              		.loc 1 75 4 discriminator 3
 148 009e 2146     		li	a2,8
 149 00a0 6C08     		addi	a1,sp,28
 150 00a2 2285     		mv	a0,s0
 151 00a4 97000000 		call	os_memcpy
 151      E7800000 
 152              	.LVL20:
  76:C:/Users/stapi/OneDrive/Desktop/GD32VW553/V1_MQTT_OK/GD32VW55X_Wifi_BLE_SDK/GD32VW55x_RELEASE_V1.0.2/MSDK/wpa_supplicant/src/crypto\aes-wrap.c **** 			t = n * j + i;
 153              		.loc 1 76 4 discriminator 3
  77:C:/Users/stapi/OneDrive/Desktop/GD32VW553/V1_MQTT_OK/GD32VW55X_Wifi_BLE_SDK/GD32VW55x_RELEASE_V1.0.2/MSDK/wpa_supplicant/src/crypto\aes-wrap.c **** 			a[7] ^= t;
 154              		.loc 1 77 4 discriminator 3
 155              		.loc 1 77 9 is_stmt 0 discriminator 3
 156 00ac 83477400 		lbu	a5,7(s0)
  78:C:/Users/stapi/OneDrive/Desktop/GD32VW553/V1_MQTT_OK/GD32VW55X_Wifi_BLE_SDK/GD32VW55x_RELEASE_V1.0.2/MSDK/wpa_supplicant/src/crypto\aes-wrap.c **** 			a[6] ^= t >> 8;
 157              		.loc 1 78 9 discriminator 3
 158 00b0 03476400 		lbu	a4,6(s0)
  79:C:/Users/stapi/OneDrive/Desktop/GD32VW553/V1_MQTT_OK/GD32VW55X_Wifi_BLE_SDK/GD32VW55x_RELEASE_V1.0.2/MSDK/wpa_supplicant/src/crypto\aes-wrap.c **** 			a[5] ^= t >> 16;
  80:C:/Users/stapi/OneDrive/Desktop/GD32VW553/V1_MQTT_OK/GD32VW55X_Wifi_BLE_SDK/GD32VW55x_RELEASE_V1.0.2/MSDK/wpa_supplicant/src/crypto\aes-wrap.c **** 			a[4] ^= t >> 24;
  81:C:/Users/stapi/OneDrive/Desktop/GD32VW553/V1_MQTT_OK/GD32VW55X_Wifi_BLE_SDK/GD32VW55x_RELEASE_V1.0.2/MSDK/wpa_supplicant/src/crypto\aes-wrap.c **** 			os_memcpy(r, res + 8, 8);
 159              		.loc 1 81 4 discriminator 3
 160 00b4 2146     		li	a2,8
  77:C:/Users/stapi/OneDrive/Desktop/GD32VW553/V1_MQTT_OK/GD32VW55X_Wifi_BLE_SDK/GD32VW55x_RELEASE_V1.0.2/MSDK/wpa_supplicant/src/crypto\aes-wrap.c **** 			a[6] ^= t >> 8;
 161              		.loc 1 77 9 discriminator 3
 162 00b6 B347F900 		xor	a5,s2,a5
 163 00ba A303F400 		sb	a5,7(s0)
  78:C:/Users/stapi/OneDrive/Desktop/GD32VW553/V1_MQTT_OK/GD32VW55X_Wifi_BLE_SDK/GD32VW55x_RELEASE_V1.0.2/MSDK/wpa_supplicant/src/crypto\aes-wrap.c **** 			a[6] ^= t >> 8;
 164              		.loc 1 78 4 is_stmt 1 discriminator 3
  78:C:/Users/stapi/OneDrive/Desktop/GD32VW553/V1_MQTT_OK/GD32VW55X_Wifi_BLE_SDK/GD32VW55x_RELEASE_V1.0.2/MSDK/wpa_supplicant/src/crypto\aes-wrap.c **** 			a[6] ^= t >> 8;
 165              		.loc 1 78 14 is_stmt 0 discriminator 3
 166 00be 93578900 		srli	a5,s2,8
  78:C:/Users/stapi/OneDrive/Desktop/GD32VW553/V1_MQTT_OK/GD32VW55X_Wifi_BLE_SDK/GD32VW55x_RELEASE_V1.0.2/MSDK/wpa_supplicant/src/crypto\aes-wrap.c **** 			a[6] ^= t >> 8;
 167              		.loc 1 78 9 discriminator 3
 168 00c2 B98F     		xor	a5,a5,a4
  79:C:/Users/stapi/OneDrive/Desktop/GD32VW553/V1_MQTT_OK/GD32VW55X_Wifi_BLE_SDK/GD32VW55x_RELEASE_V1.0.2/MSDK/wpa_supplicant/src/crypto\aes-wrap.c **** 			a[5] ^= t >> 16;
 169              		.loc 1 79 9 discriminator 3
 170 00c4 03475400 		lbu	a4,5(s0)
  78:C:/Users/stapi/OneDrive/Desktop/GD32VW553/V1_MQTT_OK/GD32VW55X_Wifi_BLE_SDK/GD32VW55x_RELEASE_V1.0.2/MSDK/wpa_supplicant/src/crypto\aes-wrap.c **** 			a[6] ^= t >> 8;
 171              		.loc 1 78 9 discriminator 3
 172 00c8 2303F400 		sb	a5,6(s0)
  79:C:/Users/stapi/OneDrive/Desktop/GD32VW553/V1_MQTT_OK/GD32VW55X_Wifi_BLE_SDK/GD32VW55x_RELEASE_V1.0.2/MSDK/wpa_supplicant/src/crypto\aes-wrap.c **** 			a[5] ^= t >> 16;
 173              		.loc 1 79 4 is_stmt 1 discriminator 3
  79:C:/Users/stapi/OneDrive/Desktop/GD32VW553/V1_MQTT_OK/GD32VW55X_Wifi_BLE_SDK/GD32VW55x_RELEASE_V1.0.2/MSDK/wpa_supplicant/src/crypto\aes-wrap.c **** 			a[5] ^= t >> 16;
 174              		.loc 1 79 14 is_stmt 0 discriminator 3
 175 00cc 93570901 		srli	a5,s2,16
  79:C:/Users/stapi/OneDrive/Desktop/GD32VW553/V1_MQTT_OK/GD32VW55X_Wifi_BLE_SDK/GD32VW55x_RELEASE_V1.0.2/MSDK/wpa_supplicant/src/crypto\aes-wrap.c **** 			a[5] ^= t >> 16;
 176              		.loc 1 79 9 discriminator 3
 177 00d0 B98F     		xor	a5,a5,a4
  80:C:/Users/stapi/OneDrive/Desktop/GD32VW553/V1_MQTT_OK/GD32VW55X_Wifi_BLE_SDK/GD32VW55x_RELEASE_V1.0.2/MSDK/wpa_supplicant/src/crypto\aes-wrap.c **** 			os_memcpy(r, res + 8, 8);
 178              		.loc 1 80 9 discriminator 3
 179 00d2 03474400 		lbu	a4,4(s0)
  79:C:/Users/stapi/OneDrive/Desktop/GD32VW553/V1_MQTT_OK/GD32VW55X_Wifi_BLE_SDK/GD32VW55x_RELEASE_V1.0.2/MSDK/wpa_supplicant/src/crypto\aes-wrap.c **** 			a[5] ^= t >> 16;
 180              		.loc 1 79 9 discriminator 3
 181 00d6 A302F400 		sb	a5,5(s0)
  80:C:/Users/stapi/OneDrive/Desktop/GD32VW553/V1_MQTT_OK/GD32VW55X_Wifi_BLE_SDK/GD32VW55x_RELEASE_V1.0.2/MSDK/wpa_supplicant/src/crypto\aes-wrap.c **** 			os_memcpy(r, res + 8, 8);
 182              		.loc 1 80 4 is_stmt 1 discriminator 3
  80:C:/Users/stapi/OneDrive/Desktop/GD32VW553/V1_MQTT_OK/GD32VW55X_Wifi_BLE_SDK/GD32VW55x_RELEASE_V1.0.2/MSDK/wpa_supplicant/src/crypto\aes-wrap.c **** 			os_memcpy(r, res + 8, 8);
 183              		.loc 1 80 14 is_stmt 0 discriminator 3
 184 00da 93578901 		srli	a5,s2,24
  80:C:/Users/stapi/OneDrive/Desktop/GD32VW553/V1_MQTT_OK/GD32VW55X_Wifi_BLE_SDK/GD32VW55x_RELEASE_V1.0.2/MSDK/wpa_supplicant/src/crypto\aes-wrap.c **** 			os_memcpy(r, res + 8, 8);
 185              		.loc 1 80 9 discriminator 3
 186 00de B98F     		xor	a5,a5,a4
 187 00e0 2302F400 		sb	a5,4(s0)
 188              		.loc 1 81 4 is_stmt 1 discriminator 3
 189 00e4 4C10     		addi	a1,sp,36
 190 00e6 6685     		mv	a0,s9
 191 00e8 97000000 		call	os_memcpy
 191      E7800000 
 192              	.LVL21:
  82:C:/Users/stapi/OneDrive/Desktop/GD32VW553/V1_MQTT_OK/GD32VW55X_Wifi_BLE_SDK/GD32VW55x_RELEASE_V1.0.2/MSDK/wpa_supplicant/src/crypto\aes-wrap.c **** #else
  83:C:/Users/stapi/OneDrive/Desktop/GD32VW553/V1_MQTT_OK/GD32VW55X_Wifi_BLE_SDK/GD32VW55x_RELEASE_V1.0.2/MSDK/wpa_supplicant/src/crypto\aes-wrap.c **** 			aes_encrypt(ctx, b, b);
  84:C:/Users/stapi/OneDrive/Desktop/GD32VW553/V1_MQTT_OK/GD32VW55X_Wifi_BLE_SDK/GD32VW55x_RELEASE_V1.0.2/MSDK/wpa_supplicant/src/crypto\aes-wrap.c **** 			os_memcpy(a, b, 8);
  85:C:/Users/stapi/OneDrive/Desktop/GD32VW553/V1_MQTT_OK/GD32VW55X_Wifi_BLE_SDK/GD32VW55x_RELEASE_V1.0.2/MSDK/wpa_supplicant/src/crypto\aes-wrap.c **** 			t = n * j + i;
  86:C:/Users/stapi/OneDrive/Desktop/GD32VW553/V1_MQTT_OK/GD32VW55X_Wifi_BLE_SDK/GD32VW55x_RELEASE_V1.0.2/MSDK/wpa_supplicant/src/crypto\aes-wrap.c **** 			a[7] ^= t;
  87:C:/Users/stapi/OneDrive/Desktop/GD32VW553/V1_MQTT_OK/GD32VW55X_Wifi_BLE_SDK/GD32VW55x_RELEASE_V1.0.2/MSDK/wpa_supplicant/src/crypto\aes-wrap.c **** 			a[6] ^= t >> 8;
  88:C:/Users/stapi/OneDrive/Desktop/GD32VW553/V1_MQTT_OK/GD32VW55X_Wifi_BLE_SDK/GD32VW55x_RELEASE_V1.0.2/MSDK/wpa_supplicant/src/crypto\aes-wrap.c **** 			a[5] ^= t >> 16;
  89:C:/Users/stapi/OneDrive/Desktop/GD32VW553/V1_MQTT_OK/GD32VW55X_Wifi_BLE_SDK/GD32VW55x_RELEASE_V1.0.2/MSDK/wpa_supplicant/src/crypto\aes-wrap.c **** 			a[4] ^= t >> 24;
  90:C:/Users/stapi/OneDrive/Desktop/GD32VW553/V1_MQTT_OK/GD32VW55X_Wifi_BLE_SDK/GD32VW55x_RELEASE_V1.0.2/MSDK/wpa_supplicant/src/crypto\aes-wrap.c **** 			os_memcpy(r, b + 8, 8);
  91:C:/Users/stapi/OneDrive/Desktop/GD32VW553/V1_MQTT_OK/GD32VW55X_Wifi_BLE_SDK/GD32VW55x_RELEASE_V1.0.2/MSDK/wpa_supplicant/src/crypto\aes-wrap.c **** #endif
  92:C:/Users/stapi/OneDrive/Desktop/GD32VW553/V1_MQTT_OK/GD32VW55X_Wifi_BLE_SDK/GD32VW55x_RELEASE_V1.0.2/MSDK/wpa_supplicant/src/crypto\aes-wrap.c **** 			r += 8;
 193              		.loc 1 92 4 discriminator 3
  57:C:/Users/stapi/OneDrive/Desktop/GD32VW553/V1_MQTT_OK/GD32VW55X_Wifi_BLE_SDK/GD32VW55x_RELEASE_V1.0.2/MSDK/wpa_supplicant/src/crypto\aes-wrap.c **** 			os_memcpy(b, a, 8);
 194              		.loc 1 57 23 discriminator 3
  57:C:/Users/stapi/OneDrive/Desktop/GD32VW553/V1_MQTT_OK/GD32VW55X_Wifi_BLE_SDK/GD32VW55x_RELEASE_V1.0.2/MSDK/wpa_supplicant/src/crypto\aes-wrap.c **** 			os_memcpy(b, a, 8);
 195              		.loc 1 57 24 is_stmt 0 discriminator 3
 196 00f0 850A     		addi	s5,s5,1
 197              	.LVL22:
 198 00f2 0509     		addi	s2,s2,1
 199              	.LVL23:
 200              	.L5:
 201 00f4 B3EC8A20 		sh3add	s9,s5,s0
 202              	.LVL24:
  57:C:/Users/stapi/OneDrive/Desktop/GD32VW553/V1_MQTT_OK/GD32VW55X_Wifi_BLE_SDK/GD32VW55x_RELEASE_V1.0.2/MSDK/wpa_supplicant/src/crypto\aes-wrap.c **** 			os_memcpy(b, a, 8);
 203              		.loc 1 57 15 is_stmt 1 discriminator 1
  57:C:/Users/stapi/OneDrive/Desktop/GD32VW553/V1_MQTT_OK/GD32VW55X_Wifi_BLE_SDK/GD32VW55x_RELEASE_V1.0.2/MSDK/wpa_supplicant/src/crypto\aes-wrap.c **** 			os_memcpy(b, a, 8);
 204              		.loc 1 57 3 is_stmt 0 discriminator 1
 205 00f8 E3595AF5 		ble	s5,s4,.L3
  55:C:/Users/stapi/OneDrive/Desktop/GD32VW553/V1_MQTT_OK/GD32VW55X_Wifi_BLE_SDK/GD32VW55x_RELEASE_V1.0.2/MSDK/wpa_supplicant/src/crypto\aes-wrap.c **** 		r = cipher + 8;
 206              		.loc 1 55 22 is_stmt 1 discriminator 2
 207              	.LVL25:
  55:C:/Users/stapi/OneDrive/Desktop/GD32VW553/V1_MQTT_OK/GD32VW55X_Wifi_BLE_SDK/GD32VW55x_RELEASE_V1.0.2/MSDK/wpa_supplicant/src/crypto\aes-wrap.c **** 		r = cipher + 8;
 208              		.loc 1 55 14 discriminator 2
  55:C:/Users/stapi/OneDrive/Desktop/GD32VW553/V1_MQTT_OK/GD32VW55X_Wifi_BLE_SDK/GD32VW55x_RELEASE_V1.0.2/MSDK/wpa_supplicant/src/crypto\aes-wrap.c **** 		r = cipher + 8;
 209              		.loc 1 55 2 is_stmt 0 discriminator 2
 210 00fc FD1D     		addi	s11,s11,-1
 211              	.LVL26:
 212 00fe 529B     		add	s6,s6,s4
 213 0100 E3910DF4 		bne	s11,zero,.L2
  93:C:/Users/stapi/OneDrive/Desktop/GD32VW553/V1_MQTT_OK/GD32VW55X_Wifi_BLE_SDK/GD32VW55x_RELEASE_V1.0.2/MSDK/wpa_supplicant/src/crypto\aes-wrap.c **** 		}
  94:C:/Users/stapi/OneDrive/Desktop/GD32VW553/V1_MQTT_OK/GD32VW55X_Wifi_BLE_SDK/GD32VW55x_RELEASE_V1.0.2/MSDK/wpa_supplicant/src/crypto\aes-wrap.c **** 	}
  95:C:/Users/stapi/OneDrive/Desktop/GD32VW553/V1_MQTT_OK/GD32VW55X_Wifi_BLE_SDK/GD32VW55x_RELEASE_V1.0.2/MSDK/wpa_supplicant/src/crypto\aes-wrap.c **** 
  96:C:/Users/stapi/OneDrive/Desktop/GD32VW553/V1_MQTT_OK/GD32VW55X_Wifi_BLE_SDK/GD32VW55x_RELEASE_V1.0.2/MSDK/wpa_supplicant/src/crypto\aes-wrap.c **** 
  97:C:/Users/stapi/OneDrive/Desktop/GD32VW553/V1_MQTT_OK/GD32VW55X_Wifi_BLE_SDK/GD32VW55x_RELEASE_V1.0.2/MSDK/wpa_supplicant/src/crypto\aes-wrap.c **** #ifdef WPA_HW_SECURITY_ENGINE_ENABLE
  98:C:/Users/stapi/OneDrive/Desktop/GD32VW553/V1_MQTT_OK/GD32VW55X_Wifi_BLE_SDK/GD32VW55x_RELEASE_V1.0.2/MSDK/wpa_supplicant/src/crypto\aes-wrap.c **** 	return (ret == ERROR) ? -1 : 0;
 214              		.loc 1 98 2 is_stmt 1
 215              		.loc 1 98 29 is_stmt 0
 216 0104 13B51400 		seqz	a0,s1
  99:C:/Users/stapi/OneDrive/Desktop/GD32VW553/V1_MQTT_OK/GD32VW55X_Wifi_BLE_SDK/GD32VW55x_RELEASE_V1.0.2/MSDK/wpa_supplicant/src/crypto\aes-wrap.c **** #else
 100:C:/Users/stapi/OneDrive/Desktop/GD32VW553/V1_MQTT_OK/GD32VW55X_Wifi_BLE_SDK/GD32VW55x_RELEASE_V1.0.2/MSDK/wpa_supplicant/src/crypto\aes-wrap.c **** 	aes_encrypt_deinit(ctx);
 101:C:/Users/stapi/OneDrive/Desktop/GD32VW553/V1_MQTT_OK/GD32VW55X_Wifi_BLE_SDK/GD32VW55x_RELEASE_V1.0.2/MSDK/wpa_supplicant/src/crypto\aes-wrap.c **** 
 102:C:/Users/stapi/OneDrive/Desktop/GD32VW553/V1_MQTT_OK/GD32VW55X_Wifi_BLE_SDK/GD32VW55x_RELEASE_V1.0.2/MSDK/wpa_supplicant/src/crypto\aes-wrap.c **** 	/* 3) Output the results.
 103:C:/Users/stapi/OneDrive/Desktop/GD32VW553/V1_MQTT_OK/GD32VW55X_Wifi_BLE_SDK/GD32VW55x_RELEASE_V1.0.2/MSDK/wpa_supplicant/src/crypto\aes-wrap.c **** 	 *
 104:C:/Users/stapi/OneDrive/Desktop/GD32VW553/V1_MQTT_OK/GD32VW55X_Wifi_BLE_SDK/GD32VW55x_RELEASE_V1.0.2/MSDK/wpa_supplicant/src/crypto\aes-wrap.c **** 	 * These are already in @cipher due to the location of temporary
 105:C:/Users/stapi/OneDrive/Desktop/GD32VW553/V1_MQTT_OK/GD32VW55X_Wifi_BLE_SDK/GD32VW55x_RELEASE_V1.0.2/MSDK/wpa_supplicant/src/crypto\aes-wrap.c **** 	 * variables.
 106:C:/Users/stapi/OneDrive/Desktop/GD32VW553/V1_MQTT_OK/GD32VW55X_Wifi_BLE_SDK/GD32VW55x_RELEASE_V1.0.2/MSDK/wpa_supplicant/src/crypto\aes-wrap.c **** 	 */
 107:C:/Users/stapi/OneDrive/Desktop/GD32VW553/V1_MQTT_OK/GD32VW55X_Wifi_BLE_SDK/GD32VW55x_RELEASE_V1.0.2/MSDK/wpa_supplicant/src/crypto\aes-wrap.c **** 
 108:C:/Users/stapi/OneDrive/Desktop/GD32VW553/V1_MQTT_OK/GD32VW55X_Wifi_BLE_SDK/GD32VW55x_RELEASE_V1.0.2/MSDK/wpa_supplicant/src/crypto\aes-wrap.c **** 	return 0;
 109:C:/Users/stapi/OneDrive/Desktop/GD32VW553/V1_MQTT_OK/GD32VW55X_Wifi_BLE_SDK/GD32VW55x_RELEASE_V1.0.2/MSDK/wpa_supplicant/src/crypto\aes-wrap.c **** #endif
 110:C:/Users/stapi/OneDrive/Desktop/GD32VW553/V1_MQTT_OK/GD32VW55X_Wifi_BLE_SDK/GD32VW55x_RELEASE_V1.0.2/MSDK/wpa_supplicant/src/crypto\aes-wrap.c **** }
 217              		.loc 1 110 1
 218 0108 3305A040 		neg	a0,a0
 219 010c 6161     		addi	sp,sp,80
 220              		.cfi_def_cfa_offset 0
 221 010e 17030000 		tail	__riscv_restore_12
 221      67000300 
 222              		.cfi_restore 27
 223              		.cfi_restore 26
 224              		.cfi_restore 25
 225              		.cfi_restore 24
 226              		.cfi_restore 23
 227              		.cfi_restore 22
 228              		.cfi_restore 21
 229              		.cfi_restore 20
 230              		.cfi_restore 19
 231              		.cfi_restore 18
 232              		.cfi_restore 9
 233              		.cfi_restore 8
 234              		.cfi_restore 1
 235              		.cfi_def_cfa_offset -64
 236              		.cfi_endproc
 237              	.LFE432:
 239              		.text
 240              	.Letext0:
 241              		.file 2 "c:\\users\\stapi\\onedrive\\desktop\\gd32vw553\\embeddedbuilder_v1.4.7.26843\\tools\\nucl
 242              		.file 3 "c:\\users\\stapi\\onedrive\\desktop\\gd32vw553\\embeddedbuilder_v1.4.7.26843\\tools\\nucl
 243              		.file 4 "c:\\users\\stapi\\onedrive\\desktop\\gd32vw553\\embeddedbuilder_v1.4.7.26843\\tools\\nucl
 244              		.file 5 "..\\..\\..\\..\\plf\\GD32VW55x_standard_peripheral\\Include/gd32vw55x_cau.h"
 245              		.file 6 "..\\..\\..\\..\\macsw\\import/rtos_import.h"
 246              		.file 7 "..\\..\\..\\..\\wpa_supplicant\\src\\utils/os.h"
 247              		.file 8 "..\\..\\..\\..\\plf\\riscv\\gd32vw55x/gd32vw55x.h"
 248              		.file 9 "..\\..\\..\\..\\wpa_supplicant\\src\\utils/common.h"
DEFINED SYMBOLS
                            *ABS*:0000000000000000 aes-wrap.c
C:\Users\stapi\AppData\Local\Temp\ccrUtiwJ.s:13     .text.aes_wrap:0000000000000000 aes_wrap
C:\Users\stapi\AppData\Local\Temp\ccrUtiwJ.s:17     .text.aes_wrap:0000000000000000 .L0 
C:\Users\stapi\AppData\Local\Temp\ccrUtiwJ.s:19     .text.aes_wrap:0000000000000000 .L0 
C:\Users\stapi\AppData\Local\Temp\ccrUtiwJ.s:20     .text.aes_wrap:0000000000000008 .L0 
C:\Users\stapi\AppData\Local\Temp\ccrUtiwJ.s:21     .text.aes_wrap:0000000000000008 .L0 
C:\Users\stapi\AppData\Local\Temp\ccrUtiwJ.s:22     .text.aes_wrap:0000000000000008 .L0 
C:\Users\stapi\AppData\Local\Temp\ccrUtiwJ.s:23     .text.aes_wrap:0000000000000008 .L0 
C:\Users\stapi\AppData\Local\Temp\ccrUtiwJ.s:24     .text.aes_wrap:0000000000000008 .L0 
C:\Users\stapi\AppData\Local\Temp\ccrUtiwJ.s:25     .text.aes_wrap:0000000000000008 .L0 
C:\Users\stapi\AppData\Local\Temp\ccrUtiwJ.s:26     .text.aes_wrap:0000000000000008 .L0 
C:\Users\stapi\AppData\Local\Temp\ccrUtiwJ.s:27     .text.aes_wrap:0000000000000008 .L0 
C:\Users\stapi\AppData\Local\Temp\ccrUtiwJ.s:28     .text.aes_wrap:0000000000000008 .L0 
C:\Users\stapi\AppData\Local\Temp\ccrUtiwJ.s:29     .text.aes_wrap:0000000000000008 .L0 
C:\Users\stapi\AppData\Local\Temp\ccrUtiwJ.s:30     .text.aes_wrap:0000000000000008 .L0 
C:\Users\stapi\AppData\Local\Temp\ccrUtiwJ.s:31     .text.aes_wrap:0000000000000008 .L0 
C:\Users\stapi\AppData\Local\Temp\ccrUtiwJ.s:32     .text.aes_wrap:0000000000000008 .L0 
C:\Users\stapi\AppData\Local\Temp\ccrUtiwJ.s:33     .text.aes_wrap:0000000000000008 .L0 
C:\Users\stapi\AppData\Local\Temp\ccrUtiwJ.s:35     .text.aes_wrap:0000000000000008 .L0 
C:\Users\stapi\AppData\Local\Temp\ccrUtiwJ.s:36     .text.aes_wrap:0000000000000008 .L0 
C:\Users\stapi\AppData\Local\Temp\ccrUtiwJ.s:37     .text.aes_wrap:0000000000000008 .L0 
C:\Users\stapi\AppData\Local\Temp\ccrUtiwJ.s:38     .text.aes_wrap:0000000000000008 .L0 
C:\Users\stapi\AppData\Local\Temp\ccrUtiwJ.s:40     .text.aes_wrap:0000000000000008 .L0 
C:\Users\stapi\AppData\Local\Temp\ccrUtiwJ.s:41     .text.aes_wrap:0000000000000008 .L0 
C:\Users\stapi\AppData\Local\Temp\ccrUtiwJ.s:42     .text.aes_wrap:0000000000000008 .L0 
C:\Users\stapi\AppData\Local\Temp\ccrUtiwJ.s:43     .text.aes_wrap:0000000000000008 .L0 
C:\Users\stapi\AppData\Local\Temp\ccrUtiwJ.s:44     .text.aes_wrap:0000000000000008 .L0 
C:\Users\stapi\AppData\Local\Temp\ccrUtiwJ.s:45     .text.aes_wrap:000000000000000a .L0 
C:\Users\stapi\AppData\Local\Temp\ccrUtiwJ.s:47     .text.aes_wrap:000000000000000a .L0 
C:\Users\stapi\AppData\Local\Temp\ccrUtiwJ.s:50     .text.aes_wrap:000000000000000e .L0 
C:\Users\stapi\AppData\Local\Temp\ccrUtiwJ.s:55     .text.aes_wrap:0000000000000014 .L0 
C:\Users\stapi\AppData\Local\Temp\ccrUtiwJ.s:57     .text.aes_wrap:0000000000000016 .L0 
C:\Users\stapi\AppData\Local\Temp\ccrUtiwJ.s:60     .text.aes_wrap:0000000000000018 .L0 
C:\Users\stapi\AppData\Local\Temp\ccrUtiwJ.s:63     .text.aes_wrap:000000000000001c .L0 
C:\Users\stapi\AppData\Local\Temp\ccrUtiwJ.s:66     .text.aes_wrap:0000000000000024 .L0 
C:\Users\stapi\AppData\Local\Temp\ccrUtiwJ.s:73     .text.aes_wrap:0000000000000036 .L0 
C:\Users\stapi\AppData\Local\Temp\ccrUtiwJ.s:75     .text.aes_wrap:0000000000000036 .L0 
C:\Users\stapi\AppData\Local\Temp\ccrUtiwJ.s:76     .text.aes_wrap:0000000000000036 .L0 
C:\Users\stapi\AppData\Local\Temp\ccrUtiwJ.s:82     .text.aes_wrap:000000000000003c .L0 
C:\Users\stapi\AppData\Local\Temp\ccrUtiwJ.s:85     .text.aes_wrap:000000000000003e .L0 
C:\Users\stapi\AppData\Local\Temp\ccrUtiwJ.s:89     .text.aes_wrap:0000000000000042 .L0 
C:\Users\stapi\AppData\Local\Temp\ccrUtiwJ.s:91     .text.aes_wrap:0000000000000044 .L0 
C:\Users\stapi\AppData\Local\Temp\ccrUtiwJ.s:94     .text.aes_wrap:0000000000000046 .L0 
C:\Users\stapi\AppData\Local\Temp\ccrUtiwJ.s:100    .text.aes_wrap:000000000000004a .L0 
C:\Users\stapi\AppData\Local\Temp\ccrUtiwJ.s:106    .text.aes_wrap:0000000000000058 .L0 
C:\Users\stapi\AppData\Local\Temp\ccrUtiwJ.s:113    .text.aes_wrap:0000000000000066 .L0 
C:\Users\stapi\AppData\Local\Temp\ccrUtiwJ.s:114    .text.aes_wrap:0000000000000066 .L0 
C:\Users\stapi\AppData\Local\Temp\ccrUtiwJ.s:117    .text.aes_wrap:000000000000006e .L0 
C:\Users\stapi\AppData\Local\Temp\ccrUtiwJ.s:121    .text.aes_wrap:0000000000000078 .L0 
C:\Users\stapi\AppData\Local\Temp\ccrUtiwJ.s:122    .text.aes_wrap:0000000000000078 .L0 
C:\Users\stapi\AppData\Local\Temp\ccrUtiwJ.s:124    .text.aes_wrap:000000000000007a .L0 
C:\Users\stapi\AppData\Local\Temp\ccrUtiwJ.s:125    .text.aes_wrap:000000000000007a .L0 
C:\Users\stapi\AppData\Local\Temp\ccrUtiwJ.s:127    .text.aes_wrap:000000000000007c .L0 
C:\Users\stapi\AppData\Local\Temp\ccrUtiwJ.s:128    .text.aes_wrap:000000000000007c .L0 
C:\Users\stapi\AppData\Local\Temp\ccrUtiwJ.s:130    .text.aes_wrap:000000000000007e .L0 
C:\Users\stapi\AppData\Local\Temp\ccrUtiwJ.s:131    .text.aes_wrap:000000000000007e .L0 
C:\Users\stapi\AppData\Local\Temp\ccrUtiwJ.s:133    .text.aes_wrap:0000000000000080 .L0 
C:\Users\stapi\AppData\Local\Temp\ccrUtiwJ.s:136    .text.aes_wrap:0000000000000088 .L0 
C:\Users\stapi\AppData\Local\Temp\ccrUtiwJ.s:137    .text.aes_wrap:0000000000000088 .L0 
C:\Users\stapi\AppData\Local\Temp\ccrUtiwJ.s:144    .text.aes_wrap:0000000000000096 .L0 
C:\Users\stapi\AppData\Local\Temp\ccrUtiwJ.s:148    .text.aes_wrap:000000000000009e .L0 
C:\Users\stapi\AppData\Local\Temp\ccrUtiwJ.s:154    .text.aes_wrap:00000000000000ac .L0 
C:\Users\stapi\AppData\Local\Temp\ccrUtiwJ.s:155    .text.aes_wrap:00000000000000ac .L0 
C:\Users\stapi\AppData\Local\Temp\ccrUtiwJ.s:156    .text.aes_wrap:00000000000000ac .L0 
C:\Users\stapi\AppData\Local\Temp\ccrUtiwJ.s:158    .text.aes_wrap:00000000000000b0 .L0 
C:\Users\stapi\AppData\Local\Temp\ccrUtiwJ.s:160    .text.aes_wrap:00000000000000b4 .L0 
C:\Users\stapi\AppData\Local\Temp\ccrUtiwJ.s:162    .text.aes_wrap:00000000000000b6 .L0 
C:\Users\stapi\AppData\Local\Temp\ccrUtiwJ.s:165    .text.aes_wrap:00000000000000be .L0 
C:\Users\stapi\AppData\Local\Temp\ccrUtiwJ.s:166    .text.aes_wrap:00000000000000be .L0 
C:\Users\stapi\AppData\Local\Temp\ccrUtiwJ.s:168    .text.aes_wrap:00000000000000c2 .L0 
C:\Users\stapi\AppData\Local\Temp\ccrUtiwJ.s:170    .text.aes_wrap:00000000000000c4 .L0 
C:\Users\stapi\AppData\Local\Temp\ccrUtiwJ.s:172    .text.aes_wrap:00000000000000c8 .L0 
C:\Users\stapi\AppData\Local\Temp\ccrUtiwJ.s:174    .text.aes_wrap:00000000000000cc .L0 
C:\Users\stapi\AppData\Local\Temp\ccrUtiwJ.s:175    .text.aes_wrap:00000000000000cc .L0 
C:\Users\stapi\AppData\Local\Temp\ccrUtiwJ.s:177    .text.aes_wrap:00000000000000d0 .L0 
C:\Users\stapi\AppData\Local\Temp\ccrUtiwJ.s:179    .text.aes_wrap:00000000000000d2 .L0 
C:\Users\stapi\AppData\Local\Temp\ccrUtiwJ.s:181    .text.aes_wrap:00000000000000d6 .L0 
C:\Users\stapi\AppData\Local\Temp\ccrUtiwJ.s:183    .text.aes_wrap:00000000000000da .L0 
C:\Users\stapi\AppData\Local\Temp\ccrUtiwJ.s:184    .text.aes_wrap:00000000000000da .L0 
C:\Users\stapi\AppData\Local\Temp\ccrUtiwJ.s:186    .text.aes_wrap:00000000000000de .L0 
C:\Users\stapi\AppData\Local\Temp\ccrUtiwJ.s:189    .text.aes_wrap:00000000000000e4 .L0 
C:\Users\stapi\AppData\Local\Temp\ccrUtiwJ.s:194    .text.aes_wrap:00000000000000f0 .L0 
C:\Users\stapi\AppData\Local\Temp\ccrUtiwJ.s:195    .text.aes_wrap:00000000000000f0 .L0 
C:\Users\stapi\AppData\Local\Temp\ccrUtiwJ.s:196    .text.aes_wrap:00000000000000f0 .L0 
C:\Users\stapi\AppData\Local\Temp\ccrUtiwJ.s:204    .text.aes_wrap:00000000000000f8 .L0 
C:\Users\stapi\AppData\Local\Temp\ccrUtiwJ.s:205    .text.aes_wrap:00000000000000f8 .L0 
C:\Users\stapi\AppData\Local\Temp\ccrUtiwJ.s:208    .text.aes_wrap:00000000000000fc .L0 
C:\Users\stapi\AppData\Local\Temp\ccrUtiwJ.s:209    .text.aes_wrap:00000000000000fc .L0 
C:\Users\stapi\AppData\Local\Temp\ccrUtiwJ.s:210    .text.aes_wrap:00000000000000fc .L0 
C:\Users\stapi\AppData\Local\Temp\ccrUtiwJ.s:215    .text.aes_wrap:0000000000000104 .L0 
C:\Users\stapi\AppData\Local\Temp\ccrUtiwJ.s:216    .text.aes_wrap:0000000000000104 .L0 
C:\Users\stapi\AppData\Local\Temp\ccrUtiwJ.s:218    .text.aes_wrap:0000000000000108 .L0 
C:\Users\stapi\AppData\Local\Temp\ccrUtiwJ.s:220    .text.aes_wrap:000000000000010e .L0 
C:\Users\stapi\AppData\Local\Temp\ccrUtiwJ.s:222    .text.aes_wrap:0000000000000116 .L0 
C:\Users\stapi\AppData\Local\Temp\ccrUtiwJ.s:223    .text.aes_wrap:0000000000000116 .L0 
C:\Users\stapi\AppData\Local\Temp\ccrUtiwJ.s:224    .text.aes_wrap:0000000000000116 .L0 
C:\Users\stapi\AppData\Local\Temp\ccrUtiwJ.s:225    .text.aes_wrap:0000000000000116 .L0 
C:\Users\stapi\AppData\Local\Temp\ccrUtiwJ.s:226    .text.aes_wrap:0000000000000116 .L0 
C:\Users\stapi\AppData\Local\Temp\ccrUtiwJ.s:227    .text.aes_wrap:0000000000000116 .L0 
C:\Users\stapi\AppData\Local\Temp\ccrUtiwJ.s:228    .text.aes_wrap:0000000000000116 .L0 
C:\Users\stapi\AppData\Local\Temp\ccrUtiwJ.s:229    .text.aes_wrap:0000000000000116 .L0 
C:\Users\stapi\AppData\Local\Temp\ccrUtiwJ.s:230    .text.aes_wrap:0000000000000116 .L0 
C:\Users\stapi\AppData\Local\Temp\ccrUtiwJ.s:231    .text.aes_wrap:0000000000000116 .L0 
C:\Users\stapi\AppData\Local\Temp\ccrUtiwJ.s:232    .text.aes_wrap:0000000000000116 .L0 
C:\Users\stapi\AppData\Local\Temp\ccrUtiwJ.s:233    .text.aes_wrap:0000000000000116 .L0 
C:\Users\stapi\AppData\Local\Temp\ccrUtiwJ.s:234    .text.aes_wrap:0000000000000116 .L0 
C:\Users\stapi\AppData\Local\Temp\ccrUtiwJ.s:235    .text.aes_wrap:0000000000000116 .L0 
C:\Users\stapi\AppData\Local\Temp\ccrUtiwJ.s:236    .text.aes_wrap:0000000000000116 .L0 
C:\Users\stapi\AppData\Local\Temp\ccrUtiwJ.s:239    .text.aes_wrap:0000000000000116 .L0 
                     .debug_frame:0000000000000000 .L0 
C:\Users\stapi\AppData\Local\Temp\ccrUtiwJ.s:200    .text.aes_wrap:00000000000000f4 .L5
C:\Users\stapi\AppData\Local\Temp\ccrUtiwJ.s:97     .text.aes_wrap:000000000000004a .L3
C:\Users\stapi\AppData\Local\Temp\ccrUtiwJ.s:87     .text.aes_wrap:0000000000000042 .L2
C:\Users\stapi\AppData\Local\Temp\ccrUtiwJ.s:791    .debug_abbrev:0000000000000000 .Ldebug_abbrev0
C:\Users\stapi\AppData\Local\Temp\ccrUtiwJ.s:1432   .debug_str:000000000000008b .LASF36
C:\Users\stapi\AppData\Local\Temp\ccrUtiwJ.s:1476   .debug_str:0000000000000307 .LASF37
C:\Users\stapi\AppData\Local\Temp\ccrUtiwJ.s:1436   .debug_str:0000000000000197 .LASF38
C:\Users\stapi\AppData\Local\Temp\ccrUtiwJ.s:1390   .debug_ranges:0000000000000000 .Ldebug_ranges0
C:\Users\stapi\AppData\Local\Temp\ccrUtiwJ.s:1404   .debug_line:0000000000000000 .Ldebug_line0
C:\Users\stapi\AppData\Local\Temp\ccrUtiwJ.s:1410   .debug_str:0000000000000010 .LASF2
C:\Users\stapi\AppData\Local\Temp\ccrUtiwJ.s:1452   .debug_str:000000000000027e .LASF0
C:\Users\stapi\AppData\Local\Temp\ccrUtiwJ.s:1474   .debug_str:00000000000002fb .LASF1
C:\Users\stapi\AppData\Local\Temp\ccrUtiwJ.s:1408   .debug_str:0000000000000006 .LASF3
C:\Users\stapi\AppData\Local\Temp\ccrUtiwJ.s:1426   .debug_str:000000000000006f .LASF4
C:\Users\stapi\AppData\Local\Temp\ccrUtiwJ.s:1466   .debug_str:00000000000002cf .LASF5
C:\Users\stapi\AppData\Local\Temp\ccrUtiwJ.s:1434   .debug_str:0000000000000184 .LASF6
C:\Users\stapi\AppData\Local\Temp\ccrUtiwJ.s:1416   .debug_str:0000000000000029 .LASF7
C:\Users\stapi\AppData\Local\Temp\ccrUtiwJ.s:1444   .debug_str:000000000000024a .LASF8
C:\Users\stapi\AppData\Local\Temp\ccrUtiwJ.s:1442   .debug_str:0000000000000238 .LASF9
C:\Users\stapi\AppData\Local\Temp\ccrUtiwJ.s:1462   .debug_str:00000000000002b7 .LASF10
C:\Users\stapi\AppData\Local\Temp\ccrUtiwJ.s:1422   .debug_str:000000000000004c .LASF11
C:\Users\stapi\AppData\Local\Temp\ccrUtiwJ.s:1456   .debug_str:0000000000000294 .LASF12
C:\Users\stapi\AppData\Local\Temp\ccrUtiwJ.s:1418   .debug_str:0000000000000032 .LASF13
C:\Users\stapi\AppData\Local\Temp\ccrUtiwJ.s:1470   .debug_str:00000000000002ec .LASF14
C:\Users\stapi\AppData\Local\Temp\ccrUtiwJ.s:1472   .debug_str:00000000000002f5 .LASF15
C:\Users\stapi\AppData\Local\Temp\ccrUtiwJ.s:1428   .debug_str:000000000000007d .LASF16
C:\Users\stapi\AppData\Local\Temp\ccrUtiwJ.s:1414   .debug_str:0000000000000021 .LASF17
C:\Users\stapi\AppData\Local\Temp\ccrUtiwJ.s:1460   .debug_str:00000000000002ae .LASF18
C:\Users\stapi\AppData\Local\Temp\ccrUtiwJ.s:1478   .debug_str:0000000000000396 .LASF19
C:\Users\stapi\AppData\Local\Temp\ccrUtiwJ.s:1430   .debug_str:0000000000000085 .LASF20
C:\Users\stapi\AppData\Local\Temp\ccrUtiwJ.s:1480   .debug_str:000000000000039e .LASF21
C:\Users\stapi\AppData\Local\Temp\ccrUtiwJ.s:1454   .debug_str:000000000000028b .LASF22
C:\Users\stapi\AppData\Local\Temp\ccrUtiwJ.s:1458   .debug_str:0000000000000299 .LASF23
C:\Users\stapi\AppData\Local\Temp\ccrUtiwJ.s:1482   .debug_str:00000000000003a8 .LASF24
C:\Users\stapi\AppData\Local\Temp\ccrUtiwJ.s:1446   .debug_str:0000000000000255 .LASF39
C:\Users\stapi\AppData\Local\Temp\ccrUtiwJ.s:14     .text.aes_wrap:0000000000000000 .LFB432
C:\Users\stapi\AppData\Local\Temp\ccrUtiwJ.s:237    .text.aes_wrap:0000000000000116 .LFE432
C:\Users\stapi\AppData\Local\Temp\ccrUtiwJ.s:1176   .debug_loc:0000000000000000 .LLST0
C:\Users\stapi\AppData\Local\Temp\ccrUtiwJ.s:1438   .debug_str:0000000000000229 .LASF25
C:\Users\stapi\AppData\Local\Temp\ccrUtiwJ.s:1187   .debug_loc:000000000000001e .LLST1
C:\Users\stapi\AppData\Local\Temp\ccrUtiwJ.s:1205   .debug_loc:000000000000004a .LLST2
C:\Users\stapi\AppData\Local\Temp\ccrUtiwJ.s:1406   .debug_str:0000000000000000 .LASF26
C:\Users\stapi\AppData\Local\Temp\ccrUtiwJ.s:1216   .debug_loc:0000000000000068 .LLST3
C:\Users\stapi\AppData\Local\Temp\ccrUtiwJ.s:1440   .debug_str:0000000000000231 .LASF27
C:\Users\stapi\AppData\Local\Temp\ccrUtiwJ.s:1234   .debug_loc:0000000000000094 .LLST4
C:\Users\stapi\AppData\Local\Temp\ccrUtiwJ.s:1245   .debug_loc:00000000000000b2 .LLST5
C:\Users\stapi\AppData\Local\Temp\ccrUtiwJ.s:1256   .debug_loc:00000000000000d0 .LLST6
C:\Users\stapi\AppData\Local\Temp\ccrUtiwJ.s:1315   .debug_loc:0000000000000148 .LLST7
C:\Users\stapi\AppData\Local\Temp\ccrUtiwJ.s:1326   .debug_loc:0000000000000166 .LLST8
C:\Users\stapi\AppData\Local\Temp\ccrUtiwJ.s:1358   .debug_loc:00000000000001a7 .LLST9
C:\Users\stapi\AppData\Local\Temp\ccrUtiwJ.s:1365   .debug_loc:00000000000001ba .LLST10
C:\Users\stapi\AppData\Local\Temp\ccrUtiwJ.s:1484   .debug_str:00000000000003ae .LASF28
C:\Users\stapi\AppData\Local\Temp\ccrUtiwJ.s:115    .text.aes_wrap:000000000000006e .LVL14
C:\Users\stapi\AppData\Local\Temp\ccrUtiwJ.s:119    .text.aes_wrap:0000000000000078 .LVL15
C:\Users\stapi\AppData\Local\Temp\ccrUtiwJ.s:134    .text.aes_wrap:0000000000000088 .LVL16
C:\Users\stapi\AppData\Local\Temp\ccrUtiwJ.s:140    .text.aes_wrap:0000000000000094 .LVL17
C:\Users\stapi\AppData\Local\Temp\ccrUtiwJ.s:145    .text.aes_wrap:000000000000009e .LVL19
C:\Users\stapi\AppData\Local\Temp\ccrUtiwJ.s:64     .text.aes_wrap:0000000000000024 .LVL5
C:\Users\stapi\AppData\Local\Temp\ccrUtiwJ.s:71     .text.aes_wrap:0000000000000036 .LVL7
C:\Users\stapi\AppData\Local\Temp\ccrUtiwJ.s:104    .text.aes_wrap:0000000000000058 .LVL12
C:\Users\stapi\AppData\Local\Temp\ccrUtiwJ.s:110    .text.aes_wrap:0000000000000066 .LVL13
C:\Users\stapi\AppData\Local\Temp\ccrUtiwJ.s:152    .text.aes_wrap:00000000000000ac .LVL20
C:\Users\stapi\AppData\Local\Temp\ccrUtiwJ.s:192    .text.aes_wrap:00000000000000f0 .LVL21
C:\Users\stapi\AppData\Local\Temp\ccrUtiwJ.s:1450   .debug_str:0000000000000273 .LASF29
C:\Users\stapi\AppData\Local\Temp\ccrUtiwJ.s:1448   .debug_str:000000000000025e .LASF30
C:\Users\stapi\AppData\Local\Temp\ccrUtiwJ.s:1468   .debug_str:00000000000002d9 .LASF31
C:\Users\stapi\AppData\Local\Temp\ccrUtiwJ.s:1424   .debug_str:0000000000000063 .LASF32
C:\Users\stapi\AppData\Local\Temp\ccrUtiwJ.s:1420   .debug_str:000000000000003a .LASF33
C:\Users\stapi\AppData\Local\Temp\ccrUtiwJ.s:1464   .debug_str:00000000000002c5 .LASF34
C:\Users\stapi\AppData\Local\Temp\ccrUtiwJ.s:1412   .debug_str:0000000000000017 .LASF35
C:\Users\stapi\AppData\Local\Temp\ccrUtiwJ.s:18     .text.aes_wrap:0000000000000000 .LVL0
C:\Users\stapi\AppData\Local\Temp\ccrUtiwJ.s:58     .text.aes_wrap:0000000000000018 .LVL4
C:\Users\stapi\AppData\Local\Temp\ccrUtiwJ.s:51     .text.aes_wrap:0000000000000012 .LVL2
C:\Users\stapi\AppData\Local\Temp\ccrUtiwJ.s:77     .text.aes_wrap:0000000000000038 .LVL8
C:\Users\stapi\AppData\Local\Temp\ccrUtiwJ.s:53     .text.aes_wrap:0000000000000014 .LVL3
C:\Users\stapi\AppData\Local\Temp\ccrUtiwJ.s:83     .text.aes_wrap:000000000000003e .LVL9
C:\Users\stapi\AppData\Local\Temp\ccrUtiwJ.s:39     .text.aes_wrap:0000000000000008 .LVL1
C:\Users\stapi\AppData\Local\Temp\ccrUtiwJ.s:69     .text.aes_wrap:000000000000002e .LVL6
C:\Users\stapi\AppData\Local\Temp\ccrUtiwJ.s:86     .text.aes_wrap:0000000000000042 .LVL10
C:\Users\stapi\AppData\Local\Temp\ccrUtiwJ.s:96     .text.aes_wrap:000000000000004a .LVL11
C:\Users\stapi\AppData\Local\Temp\ccrUtiwJ.s:197    .text.aes_wrap:00000000000000f2 .LVL22
C:\Users\stapi\AppData\Local\Temp\ccrUtiwJ.s:199    .text.aes_wrap:00000000000000f4 .LVL23
C:\Users\stapi\AppData\Local\Temp\ccrUtiwJ.s:202    .text.aes_wrap:00000000000000f8 .LVL24
C:\Users\stapi\AppData\Local\Temp\ccrUtiwJ.s:207    .text.aes_wrap:00000000000000fc .LVL25
C:\Users\stapi\AppData\Local\Temp\ccrUtiwJ.s:211    .text.aes_wrap:00000000000000fe .LVL26
C:\Users\stapi\AppData\Local\Temp\ccrUtiwJ.s:250    .debug_info:0000000000000000 .Ldebug_info0
C:\Users\stapi\AppData\Local\Temp\ccrUtiwJ.s:74     .text.aes_wrap:0000000000000036 .LBB2
C:\Users\stapi\AppData\Local\Temp\ccrUtiwJ.s:80     .text.aes_wrap:000000000000003c .LBE2
C:\Users\stapi\AppData\Local\Temp\ccrUtiwJ.s:92     .text.aes_wrap:0000000000000046 .LBB3
C:\Users\stapi\AppData\Local\Temp\ccrUtiwJ.s:98     .text.aes_wrap:000000000000004a .LBE3
C:\Users\stapi\AppData\Local\Temp\ccrUtiwJ.s:111    .text.aes_wrap:0000000000000066 .LBB4
C:\Users\stapi\AppData\Local\Temp\ccrUtiwJ.s:146    .text.aes_wrap:000000000000009e .LBE4

UNDEFINED SYMBOLS
__riscv_save_12
os_memset
os_memcpy
cau_deinit
cau_struct_para_init
sys_enter_critical
cau_aes_ecb
sys_exit_critical
__riscv_restore_12
