   1              		.file	"json_token.c"
   2              		.option nopic
   3              		.attribute arch, "rv32i2p0_m2p0_a2p0_f2p0_c2p0_b_p0p94"
   4              		.attribute unaligned_access, 0
   5              		.attribute stack_align, 16
   6              		.text
   7              	.Ltext0:
   8              		.cfi_sections	.debug_frame
   9              		.section	.rodata.LITE_json_value_of.str1.4,"aMS",@progbits,1
  10              		.align	2
  11              	.LC0:
  12 0000 257300   		.string	"%s"
  13              		.section	.text.LITE_json_value_of,"ax",@progbits
  14              		.align	1
  15              		.globl	LITE_json_value_of
  17              	LITE_json_value_of:
  18              	.LFB20:
  19              		.file 1 "C:/Users/stapi/OneDrive/Desktop/GD32VW553/V1_MQTT_OK/GD32VW55X_Wifi_BLE_SDK/GD32VW55x_REL
   1:C:/Users/stapi/OneDrive/Desktop/GD32VW553/V1_MQTT_OK/GD32VW55X_Wifi_BLE_SDK/GD32VW55x_RELEASE_V1.0.2/MSDK/cloud/alicloud/src/infra/utils/misc\json_token.c **** /*
   2:C:/Users/stapi/OneDrive/Desktop/GD32VW553/V1_MQTT_OK/GD32VW55X_Wifi_BLE_SDK/GD32VW55x_RELEASE_V1.0.2/MSDK/cloud/alicloud/src/infra/utils/misc\json_token.c ****  * Copyright (C) 2015-2018 Alibaba Group Holding Limited
   3:C:/Users/stapi/OneDrive/Desktop/GD32VW553/V1_MQTT_OK/GD32VW55X_Wifi_BLE_SDK/GD32VW55x_RELEASE_V1.0.2/MSDK/cloud/alicloud/src/infra/utils/misc\json_token.c ****  */
   4:C:/Users/stapi/OneDrive/Desktop/GD32VW553/V1_MQTT_OK/GD32VW55X_Wifi_BLE_SDK/GD32VW55x_RELEASE_V1.0.2/MSDK/cloud/alicloud/src/infra/utils/misc\json_token.c **** 
   5:C:/Users/stapi/OneDrive/Desktop/GD32VW553/V1_MQTT_OK/GD32VW55X_Wifi_BLE_SDK/GD32VW55x_RELEASE_V1.0.2/MSDK/cloud/alicloud/src/infra/utils/misc\json_token.c **** 
   6:C:/Users/stapi/OneDrive/Desktop/GD32VW553/V1_MQTT_OK/GD32VW55X_Wifi_BLE_SDK/GD32VW55x_RELEASE_V1.0.2/MSDK/cloud/alicloud/src/infra/utils/misc\json_token.c **** 
   7:C:/Users/stapi/OneDrive/Desktop/GD32VW553/V1_MQTT_OK/GD32VW55X_Wifi_BLE_SDK/GD32VW55x_RELEASE_V1.0.2/MSDK/cloud/alicloud/src/infra/utils/misc\json_token.c **** 
   8:C:/Users/stapi/OneDrive/Desktop/GD32VW553/V1_MQTT_OK/GD32VW55X_Wifi_BLE_SDK/GD32VW55x_RELEASE_V1.0.2/MSDK/cloud/alicloud/src/infra/utils/misc\json_token.c **** #include "iotx_utils_internal.h"
   9:C:/Users/stapi/OneDrive/Desktop/GD32VW553/V1_MQTT_OK/GD32VW55X_Wifi_BLE_SDK/GD32VW55x_RELEASE_V1.0.2/MSDK/cloud/alicloud/src/infra/utils/misc\json_token.c **** #include "json_parser.h"
  10:C:/Users/stapi/OneDrive/Desktop/GD32VW553/V1_MQTT_OK/GD32VW55X_Wifi_BLE_SDK/GD32VW55x_RELEASE_V1.0.2/MSDK/cloud/alicloud/src/infra/utils/misc\json_token.c **** #include "iotx_utils_internal.h"
  11:C:/Users/stapi/OneDrive/Desktop/GD32VW553/V1_MQTT_OK/GD32VW55X_Wifi_BLE_SDK/GD32VW55x_RELEASE_V1.0.2/MSDK/cloud/alicloud/src/infra/utils/misc\json_token.c **** 
  12:C:/Users/stapi/OneDrive/Desktop/GD32VW553/V1_MQTT_OK/GD32VW55X_Wifi_BLE_SDK/GD32VW55x_RELEASE_V1.0.2/MSDK/cloud/alicloud/src/infra/utils/misc\json_token.c **** char *LITE_json_value_of(char *key, char *src, ...)
  13:C:/Users/stapi/OneDrive/Desktop/GD32VW553/V1_MQTT_OK/GD32VW55X_Wifi_BLE_SDK/GD32VW55x_RELEASE_V1.0.2/MSDK/cloud/alicloud/src/infra/utils/misc\json_token.c **** {
  20              		.loc 1 13 1
  21              		.cfi_startproc
  22              	.LVL0:
  14:C:/Users/stapi/OneDrive/Desktop/GD32VW553/V1_MQTT_OK/GD32VW55X_Wifi_BLE_SDK/GD32VW55x_RELEASE_V1.0.2/MSDK/cloud/alicloud/src/infra/utils/misc\json_token.c ****     char       *value = NULL;
  23              		.loc 1 14 5
  15:C:/Users/stapi/OneDrive/Desktop/GD32VW553/V1_MQTT_OK/GD32VW55X_Wifi_BLE_SDK/GD32VW55x_RELEASE_V1.0.2/MSDK/cloud/alicloud/src/infra/utils/misc\json_token.c ****     char       *ret = NULL;
  24              		.loc 1 15 5
  16:C:/Users/stapi/OneDrive/Desktop/GD32VW553/V1_MQTT_OK/GD32VW55X_Wifi_BLE_SDK/GD32VW55x_RELEASE_V1.0.2/MSDK/cloud/alicloud/src/infra/utils/misc\json_token.c ****     char       *delim = NULL;
  25              		.loc 1 16 5
  17:C:/Users/stapi/OneDrive/Desktop/GD32VW553/V1_MQTT_OK/GD32VW55X_Wifi_BLE_SDK/GD32VW55x_RELEASE_V1.0.2/MSDK/cloud/alicloud/src/infra/utils/misc\json_token.c ****     char       *key_iter;
  26              		.loc 1 17 5
  18:C:/Users/stapi/OneDrive/Desktop/GD32VW553/V1_MQTT_OK/GD32VW55X_Wifi_BLE_SDK/GD32VW55x_RELEASE_V1.0.2/MSDK/cloud/alicloud/src/infra/utils/misc\json_token.c ****     char       *key_next;
  27              		.loc 1 18 5
  19:C:/Users/stapi/OneDrive/Desktop/GD32VW553/V1_MQTT_OK/GD32VW55X_Wifi_BLE_SDK/GD32VW55x_RELEASE_V1.0.2/MSDK/cloud/alicloud/src/infra/utils/misc\json_token.c ****     char       *src_iter;
  28              		.loc 1 19 5
  20:C:/Users/stapi/OneDrive/Desktop/GD32VW553/V1_MQTT_OK/GD32VW55X_Wifi_BLE_SDK/GD32VW55x_RELEASE_V1.0.2/MSDK/cloud/alicloud/src/infra/utils/misc\json_token.c ****     char       *module_name = NULL;
  29              		.loc 1 20 5
  21:C:/Users/stapi/OneDrive/Desktop/GD32VW553/V1_MQTT_OK/GD32VW55X_Wifi_BLE_SDK/GD32VW55x_RELEASE_V1.0.2/MSDK/cloud/alicloud/src/infra/utils/misc\json_token.c **** 
  22:C:/Users/stapi/OneDrive/Desktop/GD32VW553/V1_MQTT_OK/GD32VW55X_Wifi_BLE_SDK/GD32VW55x_RELEASE_V1.0.2/MSDK/cloud/alicloud/src/infra/utils/misc\json_token.c ****     int         key_len;
  30              		.loc 1 22 5
  23:C:/Users/stapi/OneDrive/Desktop/GD32VW553/V1_MQTT_OK/GD32VW55X_Wifi_BLE_SDK/GD32VW55x_RELEASE_V1.0.2/MSDK/cloud/alicloud/src/infra/utils/misc\json_token.c ****     int         value_len = -1;
  31              		.loc 1 23 5
  13:C:/Users/stapi/OneDrive/Desktop/GD32VW553/V1_MQTT_OK/GD32VW55X_Wifi_BLE_SDK/GD32VW55x_RELEASE_V1.0.2/MSDK/cloud/alicloud/src/infra/utils/misc\json_token.c ****     char       *value = NULL;
  32              		.loc 1 13 1 is_stmt 0
  33 0000 1D71     		addi	sp,sp,-96
  34              		.cfi_def_cfa_offset 96
  35 0002 BECA     		sw	a5,84(sp)
  36              		.loc 1 23 17
  37 0004 FD57     		li	a5,-1
  13:C:/Users/stapi/OneDrive/Desktop/GD32VW553/V1_MQTT_OK/GD32VW55X_Wifi_BLE_SDK/GD32VW55x_RELEASE_V1.0.2/MSDK/cloud/alicloud/src/infra/utils/misc\json_token.c ****     char       *value = NULL;
  38              		.loc 1 13 1
  39 0006 06DE     		sw	ra,60(sp)
  40 0008 22DC     		sw	s0,56(sp)
  41 000a 26DA     		sw	s1,52(sp)
  42 000c 4AD8     		sw	s2,48(sp)
  43 000e 4ED6     		sw	s3,44(sp)
  44              		.cfi_offset 1, -36
  45              		.cfi_offset 8, -40
  46              		.cfi_offset 9, -44
  47              		.cfi_offset 18, -48
  48              		.cfi_offset 19, -52
  13:C:/Users/stapi/OneDrive/Desktop/GD32VW553/V1_MQTT_OK/GD32VW55X_Wifi_BLE_SDK/GD32VW55x_RELEASE_V1.0.2/MSDK/cloud/alicloud/src/infra/utils/misc\json_token.c ****     char       *value = NULL;
  49              		.loc 1 13 1
  50 0010 B2C4     		sw	a2,72(sp)
  51 0012 B6C6     		sw	a3,76(sp)
  52 0014 BAC8     		sw	a4,80(sp)
  53 0016 C2CC     		sw	a6,88(sp)
  54 0018 C6CE     		sw	a7,92(sp)
  55              		.loc 1 23 17
  56 001a 3ECE     		sw	a5,28(sp)
  24:C:/Users/stapi/OneDrive/Desktop/GD32VW553/V1_MQTT_OK/GD32VW55X_Wifi_BLE_SDK/GD32VW55x_RELEASE_V1.0.2/MSDK/cloud/alicloud/src/infra/utils/misc\json_token.c ****     int         src_iter_len;
  57              		.loc 1 24 5 is_stmt 1
  25:C:/Users/stapi/OneDrive/Desktop/GD32VW553/V1_MQTT_OK/GD32VW55X_Wifi_BLE_SDK/GD32VW55x_RELEASE_V1.0.2/MSDK/cloud/alicloud/src/infra/utils/misc\json_token.c ****     int         magic = 0;
  58              		.loc 1 25 5
  59              	.LVL1:
  26:C:/Users/stapi/OneDrive/Desktop/GD32VW553/V1_MQTT_OK/GD32VW55X_Wifi_BLE_SDK/GD32VW55x_RELEASE_V1.0.2/MSDK/cloud/alicloud/src/infra/utils/misc\json_token.c **** 
  27:C:/Users/stapi/OneDrive/Desktop/GD32VW553/V1_MQTT_OK/GD32VW55X_Wifi_BLE_SDK/GD32VW55x_RELEASE_V1.0.2/MSDK/cloud/alicloud/src/infra/utils/misc\json_token.c ****     if (NULL == key || NULL == src) {
  60              		.loc 1 27 5
  61              		.loc 1 27 8 is_stmt 0
  62 001c 11E9     		bne	a0,zero,.L2
  63              	.LVL2:
  64              	.L4:
  28:C:/Users/stapi/OneDrive/Desktop/GD32VW553/V1_MQTT_OK/GD32VW55X_Wifi_BLE_SDK/GD32VW55x_RELEASE_V1.0.2/MSDK/cloud/alicloud/src/infra/utils/misc\json_token.c ****         return NULL;
  65              		.loc 1 28 16
  66 001e 0144     		li	s0,0
  67              	.LVL3:
  68              	.L1:
  29:C:/Users/stapi/OneDrive/Desktop/GD32VW553/V1_MQTT_OK/GD32VW55X_Wifi_BLE_SDK/GD32VW55x_RELEASE_V1.0.2/MSDK/cloud/alicloud/src/infra/utils/misc\json_token.c ****     }
  30:C:/Users/stapi/OneDrive/Desktop/GD32VW553/V1_MQTT_OK/GD32VW55X_Wifi_BLE_SDK/GD32VW55x_RELEASE_V1.0.2/MSDK/cloud/alicloud/src/infra/utils/misc\json_token.c **** 
  31:C:/Users/stapi/OneDrive/Desktop/GD32VW553/V1_MQTT_OK/GD32VW55X_Wifi_BLE_SDK/GD32VW55x_RELEASE_V1.0.2/MSDK/cloud/alicloud/src/infra/utils/misc\json_token.c **** #if WITH_MEM_STATS_PER_MODULE
  32:C:/Users/stapi/OneDrive/Desktop/GD32VW553/V1_MQTT_OK/GD32VW55X_Wifi_BLE_SDK/GD32VW55x_RELEASE_V1.0.2/MSDK/cloud/alicloud/src/infra/utils/misc\json_token.c ****     va_list     ap;
  33:C:/Users/stapi/OneDrive/Desktop/GD32VW553/V1_MQTT_OK/GD32VW55X_Wifi_BLE_SDK/GD32VW55x_RELEASE_V1.0.2/MSDK/cloud/alicloud/src/infra/utils/misc\json_token.c ****     va_start(ap, src);
  34:C:/Users/stapi/OneDrive/Desktop/GD32VW553/V1_MQTT_OK/GD32VW55X_Wifi_BLE_SDK/GD32VW55x_RELEASE_V1.0.2/MSDK/cloud/alicloud/src/infra/utils/misc\json_token.c ****     magic = va_arg(ap, int);
  35:C:/Users/stapi/OneDrive/Desktop/GD32VW553/V1_MQTT_OK/GD32VW55X_Wifi_BLE_SDK/GD32VW55x_RELEASE_V1.0.2/MSDK/cloud/alicloud/src/infra/utils/misc\json_token.c ****     if (MEM_MAGIC == magic) {
  36:C:/Users/stapi/OneDrive/Desktop/GD32VW553/V1_MQTT_OK/GD32VW55X_Wifi_BLE_SDK/GD32VW55x_RELEASE_V1.0.2/MSDK/cloud/alicloud/src/infra/utils/misc\json_token.c ****         module_name = va_arg(ap, char *);
  37:C:/Users/stapi/OneDrive/Desktop/GD32VW553/V1_MQTT_OK/GD32VW55X_Wifi_BLE_SDK/GD32VW55x_RELEASE_V1.0.2/MSDK/cloud/alicloud/src/infra/utils/misc\json_token.c ****     }
  38:C:/Users/stapi/OneDrive/Desktop/GD32VW553/V1_MQTT_OK/GD32VW55X_Wifi_BLE_SDK/GD32VW55x_RELEASE_V1.0.2/MSDK/cloud/alicloud/src/infra/utils/misc\json_token.c ****     va_end(ap);
  39:C:/Users/stapi/OneDrive/Desktop/GD32VW553/V1_MQTT_OK/GD32VW55X_Wifi_BLE_SDK/GD32VW55x_RELEASE_V1.0.2/MSDK/cloud/alicloud/src/infra/utils/misc\json_token.c **** #endif
  40:C:/Users/stapi/OneDrive/Desktop/GD32VW553/V1_MQTT_OK/GD32VW55X_Wifi_BLE_SDK/GD32VW55x_RELEASE_V1.0.2/MSDK/cloud/alicloud/src/infra/utils/misc\json_token.c **** 
  41:C:/Users/stapi/OneDrive/Desktop/GD32VW553/V1_MQTT_OK/GD32VW55X_Wifi_BLE_SDK/GD32VW55x_RELEASE_V1.0.2/MSDK/cloud/alicloud/src/infra/utils/misc\json_token.c ****     src_iter = src;
  42:C:/Users/stapi/OneDrive/Desktop/GD32VW553/V1_MQTT_OK/GD32VW55X_Wifi_BLE_SDK/GD32VW55x_RELEASE_V1.0.2/MSDK/cloud/alicloud/src/infra/utils/misc\json_token.c ****     src_iter_len = strlen(src_iter);
  43:C:/Users/stapi/OneDrive/Desktop/GD32VW553/V1_MQTT_OK/GD32VW55X_Wifi_BLE_SDK/GD32VW55x_RELEASE_V1.0.2/MSDK/cloud/alicloud/src/infra/utils/misc\json_token.c ****     key_iter = key;
  44:C:/Users/stapi/OneDrive/Desktop/GD32VW553/V1_MQTT_OK/GD32VW55X_Wifi_BLE_SDK/GD32VW55x_RELEASE_V1.0.2/MSDK/cloud/alicloud/src/infra/utils/misc\json_token.c **** 
  45:C:/Users/stapi/OneDrive/Desktop/GD32VW553/V1_MQTT_OK/GD32VW55X_Wifi_BLE_SDK/GD32VW55x_RELEASE_V1.0.2/MSDK/cloud/alicloud/src/infra/utils/misc\json_token.c ****     do {
  46:C:/Users/stapi/OneDrive/Desktop/GD32VW553/V1_MQTT_OK/GD32VW55X_Wifi_BLE_SDK/GD32VW55x_RELEASE_V1.0.2/MSDK/cloud/alicloud/src/infra/utils/misc\json_token.c ****         if ((delim = strchr(key_iter, '.')) != NULL) {
  47:C:/Users/stapi/OneDrive/Desktop/GD32VW553/V1_MQTT_OK/GD32VW55X_Wifi_BLE_SDK/GD32VW55x_RELEASE_V1.0.2/MSDK/cloud/alicloud/src/infra/utils/misc\json_token.c ****             key_len = delim - key_iter;
  48:C:/Users/stapi/OneDrive/Desktop/GD32VW553/V1_MQTT_OK/GD32VW55X_Wifi_BLE_SDK/GD32VW55x_RELEASE_V1.0.2/MSDK/cloud/alicloud/src/infra/utils/misc\json_token.c ****             key_next = key_iter;
  49:C:/Users/stapi/OneDrive/Desktop/GD32VW553/V1_MQTT_OK/GD32VW55X_Wifi_BLE_SDK/GD32VW55x_RELEASE_V1.0.2/MSDK/cloud/alicloud/src/infra/utils/misc\json_token.c **** 
  50:C:/Users/stapi/OneDrive/Desktop/GD32VW553/V1_MQTT_OK/GD32VW55X_Wifi_BLE_SDK/GD32VW55x_RELEASE_V1.0.2/MSDK/cloud/alicloud/src/infra/utils/misc\json_token.c ****             value = json_get_value_by_name_len(src_iter, src_iter_len, key_next, key_len, &value_le
  51:C:/Users/stapi/OneDrive/Desktop/GD32VW553/V1_MQTT_OK/GD32VW55X_Wifi_BLE_SDK/GD32VW55x_RELEASE_V1.0.2/MSDK/cloud/alicloud/src/infra/utils/misc\json_token.c ****             if (value == NULL) {
  52:C:/Users/stapi/OneDrive/Desktop/GD32VW553/V1_MQTT_OK/GD32VW55X_Wifi_BLE_SDK/GD32VW55x_RELEASE_V1.0.2/MSDK/cloud/alicloud/src/infra/utils/misc\json_token.c ****                 return NULL;
  53:C:/Users/stapi/OneDrive/Desktop/GD32VW553/V1_MQTT_OK/GD32VW55X_Wifi_BLE_SDK/GD32VW55x_RELEASE_V1.0.2/MSDK/cloud/alicloud/src/infra/utils/misc\json_token.c ****             }
  54:C:/Users/stapi/OneDrive/Desktop/GD32VW553/V1_MQTT_OK/GD32VW55X_Wifi_BLE_SDK/GD32VW55x_RELEASE_V1.0.2/MSDK/cloud/alicloud/src/infra/utils/misc\json_token.c **** 
  55:C:/Users/stapi/OneDrive/Desktop/GD32VW553/V1_MQTT_OK/GD32VW55X_Wifi_BLE_SDK/GD32VW55x_RELEASE_V1.0.2/MSDK/cloud/alicloud/src/infra/utils/misc\json_token.c ****             src_iter = value;
  56:C:/Users/stapi/OneDrive/Desktop/GD32VW553/V1_MQTT_OK/GD32VW55X_Wifi_BLE_SDK/GD32VW55x_RELEASE_V1.0.2/MSDK/cloud/alicloud/src/infra/utils/misc\json_token.c ****             src_iter_len = value_len;
  57:C:/Users/stapi/OneDrive/Desktop/GD32VW553/V1_MQTT_OK/GD32VW55X_Wifi_BLE_SDK/GD32VW55x_RELEASE_V1.0.2/MSDK/cloud/alicloud/src/infra/utils/misc\json_token.c ****             key_iter = delim + 1;
  58:C:/Users/stapi/OneDrive/Desktop/GD32VW553/V1_MQTT_OK/GD32VW55X_Wifi_BLE_SDK/GD32VW55x_RELEASE_V1.0.2/MSDK/cloud/alicloud/src/infra/utils/misc\json_token.c ****         }
  59:C:/Users/stapi/OneDrive/Desktop/GD32VW553/V1_MQTT_OK/GD32VW55X_Wifi_BLE_SDK/GD32VW55x_RELEASE_V1.0.2/MSDK/cloud/alicloud/src/infra/utils/misc\json_token.c ****     } while (delim);
  60:C:/Users/stapi/OneDrive/Desktop/GD32VW553/V1_MQTT_OK/GD32VW55X_Wifi_BLE_SDK/GD32VW55x_RELEASE_V1.0.2/MSDK/cloud/alicloud/src/infra/utils/misc\json_token.c **** 
  61:C:/Users/stapi/OneDrive/Desktop/GD32VW553/V1_MQTT_OK/GD32VW55X_Wifi_BLE_SDK/GD32VW55x_RELEASE_V1.0.2/MSDK/cloud/alicloud/src/infra/utils/misc\json_token.c ****     key_len = strlen(key_iter);
  62:C:/Users/stapi/OneDrive/Desktop/GD32VW553/V1_MQTT_OK/GD32VW55X_Wifi_BLE_SDK/GD32VW55x_RELEASE_V1.0.2/MSDK/cloud/alicloud/src/infra/utils/misc\json_token.c ****     key_next = key_iter;
  63:C:/Users/stapi/OneDrive/Desktop/GD32VW553/V1_MQTT_OK/GD32VW55X_Wifi_BLE_SDK/GD32VW55x_RELEASE_V1.0.2/MSDK/cloud/alicloud/src/infra/utils/misc\json_token.c ****     value = json_get_value_by_name_len(src_iter, src_iter_len, key_next, key_len, &value_len, 0);
  64:C:/Users/stapi/OneDrive/Desktop/GD32VW553/V1_MQTT_OK/GD32VW55X_Wifi_BLE_SDK/GD32VW55x_RELEASE_V1.0.2/MSDK/cloud/alicloud/src/infra/utils/misc\json_token.c ****     if (NULL == value) {
  65:C:/Users/stapi/OneDrive/Desktop/GD32VW553/V1_MQTT_OK/GD32VW55X_Wifi_BLE_SDK/GD32VW55x_RELEASE_V1.0.2/MSDK/cloud/alicloud/src/infra/utils/misc\json_token.c ****         return NULL;
  66:C:/Users/stapi/OneDrive/Desktop/GD32VW553/V1_MQTT_OK/GD32VW55X_Wifi_BLE_SDK/GD32VW55x_RELEASE_V1.0.2/MSDK/cloud/alicloud/src/infra/utils/misc\json_token.c ****     }
  67:C:/Users/stapi/OneDrive/Desktop/GD32VW553/V1_MQTT_OK/GD32VW55X_Wifi_BLE_SDK/GD32VW55x_RELEASE_V1.0.2/MSDK/cloud/alicloud/src/infra/utils/misc\json_token.c ****     ret = LITE_malloc((value_len + 1) * sizeof(char), magic, module_name);
  68:C:/Users/stapi/OneDrive/Desktop/GD32VW553/V1_MQTT_OK/GD32VW55X_Wifi_BLE_SDK/GD32VW55x_RELEASE_V1.0.2/MSDK/cloud/alicloud/src/infra/utils/misc\json_token.c ****     if (NULL == ret) {
  69:C:/Users/stapi/OneDrive/Desktop/GD32VW553/V1_MQTT_OK/GD32VW55X_Wifi_BLE_SDK/GD32VW55x_RELEASE_V1.0.2/MSDK/cloud/alicloud/src/infra/utils/misc\json_token.c ****         return NULL;
  70:C:/Users/stapi/OneDrive/Desktop/GD32VW553/V1_MQTT_OK/GD32VW55X_Wifi_BLE_SDK/GD32VW55x_RELEASE_V1.0.2/MSDK/cloud/alicloud/src/infra/utils/misc\json_token.c ****     }
  71:C:/Users/stapi/OneDrive/Desktop/GD32VW553/V1_MQTT_OK/GD32VW55X_Wifi_BLE_SDK/GD32VW55x_RELEASE_V1.0.2/MSDK/cloud/alicloud/src/infra/utils/misc\json_token.c ****     LITE_snprintf(ret, value_len + 1, "%s", value);
  72:C:/Users/stapi/OneDrive/Desktop/GD32VW553/V1_MQTT_OK/GD32VW55X_Wifi_BLE_SDK/GD32VW55x_RELEASE_V1.0.2/MSDK/cloud/alicloud/src/infra/utils/misc\json_token.c ****     return ret;
  73:C:/Users/stapi/OneDrive/Desktop/GD32VW553/V1_MQTT_OK/GD32VW55X_Wifi_BLE_SDK/GD32VW55x_RELEASE_V1.0.2/MSDK/cloud/alicloud/src/infra/utils/misc\json_token.c **** }
  69              		.loc 1 73 1
  70 0020 F250     		lw	ra,60(sp)
  71              		.cfi_remember_state
  72              		.cfi_restore 1
  73 0022 2285     		mv	a0,s0
  74 0024 6254     		lw	s0,56(sp)
  75              		.cfi_restore 8
  76 0026 D254     		lw	s1,52(sp)
  77              		.cfi_restore 9
  78 0028 4259     		lw	s2,48(sp)
  79              		.cfi_restore 18
  80 002a B259     		lw	s3,44(sp)
  81              		.cfi_restore 19
  82 002c 2561     		addi	sp,sp,96
  83              		.cfi_def_cfa_offset 0
  84 002e 8280     		jr	ra
  85              	.LVL4:
  86              	.L2:
  87              		.cfi_restore_state
  88 0030 2E84     		mv	s0,a1
  27:C:/Users/stapi/OneDrive/Desktop/GD32VW553/V1_MQTT_OK/GD32VW55X_Wifi_BLE_SDK/GD32VW55x_RELEASE_V1.0.2/MSDK/cloud/alicloud/src/infra/utils/misc\json_token.c ****         return NULL;
  89              		.loc 1 27 21 discriminator 1
  90 0032 F5D5     		beq	a1,zero,.L4
  91              	.LVL5:
  92 0034 AA84     		mv	s1,a0
  41:C:/Users/stapi/OneDrive/Desktop/GD32VW553/V1_MQTT_OK/GD32VW55X_Wifi_BLE_SDK/GD32VW55x_RELEASE_V1.0.2/MSDK/cloud/alicloud/src/infra/utils/misc\json_token.c ****     src_iter_len = strlen(src_iter);
  93              		.loc 1 41 5 is_stmt 1
  94              	.LVL6:
  42:C:/Users/stapi/OneDrive/Desktop/GD32VW553/V1_MQTT_OK/GD32VW55X_Wifi_BLE_SDK/GD32VW55x_RELEASE_V1.0.2/MSDK/cloud/alicloud/src/infra/utils/misc\json_token.c ****     key_iter = key;
  95              		.loc 1 42 5
  42:C:/Users/stapi/OneDrive/Desktop/GD32VW553/V1_MQTT_OK/GD32VW55X_Wifi_BLE_SDK/GD32VW55x_RELEASE_V1.0.2/MSDK/cloud/alicloud/src/infra/utils/misc\json_token.c ****     key_iter = key;
  96              		.loc 1 42 20 is_stmt 0
  97 0036 2E85     		mv	a0,a1
  98              	.LVL7:
  99 0038 97000000 		call	strlen
  99      E7800000 
 100              	.LVL8:
 101 0040 2A89     		mv	s2,a0
 102              	.LVL9:
  43:C:/Users/stapi/OneDrive/Desktop/GD32VW553/V1_MQTT_OK/GD32VW55X_Wifi_BLE_SDK/GD32VW55x_RELEASE_V1.0.2/MSDK/cloud/alicloud/src/infra/utils/misc\json_token.c **** 
 103              		.loc 1 43 5 is_stmt 1
 104              	.L6:
  45:C:/Users/stapi/OneDrive/Desktop/GD32VW553/V1_MQTT_OK/GD32VW55X_Wifi_BLE_SDK/GD32VW55x_RELEASE_V1.0.2/MSDK/cloud/alicloud/src/infra/utils/misc\json_token.c ****         if ((delim = strchr(key_iter, '.')) != NULL) {
 105              		.loc 1 45 5
  46:C:/Users/stapi/OneDrive/Desktop/GD32VW553/V1_MQTT_OK/GD32VW55X_Wifi_BLE_SDK/GD32VW55x_RELEASE_V1.0.2/MSDK/cloud/alicloud/src/infra/utils/misc\json_token.c ****             key_len = delim - key_iter;
 106              		.loc 1 46 9
  46:C:/Users/stapi/OneDrive/Desktop/GD32VW553/V1_MQTT_OK/GD32VW55X_Wifi_BLE_SDK/GD32VW55x_RELEASE_V1.0.2/MSDK/cloud/alicloud/src/infra/utils/misc\json_token.c ****             key_len = delim - key_iter;
 107              		.loc 1 46 22 is_stmt 0
 108 0042 9305E002 		li	a1,46
 109 0046 2685     		mv	a0,s1
 110 0048 97000000 		call	strchr
 110      E7800000 
 111              	.LVL10:
 112 0050 AA89     		mv	s3,a0
 113              	.LVL11:
  46:C:/Users/stapi/OneDrive/Desktop/GD32VW553/V1_MQTT_OK/GD32VW55X_Wifi_BLE_SDK/GD32VW55x_RELEASE_V1.0.2/MSDK/cloud/alicloud/src/infra/utils/misc\json_token.c ****             key_len = delim - key_iter;
 114              		.loc 1 46 12
 115 0052 15C1     		beq	a0,zero,.L5
  47:C:/Users/stapi/OneDrive/Desktop/GD32VW553/V1_MQTT_OK/GD32VW55X_Wifi_BLE_SDK/GD32VW55x_RELEASE_V1.0.2/MSDK/cloud/alicloud/src/infra/utils/misc\json_token.c ****             key_next = key_iter;
 116              		.loc 1 47 13 is_stmt 1
 117              	.LVL12:
  48:C:/Users/stapi/OneDrive/Desktop/GD32VW553/V1_MQTT_OK/GD32VW55X_Wifi_BLE_SDK/GD32VW55x_RELEASE_V1.0.2/MSDK/cloud/alicloud/src/infra/utils/misc\json_token.c **** 
 118              		.loc 1 48 13
  50:C:/Users/stapi/OneDrive/Desktop/GD32VW553/V1_MQTT_OK/GD32VW55X_Wifi_BLE_SDK/GD32VW55x_RELEASE_V1.0.2/MSDK/cloud/alicloud/src/infra/utils/misc\json_token.c ****             if (value == NULL) {
 119              		.loc 1 50 13
  50:C:/Users/stapi/OneDrive/Desktop/GD32VW553/V1_MQTT_OK/GD32VW55X_Wifi_BLE_SDK/GD32VW55x_RELEASE_V1.0.2/MSDK/cloud/alicloud/src/infra/utils/misc\json_token.c ****             if (value == NULL) {
 120              		.loc 1 50 21 is_stmt 0
 121 0054 B3069540 		sub	a3,a0,s1
 122              	.LVL13:
 123 0058 8147     		li	a5,0
 124 005a 2285     		mv	a0,s0
 125              	.LVL14:
 126 005c 7808     		addi	a4,sp,28
 127 005e 2686     		mv	a2,s1
 128 0060 CA85     		mv	a1,s2
 129 0062 97000000 		call	json_get_value_by_name_len
 129      E7800000 
 130              	.LVL15:
 131 006a 2A84     		mv	s0,a0
 132              	.LVL16:
  51:C:/Users/stapi/OneDrive/Desktop/GD32VW553/V1_MQTT_OK/GD32VW55X_Wifi_BLE_SDK/GD32VW55x_RELEASE_V1.0.2/MSDK/cloud/alicloud/src/infra/utils/misc\json_token.c ****                 return NULL;
 133              		.loc 1 51 13 is_stmt 1
  51:C:/Users/stapi/OneDrive/Desktop/GD32VW553/V1_MQTT_OK/GD32VW55X_Wifi_BLE_SDK/GD32VW55x_RELEASE_V1.0.2/MSDK/cloud/alicloud/src/infra/utils/misc\json_token.c ****                 return NULL;
 134              		.loc 1 51 16 is_stmt 0
 135 006c 4DD9     		beq	a0,zero,.L4
  55:C:/Users/stapi/OneDrive/Desktop/GD32VW553/V1_MQTT_OK/GD32VW55X_Wifi_BLE_SDK/GD32VW55x_RELEASE_V1.0.2/MSDK/cloud/alicloud/src/infra/utils/misc\json_token.c ****             src_iter_len = value_len;
 136              		.loc 1 55 13 is_stmt 1
 137              	.LVL17:
  56:C:/Users/stapi/OneDrive/Desktop/GD32VW553/V1_MQTT_OK/GD32VW55X_Wifi_BLE_SDK/GD32VW55x_RELEASE_V1.0.2/MSDK/cloud/alicloud/src/infra/utils/misc\json_token.c ****             key_iter = delim + 1;
 138              		.loc 1 56 13
  56:C:/Users/stapi/OneDrive/Desktop/GD32VW553/V1_MQTT_OK/GD32VW55X_Wifi_BLE_SDK/GD32VW55x_RELEASE_V1.0.2/MSDK/cloud/alicloud/src/infra/utils/misc\json_token.c ****             key_iter = delim + 1;
 139              		.loc 1 56 26 is_stmt 0
 140 006e 7249     		lw	s2,28(sp)
 141              	.LVL18:
  57:C:/Users/stapi/OneDrive/Desktop/GD32VW553/V1_MQTT_OK/GD32VW55X_Wifi_BLE_SDK/GD32VW55x_RELEASE_V1.0.2/MSDK/cloud/alicloud/src/infra/utils/misc\json_token.c ****         }
 142              		.loc 1 57 13 is_stmt 1
  57:C:/Users/stapi/OneDrive/Desktop/GD32VW553/V1_MQTT_OK/GD32VW55X_Wifi_BLE_SDK/GD32VW55x_RELEASE_V1.0.2/MSDK/cloud/alicloud/src/infra/utils/misc\json_token.c ****         }
 143              		.loc 1 57 22 is_stmt 0
 144 0070 93841900 		addi	s1,s3,1
 145              	.LVL19:
  59:C:/Users/stapi/OneDrive/Desktop/GD32VW553/V1_MQTT_OK/GD32VW55X_Wifi_BLE_SDK/GD32VW55x_RELEASE_V1.0.2/MSDK/cloud/alicloud/src/infra/utils/misc\json_token.c **** 
 146              		.loc 1 59 13 is_stmt 1
 147 0074 F9B7     		j	.L6
 148              	.LVL20:
 149              	.L5:
  59:C:/Users/stapi/OneDrive/Desktop/GD32VW553/V1_MQTT_OK/GD32VW55X_Wifi_BLE_SDK/GD32VW55x_RELEASE_V1.0.2/MSDK/cloud/alicloud/src/infra/utils/misc\json_token.c **** 
 150              		.loc 1 59 13
  61:C:/Users/stapi/OneDrive/Desktop/GD32VW553/V1_MQTT_OK/GD32VW55X_Wifi_BLE_SDK/GD32VW55x_RELEASE_V1.0.2/MSDK/cloud/alicloud/src/infra/utils/misc\json_token.c ****     key_next = key_iter;
 151              		.loc 1 61 5
  61:C:/Users/stapi/OneDrive/Desktop/GD32VW553/V1_MQTT_OK/GD32VW55X_Wifi_BLE_SDK/GD32VW55x_RELEASE_V1.0.2/MSDK/cloud/alicloud/src/infra/utils/misc\json_token.c ****     key_next = key_iter;
 152              		.loc 1 61 15 is_stmt 0
 153 0076 2685     		mv	a0,s1
 154              	.LVL21:
 155 0078 97000000 		call	strlen
 155      E7800000 
 156              	.LVL22:
 157 0080 AA86     		mv	a3,a0
 158              	.LVL23:
  62:C:/Users/stapi/OneDrive/Desktop/GD32VW553/V1_MQTT_OK/GD32VW55X_Wifi_BLE_SDK/GD32VW55x_RELEASE_V1.0.2/MSDK/cloud/alicloud/src/infra/utils/misc\json_token.c ****     value = json_get_value_by_name_len(src_iter, src_iter_len, key_next, key_len, &value_len, 0);
 159              		.loc 1 62 5 is_stmt 1
  63:C:/Users/stapi/OneDrive/Desktop/GD32VW553/V1_MQTT_OK/GD32VW55X_Wifi_BLE_SDK/GD32VW55x_RELEASE_V1.0.2/MSDK/cloud/alicloud/src/infra/utils/misc\json_token.c ****     if (NULL == value) {
 160              		.loc 1 63 5
  63:C:/Users/stapi/OneDrive/Desktop/GD32VW553/V1_MQTT_OK/GD32VW55X_Wifi_BLE_SDK/GD32VW55x_RELEASE_V1.0.2/MSDK/cloud/alicloud/src/infra/utils/misc\json_token.c ****     if (NULL == value) {
 161              		.loc 1 63 13 is_stmt 0
 162 0082 8147     		li	a5,0
 163 0084 7808     		addi	a4,sp,28
 164 0086 2686     		mv	a2,s1
 165 0088 CA85     		mv	a1,s2
 166 008a 2285     		mv	a0,s0
 167              	.LVL24:
 168 008c 97000000 		call	json_get_value_by_name_len
 168      E7800000 
 169              	.LVL25:
 170 0094 AA86     		mv	a3,a0
 171              	.LVL26:
  64:C:/Users/stapi/OneDrive/Desktop/GD32VW553/V1_MQTT_OK/GD32VW55X_Wifi_BLE_SDK/GD32VW55x_RELEASE_V1.0.2/MSDK/cloud/alicloud/src/infra/utils/misc\json_token.c ****         return NULL;
 172              		.loc 1 64 5 is_stmt 1
  64:C:/Users/stapi/OneDrive/Desktop/GD32VW553/V1_MQTT_OK/GD32VW55X_Wifi_BLE_SDK/GD32VW55x_RELEASE_V1.0.2/MSDK/cloud/alicloud/src/infra/utils/misc\json_token.c ****         return NULL;
 173              		.loc 1 64 8 is_stmt 0
 174 0096 41D5     		beq	a0,zero,.L4
  67:C:/Users/stapi/OneDrive/Desktop/GD32VW553/V1_MQTT_OK/GD32VW55X_Wifi_BLE_SDK/GD32VW55x_RELEASE_V1.0.2/MSDK/cloud/alicloud/src/infra/utils/misc\json_token.c ****     if (NULL == ret) {
 175              		.loc 1 67 11
 176 0098 7246     		lw	a2,28(sp)
 177 009a 8145     		li	a1,0
 178 009c 0145     		li	a0,0
 179              	.LVL27:
 180 009e 0506     		addi	a2,a2,1
 181 00a0 36C6     		sw	a3,12(sp)
  67:C:/Users/stapi/OneDrive/Desktop/GD32VW553/V1_MQTT_OK/GD32VW55X_Wifi_BLE_SDK/GD32VW55x_RELEASE_V1.0.2/MSDK/cloud/alicloud/src/infra/utils/misc\json_token.c ****     if (NULL == ret) {
 182              		.loc 1 67 5 is_stmt 1
  67:C:/Users/stapi/OneDrive/Desktop/GD32VW553/V1_MQTT_OK/GD32VW55X_Wifi_BLE_SDK/GD32VW55x_RELEASE_V1.0.2/MSDK/cloud/alicloud/src/infra/utils/misc\json_token.c ****     if (NULL == ret) {
 183              		.loc 1 67 11 is_stmt 0
 184 00a2 97000000 		call	LITE_malloc_internal
 184      E7800000 
 185              	.LVL28:
 186 00aa 2A84     		mv	s0,a0
 187              	.LVL29:
  68:C:/Users/stapi/OneDrive/Desktop/GD32VW553/V1_MQTT_OK/GD32VW55X_Wifi_BLE_SDK/GD32VW55x_RELEASE_V1.0.2/MSDK/cloud/alicloud/src/infra/utils/misc\json_token.c ****         return NULL;
 188              		.loc 1 68 5 is_stmt 1
  68:C:/Users/stapi/OneDrive/Desktop/GD32VW553/V1_MQTT_OK/GD32VW55X_Wifi_BLE_SDK/GD32VW55x_RELEASE_V1.0.2/MSDK/cloud/alicloud/src/infra/utils/misc\json_token.c ****         return NULL;
 189              		.loc 1 68 8 is_stmt 0
 190 00ac 35D9     		beq	a0,zero,.L1
  71:C:/Users/stapi/OneDrive/Desktop/GD32VW553/V1_MQTT_OK/GD32VW55X_Wifi_BLE_SDK/GD32VW55x_RELEASE_V1.0.2/MSDK/cloud/alicloud/src/infra/utils/misc\json_token.c ****     return ret;
 191              		.loc 1 71 5 is_stmt 1
 192 00ae F245     		lw	a1,28(sp)
 193 00b0 B246     		lw	a3,12(sp)
 194 00b2 37060000 		lui	a2,%hi(.LC0)
 195 00b6 13060600 		addi	a2,a2,%lo(.LC0)
 196 00ba 8505     		addi	a1,a1,1
 197 00bc 97000000 		call	HAL_Snprintf
 197      E7800000 
 198              	.LVL30:
  72:C:/Users/stapi/OneDrive/Desktop/GD32VW553/V1_MQTT_OK/GD32VW55X_Wifi_BLE_SDK/GD32VW55x_RELEASE_V1.0.2/MSDK/cloud/alicloud/src/infra/utils/misc\json_token.c **** }
 199              		.loc 1 72 5
  72:C:/Users/stapi/OneDrive/Desktop/GD32VW553/V1_MQTT_OK/GD32VW55X_Wifi_BLE_SDK/GD32VW55x_RELEASE_V1.0.2/MSDK/cloud/alicloud/src/infra/utils/misc\json_token.c **** }
 200              		.loc 1 72 12 is_stmt 0
 201 00c4 B1BF     		j	.L1
 202              		.cfi_endproc
 203              	.LFE20:
 205              		.text
 206              	.Letext0:
 207              		.file 2 "c:\\users\\stapi\\onedrive\\desktop\\gd32vw553\\embeddedbuilder_v1.4.7.26843\\tools\\nucl
 208              		.file 3 "..\\..\\..\\..\\cloud\\alicloud\\src\\infra\\utils\\misc/json_parser.h"
 209              		.file 4 "..\\..\\..\\..\\cloud\\alicloud\\src\\infra\\utils/iotx_utils.h"
 210              		.file 5 "..\\..\\..\\..\\cloud\\alicloud\\include/iot_import.h"
DEFINED SYMBOLS
                            *ABS*:0000000000000000 json_token.c
C:\Users\stapi\AppData\Local\Temp\ccp16q6I.s:17     .text.LITE_json_value_of:0000000000000000 LITE_json_value_of
C:\Users\stapi\AppData\Local\Temp\ccp16q6I.s:21     .text.LITE_json_value_of:0000000000000000 .L0 
C:\Users\stapi\AppData\Local\Temp\ccp16q6I.s:23     .text.LITE_json_value_of:0000000000000000 .L0 
C:\Users\stapi\AppData\Local\Temp\ccp16q6I.s:24     .text.LITE_json_value_of:0000000000000000 .L0 
C:\Users\stapi\AppData\Local\Temp\ccp16q6I.s:25     .text.LITE_json_value_of:0000000000000000 .L0 
C:\Users\stapi\AppData\Local\Temp\ccp16q6I.s:26     .text.LITE_json_value_of:0000000000000000 .L0 
C:\Users\stapi\AppData\Local\Temp\ccp16q6I.s:27     .text.LITE_json_value_of:0000000000000000 .L0 
C:\Users\stapi\AppData\Local\Temp\ccp16q6I.s:28     .text.LITE_json_value_of:0000000000000000 .L0 
C:\Users\stapi\AppData\Local\Temp\ccp16q6I.s:29     .text.LITE_json_value_of:0000000000000000 .L0 
C:\Users\stapi\AppData\Local\Temp\ccp16q6I.s:30     .text.LITE_json_value_of:0000000000000000 .L0 
C:\Users\stapi\AppData\Local\Temp\ccp16q6I.s:31     .text.LITE_json_value_of:0000000000000000 .L0 
C:\Users\stapi\AppData\Local\Temp\ccp16q6I.s:32     .text.LITE_json_value_of:0000000000000000 .L0 
C:\Users\stapi\AppData\Local\Temp\ccp16q6I.s:33     .text.LITE_json_value_of:0000000000000000 .L0 
C:\Users\stapi\AppData\Local\Temp\ccp16q6I.s:34     .text.LITE_json_value_of:0000000000000002 .L0 
C:\Users\stapi\AppData\Local\Temp\ccp16q6I.s:37     .text.LITE_json_value_of:0000000000000004 .L0 
C:\Users\stapi\AppData\Local\Temp\ccp16q6I.s:39     .text.LITE_json_value_of:0000000000000006 .L0 
C:\Users\stapi\AppData\Local\Temp\ccp16q6I.s:44     .text.LITE_json_value_of:0000000000000010 .L0 
C:\Users\stapi\AppData\Local\Temp\ccp16q6I.s:45     .text.LITE_json_value_of:0000000000000010 .L0 
C:\Users\stapi\AppData\Local\Temp\ccp16q6I.s:46     .text.LITE_json_value_of:0000000000000010 .L0 
C:\Users\stapi\AppData\Local\Temp\ccp16q6I.s:47     .text.LITE_json_value_of:0000000000000010 .L0 
C:\Users\stapi\AppData\Local\Temp\ccp16q6I.s:48     .text.LITE_json_value_of:0000000000000010 .L0 
C:\Users\stapi\AppData\Local\Temp\ccp16q6I.s:50     .text.LITE_json_value_of:0000000000000010 .L0 
C:\Users\stapi\AppData\Local\Temp\ccp16q6I.s:56     .text.LITE_json_value_of:000000000000001a .L0 
C:\Users\stapi\AppData\Local\Temp\ccp16q6I.s:58     .text.LITE_json_value_of:000000000000001c .L0 
C:\Users\stapi\AppData\Local\Temp\ccp16q6I.s:60     .text.LITE_json_value_of:000000000000001c .L0 
C:\Users\stapi\AppData\Local\Temp\ccp16q6I.s:61     .text.LITE_json_value_of:000000000000001c .L0 
C:\Users\stapi\AppData\Local\Temp\ccp16q6I.s:62     .text.LITE_json_value_of:000000000000001c .L0 
C:\Users\stapi\AppData\Local\Temp\ccp16q6I.s:66     .text.LITE_json_value_of:000000000000001e .L0 
C:\Users\stapi\AppData\Local\Temp\ccp16q6I.s:70     .text.LITE_json_value_of:0000000000000020 .L0 
C:\Users\stapi\AppData\Local\Temp\ccp16q6I.s:71     .text.LITE_json_value_of:0000000000000022 .L0 
C:\Users\stapi\AppData\Local\Temp\ccp16q6I.s:72     .text.LITE_json_value_of:0000000000000022 .L0 
C:\Users\stapi\AppData\Local\Temp\ccp16q6I.s:75     .text.LITE_json_value_of:0000000000000026 .L0 
C:\Users\stapi\AppData\Local\Temp\ccp16q6I.s:77     .text.LITE_json_value_of:0000000000000028 .L0 
C:\Users\stapi\AppData\Local\Temp\ccp16q6I.s:79     .text.LITE_json_value_of:000000000000002a .L0 
C:\Users\stapi\AppData\Local\Temp\ccp16q6I.s:81     .text.LITE_json_value_of:000000000000002c .L0 
C:\Users\stapi\AppData\Local\Temp\ccp16q6I.s:83     .text.LITE_json_value_of:000000000000002e .L0 
C:\Users\stapi\AppData\Local\Temp\ccp16q6I.s:87     .text.LITE_json_value_of:0000000000000030 .L0 
C:\Users\stapi\AppData\Local\Temp\ccp16q6I.s:90     .text.LITE_json_value_of:0000000000000032 .L0 
C:\Users\stapi\AppData\Local\Temp\ccp16q6I.s:95     .text.LITE_json_value_of:0000000000000036 .L0 
C:\Users\stapi\AppData\Local\Temp\ccp16q6I.s:96     .text.LITE_json_value_of:0000000000000036 .L0 
C:\Users\stapi\AppData\Local\Temp\ccp16q6I.s:97     .text.LITE_json_value_of:0000000000000036 .L0 
C:\Users\stapi\AppData\Local\Temp\ccp16q6I.s:105    .text.LITE_json_value_of:0000000000000042 .L0 
C:\Users\stapi\AppData\Local\Temp\ccp16q6I.s:106    .text.LITE_json_value_of:0000000000000042 .L0 
C:\Users\stapi\AppData\Local\Temp\ccp16q6I.s:107    .text.LITE_json_value_of:0000000000000042 .L0 
C:\Users\stapi\AppData\Local\Temp\ccp16q6I.s:108    .text.LITE_json_value_of:0000000000000042 .L0 
C:\Users\stapi\AppData\Local\Temp\ccp16q6I.s:115    .text.LITE_json_value_of:0000000000000052 .L0 
C:\Users\stapi\AppData\Local\Temp\ccp16q6I.s:118    .text.LITE_json_value_of:0000000000000054 .L0 
C:\Users\stapi\AppData\Local\Temp\ccp16q6I.s:119    .text.LITE_json_value_of:0000000000000054 .L0 
C:\Users\stapi\AppData\Local\Temp\ccp16q6I.s:120    .text.LITE_json_value_of:0000000000000054 .L0 
C:\Users\stapi\AppData\Local\Temp\ccp16q6I.s:121    .text.LITE_json_value_of:0000000000000054 .L0 
C:\Users\stapi\AppData\Local\Temp\ccp16q6I.s:134    .text.LITE_json_value_of:000000000000006c .L0 
C:\Users\stapi\AppData\Local\Temp\ccp16q6I.s:135    .text.LITE_json_value_of:000000000000006c .L0 
C:\Users\stapi\AppData\Local\Temp\ccp16q6I.s:138    .text.LITE_json_value_of:000000000000006e .L0 
C:\Users\stapi\AppData\Local\Temp\ccp16q6I.s:139    .text.LITE_json_value_of:000000000000006e .L0 
C:\Users\stapi\AppData\Local\Temp\ccp16q6I.s:140    .text.LITE_json_value_of:000000000000006e .L0 
C:\Users\stapi\AppData\Local\Temp\ccp16q6I.s:143    .text.LITE_json_value_of:0000000000000070 .L0 
C:\Users\stapi\AppData\Local\Temp\ccp16q6I.s:144    .text.LITE_json_value_of:0000000000000070 .L0 
C:\Users\stapi\AppData\Local\Temp\ccp16q6I.s:147    .text.LITE_json_value_of:0000000000000074 .L0 
C:\Users\stapi\AppData\Local\Temp\ccp16q6I.s:151    .text.LITE_json_value_of:0000000000000076 .L0 
C:\Users\stapi\AppData\Local\Temp\ccp16q6I.s:152    .text.LITE_json_value_of:0000000000000076 .L0 
C:\Users\stapi\AppData\Local\Temp\ccp16q6I.s:153    .text.LITE_json_value_of:0000000000000076 .L0 
C:\Users\stapi\AppData\Local\Temp\ccp16q6I.s:160    .text.LITE_json_value_of:0000000000000082 .L0 
C:\Users\stapi\AppData\Local\Temp\ccp16q6I.s:161    .text.LITE_json_value_of:0000000000000082 .L0 
C:\Users\stapi\AppData\Local\Temp\ccp16q6I.s:162    .text.LITE_json_value_of:0000000000000082 .L0 
C:\Users\stapi\AppData\Local\Temp\ccp16q6I.s:173    .text.LITE_json_value_of:0000000000000096 .L0 
C:\Users\stapi\AppData\Local\Temp\ccp16q6I.s:174    .text.LITE_json_value_of:0000000000000096 .L0 
C:\Users\stapi\AppData\Local\Temp\ccp16q6I.s:176    .text.LITE_json_value_of:0000000000000098 .L0 
C:\Users\stapi\AppData\Local\Temp\ccp16q6I.s:183    .text.LITE_json_value_of:00000000000000a2 .L0 
C:\Users\stapi\AppData\Local\Temp\ccp16q6I.s:184    .text.LITE_json_value_of:00000000000000a2 .L0 
C:\Users\stapi\AppData\Local\Temp\ccp16q6I.s:189    .text.LITE_json_value_of:00000000000000ac .L0 
C:\Users\stapi\AppData\Local\Temp\ccp16q6I.s:190    .text.LITE_json_value_of:00000000000000ac .L0 
C:\Users\stapi\AppData\Local\Temp\ccp16q6I.s:192    .text.LITE_json_value_of:00000000000000ae .L0 
C:\Users\stapi\AppData\Local\Temp\ccp16q6I.s:200    .text.LITE_json_value_of:00000000000000c4 .L0 
C:\Users\stapi\AppData\Local\Temp\ccp16q6I.s:201    .text.LITE_json_value_of:00000000000000c4 .L0 
C:\Users\stapi\AppData\Local\Temp\ccp16q6I.s:202    .text.LITE_json_value_of:00000000000000c6 .L0 
C:\Users\stapi\AppData\Local\Temp\ccp16q6I.s:205    .text.LITE_json_value_of:00000000000000c6 .L0 
                     .debug_frame:0000000000000000 .L0 
C:\Users\stapi\AppData\Local\Temp\ccp16q6I.s:11     .rodata.LITE_json_value_of.str1.4:0000000000000000 .LC0
C:\Users\stapi\AppData\Local\Temp\ccp16q6I.s:86     .text.LITE_json_value_of:0000000000000030 .L2
C:\Users\stapi\AppData\Local\Temp\ccp16q6I.s:64     .text.LITE_json_value_of:000000000000001e .L4
C:\Users\stapi\AppData\Local\Temp\ccp16q6I.s:149    .text.LITE_json_value_of:0000000000000076 .L5
C:\Users\stapi\AppData\Local\Temp\ccp16q6I.s:104    .text.LITE_json_value_of:0000000000000042 .L6
C:\Users\stapi\AppData\Local\Temp\ccp16q6I.s:68     .text.LITE_json_value_of:0000000000000020 .L1
C:\Users\stapi\AppData\Local\Temp\ccp16q6I.s:570    .debug_abbrev:0000000000000000 .Ldebug_abbrev0
C:\Users\stapi\AppData\Local\Temp\ccp16q6I.s:1062   .debug_str:0000000000000207 .LASF26
C:\Users\stapi\AppData\Local\Temp\ccp16q6I.s:1022   .debug_str:0000000000000009 .LASF27
C:\Users\stapi\AppData\Local\Temp\ccp16q6I.s:1030   .debug_str:00000000000000bb .LASF28
C:\Users\stapi\AppData\Local\Temp\ccp16q6I.s:1012   .debug_ranges:0000000000000000 .Ldebug_ranges0
C:\Users\stapi\AppData\Local\Temp\ccp16q6I.s:1018   .debug_line:0000000000000000 .Ldebug_line0
C:\Users\stapi\AppData\Local\Temp\ccp16q6I.s:1072   .debug_str:0000000000000327 .LASF0
C:\Users\stapi\AppData\Local\Temp\ccp16q6I.s:1036   .debug_str:000000000000016c .LASF1
C:\Users\stapi\AppData\Local\Temp\ccp16q6I.s:1050   .debug_str:00000000000001ca .LASF2
C:\Users\stapi\AppData\Local\Temp\ccp16q6I.s:1044   .debug_str:00000000000001aa .LASF3
C:\Users\stapi\AppData\Local\Temp\ccp16q6I.s:1066   .debug_str:00000000000002f6 .LASF4
C:\Users\stapi\AppData\Local\Temp\ccp16q6I.s:1040   .debug_str:000000000000018f .LASF5
C:\Users\stapi\AppData\Local\Temp\ccp16q6I.s:1058   .debug_str:00000000000001ed .LASF6
C:\Users\stapi\AppData\Local\Temp\ccp16q6I.s:1034   .debug_str:0000000000000155 .LASF7
C:\Users\stapi\AppData\Local\Temp\ccp16q6I.s:1052   .debug_str:00000000000001d4 .LASF8
C:\Users\stapi\AppData\Local\Temp\ccp16q6I.s:1054   .debug_str:00000000000001e1 .LASF9
C:\Users\stapi\AppData\Local\Temp\ccp16q6I.s:1048   .debug_str:00000000000001c3 .LASF10
C:\Users\stapi\AppData\Local\Temp\ccp16q6I.s:1078   .debug_str:0000000000000346 .LASF29
C:\Users\stapi\AppData\Local\Temp\ccp16q6I.s:18     .text.LITE_json_value_of:0000000000000000 .LFB20
C:\Users\stapi\AppData\Local\Temp\ccp16q6I.s:203    .text.LITE_json_value_of:00000000000000c6 .LFE20
C:\Users\stapi\AppData\Local\Temp\ccp16q6I.s:810    .debug_loc:0000000000000000 .LLST0
C:\Users\stapi\AppData\Local\Temp\ccp16q6I.s:839    .debug_loc:0000000000000045 .LLST1
C:\Users\stapi\AppData\Local\Temp\ccp16q6I.s:1028   .debug_str:00000000000000b5 .LASF11
C:\Users\stapi\AppData\Local\Temp\ccp16q6I.s:868    .debug_loc:000000000000008a .LLST2
C:\Users\stapi\AppData\Local\Temp\ccp16q6I.s:898    .debug_loc:00000000000000d8 .LLST3
C:\Users\stapi\AppData\Local\Temp\ccp16q6I.s:1046   .debug_str:00000000000001bd .LASF12
C:\Users\stapi\AppData\Local\Temp\ccp16q6I.s:915    .debug_loc:0000000000000103 .LLST4
C:\Users\stapi\AppData\Local\Temp\ccp16q6I.s:1042   .debug_str:00000000000001a1 .LASF13
C:\Users\stapi\AppData\Local\Temp\ccp16q6I.s:1032   .debug_str:000000000000014c .LASF14
C:\Users\stapi\AppData\Local\Temp\ccp16q6I.s:944    .debug_loc:000000000000014f .LLST5
C:\Users\stapi\AppData\Local\Temp\ccp16q6I.s:1020   .debug_str:0000000000000000 .LASF15
C:\Users\stapi\AppData\Local\Temp\ccp16q6I.s:955    .debug_loc:000000000000016d .LLST6
C:\Users\stapi\AppData\Local\Temp\ccp16q6I.s:1060   .debug_str:00000000000001fb .LASF16
C:\Users\stapi\AppData\Local\Temp\ccp16q6I.s:1064   .debug_str:00000000000002ee .LASF17
C:\Users\stapi\AppData\Local\Temp\ccp16q6I.s:966    .debug_loc:000000000000018b .LLST7
C:\Users\stapi\AppData\Local\Temp\ccp16q6I.s:1026   .debug_str:00000000000000ab .LASF18
C:\Users\stapi\AppData\Local\Temp\ccp16q6I.s:1076   .debug_str:0000000000000339 .LASF19
C:\Users\stapi\AppData\Local\Temp\ccp16q6I.s:1074   .debug_str:0000000000000333 .LASF20
C:\Users\stapi\AppData\Local\Temp\ccp16q6I.s:100    .text.LITE_json_value_of:0000000000000040 .LVL8
C:\Users\stapi\AppData\Local\Temp\ccp16q6I.s:111    .text.LITE_json_value_of:0000000000000050 .LVL10
C:\Users\stapi\AppData\Local\Temp\ccp16q6I.s:130    .text.LITE_json_value_of:000000000000006a .LVL15
C:\Users\stapi\AppData\Local\Temp\ccp16q6I.s:156    .text.LITE_json_value_of:0000000000000080 .LVL22
C:\Users\stapi\AppData\Local\Temp\ccp16q6I.s:169    .text.LITE_json_value_of:0000000000000094 .LVL25
C:\Users\stapi\AppData\Local\Temp\ccp16q6I.s:185    .text.LITE_json_value_of:00000000000000aa .LVL28
C:\Users\stapi\AppData\Local\Temp\ccp16q6I.s:198    .text.LITE_json_value_of:00000000000000c4 .LVL30
C:\Users\stapi\AppData\Local\Temp\ccp16q6I.s:1056   .debug_str:00000000000001e6 .LASF21
C:\Users\stapi\AppData\Local\Temp\ccp16q6I.s:1024   .debug_str:00000000000000a4 .LASF22
C:\Users\stapi\AppData\Local\Temp\ccp16q6I.s:1070   .debug_str:000000000000030c .LASF23
C:\Users\stapi\AppData\Local\Temp\ccp16q6I.s:1038   .debug_str:000000000000017a .LASF24
C:\Users\stapi\AppData\Local\Temp\ccp16q6I.s:1068   .debug_str:00000000000002ff .LASF25
C:\Users\stapi\AppData\Local\Temp\ccp16q6I.s:22     .text.LITE_json_value_of:0000000000000000 .LVL0
C:\Users\stapi\AppData\Local\Temp\ccp16q6I.s:63     .text.LITE_json_value_of:000000000000001e .LVL2
C:\Users\stapi\AppData\Local\Temp\ccp16q6I.s:85     .text.LITE_json_value_of:0000000000000030 .LVL4
C:\Users\stapi\AppData\Local\Temp\ccp16q6I.s:98     .text.LITE_json_value_of:0000000000000038 .LVL7
C:\Users\stapi\AppData\Local\Temp\ccp16q6I.s:102    .text.LITE_json_value_of:0000000000000042 .LVL9
C:\Users\stapi\AppData\Local\Temp\ccp16q6I.s:91     .text.LITE_json_value_of:0000000000000034 .LVL5
C:\Users\stapi\AppData\Local\Temp\ccp16q6I.s:132    .text.LITE_json_value_of:000000000000006c .LVL16
C:\Users\stapi\AppData\Local\Temp\ccp16q6I.s:148    .text.LITE_json_value_of:0000000000000076 .LVL20
C:\Users\stapi\AppData\Local\Temp\ccp16q6I.s:171    .text.LITE_json_value_of:0000000000000096 .LVL26
C:\Users\stapi\AppData\Local\Temp\ccp16q6I.s:179    .text.LITE_json_value_of:000000000000009e .LVL27
C:\Users\stapi\AppData\Local\Temp\ccp16q6I.s:67     .text.LITE_json_value_of:0000000000000020 .LVL3
C:\Users\stapi\AppData\Local\Temp\ccp16q6I.s:187    .text.LITE_json_value_of:00000000000000ac .LVL29
C:\Users\stapi\AppData\Local\Temp\ccp16q6I.s:113    .text.LITE_json_value_of:0000000000000052 .LVL11
C:\Users\stapi\AppData\Local\Temp\ccp16q6I.s:125    .text.LITE_json_value_of:000000000000005c .LVL14
C:\Users\stapi\AppData\Local\Temp\ccp16q6I.s:154    .text.LITE_json_value_of:0000000000000078 .LVL21
C:\Users\stapi\AppData\Local\Temp\ccp16q6I.s:117    .text.LITE_json_value_of:0000000000000054 .LVL12
C:\Users\stapi\AppData\Local\Temp\ccp16q6I.s:145    .text.LITE_json_value_of:0000000000000074 .LVL19
C:\Users\stapi\AppData\Local\Temp\ccp16q6I.s:158    .text.LITE_json_value_of:0000000000000082 .LVL23
C:\Users\stapi\AppData\Local\Temp\ccp16q6I.s:94     .text.LITE_json_value_of:0000000000000036 .LVL6
C:\Users\stapi\AppData\Local\Temp\ccp16q6I.s:137    .text.LITE_json_value_of:000000000000006e .LVL17
C:\Users\stapi\AppData\Local\Temp\ccp16q6I.s:122    .text.LITE_json_value_of:0000000000000058 .LVL13
C:\Users\stapi\AppData\Local\Temp\ccp16q6I.s:167    .text.LITE_json_value_of:000000000000008c .LVL24
C:\Users\stapi\AppData\Local\Temp\ccp16q6I.s:212    .debug_info:0000000000000000 .Ldebug_info0

UNDEFINED SYMBOLS
strlen
strchr
json_get_value_by_name_len
LITE_malloc_internal
HAL_Snprintf
