   1              		.file	"dev_diagnosis.c"
   2              		.option nopic
   3              		.attribute arch, "rv32i2p0_m2p0_a2p0_f2p0_c2p0_b_p0p94"
   4              		.attribute unaligned_access, 0
   5              		.attribute stack_align, 16
   6              		.text
   7              	.Ltext0:
   8              		.cfi_sections	.debug_frame
   9              		.section	.rodata.dev_diagnosis_statecode_handler.str1.4,"aMS",@progbits,1
  10              		.align	2
  11              	.LC0:
  12 0000 4E554C4C 		.string	"NULL"
  12      00
  13 0005 000000   		.align	2
  14              	.LC1:
  15 0008 73746174 		.string	"state_code:-0x%04x, str_msg=%s"
  15      655F636F 
  15      64653A2D 
  15      30782530 
  15      34782C20 
  16 0027 00       		.align	2
  17              	.LC2:
  18 0028 64696167 		.string	"diagnosis"
  18      6E6F7369 
  18      7300
  19              		.section	.text.dev_diagnosis_statecode_handler,"ax",@progbits
  20              		.align	1
  22              	dev_diagnosis_statecode_handler:
  23              	.LFB20:
  24              		.file 1 "C:/Users/stapi/OneDrive/Desktop/GD32VW553/V1_MQTT_OK/GD32VW55X_Wifi_BLE_SDK/GD32VW55x_REL
   1:C:/Users/stapi/OneDrive/Desktop/GD32VW553/V1_MQTT_OK/GD32VW55X_Wifi_BLE_SDK/GD32VW55x_RELEASE_V1.0.2/MSDK/cloud/alicloud/src/services/dev_diagnosis\dev_diagnosis.c **** /*
   2:C:/Users/stapi/OneDrive/Desktop/GD32VW553/V1_MQTT_OK/GD32VW55X_Wifi_BLE_SDK/GD32VW55x_RELEASE_V1.0.2/MSDK/cloud/alicloud/src/services/dev_diagnosis\dev_diagnosis.c ****  * Copyright (C) 2015-2018 Alibaba Group Holding Limited
   3:C:/Users/stapi/OneDrive/Desktop/GD32VW553/V1_MQTT_OK/GD32VW55X_Wifi_BLE_SDK/GD32VW55x_RELEASE_V1.0.2/MSDK/cloud/alicloud/src/services/dev_diagnosis\dev_diagnosis.c ****  */
   4:C:/Users/stapi/OneDrive/Desktop/GD32VW553/V1_MQTT_OK/GD32VW55X_Wifi_BLE_SDK/GD32VW55x_RELEASE_V1.0.2/MSDK/cloud/alicloud/src/services/dev_diagnosis\dev_diagnosis.c **** #include "iotx_utils.h"
   5:C:/Users/stapi/OneDrive/Desktop/GD32VW553/V1_MQTT_OK/GD32VW55X_Wifi_BLE_SDK/GD32VW55x_RELEASE_V1.0.2/MSDK/cloud/alicloud/src/services/dev_diagnosis\dev_diagnosis.c **** #include "awss_cmp.h"
   6:C:/Users/stapi/OneDrive/Desktop/GD32VW553/V1_MQTT_OK/GD32VW55X_Wifi_BLE_SDK/GD32VW55x_RELEASE_V1.0.2/MSDK/cloud/alicloud/src/services/dev_diagnosis\dev_diagnosis.c **** #include "awss_packet.h"
   7:C:/Users/stapi/OneDrive/Desktop/GD32VW553/V1_MQTT_OK/GD32VW55X_Wifi_BLE_SDK/GD32VW55x_RELEASE_V1.0.2/MSDK/cloud/alicloud/src/services/dev_diagnosis\dev_diagnosis.c **** 
   8:C:/Users/stapi/OneDrive/Desktop/GD32VW553/V1_MQTT_OK/GD32VW55X_Wifi_BLE_SDK/GD32VW55x_RELEASE_V1.0.2/MSDK/cloud/alicloud/src/services/dev_diagnosis\dev_diagnosis.c **** #include "dev_diagnosis_log.h"
   9:C:/Users/stapi/OneDrive/Desktop/GD32VW553/V1_MQTT_OK/GD32VW55X_Wifi_BLE_SDK/GD32VW55x_RELEASE_V1.0.2/MSDK/cloud/alicloud/src/services/dev_diagnosis\dev_diagnosis.c **** #include "dev_state_machine.h"
  10:C:/Users/stapi/OneDrive/Desktop/GD32VW553/V1_MQTT_OK/GD32VW55X_Wifi_BLE_SDK/GD32VW55x_RELEASE_V1.0.2/MSDK/cloud/alicloud/src/services/dev_diagnosis\dev_diagnosis.c **** #include "dev_errcode.h"
  11:C:/Users/stapi/OneDrive/Desktop/GD32VW553/V1_MQTT_OK/GD32VW55X_Wifi_BLE_SDK/GD32VW55x_RELEASE_V1.0.2/MSDK/cloud/alicloud/src/services/dev_diagnosis\dev_diagnosis.c **** #include "dev_diagnosis.h"
  12:C:/Users/stapi/OneDrive/Desktop/GD32VW553/V1_MQTT_OK/GD32VW55X_Wifi_BLE_SDK/GD32VW55x_RELEASE_V1.0.2/MSDK/cloud/alicloud/src/services/dev_diagnosis\dev_diagnosis.c **** 
  13:C:/Users/stapi/OneDrive/Desktop/GD32VW553/V1_MQTT_OK/GD32VW55X_Wifi_BLE_SDK/GD32VW55x_RELEASE_V1.0.2/MSDK/cloud/alicloud/src/services/dev_diagnosis\dev_diagnosis.c **** #define MEM_FLAG "diagnosis"
  14:C:/Users/stapi/OneDrive/Desktop/GD32VW553/V1_MQTT_OK/GD32VW55X_Wifi_BLE_SDK/GD32VW55x_RELEASE_V1.0.2/MSDK/cloud/alicloud/src/services/dev_diagnosis\dev_diagnosis.c **** #define DIAGNOSIS_MALLOC(size) LITE_malloc(size, MEM_MAGIC, MEM_FLAG)
  15:C:/Users/stapi/OneDrive/Desktop/GD32VW553/V1_MQTT_OK/GD32VW55X_Wifi_BLE_SDK/GD32VW55x_RELEASE_V1.0.2/MSDK/cloud/alicloud/src/services/dev_diagnosis\dev_diagnosis.c **** #define DIAGNOSIS_FREE(ptr) LITE_free(ptr)
  16:C:/Users/stapi/OneDrive/Desktop/GD32VW553/V1_MQTT_OK/GD32VW55X_Wifi_BLE_SDK/GD32VW55x_RELEASE_V1.0.2/MSDK/cloud/alicloud/src/services/dev_diagnosis\dev_diagnosis.c **** 
  17:C:/Users/stapi/OneDrive/Desktop/GD32VW553/V1_MQTT_OK/GD32VW55X_Wifi_BLE_SDK/GD32VW55x_RELEASE_V1.0.2/MSDK/cloud/alicloud/src/services/dev_diagnosis\dev_diagnosis.c **** static int dev_diagnosis_statecode_handler(const int state_code, const char *state_message)
  18:C:/Users/stapi/OneDrive/Desktop/GD32VW553/V1_MQTT_OK/GD32VW55X_Wifi_BLE_SDK/GD32VW55x_RELEASE_V1.0.2/MSDK/cloud/alicloud/src/services/dev_diagnosis\dev_diagnosis.c **** {
  25              		.loc 1 18 1
  26              		.cfi_startproc
  27              	.LVL0:
  28 0000 17030000 		call	t0,__riscv_save_0
  28      E7020300 
  29              		.cfi_offset 1, -4
  30              		.cfi_def_cfa_offset 16
  19:C:/Users/stapi/OneDrive/Desktop/GD32VW553/V1_MQTT_OK/GD32VW55X_Wifi_BLE_SDK/GD32VW55x_RELEASE_V1.0.2/MSDK/cloud/alicloud/src/services/dev_diagnosis\dev_diagnosis.c ****     diagnosis_debug("state_code:-0x%04x, str_msg=%s", -state_code, state_message == NULL ? "NULL" :
  31              		.loc 1 19 5
  32 0008 B307A040 		neg	a5,a0
  33 000c 2E88     		mv	a6,a1
  34 000e 89E5     		bne	a1,zero,.L2
  35 0010 37080000 		lui	a6,%hi(.LC0)
  36 0014 13080800 		addi	a6,a6,%lo(.LC0)
  37              	.L2:
  38              		.loc 1 19 5 is_stmt 0 discriminator 4
  39 0018 37070000 		lui	a4,%hi(.LC1)
  40 001c B7050000 		lui	a1,%hi(.LANCHOR0)
  41              	.LVL1:
  42 0020 37050000 		lui	a0,%hi(.LC2)
  43              	.LVL2:
  44 0024 13070700 		addi	a4,a4,%lo(.LC1)
  45 0028 9546     		li	a3,5
  46 002a 4D46     		li	a2,19
  47 002c 93850500 		addi	a1,a1,%lo(.LANCHOR0)
  48 0030 13050500 		addi	a0,a0,%lo(.LC2)
  49 0034 97000000 		call	LITE_syslog
  49      E7800000 
  50              	.LVL3:
  20:C:/Users/stapi/OneDrive/Desktop/GD32VW553/V1_MQTT_OK/GD32VW55X_Wifi_BLE_SDK/GD32VW55x_RELEASE_V1.0.2/MSDK/cloud/alicloud/src/services/dev_diagnosis\dev_diagnosis.c **** #ifdef DEV_ERRCODE_ENABLE
  21:C:/Users/stapi/OneDrive/Desktop/GD32VW553/V1_MQTT_OK/GD32VW55X_Wifi_BLE_SDK/GD32VW55x_RELEASE_V1.0.2/MSDK/cloud/alicloud/src/services/dev_diagnosis\dev_diagnosis.c ****     dev_errcode_handle(state_code, state_message);
  22:C:/Users/stapi/OneDrive/Desktop/GD32VW553/V1_MQTT_OK/GD32VW55X_Wifi_BLE_SDK/GD32VW55x_RELEASE_V1.0.2/MSDK/cloud/alicloud/src/services/dev_diagnosis\dev_diagnosis.c **** #endif
  23:C:/Users/stapi/OneDrive/Desktop/GD32VW553/V1_MQTT_OK/GD32VW55X_Wifi_BLE_SDK/GD32VW55x_RELEASE_V1.0.2/MSDK/cloud/alicloud/src/services/dev_diagnosis\dev_diagnosis.c **** 
  24:C:/Users/stapi/OneDrive/Desktop/GD32VW553/V1_MQTT_OK/GD32VW55X_Wifi_BLE_SDK/GD32VW55x_RELEASE_V1.0.2/MSDK/cloud/alicloud/src/services/dev_diagnosis\dev_diagnosis.c **** #ifdef DEV_OFFLINE_LOG_ENABLE
  25:C:/Users/stapi/OneDrive/Desktop/GD32VW553/V1_MQTT_OK/GD32VW55X_Wifi_BLE_SDK/GD32VW55x_RELEASE_V1.0.2/MSDK/cloud/alicloud/src/services/dev_diagnosis\dev_diagnosis.c ****     diagnosis_offline_log_state_code_handle(state_code, state_message);
  26:C:/Users/stapi/OneDrive/Desktop/GD32VW553/V1_MQTT_OK/GD32VW55X_Wifi_BLE_SDK/GD32VW55x_RELEASE_V1.0.2/MSDK/cloud/alicloud/src/services/dev_diagnosis\dev_diagnosis.c **** #endif
  27:C:/Users/stapi/OneDrive/Desktop/GD32VW553/V1_MQTT_OK/GD32VW55X_Wifi_BLE_SDK/GD32VW55x_RELEASE_V1.0.2/MSDK/cloud/alicloud/src/services/dev_diagnosis\dev_diagnosis.c **** 
  28:C:/Users/stapi/OneDrive/Desktop/GD32VW553/V1_MQTT_OK/GD32VW55X_Wifi_BLE_SDK/GD32VW55x_RELEASE_V1.0.2/MSDK/cloud/alicloud/src/services/dev_diagnosis\dev_diagnosis.c ****     return 0;
  51              		.loc 1 28 5 is_stmt 1 discriminator 4
  29:C:/Users/stapi/OneDrive/Desktop/GD32VW553/V1_MQTT_OK/GD32VW55X_Wifi_BLE_SDK/GD32VW55x_RELEASE_V1.0.2/MSDK/cloud/alicloud/src/services/dev_diagnosis\dev_diagnosis.c **** }
  52              		.loc 1 29 1 is_stmt 0 discriminator 4
  53 003c 0145     		li	a0,0
  54 003e 17030000 		tail	__riscv_restore_0
  54      67000300 
  55              		.cfi_restore 1
  56              		.cfi_def_cfa_offset 0
  57              		.cfi_endproc
  58              	.LFE20:
  60              		.section	.text.dev_diagnosis_module_init,"ax",@progbits
  61              		.align	1
  62              		.globl	dev_diagnosis_module_init
  64              	dev_diagnosis_module_init:
  65              	.LFB21:
  30:C:/Users/stapi/OneDrive/Desktop/GD32VW553/V1_MQTT_OK/GD32VW55X_Wifi_BLE_SDK/GD32VW55x_RELEASE_V1.0.2/MSDK/cloud/alicloud/src/services/dev_diagnosis\dev_diagnosis.c **** 
  31:C:/Users/stapi/OneDrive/Desktop/GD32VW553/V1_MQTT_OK/GD32VW55X_Wifi_BLE_SDK/GD32VW55x_RELEASE_V1.0.2/MSDK/cloud/alicloud/src/services/dev_diagnosis\dev_diagnosis.c **** // success:0, fail:-1
  32:C:/Users/stapi/OneDrive/Desktop/GD32VW553/V1_MQTT_OK/GD32VW55X_Wifi_BLE_SDK/GD32VW55x_RELEASE_V1.0.2/MSDK/cloud/alicloud/src/services/dev_diagnosis\dev_diagnosis.c **** int dev_diagnosis_module_init()
  33:C:/Users/stapi/OneDrive/Desktop/GD32VW553/V1_MQTT_OK/GD32VW55X_Wifi_BLE_SDK/GD32VW55x_RELEASE_V1.0.2/MSDK/cloud/alicloud/src/services/dev_diagnosis\dev_diagnosis.c **** {
  66              		.loc 1 33 1 is_stmt 1
  67              		.cfi_startproc
  34:C:/Users/stapi/OneDrive/Desktop/GD32VW553/V1_MQTT_OK/GD32VW55X_Wifi_BLE_SDK/GD32VW55x_RELEASE_V1.0.2/MSDK/cloud/alicloud/src/services/dev_diagnosis\dev_diagnosis.c ****     int ret = 0;
  68              		.loc 1 34 5
  69              	.LVL4:
  35:C:/Users/stapi/OneDrive/Desktop/GD32VW553/V1_MQTT_OK/GD32VW55X_Wifi_BLE_SDK/GD32VW55x_RELEASE_V1.0.2/MSDK/cloud/alicloud/src/services/dev_diagnosis\dev_diagnosis.c **** #ifdef DEV_ERRCODE_ENABLE
  36:C:/Users/stapi/OneDrive/Desktop/GD32VW553/V1_MQTT_OK/GD32VW55X_Wifi_BLE_SDK/GD32VW55x_RELEASE_V1.0.2/MSDK/cloud/alicloud/src/services/dev_diagnosis\dev_diagnosis.c ****     /* device errcode service init */
  37:C:/Users/stapi/OneDrive/Desktop/GD32VW553/V1_MQTT_OK/GD32VW55X_Wifi_BLE_SDK/GD32VW55x_RELEASE_V1.0.2/MSDK/cloud/alicloud/src/services/dev_diagnosis\dev_diagnosis.c ****     dev_errcode_module_init();
  38:C:/Users/stapi/OneDrive/Desktop/GD32VW553/V1_MQTT_OK/GD32VW55X_Wifi_BLE_SDK/GD32VW55x_RELEASE_V1.0.2/MSDK/cloud/alicloud/src/services/dev_diagnosis\dev_diagnosis.c **** #endif
  39:C:/Users/stapi/OneDrive/Desktop/GD32VW553/V1_MQTT_OK/GD32VW55X_Wifi_BLE_SDK/GD32VW55x_RELEASE_V1.0.2/MSDK/cloud/alicloud/src/services/dev_diagnosis\dev_diagnosis.c ****     /* device diagnosis sdk state code handler register */
  40:C:/Users/stapi/OneDrive/Desktop/GD32VW553/V1_MQTT_OK/GD32VW55X_Wifi_BLE_SDK/GD32VW55x_RELEASE_V1.0.2/MSDK/cloud/alicloud/src/services/dev_diagnosis\dev_diagnosis.c ****     ret = IOT_RegisterCallback(ITE_STATE_EVERYTHING, dev_diagnosis_statecode_handler);
  70              		.loc 1 40 5
  71              		.loc 1 40 11 is_stmt 0
  72 0000 37050000 		lui	a0,%hi(dev_diagnosis_statecode_handler)
  73 0004 13050500 		addi	a0,a0,%lo(dev_diagnosis_statecode_handler)
  74 0008 17030000 		tail	iotx_register_for_ITE_STATE_EVERYTHING
  74      67000300 
  75              	.LVL5:
  76              		.loc 1 40 86 is_stmt 1
  41:C:/Users/stapi/OneDrive/Desktop/GD32VW553/V1_MQTT_OK/GD32VW55X_Wifi_BLE_SDK/GD32VW55x_RELEASE_V1.0.2/MSDK/cloud/alicloud/src/services/dev_diagnosis\dev_diagnosis.c ****     return ret;
  77              		.loc 1 41 5
  78              		.cfi_endproc
  79              	.LFE21:
  81              		.section	.rodata.__FUNCTION__.0,"a"
  82              		.align	2
  83              		.set	.LANCHOR0,. + 0
  86              	__FUNCTION__.0:
  87 0000 6465765F 		.string	"dev_diagnosis_statecode_handler"
  87      64696167 
  87      6E6F7369 
  87      735F7374 
  87      61746563 
  88              		.text
  89              	.Letext0:
  90              		.file 2 "..\\..\\..\\..\\cloud\\alicloud\\include/iot_export.h"
  91              		.file 3 "..\\..\\..\\..\\cloud\\alicloud\\src\\infra\\log/iotx_log.h"
DEFINED SYMBOLS
                            *ABS*:0000000000000000 dev_diagnosis.c
C:\Users\stapi\AppData\Local\Temp\ccwvenDz.s:22     .text.dev_diagnosis_statecode_handler:0000000000000000 dev_diagnosis_statecode_handler
C:\Users\stapi\AppData\Local\Temp\ccwvenDz.s:26     .text.dev_diagnosis_statecode_handler:0000000000000000 .L0 
C:\Users\stapi\AppData\Local\Temp\ccwvenDz.s:28     .text.dev_diagnosis_statecode_handler:0000000000000000 .L0 
C:\Users\stapi\AppData\Local\Temp\ccwvenDz.s:29     .text.dev_diagnosis_statecode_handler:0000000000000008 .L0 
C:\Users\stapi\AppData\Local\Temp\ccwvenDz.s:30     .text.dev_diagnosis_statecode_handler:0000000000000008 .L0 
C:\Users\stapi\AppData\Local\Temp\ccwvenDz.s:32     .text.dev_diagnosis_statecode_handler:0000000000000008 .L0 
C:\Users\stapi\AppData\Local\Temp\ccwvenDz.s:39     .text.dev_diagnosis_statecode_handler:0000000000000018 .L0 
C:\Users\stapi\AppData\Local\Temp\ccwvenDz.s:52     .text.dev_diagnosis_statecode_handler:000000000000003c .L0 
C:\Users\stapi\AppData\Local\Temp\ccwvenDz.s:53     .text.dev_diagnosis_statecode_handler:000000000000003c .L0 
C:\Users\stapi\AppData\Local\Temp\ccwvenDz.s:55     .text.dev_diagnosis_statecode_handler:0000000000000046 .L0 
C:\Users\stapi\AppData\Local\Temp\ccwvenDz.s:56     .text.dev_diagnosis_statecode_handler:0000000000000046 .L0 
C:\Users\stapi\AppData\Local\Temp\ccwvenDz.s:57     .text.dev_diagnosis_statecode_handler:0000000000000046 .L0 
C:\Users\stapi\AppData\Local\Temp\ccwvenDz.s:64     .text.dev_diagnosis_module_init:0000000000000000 dev_diagnosis_module_init
C:\Users\stapi\AppData\Local\Temp\ccwvenDz.s:67     .text.dev_diagnosis_module_init:0000000000000000 .L0 
C:\Users\stapi\AppData\Local\Temp\ccwvenDz.s:68     .text.dev_diagnosis_module_init:0000000000000000 .L0 
C:\Users\stapi\AppData\Local\Temp\ccwvenDz.s:70     .text.dev_diagnosis_module_init:0000000000000000 .L0 
C:\Users\stapi\AppData\Local\Temp\ccwvenDz.s:71     .text.dev_diagnosis_module_init:0000000000000000 .L0 
C:\Users\stapi\AppData\Local\Temp\ccwvenDz.s:72     .text.dev_diagnosis_module_init:0000000000000000 .L0 
C:\Users\stapi\AppData\Local\Temp\ccwvenDz.s:77     .text.dev_diagnosis_module_init:0000000000000010 .L0 
C:\Users\stapi\AppData\Local\Temp\ccwvenDz.s:78     .text.dev_diagnosis_module_init:0000000000000010 .L0 
C:\Users\stapi\AppData\Local\Temp\ccwvenDz.s:83     .rodata.__FUNCTION__.0:0000000000000000 .LANCHOR0
C:\Users\stapi\AppData\Local\Temp\ccwvenDz.s:86     .rodata.__FUNCTION__.0:0000000000000000 __FUNCTION__.0
C:\Users\stapi\AppData\Local\Temp\ccwvenDz.s:60     .text.dev_diagnosis_statecode_handler:0000000000000046 .L0 
C:\Users\stapi\AppData\Local\Temp\ccwvenDz.s:81     .text.dev_diagnosis_module_init:0000000000000010 .L0 
                     .debug_frame:0000000000000000 .L0 
C:\Users\stapi\AppData\Local\Temp\ccwvenDz.s:11     .rodata.dev_diagnosis_statecode_handler.str1.4:0000000000000000 .LC0
C:\Users\stapi\AppData\Local\Temp\ccwvenDz.s:14     .rodata.dev_diagnosis_statecode_handler.str1.4:0000000000000008 .LC1
C:\Users\stapi\AppData\Local\Temp\ccwvenDz.s:17     .rodata.dev_diagnosis_statecode_handler.str1.4:0000000000000028 .LC2
C:\Users\stapi\AppData\Local\Temp\ccwvenDz.s:37     .text.dev_diagnosis_statecode_handler:0000000000000018 .L2
C:\Users\stapi\AppData\Local\Temp\ccwvenDz.s:277    .debug_abbrev:0000000000000000 .Ldebug_abbrev0
C:\Users\stapi\AppData\Local\Temp\ccwvenDz.s:587    .debug_str:00000000000000ac .LASF15
C:\Users\stapi\AppData\Local\Temp\ccwvenDz.s:599    .debug_str:00000000000001f3 .LASF16
C:\Users\stapi\AppData\Local\Temp\ccwvenDz.s:605    .debug_str:00000000000002ae .LASF17
C:\Users\stapi\AppData\Local\Temp\ccwvenDz.s:555    .debug_ranges:0000000000000000 .Ldebug_ranges0
C:\Users\stapi\AppData\Local\Temp\ccwvenDz.s:563    .debug_line:0000000000000000 .Ldebug_line0
C:\Users\stapi\AppData\Local\Temp\ccwvenDz.s:597    .debug_str:00000000000001e7 .LASF0
C:\Users\stapi\AppData\Local\Temp\ccwvenDz.s:577    .debug_str:000000000000006f .LASF1
C:\Users\stapi\AppData\Local\Temp\ccwvenDz.s:601    .debug_str:0000000000000297 .LASF2
C:\Users\stapi\AppData\Local\Temp\ccwvenDz.s:595    .debug_str:00000000000001d4 .LASF3
C:\Users\stapi\AppData\Local\Temp\ccwvenDz.s:583    .debug_str:000000000000009c .LASF4
C:\Users\stapi\AppData\Local\Temp\ccwvenDz.s:573    .debug_str:0000000000000046 .LASF5
C:\Users\stapi\AppData\Local\Temp\ccwvenDz.s:565    .debug_str:0000000000000000 .LASF6
C:\Users\stapi\AppData\Local\Temp\ccwvenDz.s:575    .debug_str:0000000000000058 .LASF7
C:\Users\stapi\AppData\Local\Temp\ccwvenDz.s:603    .debug_str:00000000000002a1 .LASF8
C:\Users\stapi\AppData\Local\Temp\ccwvenDz.s:579    .debug_str:000000000000007d .LASF9
C:\Users\stapi\AppData\Local\Temp\ccwvenDz.s:585    .debug_str:00000000000000a5 .LASF10
C:\Users\stapi\AppData\Local\Temp\ccwvenDz.s:581    .debug_str:0000000000000082 .LASF18
C:\Users\stapi\AppData\Local\Temp\ccwvenDz.s:65     .text.dev_diagnosis_module_init:0000000000000000 .LFB21
C:\Users\stapi\AppData\Local\Temp\ccwvenDz.s:79     .text.dev_diagnosis_module_init:0000000000000010 .LFE21
C:\Users\stapi\AppData\Local\Temp\ccwvenDz.s:75     .text.dev_diagnosis_module_init:0000000000000010 .LVL5
C:\Users\stapi\AppData\Local\Temp\ccwvenDz.s:571    .debug_str:0000000000000026 .LASF19
C:\Users\stapi\AppData\Local\Temp\ccwvenDz.s:23     .text.dev_diagnosis_statecode_handler:0000000000000000 .LFB20
C:\Users\stapi\AppData\Local\Temp\ccwvenDz.s:58     .text.dev_diagnosis_statecode_handler:0000000000000046 .LFE20
C:\Users\stapi\AppData\Local\Temp\ccwvenDz.s:569    .debug_str:000000000000001b .LASF11
C:\Users\stapi\AppData\Local\Temp\ccwvenDz.s:505    .debug_loc:0000000000000000 .LLST0
C:\Users\stapi\AppData\Local\Temp\ccwvenDz.s:593    .debug_str:00000000000001c6 .LASF12
C:\Users\stapi\AppData\Local\Temp\ccwvenDz.s:526    .debug_loc:000000000000002f .LLST1
C:\Users\stapi\AppData\Local\Temp\ccwvenDz.s:567    .debug_str:000000000000000e .LASF20
C:\Users\stapi\AppData\Local\Temp\ccwvenDz.s:50     .text.dev_diagnosis_statecode_handler:000000000000003c .LVL3
C:\Users\stapi\AppData\Local\Temp\ccwvenDz.s:591    .debug_str:000000000000019f .LASF13
C:\Users\stapi\AppData\Local\Temp\ccwvenDz.s:589    .debug_str:0000000000000193 .LASF14
C:\Users\stapi\AppData\Local\Temp\ccwvenDz.s:27     .text.dev_diagnosis_statecode_handler:0000000000000000 .LVL0
C:\Users\stapi\AppData\Local\Temp\ccwvenDz.s:43     .text.dev_diagnosis_statecode_handler:0000000000000024 .LVL2
C:\Users\stapi\AppData\Local\Temp\ccwvenDz.s:41     .text.dev_diagnosis_statecode_handler:0000000000000020 .LVL1
C:\Users\stapi\AppData\Local\Temp\ccwvenDz.s:93     .debug_info:0000000000000000 .Ldebug_info0

UNDEFINED SYMBOLS
__riscv_save_0
LITE_syslog
__riscv_restore_0
iotx_register_for_ITE_STATE_EVERYTHING
