   1              		.file	"gd32vw55x_fwdgt.c"
   2              		.option nopic
   3              		.attribute arch, "rv32i2p0_m2p0_a2p0_f2p0_c2p0_b_p0p94"
   4              		.attribute unaligned_access, 0
   5              		.attribute stack_align, 16
   6              		.text
   7              	.Ltext0:
   8              		.cfi_sections	.debug_frame
   9              		.section	.text.fwdgt_write_enable,"ax",@progbits
  10              		.align	1
  11              		.globl	fwdgt_write_enable
  13              	fwdgt_write_enable:
  14              	.LFB365:
  15              		.file 1 "C:/Users/stapi/OneDrive/Desktop/GD32VW553/GD32VW55X_Wifi_BLE_SDK/GD32VW55x_RELEASE_V1.0.2
   1:C:/Users/stapi/OneDrive/Desktop/GD32VW553/GD32VW55X_Wifi_BLE_SDK/GD32VW55x_RELEASE_V1.0.2/MSDK/plf/GD32VW55x_standard_peripheral/Source\gd32vw55x_fwdgt.c **** /*!
   2:C:/Users/stapi/OneDrive/Desktop/GD32VW553/GD32VW55X_Wifi_BLE_SDK/GD32VW55x_RELEASE_V1.0.2/MSDK/plf/GD32VW55x_standard_peripheral/Source\gd32vw55x_fwdgt.c ****     \file    gd32vw55x_fwdgt.c
   3:C:/Users/stapi/OneDrive/Desktop/GD32VW553/GD32VW55X_Wifi_BLE_SDK/GD32VW55x_RELEASE_V1.0.2/MSDK/plf/GD32VW55x_standard_peripheral/Source\gd32vw55x_fwdgt.c ****     \brief   FWDGT driver
   4:C:/Users/stapi/OneDrive/Desktop/GD32VW553/GD32VW55X_Wifi_BLE_SDK/GD32VW55x_RELEASE_V1.0.2/MSDK/plf/GD32VW55x_standard_peripheral/Source\gd32vw55x_fwdgt.c **** 
   5:C:/Users/stapi/OneDrive/Desktop/GD32VW553/GD32VW55X_Wifi_BLE_SDK/GD32VW55x_RELEASE_V1.0.2/MSDK/plf/GD32VW55x_standard_peripheral/Source\gd32vw55x_fwdgt.c ****     \version 2023-07-20, V1.0.0, firmware for GD32VW55x
   6:C:/Users/stapi/OneDrive/Desktop/GD32VW553/GD32VW55X_Wifi_BLE_SDK/GD32VW55x_RELEASE_V1.0.2/MSDK/plf/GD32VW55x_standard_peripheral/Source\gd32vw55x_fwdgt.c **** */
   7:C:/Users/stapi/OneDrive/Desktop/GD32VW553/GD32VW55X_Wifi_BLE_SDK/GD32VW55x_RELEASE_V1.0.2/MSDK/plf/GD32VW55x_standard_peripheral/Source\gd32vw55x_fwdgt.c **** 
   8:C:/Users/stapi/OneDrive/Desktop/GD32VW553/GD32VW55X_Wifi_BLE_SDK/GD32VW55x_RELEASE_V1.0.2/MSDK/plf/GD32VW55x_standard_peripheral/Source\gd32vw55x_fwdgt.c **** /*
   9:C:/Users/stapi/OneDrive/Desktop/GD32VW553/GD32VW55X_Wifi_BLE_SDK/GD32VW55x_RELEASE_V1.0.2/MSDK/plf/GD32VW55x_standard_peripheral/Source\gd32vw55x_fwdgt.c ****     Copyright (c) 2023, GigaDevice Semiconductor Inc.
  10:C:/Users/stapi/OneDrive/Desktop/GD32VW553/GD32VW55X_Wifi_BLE_SDK/GD32VW55x_RELEASE_V1.0.2/MSDK/plf/GD32VW55x_standard_peripheral/Source\gd32vw55x_fwdgt.c **** 
  11:C:/Users/stapi/OneDrive/Desktop/GD32VW553/GD32VW55X_Wifi_BLE_SDK/GD32VW55x_RELEASE_V1.0.2/MSDK/plf/GD32VW55x_standard_peripheral/Source\gd32vw55x_fwdgt.c ****     Redistribution and use in source and binary forms, with or without modification,
  12:C:/Users/stapi/OneDrive/Desktop/GD32VW553/GD32VW55X_Wifi_BLE_SDK/GD32VW55x_RELEASE_V1.0.2/MSDK/plf/GD32VW55x_standard_peripheral/Source\gd32vw55x_fwdgt.c **** are permitted provided that the following conditions are met:
  13:C:/Users/stapi/OneDrive/Desktop/GD32VW553/GD32VW55X_Wifi_BLE_SDK/GD32VW55x_RELEASE_V1.0.2/MSDK/plf/GD32VW55x_standard_peripheral/Source\gd32vw55x_fwdgt.c **** 
  14:C:/Users/stapi/OneDrive/Desktop/GD32VW553/GD32VW55X_Wifi_BLE_SDK/GD32VW55x_RELEASE_V1.0.2/MSDK/plf/GD32VW55x_standard_peripheral/Source\gd32vw55x_fwdgt.c ****     1. Redistributions of source code must retain the above copyright notice, this
  15:C:/Users/stapi/OneDrive/Desktop/GD32VW553/GD32VW55X_Wifi_BLE_SDK/GD32VW55x_RELEASE_V1.0.2/MSDK/plf/GD32VW55x_standard_peripheral/Source\gd32vw55x_fwdgt.c ****        list of conditions and the following disclaimer.
  16:C:/Users/stapi/OneDrive/Desktop/GD32VW553/GD32VW55X_Wifi_BLE_SDK/GD32VW55x_RELEASE_V1.0.2/MSDK/plf/GD32VW55x_standard_peripheral/Source\gd32vw55x_fwdgt.c ****     2. Redistributions in binary form must reproduce the above copyright notice,
  17:C:/Users/stapi/OneDrive/Desktop/GD32VW553/GD32VW55X_Wifi_BLE_SDK/GD32VW55x_RELEASE_V1.0.2/MSDK/plf/GD32VW55x_standard_peripheral/Source\gd32vw55x_fwdgt.c ****        this list of conditions and the following disclaimer in the documentation
  18:C:/Users/stapi/OneDrive/Desktop/GD32VW553/GD32VW55X_Wifi_BLE_SDK/GD32VW55x_RELEASE_V1.0.2/MSDK/plf/GD32VW55x_standard_peripheral/Source\gd32vw55x_fwdgt.c ****        and/or other materials provided with the distribution.
  19:C:/Users/stapi/OneDrive/Desktop/GD32VW553/GD32VW55X_Wifi_BLE_SDK/GD32VW55x_RELEASE_V1.0.2/MSDK/plf/GD32VW55x_standard_peripheral/Source\gd32vw55x_fwdgt.c ****     3. Neither the name of the copyright holder nor the names of its contributors
  20:C:/Users/stapi/OneDrive/Desktop/GD32VW553/GD32VW55X_Wifi_BLE_SDK/GD32VW55x_RELEASE_V1.0.2/MSDK/plf/GD32VW55x_standard_peripheral/Source\gd32vw55x_fwdgt.c ****        may be used to endorse or promote products derived from this software without
  21:C:/Users/stapi/OneDrive/Desktop/GD32VW553/GD32VW55X_Wifi_BLE_SDK/GD32VW55x_RELEASE_V1.0.2/MSDK/plf/GD32VW55x_standard_peripheral/Source\gd32vw55x_fwdgt.c ****        specific prior written permission.
  22:C:/Users/stapi/OneDrive/Desktop/GD32VW553/GD32VW55X_Wifi_BLE_SDK/GD32VW55x_RELEASE_V1.0.2/MSDK/plf/GD32VW55x_standard_peripheral/Source\gd32vw55x_fwdgt.c **** 
  23:C:/Users/stapi/OneDrive/Desktop/GD32VW553/GD32VW55X_Wifi_BLE_SDK/GD32VW55x_RELEASE_V1.0.2/MSDK/plf/GD32VW55x_standard_peripheral/Source\gd32vw55x_fwdgt.c ****     THIS SOFTWARE IS PROVIDED BY THE COPYRIGHT HOLDERS AND CONTRIBUTORS "AS IS"
  24:C:/Users/stapi/OneDrive/Desktop/GD32VW553/GD32VW55X_Wifi_BLE_SDK/GD32VW55x_RELEASE_V1.0.2/MSDK/plf/GD32VW55x_standard_peripheral/Source\gd32vw55x_fwdgt.c **** AND ANY EXPRESS OR IMPLIED WARRANTIES, INCLUDING, BUT NOT LIMITED TO, THE IMPLIED
  25:C:/Users/stapi/OneDrive/Desktop/GD32VW553/GD32VW55X_Wifi_BLE_SDK/GD32VW55x_RELEASE_V1.0.2/MSDK/plf/GD32VW55x_standard_peripheral/Source\gd32vw55x_fwdgt.c **** WARRANTIES OF MERCHANTABILITY AND FITNESS FOR A PARTICULAR PURPOSE ARE DISCLAIMED.
  26:C:/Users/stapi/OneDrive/Desktop/GD32VW553/GD32VW55X_Wifi_BLE_SDK/GD32VW55x_RELEASE_V1.0.2/MSDK/plf/GD32VW55x_standard_peripheral/Source\gd32vw55x_fwdgt.c **** IN NO EVENT SHALL THE COPYRIGHT HOLDER OR CONTRIBUTORS BE LIABLE FOR ANY DIRECT,
  27:C:/Users/stapi/OneDrive/Desktop/GD32VW553/GD32VW55X_Wifi_BLE_SDK/GD32VW55x_RELEASE_V1.0.2/MSDK/plf/GD32VW55x_standard_peripheral/Source\gd32vw55x_fwdgt.c **** INDIRECT, INCIDENTAL, SPECIAL, EXEMPLARY, OR CONSEQUENTIAL DAMAGES (INCLUDING, BUT
  28:C:/Users/stapi/OneDrive/Desktop/GD32VW553/GD32VW55X_Wifi_BLE_SDK/GD32VW55x_RELEASE_V1.0.2/MSDK/plf/GD32VW55x_standard_peripheral/Source\gd32vw55x_fwdgt.c **** NOT LIMITED TO, PROCUREMENT OF SUBSTITUTE GOODS OR SERVICES; LOSS OF USE, DATA, OR
  29:C:/Users/stapi/OneDrive/Desktop/GD32VW553/GD32VW55X_Wifi_BLE_SDK/GD32VW55x_RELEASE_V1.0.2/MSDK/plf/GD32VW55x_standard_peripheral/Source\gd32vw55x_fwdgt.c **** PROFITS; OR BUSINESS INTERRUPTION) HOWEVER CAUSED AND ON ANY THEORY OF LIABILITY,
  30:C:/Users/stapi/OneDrive/Desktop/GD32VW553/GD32VW55X_Wifi_BLE_SDK/GD32VW55x_RELEASE_V1.0.2/MSDK/plf/GD32VW55x_standard_peripheral/Source\gd32vw55x_fwdgt.c **** WHETHER IN CONTRACT, STRICT LIABILITY, OR TORT (INCLUDING NEGLIGENCE OR OTHERWISE)
  31:C:/Users/stapi/OneDrive/Desktop/GD32VW553/GD32VW55X_Wifi_BLE_SDK/GD32VW55x_RELEASE_V1.0.2/MSDK/plf/GD32VW55x_standard_peripheral/Source\gd32vw55x_fwdgt.c **** ARISING IN ANY WAY OUT OF THE USE OF THIS SOFTWARE, EVEN IF ADVISED OF THE POSSIBILITY
  32:C:/Users/stapi/OneDrive/Desktop/GD32VW553/GD32VW55X_Wifi_BLE_SDK/GD32VW55x_RELEASE_V1.0.2/MSDK/plf/GD32VW55x_standard_peripheral/Source\gd32vw55x_fwdgt.c **** OF SUCH DAMAGE.
  33:C:/Users/stapi/OneDrive/Desktop/GD32VW553/GD32VW55X_Wifi_BLE_SDK/GD32VW55x_RELEASE_V1.0.2/MSDK/plf/GD32VW55x_standard_peripheral/Source\gd32vw55x_fwdgt.c **** */
  34:C:/Users/stapi/OneDrive/Desktop/GD32VW553/GD32VW55X_Wifi_BLE_SDK/GD32VW55x_RELEASE_V1.0.2/MSDK/plf/GD32VW55x_standard_peripheral/Source\gd32vw55x_fwdgt.c **** 
  35:C:/Users/stapi/OneDrive/Desktop/GD32VW553/GD32VW55X_Wifi_BLE_SDK/GD32VW55x_RELEASE_V1.0.2/MSDK/plf/GD32VW55x_standard_peripheral/Source\gd32vw55x_fwdgt.c **** #include "gd32vw55x_fwdgt.h"
  36:C:/Users/stapi/OneDrive/Desktop/GD32VW553/GD32VW55X_Wifi_BLE_SDK/GD32VW55x_RELEASE_V1.0.2/MSDK/plf/GD32VW55x_standard_peripheral/Source\gd32vw55x_fwdgt.c **** 
  37:C:/Users/stapi/OneDrive/Desktop/GD32VW553/GD32VW55X_Wifi_BLE_SDK/GD32VW55x_RELEASE_V1.0.2/MSDK/plf/GD32VW55x_standard_peripheral/Source\gd32vw55x_fwdgt.c **** /*!
  38:C:/Users/stapi/OneDrive/Desktop/GD32VW553/GD32VW55X_Wifi_BLE_SDK/GD32VW55x_RELEASE_V1.0.2/MSDK/plf/GD32VW55x_standard_peripheral/Source\gd32vw55x_fwdgt.c ****     \brief      enable write access to FWDGT_PSC and FWDGT_RLD
  39:C:/Users/stapi/OneDrive/Desktop/GD32VW553/GD32VW55X_Wifi_BLE_SDK/GD32VW55x_RELEASE_V1.0.2/MSDK/plf/GD32VW55x_standard_peripheral/Source\gd32vw55x_fwdgt.c ****     \param[in]  none
  40:C:/Users/stapi/OneDrive/Desktop/GD32VW553/GD32VW55X_Wifi_BLE_SDK/GD32VW55x_RELEASE_V1.0.2/MSDK/plf/GD32VW55x_standard_peripheral/Source\gd32vw55x_fwdgt.c ****     \param[out] none
  41:C:/Users/stapi/OneDrive/Desktop/GD32VW553/GD32VW55X_Wifi_BLE_SDK/GD32VW55x_RELEASE_V1.0.2/MSDK/plf/GD32VW55x_standard_peripheral/Source\gd32vw55x_fwdgt.c ****     \retval     none
  42:C:/Users/stapi/OneDrive/Desktop/GD32VW553/GD32VW55X_Wifi_BLE_SDK/GD32VW55x_RELEASE_V1.0.2/MSDK/plf/GD32VW55x_standard_peripheral/Source\gd32vw55x_fwdgt.c **** */
  43:C:/Users/stapi/OneDrive/Desktop/GD32VW553/GD32VW55X_Wifi_BLE_SDK/GD32VW55x_RELEASE_V1.0.2/MSDK/plf/GD32VW55x_standard_peripheral/Source\gd32vw55x_fwdgt.c **** void fwdgt_write_enable(void)
  44:C:/Users/stapi/OneDrive/Desktop/GD32VW553/GD32VW55X_Wifi_BLE_SDK/GD32VW55x_RELEASE_V1.0.2/MSDK/plf/GD32VW55x_standard_peripheral/Source\gd32vw55x_fwdgt.c **** {
  16              		.loc 1 44 1
  17              		.cfi_startproc
  45:C:/Users/stapi/OneDrive/Desktop/GD32VW553/GD32VW55X_Wifi_BLE_SDK/GD32VW55x_RELEASE_V1.0.2/MSDK/plf/GD32VW55x_standard_peripheral/Source\gd32vw55x_fwdgt.c ****     FWDGT_CTL = FWDGT_WRITEACCESS_ENABLE;
  18              		.loc 1 45 5
  19              		.loc 1 45 15 is_stmt 0
  20 0000 9567     		li	a5,20480
  21 0002 37370040 		li	a4,1073754112
  22 0006 93875755 		addi	a5,a5,1365
  23 000a 1CC3     		sw	a5,0(a4)
  46:C:/Users/stapi/OneDrive/Desktop/GD32VW553/GD32VW55X_Wifi_BLE_SDK/GD32VW55x_RELEASE_V1.0.2/MSDK/plf/GD32VW55x_standard_peripheral/Source\gd32vw55x_fwdgt.c **** }
  24              		.loc 1 46 1
  25 000c 8280     		ret
  26              		.cfi_endproc
  27              	.LFE365:
  29              		.section	.text.fwdgt_write_disable,"ax",@progbits
  30              		.align	1
  31              		.globl	fwdgt_write_disable
  33              	fwdgt_write_disable:
  34              	.LFB366:
  47:C:/Users/stapi/OneDrive/Desktop/GD32VW553/GD32VW55X_Wifi_BLE_SDK/GD32VW55x_RELEASE_V1.0.2/MSDK/plf/GD32VW55x_standard_peripheral/Source\gd32vw55x_fwdgt.c **** 
  48:C:/Users/stapi/OneDrive/Desktop/GD32VW553/GD32VW55X_Wifi_BLE_SDK/GD32VW55x_RELEASE_V1.0.2/MSDK/plf/GD32VW55x_standard_peripheral/Source\gd32vw55x_fwdgt.c **** /*!
  49:C:/Users/stapi/OneDrive/Desktop/GD32VW553/GD32VW55X_Wifi_BLE_SDK/GD32VW55x_RELEASE_V1.0.2/MSDK/plf/GD32VW55x_standard_peripheral/Source\gd32vw55x_fwdgt.c ****     \brief      disable write access to FWDGT_PSC and FWDGT_RLD
  50:C:/Users/stapi/OneDrive/Desktop/GD32VW553/GD32VW55X_Wifi_BLE_SDK/GD32VW55x_RELEASE_V1.0.2/MSDK/plf/GD32VW55x_standard_peripheral/Source\gd32vw55x_fwdgt.c ****     \param[in]  none
  51:C:/Users/stapi/OneDrive/Desktop/GD32VW553/GD32VW55X_Wifi_BLE_SDK/GD32VW55x_RELEASE_V1.0.2/MSDK/plf/GD32VW55x_standard_peripheral/Source\gd32vw55x_fwdgt.c ****     \param[out] none
  52:C:/Users/stapi/OneDrive/Desktop/GD32VW553/GD32VW55X_Wifi_BLE_SDK/GD32VW55x_RELEASE_V1.0.2/MSDK/plf/GD32VW55x_standard_peripheral/Source\gd32vw55x_fwdgt.c ****     \retval     none
  53:C:/Users/stapi/OneDrive/Desktop/GD32VW553/GD32VW55X_Wifi_BLE_SDK/GD32VW55x_RELEASE_V1.0.2/MSDK/plf/GD32VW55x_standard_peripheral/Source\gd32vw55x_fwdgt.c **** */
  54:C:/Users/stapi/OneDrive/Desktop/GD32VW553/GD32VW55X_Wifi_BLE_SDK/GD32VW55x_RELEASE_V1.0.2/MSDK/plf/GD32VW55x_standard_peripheral/Source\gd32vw55x_fwdgt.c **** void fwdgt_write_disable(void)
  55:C:/Users/stapi/OneDrive/Desktop/GD32VW553/GD32VW55X_Wifi_BLE_SDK/GD32VW55x_RELEASE_V1.0.2/MSDK/plf/GD32VW55x_standard_peripheral/Source\gd32vw55x_fwdgt.c **** {
  35              		.loc 1 55 1 is_stmt 1
  36              		.cfi_startproc
  56:C:/Users/stapi/OneDrive/Desktop/GD32VW553/GD32VW55X_Wifi_BLE_SDK/GD32VW55x_RELEASE_V1.0.2/MSDK/plf/GD32VW55x_standard_peripheral/Source\gd32vw55x_fwdgt.c ****     FWDGT_CTL = FWDGT_WRITEACCESS_DISABLE;
  37              		.loc 1 56 5
  38              		.loc 1 56 15 is_stmt 0
  39 0000 B7370040 		li	a5,1073754112
  40 0004 23A00700 		sw	zero,0(a5)
  57:C:/Users/stapi/OneDrive/Desktop/GD32VW553/GD32VW55X_Wifi_BLE_SDK/GD32VW55x_RELEASE_V1.0.2/MSDK/plf/GD32VW55x_standard_peripheral/Source\gd32vw55x_fwdgt.c **** }
  41              		.loc 1 57 1
  42 0008 8280     		ret
  43              		.cfi_endproc
  44              	.LFE366:
  46              		.section	.text.fwdgt_enable,"ax",@progbits
  47              		.align	1
  48              		.globl	fwdgt_enable
  50              	fwdgt_enable:
  51              	.LFB367:
  58:C:/Users/stapi/OneDrive/Desktop/GD32VW553/GD32VW55X_Wifi_BLE_SDK/GD32VW55x_RELEASE_V1.0.2/MSDK/plf/GD32VW55x_standard_peripheral/Source\gd32vw55x_fwdgt.c **** 
  59:C:/Users/stapi/OneDrive/Desktop/GD32VW553/GD32VW55X_Wifi_BLE_SDK/GD32VW55x_RELEASE_V1.0.2/MSDK/plf/GD32VW55x_standard_peripheral/Source\gd32vw55x_fwdgt.c **** /*!
  60:C:/Users/stapi/OneDrive/Desktop/GD32VW553/GD32VW55X_Wifi_BLE_SDK/GD32VW55x_RELEASE_V1.0.2/MSDK/plf/GD32VW55x_standard_peripheral/Source\gd32vw55x_fwdgt.c ****     \brief      start the FWDGT counter
  61:C:/Users/stapi/OneDrive/Desktop/GD32VW553/GD32VW55X_Wifi_BLE_SDK/GD32VW55x_RELEASE_V1.0.2/MSDK/plf/GD32VW55x_standard_peripheral/Source\gd32vw55x_fwdgt.c ****     \param[in]  none
  62:C:/Users/stapi/OneDrive/Desktop/GD32VW553/GD32VW55X_Wifi_BLE_SDK/GD32VW55x_RELEASE_V1.0.2/MSDK/plf/GD32VW55x_standard_peripheral/Source\gd32vw55x_fwdgt.c ****     \param[out] none
  63:C:/Users/stapi/OneDrive/Desktop/GD32VW553/GD32VW55X_Wifi_BLE_SDK/GD32VW55x_RELEASE_V1.0.2/MSDK/plf/GD32VW55x_standard_peripheral/Source\gd32vw55x_fwdgt.c ****     \retval     none
  64:C:/Users/stapi/OneDrive/Desktop/GD32VW553/GD32VW55X_Wifi_BLE_SDK/GD32VW55x_RELEASE_V1.0.2/MSDK/plf/GD32VW55x_standard_peripheral/Source\gd32vw55x_fwdgt.c **** */
  65:C:/Users/stapi/OneDrive/Desktop/GD32VW553/GD32VW55X_Wifi_BLE_SDK/GD32VW55x_RELEASE_V1.0.2/MSDK/plf/GD32VW55x_standard_peripheral/Source\gd32vw55x_fwdgt.c **** void fwdgt_enable(void)
  66:C:/Users/stapi/OneDrive/Desktop/GD32VW553/GD32VW55X_Wifi_BLE_SDK/GD32VW55x_RELEASE_V1.0.2/MSDK/plf/GD32VW55x_standard_peripheral/Source\gd32vw55x_fwdgt.c **** {
  52              		.loc 1 66 1 is_stmt 1
  53              		.cfi_startproc
  67:C:/Users/stapi/OneDrive/Desktop/GD32VW553/GD32VW55X_Wifi_BLE_SDK/GD32VW55x_RELEASE_V1.0.2/MSDK/plf/GD32VW55x_standard_peripheral/Source\gd32vw55x_fwdgt.c ****     FWDGT_CTL = FWDGT_KEY_ENABLE;
  54              		.loc 1 67 5
  55              		.loc 1 67 15 is_stmt 0
  56 0000 B567     		li	a5,53248
  57 0002 37370040 		li	a4,1073754112
  58 0006 9387C7CC 		addi	a5,a5,-820
  59 000a 1CC3     		sw	a5,0(a4)
  68:C:/Users/stapi/OneDrive/Desktop/GD32VW553/GD32VW55X_Wifi_BLE_SDK/GD32VW55x_RELEASE_V1.0.2/MSDK/plf/GD32VW55x_standard_peripheral/Source\gd32vw55x_fwdgt.c **** }
  60              		.loc 1 68 1
  61 000c 8280     		ret
  62              		.cfi_endproc
  63              	.LFE367:
  65              		.section	.text.fwdgt_prescaler_value_config,"ax",@progbits
  66              		.align	1
  67              		.globl	fwdgt_prescaler_value_config
  69              	fwdgt_prescaler_value_config:
  70              	.LFB368:
  69:C:/Users/stapi/OneDrive/Desktop/GD32VW553/GD32VW55X_Wifi_BLE_SDK/GD32VW55x_RELEASE_V1.0.2/MSDK/plf/GD32VW55x_standard_peripheral/Source\gd32vw55x_fwdgt.c **** 
  70:C:/Users/stapi/OneDrive/Desktop/GD32VW553/GD32VW55X_Wifi_BLE_SDK/GD32VW55x_RELEASE_V1.0.2/MSDK/plf/GD32VW55x_standard_peripheral/Source\gd32vw55x_fwdgt.c **** /*!
  71:C:/Users/stapi/OneDrive/Desktop/GD32VW553/GD32VW55X_Wifi_BLE_SDK/GD32VW55x_RELEASE_V1.0.2/MSDK/plf/GD32VW55x_standard_peripheral/Source\gd32vw55x_fwdgt.c ****     \brief      configure the FWDGT counter prescaler value
  72:C:/Users/stapi/OneDrive/Desktop/GD32VW553/GD32VW55X_Wifi_BLE_SDK/GD32VW55x_RELEASE_V1.0.2/MSDK/plf/GD32VW55x_standard_peripheral/Source\gd32vw55x_fwdgt.c ****     \param[in]  prescaler_value: specify prescaler value
  73:C:/Users/stapi/OneDrive/Desktop/GD32VW553/GD32VW55X_Wifi_BLE_SDK/GD32VW55x_RELEASE_V1.0.2/MSDK/plf/GD32VW55x_standard_peripheral/Source\gd32vw55x_fwdgt.c ****                 only one parameter can be selected which is shown as below:
  74:C:/Users/stapi/OneDrive/Desktop/GD32VW553/GD32VW55X_Wifi_BLE_SDK/GD32VW55x_RELEASE_V1.0.2/MSDK/plf/GD32VW55x_standard_peripheral/Source\gd32vw55x_fwdgt.c ****       \arg        FWDGT_PSC_DIV4: FWDGT prescaler set to 4
  75:C:/Users/stapi/OneDrive/Desktop/GD32VW553/GD32VW55X_Wifi_BLE_SDK/GD32VW55x_RELEASE_V1.0.2/MSDK/plf/GD32VW55x_standard_peripheral/Source\gd32vw55x_fwdgt.c ****       \arg        FWDGT_PSC_DIV8: FWDGT prescaler set to 8
  76:C:/Users/stapi/OneDrive/Desktop/GD32VW553/GD32VW55X_Wifi_BLE_SDK/GD32VW55x_RELEASE_V1.0.2/MSDK/plf/GD32VW55x_standard_peripheral/Source\gd32vw55x_fwdgt.c ****       \arg        FWDGT_PSC_DIV16: FWDGT prescaler set to 16
  77:C:/Users/stapi/OneDrive/Desktop/GD32VW553/GD32VW55X_Wifi_BLE_SDK/GD32VW55x_RELEASE_V1.0.2/MSDK/plf/GD32VW55x_standard_peripheral/Source\gd32vw55x_fwdgt.c ****       \arg        FWDGT_PSC_DIV32: FWDGT prescaler set to 32
  78:C:/Users/stapi/OneDrive/Desktop/GD32VW553/GD32VW55X_Wifi_BLE_SDK/GD32VW55x_RELEASE_V1.0.2/MSDK/plf/GD32VW55x_standard_peripheral/Source\gd32vw55x_fwdgt.c ****       \arg        FWDGT_PSC_DIV64: FWDGT prescaler set to 64
  79:C:/Users/stapi/OneDrive/Desktop/GD32VW553/GD32VW55X_Wifi_BLE_SDK/GD32VW55x_RELEASE_V1.0.2/MSDK/plf/GD32VW55x_standard_peripheral/Source\gd32vw55x_fwdgt.c ****       \arg        FWDGT_PSC_DIV128: FWDGT prescaler set to 128
  80:C:/Users/stapi/OneDrive/Desktop/GD32VW553/GD32VW55X_Wifi_BLE_SDK/GD32VW55x_RELEASE_V1.0.2/MSDK/plf/GD32VW55x_standard_peripheral/Source\gd32vw55x_fwdgt.c ****       \arg        FWDGT_PSC_DIV256: FWDGT prescaler set to 256
  81:C:/Users/stapi/OneDrive/Desktop/GD32VW553/GD32VW55X_Wifi_BLE_SDK/GD32VW55x_RELEASE_V1.0.2/MSDK/plf/GD32VW55x_standard_peripheral/Source\gd32vw55x_fwdgt.c ****     \param[out] none
  82:C:/Users/stapi/OneDrive/Desktop/GD32VW553/GD32VW55X_Wifi_BLE_SDK/GD32VW55x_RELEASE_V1.0.2/MSDK/plf/GD32VW55x_standard_peripheral/Source\gd32vw55x_fwdgt.c ****     \retval     ErrStatus: ERROR or SUCCESS
  83:C:/Users/stapi/OneDrive/Desktop/GD32VW553/GD32VW55X_Wifi_BLE_SDK/GD32VW55x_RELEASE_V1.0.2/MSDK/plf/GD32VW55x_standard_peripheral/Source\gd32vw55x_fwdgt.c **** */
  84:C:/Users/stapi/OneDrive/Desktop/GD32VW553/GD32VW55X_Wifi_BLE_SDK/GD32VW55x_RELEASE_V1.0.2/MSDK/plf/GD32VW55x_standard_peripheral/Source\gd32vw55x_fwdgt.c **** ErrStatus fwdgt_prescaler_value_config(uint16_t prescaler_value)
  85:C:/Users/stapi/OneDrive/Desktop/GD32VW553/GD32VW55X_Wifi_BLE_SDK/GD32VW55x_RELEASE_V1.0.2/MSDK/plf/GD32VW55x_standard_peripheral/Source\gd32vw55x_fwdgt.c **** {
  71              		.loc 1 85 1 is_stmt 1
  72              		.cfi_startproc
  73              	.LVL0:
  86:C:/Users/stapi/OneDrive/Desktop/GD32VW553/GD32VW55X_Wifi_BLE_SDK/GD32VW55x_RELEASE_V1.0.2/MSDK/plf/GD32VW55x_standard_peripheral/Source\gd32vw55x_fwdgt.c ****     uint32_t timeout = FWDGT_PSC_TIMEOUT;
  74              		.loc 1 86 5
  87:C:/Users/stapi/OneDrive/Desktop/GD32VW553/GD32VW55X_Wifi_BLE_SDK/GD32VW55x_RELEASE_V1.0.2/MSDK/plf/GD32VW55x_standard_peripheral/Source\gd32vw55x_fwdgt.c ****     uint32_t flag_status = RESET;
  75              		.loc 1 87 5
  88:C:/Users/stapi/OneDrive/Desktop/GD32VW553/GD32VW55X_Wifi_BLE_SDK/GD32VW55x_RELEASE_V1.0.2/MSDK/plf/GD32VW55x_standard_peripheral/Source\gd32vw55x_fwdgt.c **** 
  89:C:/Users/stapi/OneDrive/Desktop/GD32VW553/GD32VW55X_Wifi_BLE_SDK/GD32VW55x_RELEASE_V1.0.2/MSDK/plf/GD32VW55x_standard_peripheral/Source\gd32vw55x_fwdgt.c ****     /* enable write access to FWDGT_PSC */
  90:C:/Users/stapi/OneDrive/Desktop/GD32VW553/GD32VW55X_Wifi_BLE_SDK/GD32VW55x_RELEASE_V1.0.2/MSDK/plf/GD32VW55x_standard_peripheral/Source\gd32vw55x_fwdgt.c ****     FWDGT_CTL = FWDGT_WRITEACCESS_ENABLE;
  76              		.loc 1 90 5
  77              		.loc 1 90 15 is_stmt 0
  78 0000 9567     		li	a5,20480
  79 0002 93875755 		addi	a5,a5,1365
  80 0006 B7360040 		li	a3,1073754112
  81 000a 9CC2     		sw	a5,0(a3)
  82 000c B7071000 		li	a5,1048576
  85:C:/Users/stapi/OneDrive/Desktop/GD32VW553/GD32VW55X_Wifi_BLE_SDK/GD32VW55x_RELEASE_V1.0.2/MSDK/plf/GD32VW55x_standard_peripheral/Source\gd32vw55x_fwdgt.c ****     uint32_t timeout = FWDGT_PSC_TIMEOUT;
  83              		.loc 1 85 1
  84 0010 2A87     		mv	a4,a0
  85              		.loc 1 90 15
  86 0012 1385F7FF 		addi	a0,a5,-1
  87              	.LVL1:
  88              	.L6:
  91:C:/Users/stapi/OneDrive/Desktop/GD32VW553/GD32VW55X_Wifi_BLE_SDK/GD32VW55x_RELEASE_V1.0.2/MSDK/plf/GD32VW55x_standard_peripheral/Source\gd32vw55x_fwdgt.c **** 
  92:C:/Users/stapi/OneDrive/Desktop/GD32VW553/GD32VW55X_Wifi_BLE_SDK/GD32VW55x_RELEASE_V1.0.2/MSDK/plf/GD32VW55x_standard_peripheral/Source\gd32vw55x_fwdgt.c ****     /* wait until the PUD flag to be reset */
  93:C:/Users/stapi/OneDrive/Desktop/GD32VW553/GD32VW55X_Wifi_BLE_SDK/GD32VW55x_RELEASE_V1.0.2/MSDK/plf/GD32VW55x_standard_peripheral/Source\gd32vw55x_fwdgt.c ****     do{
  89              		.loc 1 93 5 is_stmt 1 discriminator 2
  94:C:/Users/stapi/OneDrive/Desktop/GD32VW553/GD32VW55X_Wifi_BLE_SDK/GD32VW55x_RELEASE_V1.0.2/MSDK/plf/GD32VW55x_standard_peripheral/Source\gd32vw55x_fwdgt.c ****         flag_status = FWDGT_STAT & FWDGT_STAT_PUD;
  90              		.loc 1 94 9 discriminator 2
  91              		.loc 1 94 23 is_stmt 0 discriminator 2
  92 0016 DC46     		lw	a5,12(a3)
  95:C:/Users/stapi/OneDrive/Desktop/GD32VW553/GD32VW55X_Wifi_BLE_SDK/GD32VW55x_RELEASE_V1.0.2/MSDK/plf/GD32VW55x_standard_peripheral/Source\gd32vw55x_fwdgt.c ****     } while((--timeout > (uint32_t)0U) && (RESET != flag_status));
  93              		.loc 1 95 5 discriminator 2
  94 0018 7D15     		addi	a0,a0,-1
  95              	.LVL2:
  94:C:/Users/stapi/OneDrive/Desktop/GD32VW553/GD32VW55X_Wifi_BLE_SDK/GD32VW55x_RELEASE_V1.0.2/MSDK/plf/GD32VW55x_standard_peripheral/Source\gd32vw55x_fwdgt.c ****         flag_status = FWDGT_STAT & FWDGT_STAT_PUD;
  96              		.loc 1 94 21 discriminator 2
  97 001a 858B     		andi	a5,a5,1
  98              	.LVL3:
  99              		.loc 1 95 12 is_stmt 1 discriminator 2
 100              		.loc 1 95 5 is_stmt 0 discriminator 2
 101 001c 19C5     		beq	a0,zero,.L5
 102              	.LVL4:
 103              		.loc 1 95 40 discriminator 1
 104 001e E5FF     		bne	a5,zero,.L6
 105              	.LVL5:
 106              	.L7:
  96:C:/Users/stapi/OneDrive/Desktop/GD32VW553/GD32VW55X_Wifi_BLE_SDK/GD32VW55x_RELEASE_V1.0.2/MSDK/plf/GD32VW55x_standard_peripheral/Source\gd32vw55x_fwdgt.c **** 
  97:C:/Users/stapi/OneDrive/Desktop/GD32VW553/GD32VW55X_Wifi_BLE_SDK/GD32VW55x_RELEASE_V1.0.2/MSDK/plf/GD32VW55x_standard_peripheral/Source\gd32vw55x_fwdgt.c ****     if(RESET != flag_status){
  98:C:/Users/stapi/OneDrive/Desktop/GD32VW553/GD32VW55X_Wifi_BLE_SDK/GD32VW55x_RELEASE_V1.0.2/MSDK/plf/GD32VW55x_standard_peripheral/Source\gd32vw55x_fwdgt.c ****         return ERROR;
  99:C:/Users/stapi/OneDrive/Desktop/GD32VW553/GD32VW55X_Wifi_BLE_SDK/GD32VW55x_RELEASE_V1.0.2/MSDK/plf/GD32VW55x_standard_peripheral/Source\gd32vw55x_fwdgt.c ****     }
 100:C:/Users/stapi/OneDrive/Desktop/GD32VW553/GD32VW55X_Wifi_BLE_SDK/GD32VW55x_RELEASE_V1.0.2/MSDK/plf/GD32VW55x_standard_peripheral/Source\gd32vw55x_fwdgt.c **** 
 101:C:/Users/stapi/OneDrive/Desktop/GD32VW553/GD32VW55X_Wifi_BLE_SDK/GD32VW55x_RELEASE_V1.0.2/MSDK/plf/GD32VW55x_standard_peripheral/Source\gd32vw55x_fwdgt.c ****     /* configure FWDGT */
 102:C:/Users/stapi/OneDrive/Desktop/GD32VW553/GD32VW55X_Wifi_BLE_SDK/GD32VW55x_RELEASE_V1.0.2/MSDK/plf/GD32VW55x_standard_peripheral/Source\gd32vw55x_fwdgt.c ****     FWDGT_PSC = (uint32_t)prescaler_value;
 107              		.loc 1 102 5 is_stmt 1
 108              		.loc 1 102 15 is_stmt 0
 109 0020 B7370040 		li	a5,1073754112
 110              	.LVL6:
 111 0024 D8C3     		sw	a4,4(a5)
 103:C:/Users/stapi/OneDrive/Desktop/GD32VW553/GD32VW55X_Wifi_BLE_SDK/GD32VW55x_RELEASE_V1.0.2/MSDK/plf/GD32VW55x_standard_peripheral/Source\gd32vw55x_fwdgt.c **** 
 104:C:/Users/stapi/OneDrive/Desktop/GD32VW553/GD32VW55X_Wifi_BLE_SDK/GD32VW55x_RELEASE_V1.0.2/MSDK/plf/GD32VW55x_standard_peripheral/Source\gd32vw55x_fwdgt.c ****     return SUCCESS;
 112              		.loc 1 104 5 is_stmt 1
 113              		.loc 1 104 12 is_stmt 0
 114 0026 0545     		li	a0,1
 115 0028 11A0     		j	.L4
 116              	.LVL7:
 117              	.L5:
  97:C:/Users/stapi/OneDrive/Desktop/GD32VW553/GD32VW55X_Wifi_BLE_SDK/GD32VW55x_RELEASE_V1.0.2/MSDK/plf/GD32VW55x_standard_peripheral/Source\gd32vw55x_fwdgt.c ****         return ERROR;
 118              		.loc 1 97 5 is_stmt 1
  97:C:/Users/stapi/OneDrive/Desktop/GD32VW553/GD32VW55X_Wifi_BLE_SDK/GD32VW55x_RELEASE_V1.0.2/MSDK/plf/GD32VW55x_standard_peripheral/Source\gd32vw55x_fwdgt.c ****         return ERROR;
 119              		.loc 1 97 7 is_stmt 0
 120 002a FDDB     		beq	a5,zero,.L7
 121              	.LVL8:
 122              	.L4:
 105:C:/Users/stapi/OneDrive/Desktop/GD32VW553/GD32VW55X_Wifi_BLE_SDK/GD32VW55x_RELEASE_V1.0.2/MSDK/plf/GD32VW55x_standard_peripheral/Source\gd32vw55x_fwdgt.c **** }
 123              		.loc 1 105 1
 124 002c 8280     		ret
 125              		.cfi_endproc
 126              	.LFE368:
 128              		.section	.text.fwdgt_reload_value_config,"ax",@progbits
 129              		.align	1
 130              		.globl	fwdgt_reload_value_config
 132              	fwdgt_reload_value_config:
 133              	.LFB369:
 106:C:/Users/stapi/OneDrive/Desktop/GD32VW553/GD32VW55X_Wifi_BLE_SDK/GD32VW55x_RELEASE_V1.0.2/MSDK/plf/GD32VW55x_standard_peripheral/Source\gd32vw55x_fwdgt.c **** 
 107:C:/Users/stapi/OneDrive/Desktop/GD32VW553/GD32VW55X_Wifi_BLE_SDK/GD32VW55x_RELEASE_V1.0.2/MSDK/plf/GD32VW55x_standard_peripheral/Source\gd32vw55x_fwdgt.c **** /*!
 108:C:/Users/stapi/OneDrive/Desktop/GD32VW553/GD32VW55X_Wifi_BLE_SDK/GD32VW55x_RELEASE_V1.0.2/MSDK/plf/GD32VW55x_standard_peripheral/Source\gd32vw55x_fwdgt.c ****     \brief      configure the FWDGT counter reload value
 109:C:/Users/stapi/OneDrive/Desktop/GD32VW553/GD32VW55X_Wifi_BLE_SDK/GD32VW55x_RELEASE_V1.0.2/MSDK/plf/GD32VW55x_standard_peripheral/Source\gd32vw55x_fwdgt.c ****     \param[in]  reload_value: specify reload value(0x0000 - 0x0FFF)
 110:C:/Users/stapi/OneDrive/Desktop/GD32VW553/GD32VW55X_Wifi_BLE_SDK/GD32VW55x_RELEASE_V1.0.2/MSDK/plf/GD32VW55x_standard_peripheral/Source\gd32vw55x_fwdgt.c ****     \param[out] none
 111:C:/Users/stapi/OneDrive/Desktop/GD32VW553/GD32VW55X_Wifi_BLE_SDK/GD32VW55x_RELEASE_V1.0.2/MSDK/plf/GD32VW55x_standard_peripheral/Source\gd32vw55x_fwdgt.c ****     \retval     ErrStatus: ERROR or SUCCESS
 112:C:/Users/stapi/OneDrive/Desktop/GD32VW553/GD32VW55X_Wifi_BLE_SDK/GD32VW55x_RELEASE_V1.0.2/MSDK/plf/GD32VW55x_standard_peripheral/Source\gd32vw55x_fwdgt.c **** */
 113:C:/Users/stapi/OneDrive/Desktop/GD32VW553/GD32VW55X_Wifi_BLE_SDK/GD32VW55x_RELEASE_V1.0.2/MSDK/plf/GD32VW55x_standard_peripheral/Source\gd32vw55x_fwdgt.c **** ErrStatus fwdgt_reload_value_config(uint16_t reload_value)
 114:C:/Users/stapi/OneDrive/Desktop/GD32VW553/GD32VW55X_Wifi_BLE_SDK/GD32VW55x_RELEASE_V1.0.2/MSDK/plf/GD32VW55x_standard_peripheral/Source\gd32vw55x_fwdgt.c **** {
 134              		.loc 1 114 1 is_stmt 1
 135              		.cfi_startproc
 136              	.LVL9:
 115:C:/Users/stapi/OneDrive/Desktop/GD32VW553/GD32VW55X_Wifi_BLE_SDK/GD32VW55x_RELEASE_V1.0.2/MSDK/plf/GD32VW55x_standard_peripheral/Source\gd32vw55x_fwdgt.c ****     uint32_t timeout = FWDGT_RLD_TIMEOUT;
 137              		.loc 1 115 5
 116:C:/Users/stapi/OneDrive/Desktop/GD32VW553/GD32VW55X_Wifi_BLE_SDK/GD32VW55x_RELEASE_V1.0.2/MSDK/plf/GD32VW55x_standard_peripheral/Source\gd32vw55x_fwdgt.c ****     uint32_t flag_status = RESET;
 138              		.loc 1 116 5
 117:C:/Users/stapi/OneDrive/Desktop/GD32VW553/GD32VW55X_Wifi_BLE_SDK/GD32VW55x_RELEASE_V1.0.2/MSDK/plf/GD32VW55x_standard_peripheral/Source\gd32vw55x_fwdgt.c **** 
 118:C:/Users/stapi/OneDrive/Desktop/GD32VW553/GD32VW55X_Wifi_BLE_SDK/GD32VW55x_RELEASE_V1.0.2/MSDK/plf/GD32VW55x_standard_peripheral/Source\gd32vw55x_fwdgt.c ****     /* enable write access to FWDGT_RLD */
 119:C:/Users/stapi/OneDrive/Desktop/GD32VW553/GD32VW55X_Wifi_BLE_SDK/GD32VW55x_RELEASE_V1.0.2/MSDK/plf/GD32VW55x_standard_peripheral/Source\gd32vw55x_fwdgt.c ****     FWDGT_CTL = FWDGT_WRITEACCESS_ENABLE;
 139              		.loc 1 119 5
 140              		.loc 1 119 15 is_stmt 0
 141 0000 9567     		li	a5,20480
 142 0002 93875755 		addi	a5,a5,1365
 143 0006 B7360040 		li	a3,1073754112
 144 000a 9CC2     		sw	a5,0(a3)
 145 000c B7071000 		li	a5,1048576
 114:C:/Users/stapi/OneDrive/Desktop/GD32VW553/GD32VW55X_Wifi_BLE_SDK/GD32VW55x_RELEASE_V1.0.2/MSDK/plf/GD32VW55x_standard_peripheral/Source\gd32vw55x_fwdgt.c ****     uint32_t timeout = FWDGT_RLD_TIMEOUT;
 146              		.loc 1 114 1
 147 0010 2A87     		mv	a4,a0
 148              		.loc 1 119 15
 149 0012 1385F7FF 		addi	a0,a5,-1
 150              	.LVL10:
 151              	.L12:
 120:C:/Users/stapi/OneDrive/Desktop/GD32VW553/GD32VW55X_Wifi_BLE_SDK/GD32VW55x_RELEASE_V1.0.2/MSDK/plf/GD32VW55x_standard_peripheral/Source\gd32vw55x_fwdgt.c **** 
 121:C:/Users/stapi/OneDrive/Desktop/GD32VW553/GD32VW55X_Wifi_BLE_SDK/GD32VW55x_RELEASE_V1.0.2/MSDK/plf/GD32VW55x_standard_peripheral/Source\gd32vw55x_fwdgt.c ****     /* wait until the RUD flag to be reset */
 122:C:/Users/stapi/OneDrive/Desktop/GD32VW553/GD32VW55X_Wifi_BLE_SDK/GD32VW55x_RELEASE_V1.0.2/MSDK/plf/GD32VW55x_standard_peripheral/Source\gd32vw55x_fwdgt.c ****     do{
 152              		.loc 1 122 5 is_stmt 1 discriminator 2
 123:C:/Users/stapi/OneDrive/Desktop/GD32VW553/GD32VW55X_Wifi_BLE_SDK/GD32VW55x_RELEASE_V1.0.2/MSDK/plf/GD32VW55x_standard_peripheral/Source\gd32vw55x_fwdgt.c ****         flag_status = FWDGT_STAT & FWDGT_STAT_RUD;
 153              		.loc 1 123 9 discriminator 2
 154              		.loc 1 123 23 is_stmt 0 discriminator 2
 155 0016 DC46     		lw	a5,12(a3)
 124:C:/Users/stapi/OneDrive/Desktop/GD32VW553/GD32VW55X_Wifi_BLE_SDK/GD32VW55x_RELEASE_V1.0.2/MSDK/plf/GD32VW55x_standard_peripheral/Source\gd32vw55x_fwdgt.c ****     }while((--timeout > 0U) && ((uint32_t)RESET != flag_status));
 156              		.loc 1 124 5 discriminator 2
 157 0018 7D15     		addi	a0,a0,-1
 158              	.LVL11:
 123:C:/Users/stapi/OneDrive/Desktop/GD32VW553/GD32VW55X_Wifi_BLE_SDK/GD32VW55x_RELEASE_V1.0.2/MSDK/plf/GD32VW55x_standard_peripheral/Source\gd32vw55x_fwdgt.c ****         flag_status = FWDGT_STAT & FWDGT_STAT_RUD;
 159              		.loc 1 123 21 discriminator 2
 160 001a 898B     		andi	a5,a5,2
 161              	.LVL12:
 162              		.loc 1 124 11 is_stmt 1 discriminator 2
 163              		.loc 1 124 5 is_stmt 0 discriminator 2
 164 001c 09C9     		beq	a0,zero,.L11
 165              	.LVL13:
 166              		.loc 1 124 29 discriminator 1
 167 001e E5FF     		bne	a5,zero,.L12
 168              	.LVL14:
 169              	.L13:
 125:C:/Users/stapi/OneDrive/Desktop/GD32VW553/GD32VW55X_Wifi_BLE_SDK/GD32VW55x_RELEASE_V1.0.2/MSDK/plf/GD32VW55x_standard_peripheral/Source\gd32vw55x_fwdgt.c **** 
 126:C:/Users/stapi/OneDrive/Desktop/GD32VW553/GD32VW55X_Wifi_BLE_SDK/GD32VW55x_RELEASE_V1.0.2/MSDK/plf/GD32VW55x_standard_peripheral/Source\gd32vw55x_fwdgt.c ****     if ((uint32_t)RESET != flag_status){
 127:C:/Users/stapi/OneDrive/Desktop/GD32VW553/GD32VW55X_Wifi_BLE_SDK/GD32VW55x_RELEASE_V1.0.2/MSDK/plf/GD32VW55x_standard_peripheral/Source\gd32vw55x_fwdgt.c ****         return ERROR;
 128:C:/Users/stapi/OneDrive/Desktop/GD32VW553/GD32VW55X_Wifi_BLE_SDK/GD32VW55x_RELEASE_V1.0.2/MSDK/plf/GD32VW55x_standard_peripheral/Source\gd32vw55x_fwdgt.c ****     }
 129:C:/Users/stapi/OneDrive/Desktop/GD32VW553/GD32VW55X_Wifi_BLE_SDK/GD32VW55x_RELEASE_V1.0.2/MSDK/plf/GD32VW55x_standard_peripheral/Source\gd32vw55x_fwdgt.c **** 
 130:C:/Users/stapi/OneDrive/Desktop/GD32VW553/GD32VW55X_Wifi_BLE_SDK/GD32VW55x_RELEASE_V1.0.2/MSDK/plf/GD32VW55x_standard_peripheral/Source\gd32vw55x_fwdgt.c ****     FWDGT_RLD = RLD_RLD(reload_value);
 170              		.loc 1 130 5 is_stmt 1
 171              		.loc 1 130 17 is_stmt 0
 172 0020 5207     		slli	a4,a4,20
 173 0022 5183     		srli	a4,a4,20
 174              		.loc 1 130 15
 175 0024 B7370040 		li	a5,1073754112
 176              	.LVL15:
 177 0028 98C7     		sw	a4,8(a5)
 131:C:/Users/stapi/OneDrive/Desktop/GD32VW553/GD32VW55X_Wifi_BLE_SDK/GD32VW55x_RELEASE_V1.0.2/MSDK/plf/GD32VW55x_standard_peripheral/Source\gd32vw55x_fwdgt.c **** 
 132:C:/Users/stapi/OneDrive/Desktop/GD32VW553/GD32VW55X_Wifi_BLE_SDK/GD32VW55x_RELEASE_V1.0.2/MSDK/plf/GD32VW55x_standard_peripheral/Source\gd32vw55x_fwdgt.c ****     return SUCCESS;
 178              		.loc 1 132 5 is_stmt 1
 179              		.loc 1 132 12 is_stmt 0
 180 002a 0545     		li	a0,1
 181 002c 11A0     		j	.L10
 182              	.LVL16:
 183              	.L11:
 126:C:/Users/stapi/OneDrive/Desktop/GD32VW553/GD32VW55X_Wifi_BLE_SDK/GD32VW55x_RELEASE_V1.0.2/MSDK/plf/GD32VW55x_standard_peripheral/Source\gd32vw55x_fwdgt.c ****         return ERROR;
 184              		.loc 1 126 5 is_stmt 1
 126:C:/Users/stapi/OneDrive/Desktop/GD32VW553/GD32VW55X_Wifi_BLE_SDK/GD32VW55x_RELEASE_V1.0.2/MSDK/plf/GD32VW55x_standard_peripheral/Source\gd32vw55x_fwdgt.c ****         return ERROR;
 185              		.loc 1 126 8 is_stmt 0
 186 002e EDDB     		beq	a5,zero,.L13
 187              	.LVL17:
 188              	.L10:
 133:C:/Users/stapi/OneDrive/Desktop/GD32VW553/GD32VW55X_Wifi_BLE_SDK/GD32VW55x_RELEASE_V1.0.2/MSDK/plf/GD32VW55x_standard_peripheral/Source\gd32vw55x_fwdgt.c **** }
 189              		.loc 1 133 1
 190 0030 8280     		ret
 191              		.cfi_endproc
 192              	.LFE369:
 194              		.section	.text.fwdgt_counter_reload,"ax",@progbits
 195              		.align	1
 196              		.globl	fwdgt_counter_reload
 198              	fwdgt_counter_reload:
 199              	.LFB370:
 134:C:/Users/stapi/OneDrive/Desktop/GD32VW553/GD32VW55X_Wifi_BLE_SDK/GD32VW55x_RELEASE_V1.0.2/MSDK/plf/GD32VW55x_standard_peripheral/Source\gd32vw55x_fwdgt.c **** 
 135:C:/Users/stapi/OneDrive/Desktop/GD32VW553/GD32VW55X_Wifi_BLE_SDK/GD32VW55x_RELEASE_V1.0.2/MSDK/plf/GD32VW55x_standard_peripheral/Source\gd32vw55x_fwdgt.c **** /*!
 136:C:/Users/stapi/OneDrive/Desktop/GD32VW553/GD32VW55X_Wifi_BLE_SDK/GD32VW55x_RELEASE_V1.0.2/MSDK/plf/GD32VW55x_standard_peripheral/Source\gd32vw55x_fwdgt.c ****     \brief      reload the counter of FWDGT
 137:C:/Users/stapi/OneDrive/Desktop/GD32VW553/GD32VW55X_Wifi_BLE_SDK/GD32VW55x_RELEASE_V1.0.2/MSDK/plf/GD32VW55x_standard_peripheral/Source\gd32vw55x_fwdgt.c ****     \param[in]  none
 138:C:/Users/stapi/OneDrive/Desktop/GD32VW553/GD32VW55X_Wifi_BLE_SDK/GD32VW55x_RELEASE_V1.0.2/MSDK/plf/GD32VW55x_standard_peripheral/Source\gd32vw55x_fwdgt.c ****     \param[out] none
 139:C:/Users/stapi/OneDrive/Desktop/GD32VW553/GD32VW55X_Wifi_BLE_SDK/GD32VW55x_RELEASE_V1.0.2/MSDK/plf/GD32VW55x_standard_peripheral/Source\gd32vw55x_fwdgt.c ****     \retval     none
 140:C:/Users/stapi/OneDrive/Desktop/GD32VW553/GD32VW55X_Wifi_BLE_SDK/GD32VW55x_RELEASE_V1.0.2/MSDK/plf/GD32VW55x_standard_peripheral/Source\gd32vw55x_fwdgt.c **** */
 141:C:/Users/stapi/OneDrive/Desktop/GD32VW553/GD32VW55X_Wifi_BLE_SDK/GD32VW55x_RELEASE_V1.0.2/MSDK/plf/GD32VW55x_standard_peripheral/Source\gd32vw55x_fwdgt.c **** void fwdgt_counter_reload(void)
 142:C:/Users/stapi/OneDrive/Desktop/GD32VW553/GD32VW55X_Wifi_BLE_SDK/GD32VW55x_RELEASE_V1.0.2/MSDK/plf/GD32VW55x_standard_peripheral/Source\gd32vw55x_fwdgt.c **** {
 200              		.loc 1 142 1 is_stmt 1
 201              		.cfi_startproc
 143:C:/Users/stapi/OneDrive/Desktop/GD32VW553/GD32VW55X_Wifi_BLE_SDK/GD32VW55x_RELEASE_V1.0.2/MSDK/plf/GD32VW55x_standard_peripheral/Source\gd32vw55x_fwdgt.c ****     FWDGT_CTL = FWDGT_KEY_RELOAD;
 202              		.loc 1 143 5
 203              		.loc 1 143 15 is_stmt 0
 204 0000 AD67     		li	a5,45056
 205 0002 37370040 		li	a4,1073754112
 206 0006 9387A7AA 		addi	a5,a5,-1366
 207 000a 1CC3     		sw	a5,0(a4)
 144:C:/Users/stapi/OneDrive/Desktop/GD32VW553/GD32VW55X_Wifi_BLE_SDK/GD32VW55x_RELEASE_V1.0.2/MSDK/plf/GD32VW55x_standard_peripheral/Source\gd32vw55x_fwdgt.c **** }
 208              		.loc 1 144 1
 209 000c 8280     		ret
 210              		.cfi_endproc
 211              	.LFE370:
 213              		.section	.text.fwdgt_config,"ax",@progbits
 214              		.align	1
 215              		.globl	fwdgt_config
 217              	fwdgt_config:
 218              	.LFB371:
 145:C:/Users/stapi/OneDrive/Desktop/GD32VW553/GD32VW55X_Wifi_BLE_SDK/GD32VW55x_RELEASE_V1.0.2/MSDK/plf/GD32VW55x_standard_peripheral/Source\gd32vw55x_fwdgt.c **** 
 146:C:/Users/stapi/OneDrive/Desktop/GD32VW553/GD32VW55X_Wifi_BLE_SDK/GD32VW55x_RELEASE_V1.0.2/MSDK/plf/GD32VW55x_standard_peripheral/Source\gd32vw55x_fwdgt.c **** /*!
 147:C:/Users/stapi/OneDrive/Desktop/GD32VW553/GD32VW55X_Wifi_BLE_SDK/GD32VW55x_RELEASE_V1.0.2/MSDK/plf/GD32VW55x_standard_peripheral/Source\gd32vw55x_fwdgt.c ****     \brief      configure counter reload value, and prescaler divider value
 148:C:/Users/stapi/OneDrive/Desktop/GD32VW553/GD32VW55X_Wifi_BLE_SDK/GD32VW55x_RELEASE_V1.0.2/MSDK/plf/GD32VW55x_standard_peripheral/Source\gd32vw55x_fwdgt.c ****     \param[in]  reload_value: specify reload value(0x0000 - 0x0FFF)
 149:C:/Users/stapi/OneDrive/Desktop/GD32VW553/GD32VW55X_Wifi_BLE_SDK/GD32VW55x_RELEASE_V1.0.2/MSDK/plf/GD32VW55x_standard_peripheral/Source\gd32vw55x_fwdgt.c ****     \param[in]  prescaler_div: FWDGT prescaler value
 150:C:/Users/stapi/OneDrive/Desktop/GD32VW553/GD32VW55X_Wifi_BLE_SDK/GD32VW55x_RELEASE_V1.0.2/MSDK/plf/GD32VW55x_standard_peripheral/Source\gd32vw55x_fwdgt.c ****                 only one parameter can be selected which is shown as below:
 151:C:/Users/stapi/OneDrive/Desktop/GD32VW553/GD32VW55X_Wifi_BLE_SDK/GD32VW55x_RELEASE_V1.0.2/MSDK/plf/GD32VW55x_standard_peripheral/Source\gd32vw55x_fwdgt.c ****       \arg        FWDGT_PSC_DIV4: FWDGT prescaler set to 4
 152:C:/Users/stapi/OneDrive/Desktop/GD32VW553/GD32VW55X_Wifi_BLE_SDK/GD32VW55x_RELEASE_V1.0.2/MSDK/plf/GD32VW55x_standard_peripheral/Source\gd32vw55x_fwdgt.c ****       \arg        FWDGT_PSC_DIV8: FWDGT prescaler set to 8
 153:C:/Users/stapi/OneDrive/Desktop/GD32VW553/GD32VW55X_Wifi_BLE_SDK/GD32VW55x_RELEASE_V1.0.2/MSDK/plf/GD32VW55x_standard_peripheral/Source\gd32vw55x_fwdgt.c ****       \arg        FWDGT_PSC_DIV16: FWDGT prescaler set to 16
 154:C:/Users/stapi/OneDrive/Desktop/GD32VW553/GD32VW55X_Wifi_BLE_SDK/GD32VW55x_RELEASE_V1.0.2/MSDK/plf/GD32VW55x_standard_peripheral/Source\gd32vw55x_fwdgt.c ****       \arg        FWDGT_PSC_DIV32: FWDGT prescaler set to 32
 155:C:/Users/stapi/OneDrive/Desktop/GD32VW553/GD32VW55X_Wifi_BLE_SDK/GD32VW55x_RELEASE_V1.0.2/MSDK/plf/GD32VW55x_standard_peripheral/Source\gd32vw55x_fwdgt.c ****       \arg        FWDGT_PSC_DIV64: FWDGT prescaler set to 64
 156:C:/Users/stapi/OneDrive/Desktop/GD32VW553/GD32VW55X_Wifi_BLE_SDK/GD32VW55x_RELEASE_V1.0.2/MSDK/plf/GD32VW55x_standard_peripheral/Source\gd32vw55x_fwdgt.c ****       \arg        FWDGT_PSC_DIV128: FWDGT prescaler set to 128
 157:C:/Users/stapi/OneDrive/Desktop/GD32VW553/GD32VW55X_Wifi_BLE_SDK/GD32VW55x_RELEASE_V1.0.2/MSDK/plf/GD32VW55x_standard_peripheral/Source\gd32vw55x_fwdgt.c ****       \arg        FWDGT_PSC_DIV256: FWDGT prescaler set to 256
 158:C:/Users/stapi/OneDrive/Desktop/GD32VW553/GD32VW55X_Wifi_BLE_SDK/GD32VW55x_RELEASE_V1.0.2/MSDK/plf/GD32VW55x_standard_peripheral/Source\gd32vw55x_fwdgt.c ****     \param[out] none
 159:C:/Users/stapi/OneDrive/Desktop/GD32VW553/GD32VW55X_Wifi_BLE_SDK/GD32VW55x_RELEASE_V1.0.2/MSDK/plf/GD32VW55x_standard_peripheral/Source\gd32vw55x_fwdgt.c ****     \retval     ErrStatus: ERROR or SUCCESS
 160:C:/Users/stapi/OneDrive/Desktop/GD32VW553/GD32VW55X_Wifi_BLE_SDK/GD32VW55x_RELEASE_V1.0.2/MSDK/plf/GD32VW55x_standard_peripheral/Source\gd32vw55x_fwdgt.c **** */
 161:C:/Users/stapi/OneDrive/Desktop/GD32VW553/GD32VW55X_Wifi_BLE_SDK/GD32VW55x_RELEASE_V1.0.2/MSDK/plf/GD32VW55x_standard_peripheral/Source\gd32vw55x_fwdgt.c **** ErrStatus fwdgt_config(uint16_t reload_value, uint8_t prescaler_div)
 162:C:/Users/stapi/OneDrive/Desktop/GD32VW553/GD32VW55X_Wifi_BLE_SDK/GD32VW55x_RELEASE_V1.0.2/MSDK/plf/GD32VW55x_standard_peripheral/Source\gd32vw55x_fwdgt.c **** {
 219              		.loc 1 162 1 is_stmt 1
 220              		.cfi_startproc
 221              	.LVL18:
 163:C:/Users/stapi/OneDrive/Desktop/GD32VW553/GD32VW55X_Wifi_BLE_SDK/GD32VW55x_RELEASE_V1.0.2/MSDK/plf/GD32VW55x_standard_peripheral/Source\gd32vw55x_fwdgt.c ****     uint32_t timeout = FWDGT_PSC_TIMEOUT;
 222              		.loc 1 163 5
 164:C:/Users/stapi/OneDrive/Desktop/GD32VW553/GD32VW55X_Wifi_BLE_SDK/GD32VW55x_RELEASE_V1.0.2/MSDK/plf/GD32VW55x_standard_peripheral/Source\gd32vw55x_fwdgt.c ****     uint32_t flag_status = RESET;
 223              		.loc 1 164 5
 165:C:/Users/stapi/OneDrive/Desktop/GD32VW553/GD32VW55X_Wifi_BLE_SDK/GD32VW55x_RELEASE_V1.0.2/MSDK/plf/GD32VW55x_standard_peripheral/Source\gd32vw55x_fwdgt.c **** 
 166:C:/Users/stapi/OneDrive/Desktop/GD32VW553/GD32VW55X_Wifi_BLE_SDK/GD32VW55x_RELEASE_V1.0.2/MSDK/plf/GD32VW55x_standard_peripheral/Source\gd32vw55x_fwdgt.c ****     /* enable write access to FWDGT_PSC,and FWDGT_RLD */
 167:C:/Users/stapi/OneDrive/Desktop/GD32VW553/GD32VW55X_Wifi_BLE_SDK/GD32VW55x_RELEASE_V1.0.2/MSDK/plf/GD32VW55x_standard_peripheral/Source\gd32vw55x_fwdgt.c ****     FWDGT_CTL = FWDGT_WRITEACCESS_ENABLE;
 224              		.loc 1 167 5
 225              		.loc 1 167 15 is_stmt 0
 226 0000 9567     		li	a5,20480
 227 0002 93875755 		addi	a5,a5,1365
 228 0006 37370040 		li	a4,1073754112
 229 000a 1CC3     		sw	a5,0(a4)
 230 000c B7071000 		li	a5,1048576
 231 0010 FD17     		addi	a5,a5,-1
 168:C:/Users/stapi/OneDrive/Desktop/GD32VW553/GD32VW55X_Wifi_BLE_SDK/GD32VW55x_RELEASE_V1.0.2/MSDK/plf/GD32VW55x_standard_peripheral/Source\gd32vw55x_fwdgt.c **** 
 169:C:/Users/stapi/OneDrive/Desktop/GD32VW553/GD32VW55X_Wifi_BLE_SDK/GD32VW55x_RELEASE_V1.0.2/MSDK/plf/GD32VW55x_standard_peripheral/Source\gd32vw55x_fwdgt.c ****     /* wait until the PUD flag to be reset */
 170:C:/Users/stapi/OneDrive/Desktop/GD32VW553/GD32VW55X_Wifi_BLE_SDK/GD32VW55x_RELEASE_V1.0.2/MSDK/plf/GD32VW55x_standard_peripheral/Source\gd32vw55x_fwdgt.c ****     do{
 171:C:/Users/stapi/OneDrive/Desktop/GD32VW553/GD32VW55X_Wifi_BLE_SDK/GD32VW55x_RELEASE_V1.0.2/MSDK/plf/GD32VW55x_standard_peripheral/Source\gd32vw55x_fwdgt.c ****         flag_status = FWDGT_STAT & FWDGT_STAT_PUD;
 232              		.loc 1 171 23
 233 0012 B7360040 		li	a3,1073754112
 234              	.LVL19:
 235              	.L19:
 170:C:/Users/stapi/OneDrive/Desktop/GD32VW553/GD32VW55X_Wifi_BLE_SDK/GD32VW55x_RELEASE_V1.0.2/MSDK/plf/GD32VW55x_standard_peripheral/Source\gd32vw55x_fwdgt.c ****         flag_status = FWDGT_STAT & FWDGT_STAT_PUD;
 236              		.loc 1 170 5 is_stmt 1 discriminator 2
 237              		.loc 1 171 9 discriminator 2
 238              		.loc 1 171 23 is_stmt 0 discriminator 2
 239 0016 D846     		lw	a4,12(a3)
 172:C:/Users/stapi/OneDrive/Desktop/GD32VW553/GD32VW55X_Wifi_BLE_SDK/GD32VW55x_RELEASE_V1.0.2/MSDK/plf/GD32VW55x_standard_peripheral/Source\gd32vw55x_fwdgt.c ****     }while((--timeout > 0U) && ((uint32_t)RESET != flag_status));
 240              		.loc 1 172 5 discriminator 2
 241 0018 FD17     		addi	a5,a5,-1
 242              	.LVL20:
 171:C:/Users/stapi/OneDrive/Desktop/GD32VW553/GD32VW55X_Wifi_BLE_SDK/GD32VW55x_RELEASE_V1.0.2/MSDK/plf/GD32VW55x_standard_peripheral/Source\gd32vw55x_fwdgt.c ****     }while((--timeout > 0U) && ((uint32_t)RESET != flag_status));
 243              		.loc 1 171 21 discriminator 2
 244 001a 058B     		andi	a4,a4,1
 245              	.LVL21:
 246              		.loc 1 172 11 is_stmt 1 discriminator 2
 247              		.loc 1 172 5 is_stmt 0 discriminator 2
 248 001c 95CB     		beq	a5,zero,.L18
 249              	.LVL22:
 250              		.loc 1 172 29 discriminator 1
 251 001e 65FF     		bne	a4,zero,.L19
 252              	.LVL23:
 253              	.L20:
 173:C:/Users/stapi/OneDrive/Desktop/GD32VW553/GD32VW55X_Wifi_BLE_SDK/GD32VW55x_RELEASE_V1.0.2/MSDK/plf/GD32VW55x_standard_peripheral/Source\gd32vw55x_fwdgt.c **** 
 174:C:/Users/stapi/OneDrive/Desktop/GD32VW553/GD32VW55X_Wifi_BLE_SDK/GD32VW55x_RELEASE_V1.0.2/MSDK/plf/GD32VW55x_standard_peripheral/Source\gd32vw55x_fwdgt.c ****     if ((uint32_t)RESET != flag_status){
 175:C:/Users/stapi/OneDrive/Desktop/GD32VW553/GD32VW55X_Wifi_BLE_SDK/GD32VW55x_RELEASE_V1.0.2/MSDK/plf/GD32VW55x_standard_peripheral/Source\gd32vw55x_fwdgt.c ****         return ERROR;
 176:C:/Users/stapi/OneDrive/Desktop/GD32VW553/GD32VW55X_Wifi_BLE_SDK/GD32VW55x_RELEASE_V1.0.2/MSDK/plf/GD32VW55x_standard_peripheral/Source\gd32vw55x_fwdgt.c ****     }
 177:C:/Users/stapi/OneDrive/Desktop/GD32VW553/GD32VW55X_Wifi_BLE_SDK/GD32VW55x_RELEASE_V1.0.2/MSDK/plf/GD32VW55x_standard_peripheral/Source\gd32vw55x_fwdgt.c **** 
 178:C:/Users/stapi/OneDrive/Desktop/GD32VW553/GD32VW55X_Wifi_BLE_SDK/GD32VW55x_RELEASE_V1.0.2/MSDK/plf/GD32VW55x_standard_peripheral/Source\gd32vw55x_fwdgt.c ****     /* configure FWDGT */
 179:C:/Users/stapi/OneDrive/Desktop/GD32VW553/GD32VW55X_Wifi_BLE_SDK/GD32VW55x_RELEASE_V1.0.2/MSDK/plf/GD32VW55x_standard_peripheral/Source\gd32vw55x_fwdgt.c ****     FWDGT_PSC = (uint32_t)prescaler_div;
 254              		.loc 1 179 5 is_stmt 1
 255              		.loc 1 179 15 is_stmt 0
 256 0020 B7370040 		li	a5,1073754112
 257 0024 CCC3     		sw	a1,4(a5)
 180:C:/Users/stapi/OneDrive/Desktop/GD32VW553/GD32VW55X_Wifi_BLE_SDK/GD32VW55x_RELEASE_V1.0.2/MSDK/plf/GD32VW55x_standard_peripheral/Source\gd32vw55x_fwdgt.c **** 
 181:C:/Users/stapi/OneDrive/Desktop/GD32VW553/GD32VW55X_Wifi_BLE_SDK/GD32VW55x_RELEASE_V1.0.2/MSDK/plf/GD32VW55x_standard_peripheral/Source\gd32vw55x_fwdgt.c ****     timeout = FWDGT_RLD_TIMEOUT;
 258              		.loc 1 181 5 is_stmt 1
 259              	.LVL24:
 179:C:/Users/stapi/OneDrive/Desktop/GD32VW553/GD32VW55X_Wifi_BLE_SDK/GD32VW55x_RELEASE_V1.0.2/MSDK/plf/GD32VW55x_standard_peripheral/Source\gd32vw55x_fwdgt.c **** 
 260              		.loc 1 179 15 is_stmt 0
 261 0026 B7071000 		li	a5,1048576
 262 002a FD17     		addi	a5,a5,-1
 182:C:/Users/stapi/OneDrive/Desktop/GD32VW553/GD32VW55X_Wifi_BLE_SDK/GD32VW55x_RELEASE_V1.0.2/MSDK/plf/GD32VW55x_standard_peripheral/Source\gd32vw55x_fwdgt.c ****     /* wait until the RUD flag to be reset */
 183:C:/Users/stapi/OneDrive/Desktop/GD32VW553/GD32VW55X_Wifi_BLE_SDK/GD32VW55x_RELEASE_V1.0.2/MSDK/plf/GD32VW55x_standard_peripheral/Source\gd32vw55x_fwdgt.c ****     do{
 184:C:/Users/stapi/OneDrive/Desktop/GD32VW553/GD32VW55X_Wifi_BLE_SDK/GD32VW55x_RELEASE_V1.0.2/MSDK/plf/GD32VW55x_standard_peripheral/Source\gd32vw55x_fwdgt.c ****         flag_status = FWDGT_STAT & FWDGT_STAT_RUD;
 263              		.loc 1 184 23
 264 002c B7360040 		li	a3,1073754112
 265              	.LVL25:
 266              	.L23:
 183:C:/Users/stapi/OneDrive/Desktop/GD32VW553/GD32VW55X_Wifi_BLE_SDK/GD32VW55x_RELEASE_V1.0.2/MSDK/plf/GD32VW55x_standard_peripheral/Source\gd32vw55x_fwdgt.c ****         flag_status = FWDGT_STAT & FWDGT_STAT_RUD;
 267              		.loc 1 183 5 is_stmt 1 discriminator 2
 268              		.loc 1 184 9 discriminator 2
 269              		.loc 1 184 23 is_stmt 0 discriminator 2
 270 0030 D846     		lw	a4,12(a3)
 271              	.LVL26:
 185:C:/Users/stapi/OneDrive/Desktop/GD32VW553/GD32VW55X_Wifi_BLE_SDK/GD32VW55x_RELEASE_V1.0.2/MSDK/plf/GD32VW55x_standard_peripheral/Source\gd32vw55x_fwdgt.c ****     }while((--timeout > 0U) && ((uint32_t)RESET != flag_status));
 272              		.loc 1 185 5 discriminator 2
 273 0032 FD17     		addi	a5,a5,-1
 274              	.LVL27:
 184:C:/Users/stapi/OneDrive/Desktop/GD32VW553/GD32VW55X_Wifi_BLE_SDK/GD32VW55x_RELEASE_V1.0.2/MSDK/plf/GD32VW55x_standard_peripheral/Source\gd32vw55x_fwdgt.c ****     }while((--timeout > 0U) && ((uint32_t)RESET != flag_status));
 275              		.loc 1 184 21 discriminator 2
 276 0034 098B     		andi	a4,a4,2
 277              	.LVL28:
 278              		.loc 1 185 11 is_stmt 1 discriminator 2
 279              		.loc 1 185 5 is_stmt 0 discriminator 2
 280 0036 85C3     		beq	a5,zero,.L22
 281              	.LVL29:
 282              		.loc 1 185 29 discriminator 1
 283 0038 65FF     		bne	a4,zero,.L23
 284              	.LVL30:
 285              	.L24:
 186:C:/Users/stapi/OneDrive/Desktop/GD32VW553/GD32VW55X_Wifi_BLE_SDK/GD32VW55x_RELEASE_V1.0.2/MSDK/plf/GD32VW55x_standard_peripheral/Source\gd32vw55x_fwdgt.c **** 
 187:C:/Users/stapi/OneDrive/Desktop/GD32VW553/GD32VW55X_Wifi_BLE_SDK/GD32VW55x_RELEASE_V1.0.2/MSDK/plf/GD32VW55x_standard_peripheral/Source\gd32vw55x_fwdgt.c ****     if ((uint32_t)RESET != flag_status){
 188:C:/Users/stapi/OneDrive/Desktop/GD32VW553/GD32VW55X_Wifi_BLE_SDK/GD32VW55x_RELEASE_V1.0.2/MSDK/plf/GD32VW55x_standard_peripheral/Source\gd32vw55x_fwdgt.c ****         return ERROR;
 189:C:/Users/stapi/OneDrive/Desktop/GD32VW553/GD32VW55X_Wifi_BLE_SDK/GD32VW55x_RELEASE_V1.0.2/MSDK/plf/GD32VW55x_standard_peripheral/Source\gd32vw55x_fwdgt.c ****     }
 190:C:/Users/stapi/OneDrive/Desktop/GD32VW553/GD32VW55X_Wifi_BLE_SDK/GD32VW55x_RELEASE_V1.0.2/MSDK/plf/GD32VW55x_standard_peripheral/Source\gd32vw55x_fwdgt.c **** 
 191:C:/Users/stapi/OneDrive/Desktop/GD32VW553/GD32VW55X_Wifi_BLE_SDK/GD32VW55x_RELEASE_V1.0.2/MSDK/plf/GD32VW55x_standard_peripheral/Source\gd32vw55x_fwdgt.c ****     FWDGT_RLD = RLD_RLD(reload_value);
 286              		.loc 1 191 5 is_stmt 1
 287              		.loc 1 191 17 is_stmt 0
 288 003a 5205     		slli	a0,a0,20
 289              	.LVL31:
 290              		.loc 1 191 15
 291 003c 37370040 		li	a4,1073754112
 292              	.LVL32:
 293              		.loc 1 191 17
 294 0040 5181     		srli	a0,a0,20
 192:C:/Users/stapi/OneDrive/Desktop/GD32VW553/GD32VW55X_Wifi_BLE_SDK/GD32VW55x_RELEASE_V1.0.2/MSDK/plf/GD32VW55x_standard_peripheral/Source\gd32vw55x_fwdgt.c **** 
 193:C:/Users/stapi/OneDrive/Desktop/GD32VW553/GD32VW55X_Wifi_BLE_SDK/GD32VW55x_RELEASE_V1.0.2/MSDK/plf/GD32VW55x_standard_peripheral/Source\gd32vw55x_fwdgt.c ****     /* reload the counter */
 194:C:/Users/stapi/OneDrive/Desktop/GD32VW553/GD32VW55X_Wifi_BLE_SDK/GD32VW55x_RELEASE_V1.0.2/MSDK/plf/GD32VW55x_standard_peripheral/Source\gd32vw55x_fwdgt.c ****     FWDGT_CTL = FWDGT_KEY_RELOAD;
 295              		.loc 1 194 15
 296 0042 AD67     		li	a5,45056
 191:C:/Users/stapi/OneDrive/Desktop/GD32VW553/GD32VW55X_Wifi_BLE_SDK/GD32VW55x_RELEASE_V1.0.2/MSDK/plf/GD32VW55x_standard_peripheral/Source\gd32vw55x_fwdgt.c **** 
 297              		.loc 1 191 15
 298 0044 08C7     		sw	a0,8(a4)
 299              		.loc 1 194 5 is_stmt 1
 300              		.loc 1 194 15 is_stmt 0
 301 0046 9387A7AA 		addi	a5,a5,-1366
 302 004a 1CC3     		sw	a5,0(a4)
 195:C:/Users/stapi/OneDrive/Desktop/GD32VW553/GD32VW55X_Wifi_BLE_SDK/GD32VW55x_RELEASE_V1.0.2/MSDK/plf/GD32VW55x_standard_peripheral/Source\gd32vw55x_fwdgt.c **** 
 196:C:/Users/stapi/OneDrive/Desktop/GD32VW553/GD32VW55X_Wifi_BLE_SDK/GD32VW55x_RELEASE_V1.0.2/MSDK/plf/GD32VW55x_standard_peripheral/Source\gd32vw55x_fwdgt.c ****     return SUCCESS;
 303              		.loc 1 196 5 is_stmt 1
 304              		.loc 1 196 12 is_stmt 0
 305 004c 0545     		li	a0,1
 197:C:/Users/stapi/OneDrive/Desktop/GD32VW553/GD32VW55X_Wifi_BLE_SDK/GD32VW55x_RELEASE_V1.0.2/MSDK/plf/GD32VW55x_standard_peripheral/Source\gd32vw55x_fwdgt.c **** }
 306              		.loc 1 197 1
 307 004e 8280     		ret
 308              	.LVL33:
 309              	.L18:
 174:C:/Users/stapi/OneDrive/Desktop/GD32VW553/GD32VW55X_Wifi_BLE_SDK/GD32VW55x_RELEASE_V1.0.2/MSDK/plf/GD32VW55x_standard_peripheral/Source\gd32vw55x_fwdgt.c ****         return ERROR;
 310              		.loc 1 174 5 is_stmt 1
 174:C:/Users/stapi/OneDrive/Desktop/GD32VW553/GD32VW55X_Wifi_BLE_SDK/GD32VW55x_RELEASE_V1.0.2/MSDK/plf/GD32VW55x_standard_peripheral/Source\gd32vw55x_fwdgt.c ****         return ERROR;
 311              		.loc 1 174 8 is_stmt 0
 312 0050 61DB     		beq	a4,zero,.L20
 313              	.L25:
 175:C:/Users/stapi/OneDrive/Desktop/GD32VW553/GD32VW55X_Wifi_BLE_SDK/GD32VW55x_RELEASE_V1.0.2/MSDK/plf/GD32VW55x_standard_peripheral/Source\gd32vw55x_fwdgt.c ****     }
 314              		.loc 1 175 16
 315 0052 0145     		li	a0,0
 316              	.LVL34:
 317 0054 8280     		ret
 318              	.LVL35:
 319              	.L22:
 187:C:/Users/stapi/OneDrive/Desktop/GD32VW553/GD32VW55X_Wifi_BLE_SDK/GD32VW55x_RELEASE_V1.0.2/MSDK/plf/GD32VW55x_standard_peripheral/Source\gd32vw55x_fwdgt.c ****         return ERROR;
 320              		.loc 1 187 5 is_stmt 1
 187:C:/Users/stapi/OneDrive/Desktop/GD32VW553/GD32VW55X_Wifi_BLE_SDK/GD32VW55x_RELEASE_V1.0.2/MSDK/plf/GD32VW55x_standard_peripheral/Source\gd32vw55x_fwdgt.c ****         return ERROR;
 321              		.loc 1 187 8 is_stmt 0
 322 0056 75FF     		bne	a4,zero,.L25
 323 0058 CDB7     		j	.L24
 324              		.cfi_endproc
 325              	.LFE371:
 327              		.section	.text.fwdgt_flag_get,"ax",@progbits
 328              		.align	1
 329              		.globl	fwdgt_flag_get
 331              	fwdgt_flag_get:
 332              	.LFB372:
 198:C:/Users/stapi/OneDrive/Desktop/GD32VW553/GD32VW55X_Wifi_BLE_SDK/GD32VW55x_RELEASE_V1.0.2/MSDK/plf/GD32VW55x_standard_peripheral/Source\gd32vw55x_fwdgt.c **** 
 199:C:/Users/stapi/OneDrive/Desktop/GD32VW553/GD32VW55X_Wifi_BLE_SDK/GD32VW55x_RELEASE_V1.0.2/MSDK/plf/GD32VW55x_standard_peripheral/Source\gd32vw55x_fwdgt.c **** /*!
 200:C:/Users/stapi/OneDrive/Desktop/GD32VW553/GD32VW55X_Wifi_BLE_SDK/GD32VW55x_RELEASE_V1.0.2/MSDK/plf/GD32VW55x_standard_peripheral/Source\gd32vw55x_fwdgt.c ****     \brief      get flag state of FWDGT
 201:C:/Users/stapi/OneDrive/Desktop/GD32VW553/GD32VW55X_Wifi_BLE_SDK/GD32VW55x_RELEASE_V1.0.2/MSDK/plf/GD32VW55x_standard_peripheral/Source\gd32vw55x_fwdgt.c ****     \param[in]  flag: flag to get
 202:C:/Users/stapi/OneDrive/Desktop/GD32VW553/GD32VW55X_Wifi_BLE_SDK/GD32VW55x_RELEASE_V1.0.2/MSDK/plf/GD32VW55x_standard_peripheral/Source\gd32vw55x_fwdgt.c ****                 only one parameter can be selected which is shown as below:
 203:C:/Users/stapi/OneDrive/Desktop/GD32VW553/GD32VW55X_Wifi_BLE_SDK/GD32VW55x_RELEASE_V1.0.2/MSDK/plf/GD32VW55x_standard_peripheral/Source\gd32vw55x_fwdgt.c ****       \arg        FWDGT_FLAG_PUD: a write operation to FWDGT_PSC register is on going
 204:C:/Users/stapi/OneDrive/Desktop/GD32VW553/GD32VW55X_Wifi_BLE_SDK/GD32VW55x_RELEASE_V1.0.2/MSDK/plf/GD32VW55x_standard_peripheral/Source\gd32vw55x_fwdgt.c ****       \arg        FWDGT_FLAG_RUD: a write operation to FWDGT_RLD register is on going
 205:C:/Users/stapi/OneDrive/Desktop/GD32VW553/GD32VW55X_Wifi_BLE_SDK/GD32VW55x_RELEASE_V1.0.2/MSDK/plf/GD32VW55x_standard_peripheral/Source\gd32vw55x_fwdgt.c ****     \param[out] none
 206:C:/Users/stapi/OneDrive/Desktop/GD32VW553/GD32VW55X_Wifi_BLE_SDK/GD32VW55x_RELEASE_V1.0.2/MSDK/plf/GD32VW55x_standard_peripheral/Source\gd32vw55x_fwdgt.c ****     \retval     FlagStatus: SET or RESET
 207:C:/Users/stapi/OneDrive/Desktop/GD32VW553/GD32VW55X_Wifi_BLE_SDK/GD32VW55x_RELEASE_V1.0.2/MSDK/plf/GD32VW55x_standard_peripheral/Source\gd32vw55x_fwdgt.c **** */
 208:C:/Users/stapi/OneDrive/Desktop/GD32VW553/GD32VW55X_Wifi_BLE_SDK/GD32VW55x_RELEASE_V1.0.2/MSDK/plf/GD32VW55x_standard_peripheral/Source\gd32vw55x_fwdgt.c **** FlagStatus fwdgt_flag_get(uint16_t flag)
 209:C:/Users/stapi/OneDrive/Desktop/GD32VW553/GD32VW55X_Wifi_BLE_SDK/GD32VW55x_RELEASE_V1.0.2/MSDK/plf/GD32VW55x_standard_peripheral/Source\gd32vw55x_fwdgt.c **** {
 333              		.loc 1 209 1 is_stmt 1
 334              		.cfi_startproc
 335              	.LVL36:
 210:C:/Users/stapi/OneDrive/Desktop/GD32VW553/GD32VW55X_Wifi_BLE_SDK/GD32VW55x_RELEASE_V1.0.2/MSDK/plf/GD32VW55x_standard_peripheral/Source\gd32vw55x_fwdgt.c ****     if (RESET != (FWDGT_STAT & flag)){
 336              		.loc 1 210 5
 337              		.loc 1 210 19 is_stmt 0
 338 0000 B7370040 		li	a5,1073754112
 339 0004 DC47     		lw	a5,12(a5)
 340              		.loc 1 210 30
 341 0006 7D8D     		and	a0,a0,a5
 342              	.LVL37:
 211:C:/Users/stapi/OneDrive/Desktop/GD32VW553/GD32VW55X_Wifi_BLE_SDK/GD32VW55x_RELEASE_V1.0.2/MSDK/plf/GD32VW55x_standard_peripheral/Source\gd32vw55x_fwdgt.c ****         return SET;
 212:C:/Users/stapi/OneDrive/Desktop/GD32VW553/GD32VW55X_Wifi_BLE_SDK/GD32VW55x_RELEASE_V1.0.2/MSDK/plf/GD32VW55x_standard_peripheral/Source\gd32vw55x_fwdgt.c ****     }
 213:C:/Users/stapi/OneDrive/Desktop/GD32VW553/GD32VW55X_Wifi_BLE_SDK/GD32VW55x_RELEASE_V1.0.2/MSDK/plf/GD32VW55x_standard_peripheral/Source\gd32vw55x_fwdgt.c ****     return RESET;
 214:C:/Users/stapi/OneDrive/Desktop/GD32VW553/GD32VW55X_Wifi_BLE_SDK/GD32VW55x_RELEASE_V1.0.2/MSDK/plf/GD32VW55x_standard_peripheral/Source\gd32vw55x_fwdgt.c **** }
 343              		.loc 1 214 1
 344 0008 3335A000 		snez	a0,a0
 345 000c 8280     		ret
 346              		.cfi_endproc
 347              	.LFE372:
 349              		.text
 350              	.Letext0:
 351              		.file 2 "c:\\users\\stapi\\onedrive\\desktop\\gd32vw553\\embeddedbuilder_v1.4.7.26843\\tools\\nucl
 352              		.file 3 "c:\\users\\stapi\\onedrive\\desktop\\gd32vw553\\embeddedbuilder_v1.4.7.26843\\tools\\nucl
 353              		.file 4 "..\\..\\..\\..\\plf\\riscv\\gd32vw55x/gd32vw55x.h"
DEFINED SYMBOLS
                            *ABS*:0000000000000000 gd32vw55x_fwdgt.c
C:\Users\stapi\AppData\Local\Temp\cc9sX7Y7.s:13     .text.fwdgt_write_enable:0000000000000000 fwdgt_write_enable
C:\Users\stapi\AppData\Local\Temp\cc9sX7Y7.s:17     .text.fwdgt_write_enable:0000000000000000 .L0 
C:\Users\stapi\AppData\Local\Temp\cc9sX7Y7.s:18     .text.fwdgt_write_enable:0000000000000000 .L0 
C:\Users\stapi\AppData\Local\Temp\cc9sX7Y7.s:19     .text.fwdgt_write_enable:0000000000000000 .L0 
C:\Users\stapi\AppData\Local\Temp\cc9sX7Y7.s:20     .text.fwdgt_write_enable:0000000000000000 .L0 
C:\Users\stapi\AppData\Local\Temp\cc9sX7Y7.s:25     .text.fwdgt_write_enable:000000000000000c .L0 
C:\Users\stapi\AppData\Local\Temp\cc9sX7Y7.s:26     .text.fwdgt_write_enable:000000000000000e .L0 
C:\Users\stapi\AppData\Local\Temp\cc9sX7Y7.s:33     .text.fwdgt_write_disable:0000000000000000 fwdgt_write_disable
C:\Users\stapi\AppData\Local\Temp\cc9sX7Y7.s:36     .text.fwdgt_write_disable:0000000000000000 .L0 
C:\Users\stapi\AppData\Local\Temp\cc9sX7Y7.s:37     .text.fwdgt_write_disable:0000000000000000 .L0 
C:\Users\stapi\AppData\Local\Temp\cc9sX7Y7.s:38     .text.fwdgt_write_disable:0000000000000000 .L0 
C:\Users\stapi\AppData\Local\Temp\cc9sX7Y7.s:39     .text.fwdgt_write_disable:0000000000000000 .L0 
C:\Users\stapi\AppData\Local\Temp\cc9sX7Y7.s:42     .text.fwdgt_write_disable:0000000000000008 .L0 
C:\Users\stapi\AppData\Local\Temp\cc9sX7Y7.s:43     .text.fwdgt_write_disable:000000000000000a .L0 
C:\Users\stapi\AppData\Local\Temp\cc9sX7Y7.s:50     .text.fwdgt_enable:0000000000000000 fwdgt_enable
C:\Users\stapi\AppData\Local\Temp\cc9sX7Y7.s:53     .text.fwdgt_enable:0000000000000000 .L0 
C:\Users\stapi\AppData\Local\Temp\cc9sX7Y7.s:54     .text.fwdgt_enable:0000000000000000 .L0 
C:\Users\stapi\AppData\Local\Temp\cc9sX7Y7.s:55     .text.fwdgt_enable:0000000000000000 .L0 
C:\Users\stapi\AppData\Local\Temp\cc9sX7Y7.s:56     .text.fwdgt_enable:0000000000000000 .L0 
C:\Users\stapi\AppData\Local\Temp\cc9sX7Y7.s:61     .text.fwdgt_enable:000000000000000c .L0 
C:\Users\stapi\AppData\Local\Temp\cc9sX7Y7.s:62     .text.fwdgt_enable:000000000000000e .L0 
C:\Users\stapi\AppData\Local\Temp\cc9sX7Y7.s:69     .text.fwdgt_prescaler_value_config:0000000000000000 fwdgt_prescaler_value_config
C:\Users\stapi\AppData\Local\Temp\cc9sX7Y7.s:72     .text.fwdgt_prescaler_value_config:0000000000000000 .L0 
C:\Users\stapi\AppData\Local\Temp\cc9sX7Y7.s:74     .text.fwdgt_prescaler_value_config:0000000000000000 .L0 
C:\Users\stapi\AppData\Local\Temp\cc9sX7Y7.s:75     .text.fwdgt_prescaler_value_config:0000000000000000 .L0 
C:\Users\stapi\AppData\Local\Temp\cc9sX7Y7.s:76     .text.fwdgt_prescaler_value_config:0000000000000000 .L0 
C:\Users\stapi\AppData\Local\Temp\cc9sX7Y7.s:77     .text.fwdgt_prescaler_value_config:0000000000000000 .L0 
C:\Users\stapi\AppData\Local\Temp\cc9sX7Y7.s:78     .text.fwdgt_prescaler_value_config:0000000000000000 .L0 
C:\Users\stapi\AppData\Local\Temp\cc9sX7Y7.s:84     .text.fwdgt_prescaler_value_config:0000000000000010 .L0 
C:\Users\stapi\AppData\Local\Temp\cc9sX7Y7.s:86     .text.fwdgt_prescaler_value_config:0000000000000012 .L0 
C:\Users\stapi\AppData\Local\Temp\cc9sX7Y7.s:90     .text.fwdgt_prescaler_value_config:0000000000000016 .L0 
C:\Users\stapi\AppData\Local\Temp\cc9sX7Y7.s:91     .text.fwdgt_prescaler_value_config:0000000000000016 .L0 
C:\Users\stapi\AppData\Local\Temp\cc9sX7Y7.s:92     .text.fwdgt_prescaler_value_config:0000000000000016 .L0 
C:\Users\stapi\AppData\Local\Temp\cc9sX7Y7.s:94     .text.fwdgt_prescaler_value_config:0000000000000018 .L0 
C:\Users\stapi\AppData\Local\Temp\cc9sX7Y7.s:97     .text.fwdgt_prescaler_value_config:000000000000001a .L0 
C:\Users\stapi\AppData\Local\Temp\cc9sX7Y7.s:100    .text.fwdgt_prescaler_value_config:000000000000001c .L0 
C:\Users\stapi\AppData\Local\Temp\cc9sX7Y7.s:101    .text.fwdgt_prescaler_value_config:000000000000001c .L0 
C:\Users\stapi\AppData\Local\Temp\cc9sX7Y7.s:104    .text.fwdgt_prescaler_value_config:000000000000001e .L0 
C:\Users\stapi\AppData\Local\Temp\cc9sX7Y7.s:108    .text.fwdgt_prescaler_value_config:0000000000000020 .L0 
C:\Users\stapi\AppData\Local\Temp\cc9sX7Y7.s:109    .text.fwdgt_prescaler_value_config:0000000000000020 .L0 
C:\Users\stapi\AppData\Local\Temp\cc9sX7Y7.s:113    .text.fwdgt_prescaler_value_config:0000000000000026 .L0 
C:\Users\stapi\AppData\Local\Temp\cc9sX7Y7.s:114    .text.fwdgt_prescaler_value_config:0000000000000026 .L0 
C:\Users\stapi\AppData\Local\Temp\cc9sX7Y7.s:119    .text.fwdgt_prescaler_value_config:000000000000002a .L0 
C:\Users\stapi\AppData\Local\Temp\cc9sX7Y7.s:120    .text.fwdgt_prescaler_value_config:000000000000002a .L0 
C:\Users\stapi\AppData\Local\Temp\cc9sX7Y7.s:124    .text.fwdgt_prescaler_value_config:000000000000002c .L0 
C:\Users\stapi\AppData\Local\Temp\cc9sX7Y7.s:125    .text.fwdgt_prescaler_value_config:000000000000002e .L0 
C:\Users\stapi\AppData\Local\Temp\cc9sX7Y7.s:132    .text.fwdgt_reload_value_config:0000000000000000 fwdgt_reload_value_config
C:\Users\stapi\AppData\Local\Temp\cc9sX7Y7.s:135    .text.fwdgt_reload_value_config:0000000000000000 .L0 
C:\Users\stapi\AppData\Local\Temp\cc9sX7Y7.s:137    .text.fwdgt_reload_value_config:0000000000000000 .L0 
C:\Users\stapi\AppData\Local\Temp\cc9sX7Y7.s:138    .text.fwdgt_reload_value_config:0000000000000000 .L0 
C:\Users\stapi\AppData\Local\Temp\cc9sX7Y7.s:139    .text.fwdgt_reload_value_config:0000000000000000 .L0 
C:\Users\stapi\AppData\Local\Temp\cc9sX7Y7.s:140    .text.fwdgt_reload_value_config:0000000000000000 .L0 
C:\Users\stapi\AppData\Local\Temp\cc9sX7Y7.s:141    .text.fwdgt_reload_value_config:0000000000000000 .L0 
C:\Users\stapi\AppData\Local\Temp\cc9sX7Y7.s:147    .text.fwdgt_reload_value_config:0000000000000010 .L0 
C:\Users\stapi\AppData\Local\Temp\cc9sX7Y7.s:149    .text.fwdgt_reload_value_config:0000000000000012 .L0 
C:\Users\stapi\AppData\Local\Temp\cc9sX7Y7.s:153    .text.fwdgt_reload_value_config:0000000000000016 .L0 
C:\Users\stapi\AppData\Local\Temp\cc9sX7Y7.s:154    .text.fwdgt_reload_value_config:0000000000000016 .L0 
C:\Users\stapi\AppData\Local\Temp\cc9sX7Y7.s:155    .text.fwdgt_reload_value_config:0000000000000016 .L0 
C:\Users\stapi\AppData\Local\Temp\cc9sX7Y7.s:157    .text.fwdgt_reload_value_config:0000000000000018 .L0 
C:\Users\stapi\AppData\Local\Temp\cc9sX7Y7.s:160    .text.fwdgt_reload_value_config:000000000000001a .L0 
C:\Users\stapi\AppData\Local\Temp\cc9sX7Y7.s:163    .text.fwdgt_reload_value_config:000000000000001c .L0 
C:\Users\stapi\AppData\Local\Temp\cc9sX7Y7.s:164    .text.fwdgt_reload_value_config:000000000000001c .L0 
C:\Users\stapi\AppData\Local\Temp\cc9sX7Y7.s:167    .text.fwdgt_reload_value_config:000000000000001e .L0 
C:\Users\stapi\AppData\Local\Temp\cc9sX7Y7.s:171    .text.fwdgt_reload_value_config:0000000000000020 .L0 
C:\Users\stapi\AppData\Local\Temp\cc9sX7Y7.s:172    .text.fwdgt_reload_value_config:0000000000000020 .L0 
C:\Users\stapi\AppData\Local\Temp\cc9sX7Y7.s:175    .text.fwdgt_reload_value_config:0000000000000024 .L0 
C:\Users\stapi\AppData\Local\Temp\cc9sX7Y7.s:179    .text.fwdgt_reload_value_config:000000000000002a .L0 
C:\Users\stapi\AppData\Local\Temp\cc9sX7Y7.s:180    .text.fwdgt_reload_value_config:000000000000002a .L0 
C:\Users\stapi\AppData\Local\Temp\cc9sX7Y7.s:185    .text.fwdgt_reload_value_config:000000000000002e .L0 
C:\Users\stapi\AppData\Local\Temp\cc9sX7Y7.s:186    .text.fwdgt_reload_value_config:000000000000002e .L0 
C:\Users\stapi\AppData\Local\Temp\cc9sX7Y7.s:190    .text.fwdgt_reload_value_config:0000000000000030 .L0 
C:\Users\stapi\AppData\Local\Temp\cc9sX7Y7.s:191    .text.fwdgt_reload_value_config:0000000000000032 .L0 
C:\Users\stapi\AppData\Local\Temp\cc9sX7Y7.s:198    .text.fwdgt_counter_reload:0000000000000000 fwdgt_counter_reload
C:\Users\stapi\AppData\Local\Temp\cc9sX7Y7.s:201    .text.fwdgt_counter_reload:0000000000000000 .L0 
C:\Users\stapi\AppData\Local\Temp\cc9sX7Y7.s:202    .text.fwdgt_counter_reload:0000000000000000 .L0 
C:\Users\stapi\AppData\Local\Temp\cc9sX7Y7.s:203    .text.fwdgt_counter_reload:0000000000000000 .L0 
C:\Users\stapi\AppData\Local\Temp\cc9sX7Y7.s:204    .text.fwdgt_counter_reload:0000000000000000 .L0 
C:\Users\stapi\AppData\Local\Temp\cc9sX7Y7.s:209    .text.fwdgt_counter_reload:000000000000000c .L0 
C:\Users\stapi\AppData\Local\Temp\cc9sX7Y7.s:210    .text.fwdgt_counter_reload:000000000000000e .L0 
C:\Users\stapi\AppData\Local\Temp\cc9sX7Y7.s:217    .text.fwdgt_config:0000000000000000 fwdgt_config
C:\Users\stapi\AppData\Local\Temp\cc9sX7Y7.s:220    .text.fwdgt_config:0000000000000000 .L0 
C:\Users\stapi\AppData\Local\Temp\cc9sX7Y7.s:222    .text.fwdgt_config:0000000000000000 .L0 
C:\Users\stapi\AppData\Local\Temp\cc9sX7Y7.s:223    .text.fwdgt_config:0000000000000000 .L0 
C:\Users\stapi\AppData\Local\Temp\cc9sX7Y7.s:224    .text.fwdgt_config:0000000000000000 .L0 
C:\Users\stapi\AppData\Local\Temp\cc9sX7Y7.s:225    .text.fwdgt_config:0000000000000000 .L0 
C:\Users\stapi\AppData\Local\Temp\cc9sX7Y7.s:226    .text.fwdgt_config:0000000000000000 .L0 
C:\Users\stapi\AppData\Local\Temp\cc9sX7Y7.s:233    .text.fwdgt_config:0000000000000012 .L0 
C:\Users\stapi\AppData\Local\Temp\cc9sX7Y7.s:237    .text.fwdgt_config:0000000000000016 .L0 
C:\Users\stapi\AppData\Local\Temp\cc9sX7Y7.s:238    .text.fwdgt_config:0000000000000016 .L0 
C:\Users\stapi\AppData\Local\Temp\cc9sX7Y7.s:239    .text.fwdgt_config:0000000000000016 .L0 
C:\Users\stapi\AppData\Local\Temp\cc9sX7Y7.s:241    .text.fwdgt_config:0000000000000018 .L0 
C:\Users\stapi\AppData\Local\Temp\cc9sX7Y7.s:244    .text.fwdgt_config:000000000000001a .L0 
C:\Users\stapi\AppData\Local\Temp\cc9sX7Y7.s:247    .text.fwdgt_config:000000000000001c .L0 
C:\Users\stapi\AppData\Local\Temp\cc9sX7Y7.s:248    .text.fwdgt_config:000000000000001c .L0 
C:\Users\stapi\AppData\Local\Temp\cc9sX7Y7.s:251    .text.fwdgt_config:000000000000001e .L0 
C:\Users\stapi\AppData\Local\Temp\cc9sX7Y7.s:255    .text.fwdgt_config:0000000000000020 .L0 
C:\Users\stapi\AppData\Local\Temp\cc9sX7Y7.s:256    .text.fwdgt_config:0000000000000020 .L0 
C:\Users\stapi\AppData\Local\Temp\cc9sX7Y7.s:260    .text.fwdgt_config:0000000000000026 .L0 
C:\Users\stapi\AppData\Local\Temp\cc9sX7Y7.s:261    .text.fwdgt_config:0000000000000026 .L0 
C:\Users\stapi\AppData\Local\Temp\cc9sX7Y7.s:264    .text.fwdgt_config:000000000000002c .L0 
C:\Users\stapi\AppData\Local\Temp\cc9sX7Y7.s:268    .text.fwdgt_config:0000000000000030 .L0 
C:\Users\stapi\AppData\Local\Temp\cc9sX7Y7.s:269    .text.fwdgt_config:0000000000000030 .L0 
C:\Users\stapi\AppData\Local\Temp\cc9sX7Y7.s:270    .text.fwdgt_config:0000000000000030 .L0 
C:\Users\stapi\AppData\Local\Temp\cc9sX7Y7.s:273    .text.fwdgt_config:0000000000000032 .L0 
C:\Users\stapi\AppData\Local\Temp\cc9sX7Y7.s:276    .text.fwdgt_config:0000000000000034 .L0 
C:\Users\stapi\AppData\Local\Temp\cc9sX7Y7.s:279    .text.fwdgt_config:0000000000000036 .L0 
C:\Users\stapi\AppData\Local\Temp\cc9sX7Y7.s:280    .text.fwdgt_config:0000000000000036 .L0 
C:\Users\stapi\AppData\Local\Temp\cc9sX7Y7.s:283    .text.fwdgt_config:0000000000000038 .L0 
C:\Users\stapi\AppData\Local\Temp\cc9sX7Y7.s:287    .text.fwdgt_config:000000000000003a .L0 
C:\Users\stapi\AppData\Local\Temp\cc9sX7Y7.s:288    .text.fwdgt_config:000000000000003a .L0 
C:\Users\stapi\AppData\Local\Temp\cc9sX7Y7.s:291    .text.fwdgt_config:000000000000003c .L0 
C:\Users\stapi\AppData\Local\Temp\cc9sX7Y7.s:294    .text.fwdgt_config:0000000000000040 .L0 
C:\Users\stapi\AppData\Local\Temp\cc9sX7Y7.s:296    .text.fwdgt_config:0000000000000042 .L0 
C:\Users\stapi\AppData\Local\Temp\cc9sX7Y7.s:298    .text.fwdgt_config:0000000000000044 .L0 
C:\Users\stapi\AppData\Local\Temp\cc9sX7Y7.s:300    .text.fwdgt_config:0000000000000046 .L0 
C:\Users\stapi\AppData\Local\Temp\cc9sX7Y7.s:301    .text.fwdgt_config:0000000000000046 .L0 
C:\Users\stapi\AppData\Local\Temp\cc9sX7Y7.s:304    .text.fwdgt_config:000000000000004c .L0 
C:\Users\stapi\AppData\Local\Temp\cc9sX7Y7.s:305    .text.fwdgt_config:000000000000004c .L0 
C:\Users\stapi\AppData\Local\Temp\cc9sX7Y7.s:307    .text.fwdgt_config:000000000000004e .L0 
C:\Users\stapi\AppData\Local\Temp\cc9sX7Y7.s:311    .text.fwdgt_config:0000000000000050 .L0 
C:\Users\stapi\AppData\Local\Temp\cc9sX7Y7.s:312    .text.fwdgt_config:0000000000000050 .L0 
C:\Users\stapi\AppData\Local\Temp\cc9sX7Y7.s:315    .text.fwdgt_config:0000000000000052 .L0 
C:\Users\stapi\AppData\Local\Temp\cc9sX7Y7.s:321    .text.fwdgt_config:0000000000000056 .L0 
C:\Users\stapi\AppData\Local\Temp\cc9sX7Y7.s:322    .text.fwdgt_config:0000000000000056 .L0 
C:\Users\stapi\AppData\Local\Temp\cc9sX7Y7.s:324    .text.fwdgt_config:000000000000005a .L0 
C:\Users\stapi\AppData\Local\Temp\cc9sX7Y7.s:331    .text.fwdgt_flag_get:0000000000000000 fwdgt_flag_get
C:\Users\stapi\AppData\Local\Temp\cc9sX7Y7.s:334    .text.fwdgt_flag_get:0000000000000000 .L0 
C:\Users\stapi\AppData\Local\Temp\cc9sX7Y7.s:336    .text.fwdgt_flag_get:0000000000000000 .L0 
C:\Users\stapi\AppData\Local\Temp\cc9sX7Y7.s:337    .text.fwdgt_flag_get:0000000000000000 .L0 
C:\Users\stapi\AppData\Local\Temp\cc9sX7Y7.s:338    .text.fwdgt_flag_get:0000000000000000 .L0 
C:\Users\stapi\AppData\Local\Temp\cc9sX7Y7.s:341    .text.fwdgt_flag_get:0000000000000006 .L0 
C:\Users\stapi\AppData\Local\Temp\cc9sX7Y7.s:344    .text.fwdgt_flag_get:0000000000000008 .L0 
C:\Users\stapi\AppData\Local\Temp\cc9sX7Y7.s:346    .text.fwdgt_flag_get:000000000000000e .L0 
C:\Users\stapi\AppData\Local\Temp\cc9sX7Y7.s:29     .text.fwdgt_write_enable:000000000000000e .L0 
C:\Users\stapi\AppData\Local\Temp\cc9sX7Y7.s:46     .text.fwdgt_write_disable:000000000000000a .L0 
C:\Users\stapi\AppData\Local\Temp\cc9sX7Y7.s:65     .text.fwdgt_enable:000000000000000e .L0 
C:\Users\stapi\AppData\Local\Temp\cc9sX7Y7.s:128    .text.fwdgt_prescaler_value_config:000000000000002e .L0 
C:\Users\stapi\AppData\Local\Temp\cc9sX7Y7.s:194    .text.fwdgt_reload_value_config:0000000000000032 .L0 
C:\Users\stapi\AppData\Local\Temp\cc9sX7Y7.s:213    .text.fwdgt_counter_reload:000000000000000e .L0 
C:\Users\stapi\AppData\Local\Temp\cc9sX7Y7.s:327    .text.fwdgt_config:000000000000005a .L0 
C:\Users\stapi\AppData\Local\Temp\cc9sX7Y7.s:349    .text.fwdgt_flag_get:000000000000000e .L0 
                     .debug_frame:0000000000000000 .L0 
C:\Users\stapi\AppData\Local\Temp\cc9sX7Y7.s:117    .text.fwdgt_prescaler_value_config:000000000000002a .L5
C:\Users\stapi\AppData\Local\Temp\cc9sX7Y7.s:88     .text.fwdgt_prescaler_value_config:0000000000000016 .L6
C:\Users\stapi\AppData\Local\Temp\cc9sX7Y7.s:122    .text.fwdgt_prescaler_value_config:000000000000002c .L4
C:\Users\stapi\AppData\Local\Temp\cc9sX7Y7.s:106    .text.fwdgt_prescaler_value_config:0000000000000020 .L7
C:\Users\stapi\AppData\Local\Temp\cc9sX7Y7.s:183    .text.fwdgt_reload_value_config:000000000000002e .L11
C:\Users\stapi\AppData\Local\Temp\cc9sX7Y7.s:151    .text.fwdgt_reload_value_config:0000000000000016 .L12
C:\Users\stapi\AppData\Local\Temp\cc9sX7Y7.s:188    .text.fwdgt_reload_value_config:0000000000000030 .L10
C:\Users\stapi\AppData\Local\Temp\cc9sX7Y7.s:169    .text.fwdgt_reload_value_config:0000000000000020 .L13
C:\Users\stapi\AppData\Local\Temp\cc9sX7Y7.s:309    .text.fwdgt_config:0000000000000050 .L18
C:\Users\stapi\AppData\Local\Temp\cc9sX7Y7.s:235    .text.fwdgt_config:0000000000000016 .L19
C:\Users\stapi\AppData\Local\Temp\cc9sX7Y7.s:319    .text.fwdgt_config:0000000000000056 .L22
C:\Users\stapi\AppData\Local\Temp\cc9sX7Y7.s:266    .text.fwdgt_config:0000000000000030 .L23
C:\Users\stapi\AppData\Local\Temp\cc9sX7Y7.s:253    .text.fwdgt_config:0000000000000020 .L20
C:\Users\stapi\AppData\Local\Temp\cc9sX7Y7.s:313    .text.fwdgt_config:0000000000000052 .L25
C:\Users\stapi\AppData\Local\Temp\cc9sX7Y7.s:285    .text.fwdgt_config:000000000000003a .L24
C:\Users\stapi\AppData\Local\Temp\cc9sX7Y7.s:654    .debug_abbrev:0000000000000000 .Ldebug_abbrev0
C:\Users\stapi\AppData\Local\Temp\cc9sX7Y7.s:1163   .debug_str:0000000000000211 .LASF35
C:\Users\stapi\AppData\Local\Temp\cc9sX7Y7.s:1135   .debug_str:0000000000000059 .LASF36
C:\Users\stapi\AppData\Local\Temp\cc9sX7Y7.s:1147   .debug_str:0000000000000137 .LASF37
C:\Users\stapi\AppData\Local\Temp\cc9sX7Y7.s:1103   .debug_ranges:0000000000000000 .Ldebug_ranges0
C:\Users\stapi\AppData\Local\Temp\cc9sX7Y7.s:1123   .debug_line:0000000000000000 .Ldebug_line0
C:\Users\stapi\AppData\Local\Temp\cc9sX7Y7.s:1171   .debug_str:000000000000032e .LASF0
C:\Users\stapi\AppData\Local\Temp\cc9sX7Y7.s:1197   .debug_str:00000000000003cb .LASF1
C:\Users\stapi\AppData\Local\Temp\cc9sX7Y7.s:1127   .debug_str:000000000000001d .LASF4
C:\Users\stapi\AppData\Local\Temp\cc9sX7Y7.s:1143   .debug_str:0000000000000121 .LASF2
C:\Users\stapi\AppData\Local\Temp\cc9sX7Y7.s:1137   .debug_str:00000000000000f3 .LASF3
C:\Users\stapi\AppData\Local\Temp\cc9sX7Y7.s:1157   .debug_str:00000000000001e7 .LASF5
C:\Users\stapi\AppData\Local\Temp\cc9sX7Y7.s:1133   .debug_str:0000000000000046 .LASF6
C:\Users\stapi\AppData\Local\Temp\cc9sX7Y7.s:1195   .debug_str:00000000000003c2 .LASF7
C:\Users\stapi\AppData\Local\Temp\cc9sX7Y7.s:1165   .debug_str:000000000000030a .LASF8
C:\Users\stapi\AppData\Local\Temp\cc9sX7Y7.s:1159   .debug_str:00000000000001f2 .LASF9
C:\Users\stapi\AppData\Local\Temp\cc9sX7Y7.s:1179   .debug_str:000000000000034e .LASF10
C:\Users\stapi\AppData\Local\Temp\cc9sX7Y7.s:1141   .debug_str:000000000000010a .LASF11
C:\Users\stapi\AppData\Local\Temp\cc9sX7Y7.s:1173   .debug_str:000000000000033b .LASF12
C:\Users\stapi\AppData\Local\Temp\cc9sX7Y7.s:1175   .debug_str:0000000000000340 .LASF13
C:\Users\stapi\AppData\Local\Temp\cc9sX7Y7.s:1187   .debug_str:0000000000000383 .LASF14
C:\Users\stapi\AppData\Local\Temp\cc9sX7Y7.s:1193   .debug_str:00000000000003b9 .LASF15
C:\Users\stapi\AppData\Local\Temp\cc9sX7Y7.s:1199   .debug_str:00000000000003d7 .LASF16
C:\Users\stapi\AppData\Local\Temp\cc9sX7Y7.s:1149   .debug_str:00000000000001b5 .LASF17
C:\Users\stapi\AppData\Local\Temp\cc9sX7Y7.s:1177   .debug_str:0000000000000348 .LASF18
C:\Users\stapi\AppData\Local\Temp\cc9sX7Y7.s:1145   .debug_str:000000000000012f .LASF19
C:\Users\stapi\AppData\Local\Temp\cc9sX7Y7.s:1129   .debug_str:0000000000000027 .LASF20
C:\Users\stapi\AppData\Local\Temp\cc9sX7Y7.s:1185   .debug_str:0000000000000374 .LASF21
C:\Users\stapi\AppData\Local\Temp\cc9sX7Y7.s:332    .text.fwdgt_flag_get:0000000000000000 .LFB372
C:\Users\stapi\AppData\Local\Temp\cc9sX7Y7.s:347    .text.fwdgt_flag_get:000000000000000e .LFE372
C:\Users\stapi\AppData\Local\Temp\cc9sX7Y7.s:1169   .debug_str:0000000000000329 .LASF23
C:\Users\stapi\AppData\Local\Temp\cc9sX7Y7.s:856    .debug_loc:0000000000000000 .LLST9
C:\Users\stapi\AppData\Local\Temp\cc9sX7Y7.s:1161   .debug_str:0000000000000204 .LASF22
C:\Users\stapi\AppData\Local\Temp\cc9sX7Y7.s:218    .text.fwdgt_config:0000000000000000 .LFB371
C:\Users\stapi\AppData\Local\Temp\cc9sX7Y7.s:325    .text.fwdgt_config:000000000000005a .LFE371
C:\Users\stapi\AppData\Local\Temp\cc9sX7Y7.s:1139   .debug_str:00000000000000fd .LASF24
C:\Users\stapi\AppData\Local\Temp\cc9sX7Y7.s:870    .debug_loc:0000000000000021 .LLST6
C:\Users\stapi\AppData\Local\Temp\cc9sX7Y7.s:1153   .debug_str:00000000000001cd .LASF25
C:\Users\stapi\AppData\Local\Temp\cc9sX7Y7.s:1183   .debug_str:000000000000036c .LASF26
C:\Users\stapi\AppData\Local\Temp\cc9sX7Y7.s:899    .debug_loc:0000000000000066 .LLST7
C:\Users\stapi\AppData\Local\Temp\cc9sX7Y7.s:1155   .debug_str:00000000000001db .LASF27
C:\Users\stapi\AppData\Local\Temp\cc9sX7Y7.s:946    .debug_loc:00000000000000d8 .LLST8
C:\Users\stapi\AppData\Local\Temp\cc9sX7Y7.s:1131   .debug_str:0000000000000031 .LASF31
C:\Users\stapi\AppData\Local\Temp\cc9sX7Y7.s:199    .text.fwdgt_counter_reload:0000000000000000 .LFB370
C:\Users\stapi\AppData\Local\Temp\cc9sX7Y7.s:211    .text.fwdgt_counter_reload:000000000000000e .LFE370
C:\Users\stapi\AppData\Local\Temp\cc9sX7Y7.s:1189   .debug_str:000000000000038c .LASF28
C:\Users\stapi\AppData\Local\Temp\cc9sX7Y7.s:133    .text.fwdgt_reload_value_config:0000000000000000 .LFB369
C:\Users\stapi\AppData\Local\Temp\cc9sX7Y7.s:192    .text.fwdgt_reload_value_config:0000000000000032 .LFE369
C:\Users\stapi\AppData\Local\Temp\cc9sX7Y7.s:966    .debug_loc:000000000000010d .LLST3
C:\Users\stapi\AppData\Local\Temp\cc9sX7Y7.s:980    .debug_loc:000000000000012e .LLST4
C:\Users\stapi\AppData\Local\Temp\cc9sX7Y7.s:1005   .debug_loc:000000000000016b .LLST5
C:\Users\stapi\AppData\Local\Temp\cc9sX7Y7.s:1125   .debug_str:0000000000000000 .LASF29
C:\Users\stapi\AppData\Local\Temp\cc9sX7Y7.s:70     .text.fwdgt_prescaler_value_config:0000000000000000 .LFB368
C:\Users\stapi\AppData\Local\Temp\cc9sX7Y7.s:126    .text.fwdgt_prescaler_value_config:000000000000002e .LFE368
C:\Users\stapi\AppData\Local\Temp\cc9sX7Y7.s:1181   .debug_str:000000000000035c .LASF30
C:\Users\stapi\AppData\Local\Temp\cc9sX7Y7.s:1021   .debug_loc:0000000000000195 .LLST0
C:\Users\stapi\AppData\Local\Temp\cc9sX7Y7.s:1035   .debug_loc:00000000000001b6 .LLST1
C:\Users\stapi\AppData\Local\Temp\cc9sX7Y7.s:1060   .debug_loc:00000000000001f3 .LLST2
C:\Users\stapi\AppData\Local\Temp\cc9sX7Y7.s:1151   .debug_str:00000000000001c0 .LASF32
C:\Users\stapi\AppData\Local\Temp\cc9sX7Y7.s:51     .text.fwdgt_enable:0000000000000000 .LFB367
C:\Users\stapi\AppData\Local\Temp\cc9sX7Y7.s:63     .text.fwdgt_enable:000000000000000e .LFE367
C:\Users\stapi\AppData\Local\Temp\cc9sX7Y7.s:1167   .debug_str:0000000000000315 .LASF33
C:\Users\stapi\AppData\Local\Temp\cc9sX7Y7.s:34     .text.fwdgt_write_disable:0000000000000000 .LFB366
C:\Users\stapi\AppData\Local\Temp\cc9sX7Y7.s:44     .text.fwdgt_write_disable:000000000000000a .LFE366
C:\Users\stapi\AppData\Local\Temp\cc9sX7Y7.s:1191   .debug_str:00000000000003a6 .LASF34
C:\Users\stapi\AppData\Local\Temp\cc9sX7Y7.s:14     .text.fwdgt_write_enable:0000000000000000 .LFB365
C:\Users\stapi\AppData\Local\Temp\cc9sX7Y7.s:27     .text.fwdgt_write_enable:000000000000000e .LFE365
C:\Users\stapi\AppData\Local\Temp\cc9sX7Y7.s:335    .text.fwdgt_flag_get:0000000000000000 .LVL36
C:\Users\stapi\AppData\Local\Temp\cc9sX7Y7.s:342    .text.fwdgt_flag_get:0000000000000008 .LVL37
C:\Users\stapi\AppData\Local\Temp\cc9sX7Y7.s:221    .text.fwdgt_config:0000000000000000 .LVL18
C:\Users\stapi\AppData\Local\Temp\cc9sX7Y7.s:289    .text.fwdgt_config:000000000000003c .LVL31
C:\Users\stapi\AppData\Local\Temp\cc9sX7Y7.s:308    .text.fwdgt_config:0000000000000050 .LVL33
C:\Users\stapi\AppData\Local\Temp\cc9sX7Y7.s:316    .text.fwdgt_config:0000000000000054 .LVL34
C:\Users\stapi\AppData\Local\Temp\cc9sX7Y7.s:318    .text.fwdgt_config:0000000000000056 .LVL35
C:\Users\stapi\AppData\Local\Temp\cc9sX7Y7.s:234    .text.fwdgt_config:0000000000000016 .LVL19
C:\Users\stapi\AppData\Local\Temp\cc9sX7Y7.s:242    .text.fwdgt_config:000000000000001a .LVL20
C:\Users\stapi\AppData\Local\Temp\cc9sX7Y7.s:245    .text.fwdgt_config:000000000000001c .LVL21
C:\Users\stapi\AppData\Local\Temp\cc9sX7Y7.s:249    .text.fwdgt_config:000000000000001e .LVL22
C:\Users\stapi\AppData\Local\Temp\cc9sX7Y7.s:252    .text.fwdgt_config:0000000000000020 .LVL23
C:\Users\stapi\AppData\Local\Temp\cc9sX7Y7.s:259    .text.fwdgt_config:0000000000000026 .LVL24
C:\Users\stapi\AppData\Local\Temp\cc9sX7Y7.s:265    .text.fwdgt_config:0000000000000030 .LVL25
C:\Users\stapi\AppData\Local\Temp\cc9sX7Y7.s:274    .text.fwdgt_config:0000000000000034 .LVL27
C:\Users\stapi\AppData\Local\Temp\cc9sX7Y7.s:277    .text.fwdgt_config:0000000000000036 .LVL28
C:\Users\stapi\AppData\Local\Temp\cc9sX7Y7.s:281    .text.fwdgt_config:0000000000000038 .LVL29
C:\Users\stapi\AppData\Local\Temp\cc9sX7Y7.s:284    .text.fwdgt_config:000000000000003a .LVL30
C:\Users\stapi\AppData\Local\Temp\cc9sX7Y7.s:271    .text.fwdgt_config:0000000000000032 .LVL26
C:\Users\stapi\AppData\Local\Temp\cc9sX7Y7.s:292    .text.fwdgt_config:0000000000000040 .LVL32
C:\Users\stapi\AppData\Local\Temp\cc9sX7Y7.s:136    .text.fwdgt_reload_value_config:0000000000000000 .LVL9
C:\Users\stapi\AppData\Local\Temp\cc9sX7Y7.s:150    .text.fwdgt_reload_value_config:0000000000000016 .LVL10
C:\Users\stapi\AppData\Local\Temp\cc9sX7Y7.s:158    .text.fwdgt_reload_value_config:000000000000001a .LVL11
C:\Users\stapi\AppData\Local\Temp\cc9sX7Y7.s:161    .text.fwdgt_reload_value_config:000000000000001c .LVL12
C:\Users\stapi\AppData\Local\Temp\cc9sX7Y7.s:165    .text.fwdgt_reload_value_config:000000000000001e .LVL13
C:\Users\stapi\AppData\Local\Temp\cc9sX7Y7.s:168    .text.fwdgt_reload_value_config:0000000000000020 .LVL14
C:\Users\stapi\AppData\Local\Temp\cc9sX7Y7.s:176    .text.fwdgt_reload_value_config:0000000000000028 .LVL15
C:\Users\stapi\AppData\Local\Temp\cc9sX7Y7.s:182    .text.fwdgt_reload_value_config:000000000000002e .LVL16
C:\Users\stapi\AppData\Local\Temp\cc9sX7Y7.s:187    .text.fwdgt_reload_value_config:0000000000000030 .LVL17
C:\Users\stapi\AppData\Local\Temp\cc9sX7Y7.s:73     .text.fwdgt_prescaler_value_config:0000000000000000 .LVL0
C:\Users\stapi\AppData\Local\Temp\cc9sX7Y7.s:87     .text.fwdgt_prescaler_value_config:0000000000000016 .LVL1
C:\Users\stapi\AppData\Local\Temp\cc9sX7Y7.s:95     .text.fwdgt_prescaler_value_config:000000000000001a .LVL2
C:\Users\stapi\AppData\Local\Temp\cc9sX7Y7.s:98     .text.fwdgt_prescaler_value_config:000000000000001c .LVL3
C:\Users\stapi\AppData\Local\Temp\cc9sX7Y7.s:102    .text.fwdgt_prescaler_value_config:000000000000001e .LVL4
C:\Users\stapi\AppData\Local\Temp\cc9sX7Y7.s:105    .text.fwdgt_prescaler_value_config:0000000000000020 .LVL5
C:\Users\stapi\AppData\Local\Temp\cc9sX7Y7.s:110    .text.fwdgt_prescaler_value_config:0000000000000024 .LVL6
C:\Users\stapi\AppData\Local\Temp\cc9sX7Y7.s:116    .text.fwdgt_prescaler_value_config:000000000000002a .LVL7
C:\Users\stapi\AppData\Local\Temp\cc9sX7Y7.s:121    .text.fwdgt_prescaler_value_config:000000000000002c .LVL8
C:\Users\stapi\AppData\Local\Temp\cc9sX7Y7.s:355    .debug_info:0000000000000000 .Ldebug_info0

NO UNDEFINED SYMBOLS
