   1              		.file	"gd32vw55x_wwdgt.c"
   2              		.option nopic
   3              		.attribute arch, "rv32i2p0_m2p0_a2p0_f2p0_c2p0_b_p0p94"
   4              		.attribute unaligned_access, 0
   5              		.attribute stack_align, 16
   6              		.text
   7              	.Ltext0:
   8              		.cfi_sections	.debug_frame
   9              		.section	.text.wwdgt_deinit,"ax",@progbits
  10              		.align	1
  11              		.globl	wwdgt_deinit
  13              	wwdgt_deinit:
  14              	.LFB365:
  15              		.file 1 "C:/Users/stapi/OneDrive/Desktop/GD32VW553/GD32VW55X_Wifi_BLE_SDK/GD32VW55x_RELEASE_V1.0.2
   1:C:/Users/stapi/OneDrive/Desktop/GD32VW553/GD32VW55X_Wifi_BLE_SDK/GD32VW55x_RELEASE_V1.0.2/MSDK/plf/GD32VW55x_standard_peripheral/Source\gd32vw55x_wwdgt.c **** /*!
   2:C:/Users/stapi/OneDrive/Desktop/GD32VW553/GD32VW55X_Wifi_BLE_SDK/GD32VW55x_RELEASE_V1.0.2/MSDK/plf/GD32VW55x_standard_peripheral/Source\gd32vw55x_wwdgt.c ****     \file    gd32vw55x_wwdgt.c
   3:C:/Users/stapi/OneDrive/Desktop/GD32VW553/GD32VW55X_Wifi_BLE_SDK/GD32VW55x_RELEASE_V1.0.2/MSDK/plf/GD32VW55x_standard_peripheral/Source\gd32vw55x_wwdgt.c ****     \brief   WWDGT driver
   4:C:/Users/stapi/OneDrive/Desktop/GD32VW553/GD32VW55X_Wifi_BLE_SDK/GD32VW55x_RELEASE_V1.0.2/MSDK/plf/GD32VW55x_standard_peripheral/Source\gd32vw55x_wwdgt.c **** 
   5:C:/Users/stapi/OneDrive/Desktop/GD32VW553/GD32VW55X_Wifi_BLE_SDK/GD32VW55x_RELEASE_V1.0.2/MSDK/plf/GD32VW55x_standard_peripheral/Source\gd32vw55x_wwdgt.c ****     \version 2023-07-20, V1.0.0, firmware for GD32VW55x
   6:C:/Users/stapi/OneDrive/Desktop/GD32VW553/GD32VW55X_Wifi_BLE_SDK/GD32VW55x_RELEASE_V1.0.2/MSDK/plf/GD32VW55x_standard_peripheral/Source\gd32vw55x_wwdgt.c **** */
   7:C:/Users/stapi/OneDrive/Desktop/GD32VW553/GD32VW55X_Wifi_BLE_SDK/GD32VW55x_RELEASE_V1.0.2/MSDK/plf/GD32VW55x_standard_peripheral/Source\gd32vw55x_wwdgt.c **** 
   8:C:/Users/stapi/OneDrive/Desktop/GD32VW553/GD32VW55X_Wifi_BLE_SDK/GD32VW55x_RELEASE_V1.0.2/MSDK/plf/GD32VW55x_standard_peripheral/Source\gd32vw55x_wwdgt.c **** /*
   9:C:/Users/stapi/OneDrive/Desktop/GD32VW553/GD32VW55X_Wifi_BLE_SDK/GD32VW55x_RELEASE_V1.0.2/MSDK/plf/GD32VW55x_standard_peripheral/Source\gd32vw55x_wwdgt.c ****     Copyright (c) 2023, GigaDevice Semiconductor Inc.
  10:C:/Users/stapi/OneDrive/Desktop/GD32VW553/GD32VW55X_Wifi_BLE_SDK/GD32VW55x_RELEASE_V1.0.2/MSDK/plf/GD32VW55x_standard_peripheral/Source\gd32vw55x_wwdgt.c **** 
  11:C:/Users/stapi/OneDrive/Desktop/GD32VW553/GD32VW55X_Wifi_BLE_SDK/GD32VW55x_RELEASE_V1.0.2/MSDK/plf/GD32VW55x_standard_peripheral/Source\gd32vw55x_wwdgt.c ****     Redistribution and use in source and binary forms, with or without modification,
  12:C:/Users/stapi/OneDrive/Desktop/GD32VW553/GD32VW55X_Wifi_BLE_SDK/GD32VW55x_RELEASE_V1.0.2/MSDK/plf/GD32VW55x_standard_peripheral/Source\gd32vw55x_wwdgt.c **** are permitted provided that the following conditions are met:
  13:C:/Users/stapi/OneDrive/Desktop/GD32VW553/GD32VW55X_Wifi_BLE_SDK/GD32VW55x_RELEASE_V1.0.2/MSDK/plf/GD32VW55x_standard_peripheral/Source\gd32vw55x_wwdgt.c **** 
  14:C:/Users/stapi/OneDrive/Desktop/GD32VW553/GD32VW55X_Wifi_BLE_SDK/GD32VW55x_RELEASE_V1.0.2/MSDK/plf/GD32VW55x_standard_peripheral/Source\gd32vw55x_wwdgt.c ****     1. Redistributions of source code must retain the above copyright notice, this
  15:C:/Users/stapi/OneDrive/Desktop/GD32VW553/GD32VW55X_Wifi_BLE_SDK/GD32VW55x_RELEASE_V1.0.2/MSDK/plf/GD32VW55x_standard_peripheral/Source\gd32vw55x_wwdgt.c ****        list of conditions and the following disclaimer.
  16:C:/Users/stapi/OneDrive/Desktop/GD32VW553/GD32VW55X_Wifi_BLE_SDK/GD32VW55x_RELEASE_V1.0.2/MSDK/plf/GD32VW55x_standard_peripheral/Source\gd32vw55x_wwdgt.c ****     2. Redistributions in binary form must reproduce the above copyright notice,
  17:C:/Users/stapi/OneDrive/Desktop/GD32VW553/GD32VW55X_Wifi_BLE_SDK/GD32VW55x_RELEASE_V1.0.2/MSDK/plf/GD32VW55x_standard_peripheral/Source\gd32vw55x_wwdgt.c ****        this list of conditions and the following disclaimer in the documentation
  18:C:/Users/stapi/OneDrive/Desktop/GD32VW553/GD32VW55X_Wifi_BLE_SDK/GD32VW55x_RELEASE_V1.0.2/MSDK/plf/GD32VW55x_standard_peripheral/Source\gd32vw55x_wwdgt.c ****        and/or other materials provided with the distribution.
  19:C:/Users/stapi/OneDrive/Desktop/GD32VW553/GD32VW55X_Wifi_BLE_SDK/GD32VW55x_RELEASE_V1.0.2/MSDK/plf/GD32VW55x_standard_peripheral/Source\gd32vw55x_wwdgt.c ****     3. Neither the name of the copyright holder nor the names of its contributors
  20:C:/Users/stapi/OneDrive/Desktop/GD32VW553/GD32VW55X_Wifi_BLE_SDK/GD32VW55x_RELEASE_V1.0.2/MSDK/plf/GD32VW55x_standard_peripheral/Source\gd32vw55x_wwdgt.c ****        may be used to endorse or promote products derived from this software without
  21:C:/Users/stapi/OneDrive/Desktop/GD32VW553/GD32VW55X_Wifi_BLE_SDK/GD32VW55x_RELEASE_V1.0.2/MSDK/plf/GD32VW55x_standard_peripheral/Source\gd32vw55x_wwdgt.c ****        specific prior written permission.
  22:C:/Users/stapi/OneDrive/Desktop/GD32VW553/GD32VW55X_Wifi_BLE_SDK/GD32VW55x_RELEASE_V1.0.2/MSDK/plf/GD32VW55x_standard_peripheral/Source\gd32vw55x_wwdgt.c **** 
  23:C:/Users/stapi/OneDrive/Desktop/GD32VW553/GD32VW55X_Wifi_BLE_SDK/GD32VW55x_RELEASE_V1.0.2/MSDK/plf/GD32VW55x_standard_peripheral/Source\gd32vw55x_wwdgt.c ****     THIS SOFTWARE IS PROVIDED BY THE COPYRIGHT HOLDERS AND CONTRIBUTORS "AS IS"
  24:C:/Users/stapi/OneDrive/Desktop/GD32VW553/GD32VW55X_Wifi_BLE_SDK/GD32VW55x_RELEASE_V1.0.2/MSDK/plf/GD32VW55x_standard_peripheral/Source\gd32vw55x_wwdgt.c **** AND ANY EXPRESS OR IMPLIED WARRANTIES, INCLUDING, BUT NOT LIMITED TO, THE IMPLIED
  25:C:/Users/stapi/OneDrive/Desktop/GD32VW553/GD32VW55X_Wifi_BLE_SDK/GD32VW55x_RELEASE_V1.0.2/MSDK/plf/GD32VW55x_standard_peripheral/Source\gd32vw55x_wwdgt.c **** WARRANTIES OF MERCHANTABILITY AND FITNESS FOR A PARTICULAR PURPOSE ARE DISCLAIMED.
  26:C:/Users/stapi/OneDrive/Desktop/GD32VW553/GD32VW55X_Wifi_BLE_SDK/GD32VW55x_RELEASE_V1.0.2/MSDK/plf/GD32VW55x_standard_peripheral/Source\gd32vw55x_wwdgt.c **** IN NO EVENT SHALL THE COPYRIGHT HOLDER OR CONTRIBUTORS BE LIABLE FOR ANY DIRECT,
  27:C:/Users/stapi/OneDrive/Desktop/GD32VW553/GD32VW55X_Wifi_BLE_SDK/GD32VW55x_RELEASE_V1.0.2/MSDK/plf/GD32VW55x_standard_peripheral/Source\gd32vw55x_wwdgt.c **** INDIRECT, INCIDENTAL, SPECIAL, EXEMPLARY, OR CONSEQUENTIAL DAMAGES (INCLUDING, BUT
  28:C:/Users/stapi/OneDrive/Desktop/GD32VW553/GD32VW55X_Wifi_BLE_SDK/GD32VW55x_RELEASE_V1.0.2/MSDK/plf/GD32VW55x_standard_peripheral/Source\gd32vw55x_wwdgt.c **** NOT LIMITED TO, PROCUREMENT OF SUBSTITUTE GOODS OR SERVICES; LOSS OF USE, DATA, OR
  29:C:/Users/stapi/OneDrive/Desktop/GD32VW553/GD32VW55X_Wifi_BLE_SDK/GD32VW55x_RELEASE_V1.0.2/MSDK/plf/GD32VW55x_standard_peripheral/Source\gd32vw55x_wwdgt.c **** PROFITS; OR BUSINESS INTERRUPTION) HOWEVER CAUSED AND ON ANY THEORY OF LIABILITY,
  30:C:/Users/stapi/OneDrive/Desktop/GD32VW553/GD32VW55X_Wifi_BLE_SDK/GD32VW55x_RELEASE_V1.0.2/MSDK/plf/GD32VW55x_standard_peripheral/Source\gd32vw55x_wwdgt.c **** WHETHER IN CONTRACT, STRICT LIABILITY, OR TORT (INCLUDING NEGLIGENCE OR OTHERWISE)
  31:C:/Users/stapi/OneDrive/Desktop/GD32VW553/GD32VW55X_Wifi_BLE_SDK/GD32VW55x_RELEASE_V1.0.2/MSDK/plf/GD32VW55x_standard_peripheral/Source\gd32vw55x_wwdgt.c **** ARISING IN ANY WAY OUT OF THE USE OF THIS SOFTWARE, EVEN IF ADVISED OF THE POSSIBILITY
  32:C:/Users/stapi/OneDrive/Desktop/GD32VW553/GD32VW55X_Wifi_BLE_SDK/GD32VW55x_RELEASE_V1.0.2/MSDK/plf/GD32VW55x_standard_peripheral/Source\gd32vw55x_wwdgt.c **** OF SUCH DAMAGE.
  33:C:/Users/stapi/OneDrive/Desktop/GD32VW553/GD32VW55X_Wifi_BLE_SDK/GD32VW55x_RELEASE_V1.0.2/MSDK/plf/GD32VW55x_standard_peripheral/Source\gd32vw55x_wwdgt.c **** */
  34:C:/Users/stapi/OneDrive/Desktop/GD32VW553/GD32VW55X_Wifi_BLE_SDK/GD32VW55x_RELEASE_V1.0.2/MSDK/plf/GD32VW55x_standard_peripheral/Source\gd32vw55x_wwdgt.c **** 
  35:C:/Users/stapi/OneDrive/Desktop/GD32VW553/GD32VW55X_Wifi_BLE_SDK/GD32VW55x_RELEASE_V1.0.2/MSDK/plf/GD32VW55x_standard_peripheral/Source\gd32vw55x_wwdgt.c **** #include "gd32vw55x_wwdgt.h"
  36:C:/Users/stapi/OneDrive/Desktop/GD32VW553/GD32VW55X_Wifi_BLE_SDK/GD32VW55x_RELEASE_V1.0.2/MSDK/plf/GD32VW55x_standard_peripheral/Source\gd32vw55x_wwdgt.c **** 
  37:C:/Users/stapi/OneDrive/Desktop/GD32VW553/GD32VW55X_Wifi_BLE_SDK/GD32VW55x_RELEASE_V1.0.2/MSDK/plf/GD32VW55x_standard_peripheral/Source\gd32vw55x_wwdgt.c **** /*!
  38:C:/Users/stapi/OneDrive/Desktop/GD32VW553/GD32VW55X_Wifi_BLE_SDK/GD32VW55x_RELEASE_V1.0.2/MSDK/plf/GD32VW55x_standard_peripheral/Source\gd32vw55x_wwdgt.c ****     \brief      reset the window watchdog timer configuration
  39:C:/Users/stapi/OneDrive/Desktop/GD32VW553/GD32VW55X_Wifi_BLE_SDK/GD32VW55x_RELEASE_V1.0.2/MSDK/plf/GD32VW55x_standard_peripheral/Source\gd32vw55x_wwdgt.c ****     \param[in]  none
  40:C:/Users/stapi/OneDrive/Desktop/GD32VW553/GD32VW55X_Wifi_BLE_SDK/GD32VW55x_RELEASE_V1.0.2/MSDK/plf/GD32VW55x_standard_peripheral/Source\gd32vw55x_wwdgt.c ****     \param[out] none
  41:C:/Users/stapi/OneDrive/Desktop/GD32VW553/GD32VW55X_Wifi_BLE_SDK/GD32VW55x_RELEASE_V1.0.2/MSDK/plf/GD32VW55x_standard_peripheral/Source\gd32vw55x_wwdgt.c ****     \retval     none
  42:C:/Users/stapi/OneDrive/Desktop/GD32VW553/GD32VW55X_Wifi_BLE_SDK/GD32VW55x_RELEASE_V1.0.2/MSDK/plf/GD32VW55x_standard_peripheral/Source\gd32vw55x_wwdgt.c **** */
  43:C:/Users/stapi/OneDrive/Desktop/GD32VW553/GD32VW55X_Wifi_BLE_SDK/GD32VW55x_RELEASE_V1.0.2/MSDK/plf/GD32VW55x_standard_peripheral/Source\gd32vw55x_wwdgt.c **** void wwdgt_deinit(void)
  44:C:/Users/stapi/OneDrive/Desktop/GD32VW553/GD32VW55X_Wifi_BLE_SDK/GD32VW55x_RELEASE_V1.0.2/MSDK/plf/GD32VW55x_standard_peripheral/Source\gd32vw55x_wwdgt.c **** {
  16              		.loc 1 44 1
  17              		.cfi_startproc
  18 0000 17030000 		call	t0,__riscv_save_1
  18      E7020300 
  19              		.cfi_offset 8, -8
  20              		.cfi_offset 1, -4
  21              		.cfi_def_cfa_offset 16
  45:C:/Users/stapi/OneDrive/Desktop/GD32VW553/GD32VW55X_Wifi_BLE_SDK/GD32VW55x_RELEASE_V1.0.2/MSDK/plf/GD32VW55x_standard_peripheral/Source\gd32vw55x_wwdgt.c ****     rcu_periph_reset_enable(RCU_WWDGTRST);
  22              		.loc 1 45 5
  23 0008 0564     		li	s0,4096
  24 000a 1305B480 		addi	a0,s0,-2037
  25 000e 97000000 		call	rcu_periph_reset_enable
  25      E7800000 
  26              	.LVL0:
  46:C:/Users/stapi/OneDrive/Desktop/GD32VW553/GD32VW55X_Wifi_BLE_SDK/GD32VW55x_RELEASE_V1.0.2/MSDK/plf/GD32VW55x_standard_peripheral/Source\gd32vw55x_wwdgt.c ****     rcu_periph_reset_disable(RCU_WWDGTRST);
  27              		.loc 1 46 5
  28 0016 1305B480 		addi	a0,s0,-2037
  29 001a 97000000 		call	rcu_periph_reset_disable
  29      E7800000 
  30              	.LVL1:
  47:C:/Users/stapi/OneDrive/Desktop/GD32VW553/GD32VW55X_Wifi_BLE_SDK/GD32VW55x_RELEASE_V1.0.2/MSDK/plf/GD32VW55x_standard_peripheral/Source\gd32vw55x_wwdgt.c **** }
  31              		.loc 1 47 1 is_stmt 0
  32 0022 17030000 		tail	__riscv_restore_1
  32      67000300 
  33              		.cfi_restore 8
  34              		.cfi_restore 1
  35              		.cfi_def_cfa_offset 0
  36              		.cfi_endproc
  37              	.LFE365:
  39              		.section	.text.wwdgt_enable,"ax",@progbits
  40              		.align	1
  41              		.globl	wwdgt_enable
  43              	wwdgt_enable:
  44              	.LFB366:
  48:C:/Users/stapi/OneDrive/Desktop/GD32VW553/GD32VW55X_Wifi_BLE_SDK/GD32VW55x_RELEASE_V1.0.2/MSDK/plf/GD32VW55x_standard_peripheral/Source\gd32vw55x_wwdgt.c **** 
  49:C:/Users/stapi/OneDrive/Desktop/GD32VW553/GD32VW55X_Wifi_BLE_SDK/GD32VW55x_RELEASE_V1.0.2/MSDK/plf/GD32VW55x_standard_peripheral/Source\gd32vw55x_wwdgt.c **** /*!
  50:C:/Users/stapi/OneDrive/Desktop/GD32VW553/GD32VW55X_Wifi_BLE_SDK/GD32VW55x_RELEASE_V1.0.2/MSDK/plf/GD32VW55x_standard_peripheral/Source\gd32vw55x_wwdgt.c ****     \brief      start the WWDGT counter
  51:C:/Users/stapi/OneDrive/Desktop/GD32VW553/GD32VW55X_Wifi_BLE_SDK/GD32VW55x_RELEASE_V1.0.2/MSDK/plf/GD32VW55x_standard_peripheral/Source\gd32vw55x_wwdgt.c ****     \param[in]  none
  52:C:/Users/stapi/OneDrive/Desktop/GD32VW553/GD32VW55X_Wifi_BLE_SDK/GD32VW55x_RELEASE_V1.0.2/MSDK/plf/GD32VW55x_standard_peripheral/Source\gd32vw55x_wwdgt.c ****     \param[out] none
  53:C:/Users/stapi/OneDrive/Desktop/GD32VW553/GD32VW55X_Wifi_BLE_SDK/GD32VW55x_RELEASE_V1.0.2/MSDK/plf/GD32VW55x_standard_peripheral/Source\gd32vw55x_wwdgt.c ****     \retval     none
  54:C:/Users/stapi/OneDrive/Desktop/GD32VW553/GD32VW55X_Wifi_BLE_SDK/GD32VW55x_RELEASE_V1.0.2/MSDK/plf/GD32VW55x_standard_peripheral/Source\gd32vw55x_wwdgt.c **** */
  55:C:/Users/stapi/OneDrive/Desktop/GD32VW553/GD32VW55X_Wifi_BLE_SDK/GD32VW55x_RELEASE_V1.0.2/MSDK/plf/GD32VW55x_standard_peripheral/Source\gd32vw55x_wwdgt.c **** void wwdgt_enable(void)
  56:C:/Users/stapi/OneDrive/Desktop/GD32VW553/GD32VW55X_Wifi_BLE_SDK/GD32VW55x_RELEASE_V1.0.2/MSDK/plf/GD32VW55x_standard_peripheral/Source\gd32vw55x_wwdgt.c **** {
  45              		.loc 1 56 1 is_stmt 1
  46              		.cfi_startproc
  57:C:/Users/stapi/OneDrive/Desktop/GD32VW553/GD32VW55X_Wifi_BLE_SDK/GD32VW55x_RELEASE_V1.0.2/MSDK/plf/GD32VW55x_standard_peripheral/Source\gd32vw55x_wwdgt.c ****     WWDGT_CTL |= WWDGT_CTL_WDGTEN;
  47              		.loc 1 57 5
  48              		.loc 1 57 15 is_stmt 0
  49 0000 37370040 		li	a4,1073754112
  50 0004 832707C0 		lw	a5,-1024(a4)
  51 0008 93E70708 		ori	a5,a5,128
  52 000c 2320F7C0 		sw	a5,-1024(a4)
  58:C:/Users/stapi/OneDrive/Desktop/GD32VW553/GD32VW55X_Wifi_BLE_SDK/GD32VW55x_RELEASE_V1.0.2/MSDK/plf/GD32VW55x_standard_peripheral/Source\gd32vw55x_wwdgt.c **** }
  53              		.loc 1 58 1
  54 0010 8280     		ret
  55              		.cfi_endproc
  56              	.LFE366:
  58              		.section	.text.wwdgt_counter_update,"ax",@progbits
  59              		.align	1
  60              		.globl	wwdgt_counter_update
  62              	wwdgt_counter_update:
  63              	.LFB367:
  59:C:/Users/stapi/OneDrive/Desktop/GD32VW553/GD32VW55X_Wifi_BLE_SDK/GD32VW55x_RELEASE_V1.0.2/MSDK/plf/GD32VW55x_standard_peripheral/Source\gd32vw55x_wwdgt.c **** 
  60:C:/Users/stapi/OneDrive/Desktop/GD32VW553/GD32VW55X_Wifi_BLE_SDK/GD32VW55x_RELEASE_V1.0.2/MSDK/plf/GD32VW55x_standard_peripheral/Source\gd32vw55x_wwdgt.c **** /*!
  61:C:/Users/stapi/OneDrive/Desktop/GD32VW553/GD32VW55X_Wifi_BLE_SDK/GD32VW55x_RELEASE_V1.0.2/MSDK/plf/GD32VW55x_standard_peripheral/Source\gd32vw55x_wwdgt.c ****     \brief      configure the WWDGT counter value
  62:C:/Users/stapi/OneDrive/Desktop/GD32VW553/GD32VW55X_Wifi_BLE_SDK/GD32VW55x_RELEASE_V1.0.2/MSDK/plf/GD32VW55x_standard_peripheral/Source\gd32vw55x_wwdgt.c ****     \param[in]  counter_value: 0x00 - 0x7F
  63:C:/Users/stapi/OneDrive/Desktop/GD32VW553/GD32VW55X_Wifi_BLE_SDK/GD32VW55x_RELEASE_V1.0.2/MSDK/plf/GD32VW55x_standard_peripheral/Source\gd32vw55x_wwdgt.c ****     \param[out] none
  64:C:/Users/stapi/OneDrive/Desktop/GD32VW553/GD32VW55X_Wifi_BLE_SDK/GD32VW55x_RELEASE_V1.0.2/MSDK/plf/GD32VW55x_standard_peripheral/Source\gd32vw55x_wwdgt.c ****     \retval     none
  65:C:/Users/stapi/OneDrive/Desktop/GD32VW553/GD32VW55X_Wifi_BLE_SDK/GD32VW55x_RELEASE_V1.0.2/MSDK/plf/GD32VW55x_standard_peripheral/Source\gd32vw55x_wwdgt.c **** */
  66:C:/Users/stapi/OneDrive/Desktop/GD32VW553/GD32VW55X_Wifi_BLE_SDK/GD32VW55x_RELEASE_V1.0.2/MSDK/plf/GD32VW55x_standard_peripheral/Source\gd32vw55x_wwdgt.c **** void wwdgt_counter_update(uint16_t counter_value)
  67:C:/Users/stapi/OneDrive/Desktop/GD32VW553/GD32VW55X_Wifi_BLE_SDK/GD32VW55x_RELEASE_V1.0.2/MSDK/plf/GD32VW55x_standard_peripheral/Source\gd32vw55x_wwdgt.c **** {
  64              		.loc 1 67 1 is_stmt 1
  65              		.cfi_startproc
  66              	.LVL2:
  68:C:/Users/stapi/OneDrive/Desktop/GD32VW553/GD32VW55X_Wifi_BLE_SDK/GD32VW55x_RELEASE_V1.0.2/MSDK/plf/GD32VW55x_standard_peripheral/Source\gd32vw55x_wwdgt.c ****     WWDGT_CTL = (uint32_t)(CTL_CNT(counter_value));
  67              		.loc 1 68 5
  68              		.loc 1 68 17 is_stmt 0
  69 0000 1375F507 		andi	a0,a0,127
  70              	.LVL3:
  71              		.loc 1 68 15
  72 0004 B7370040 		li	a5,1073754112
  73 0008 23A0A7C0 		sw	a0,-1024(a5)
  69:C:/Users/stapi/OneDrive/Desktop/GD32VW553/GD32VW55X_Wifi_BLE_SDK/GD32VW55x_RELEASE_V1.0.2/MSDK/plf/GD32VW55x_standard_peripheral/Source\gd32vw55x_wwdgt.c **** }
  74              		.loc 1 69 1
  75 000c 8280     		ret
  76              		.cfi_endproc
  77              	.LFE367:
  79              		.section	.text.wwdgt_config,"ax",@progbits
  80              		.align	1
  81              		.globl	wwdgt_config
  83              	wwdgt_config:
  84              	.LFB368:
  70:C:/Users/stapi/OneDrive/Desktop/GD32VW553/GD32VW55X_Wifi_BLE_SDK/GD32VW55x_RELEASE_V1.0.2/MSDK/plf/GD32VW55x_standard_peripheral/Source\gd32vw55x_wwdgt.c **** 
  71:C:/Users/stapi/OneDrive/Desktop/GD32VW553/GD32VW55X_Wifi_BLE_SDK/GD32VW55x_RELEASE_V1.0.2/MSDK/plf/GD32VW55x_standard_peripheral/Source\gd32vw55x_wwdgt.c **** /*!
  72:C:/Users/stapi/OneDrive/Desktop/GD32VW553/GD32VW55X_Wifi_BLE_SDK/GD32VW55x_RELEASE_V1.0.2/MSDK/plf/GD32VW55x_standard_peripheral/Source\gd32vw55x_wwdgt.c ****     \brief      configure counter value, window value, and prescaler divider value
  73:C:/Users/stapi/OneDrive/Desktop/GD32VW553/GD32VW55X_Wifi_BLE_SDK/GD32VW55x_RELEASE_V1.0.2/MSDK/plf/GD32VW55x_standard_peripheral/Source\gd32vw55x_wwdgt.c ****     \param[in]  counter: 0x0000 - 0x007F
  74:C:/Users/stapi/OneDrive/Desktop/GD32VW553/GD32VW55X_Wifi_BLE_SDK/GD32VW55x_RELEASE_V1.0.2/MSDK/plf/GD32VW55x_standard_peripheral/Source\gd32vw55x_wwdgt.c ****     \param[in]  window: 0x0000 - 0x007F
  75:C:/Users/stapi/OneDrive/Desktop/GD32VW553/GD32VW55X_Wifi_BLE_SDK/GD32VW55x_RELEASE_V1.0.2/MSDK/plf/GD32VW55x_standard_peripheral/Source\gd32vw55x_wwdgt.c ****     \param[in]  prescaler: WWDGT prescaler value
  76:C:/Users/stapi/OneDrive/Desktop/GD32VW553/GD32VW55X_Wifi_BLE_SDK/GD32VW55x_RELEASE_V1.0.2/MSDK/plf/GD32VW55x_standard_peripheral/Source\gd32vw55x_wwdgt.c ****                 only one parameter can be selected which is shown as below:
  77:C:/Users/stapi/OneDrive/Desktop/GD32VW553/GD32VW55X_Wifi_BLE_SDK/GD32VW55x_RELEASE_V1.0.2/MSDK/plf/GD32VW55x_standard_peripheral/Source\gd32vw55x_wwdgt.c ****       \arg        WWDGT_CFG_PSC_DIV1: the time base of window watchdog counter = (PCLK1/4096)/1
  78:C:/Users/stapi/OneDrive/Desktop/GD32VW553/GD32VW55X_Wifi_BLE_SDK/GD32VW55x_RELEASE_V1.0.2/MSDK/plf/GD32VW55x_standard_peripheral/Source\gd32vw55x_wwdgt.c ****       \arg        WWDGT_CFG_PSC_DIV2: the time base of window watchdog counter = (PCLK1/4096)/2
  79:C:/Users/stapi/OneDrive/Desktop/GD32VW553/GD32VW55X_Wifi_BLE_SDK/GD32VW55x_RELEASE_V1.0.2/MSDK/plf/GD32VW55x_standard_peripheral/Source\gd32vw55x_wwdgt.c ****       \arg        WWDGT_CFG_PSC_DIV4: the time base of window watchdog counter = (PCLK1/4096)/4
  80:C:/Users/stapi/OneDrive/Desktop/GD32VW553/GD32VW55X_Wifi_BLE_SDK/GD32VW55x_RELEASE_V1.0.2/MSDK/plf/GD32VW55x_standard_peripheral/Source\gd32vw55x_wwdgt.c ****       \arg        WWDGT_CFG_PSC_DIV8: the time base of window watchdog counter = (PCLK1/4096)/8
  81:C:/Users/stapi/OneDrive/Desktop/GD32VW553/GD32VW55X_Wifi_BLE_SDK/GD32VW55x_RELEASE_V1.0.2/MSDK/plf/GD32VW55x_standard_peripheral/Source\gd32vw55x_wwdgt.c ****     \param[out] none
  82:C:/Users/stapi/OneDrive/Desktop/GD32VW553/GD32VW55X_Wifi_BLE_SDK/GD32VW55x_RELEASE_V1.0.2/MSDK/plf/GD32VW55x_standard_peripheral/Source\gd32vw55x_wwdgt.c ****     \retval     none
  83:C:/Users/stapi/OneDrive/Desktop/GD32VW553/GD32VW55X_Wifi_BLE_SDK/GD32VW55x_RELEASE_V1.0.2/MSDK/plf/GD32VW55x_standard_peripheral/Source\gd32vw55x_wwdgt.c **** */
  84:C:/Users/stapi/OneDrive/Desktop/GD32VW553/GD32VW55X_Wifi_BLE_SDK/GD32VW55x_RELEASE_V1.0.2/MSDK/plf/GD32VW55x_standard_peripheral/Source\gd32vw55x_wwdgt.c **** void wwdgt_config(uint16_t counter, uint16_t window, uint32_t prescaler)
  85:C:/Users/stapi/OneDrive/Desktop/GD32VW553/GD32VW55X_Wifi_BLE_SDK/GD32VW55x_RELEASE_V1.0.2/MSDK/plf/GD32VW55x_standard_peripheral/Source\gd32vw55x_wwdgt.c **** {
  85              		.loc 1 85 1 is_stmt 1
  86              		.cfi_startproc
  87              	.LVL4:
  86:C:/Users/stapi/OneDrive/Desktop/GD32VW553/GD32VW55X_Wifi_BLE_SDK/GD32VW55x_RELEASE_V1.0.2/MSDK/plf/GD32VW55x_standard_peripheral/Source\gd32vw55x_wwdgt.c ****     WWDGT_CTL = (uint32_t)(CTL_CNT(counter));
  88              		.loc 1 86 5
  89              		.loc 1 86 15 is_stmt 0
  90 0000 B7370040 		li	a5,1073754112
  91              		.loc 1 86 17
  92 0004 1375F507 		andi	a0,a0,127
  93              	.LVL5:
  87:C:/Users/stapi/OneDrive/Desktop/GD32VW553/GD32VW55X_Wifi_BLE_SDK/GD32VW55x_RELEASE_V1.0.2/MSDK/plf/GD32VW55x_standard_peripheral/Source\gd32vw55x_wwdgt.c ****     WWDGT_CFG = (uint32_t)(CFG_WIN(window) | prescaler);
  94              		.loc 1 87 28
  95 0008 93F5F507 		andi	a1,a1,127
  96              	.LVL6:
  86:C:/Users/stapi/OneDrive/Desktop/GD32VW553/GD32VW55X_Wifi_BLE_SDK/GD32VW55x_RELEASE_V1.0.2/MSDK/plf/GD32VW55x_standard_peripheral/Source\gd32vw55x_wwdgt.c ****     WWDGT_CTL = (uint32_t)(CTL_CNT(counter));
  97              		.loc 1 86 15
  98 000c 23A0A7C0 		sw	a0,-1024(a5)
  99              		.loc 1 87 5 is_stmt 1
 100              		.loc 1 87 17 is_stmt 0
 101 0010 D18D     		or	a1,a1,a2
 102              		.loc 1 87 15
 103 0012 23A2B7C0 		sw	a1,-1020(a5)
  88:C:/Users/stapi/OneDrive/Desktop/GD32VW553/GD32VW55X_Wifi_BLE_SDK/GD32VW55x_RELEASE_V1.0.2/MSDK/plf/GD32VW55x_standard_peripheral/Source\gd32vw55x_wwdgt.c **** }
 104              		.loc 1 88 1
 105 0016 8280     		ret
 106              		.cfi_endproc
 107              	.LFE368:
 109              		.section	.text.wwdgt_interrupt_enable,"ax",@progbits
 110              		.align	1
 111              		.globl	wwdgt_interrupt_enable
 113              	wwdgt_interrupt_enable:
 114              	.LFB369:
  89:C:/Users/stapi/OneDrive/Desktop/GD32VW553/GD32VW55X_Wifi_BLE_SDK/GD32VW55x_RELEASE_V1.0.2/MSDK/plf/GD32VW55x_standard_peripheral/Source\gd32vw55x_wwdgt.c **** 
  90:C:/Users/stapi/OneDrive/Desktop/GD32VW553/GD32VW55X_Wifi_BLE_SDK/GD32VW55x_RELEASE_V1.0.2/MSDK/plf/GD32VW55x_standard_peripheral/Source\gd32vw55x_wwdgt.c **** /*!
  91:C:/Users/stapi/OneDrive/Desktop/GD32VW553/GD32VW55X_Wifi_BLE_SDK/GD32VW55x_RELEASE_V1.0.2/MSDK/plf/GD32VW55x_standard_peripheral/Source\gd32vw55x_wwdgt.c ****     \brief      enable early wakeup interrupt of WWDGT
  92:C:/Users/stapi/OneDrive/Desktop/GD32VW553/GD32VW55X_Wifi_BLE_SDK/GD32VW55x_RELEASE_V1.0.2/MSDK/plf/GD32VW55x_standard_peripheral/Source\gd32vw55x_wwdgt.c ****     \param[in]  none
  93:C:/Users/stapi/OneDrive/Desktop/GD32VW553/GD32VW55X_Wifi_BLE_SDK/GD32VW55x_RELEASE_V1.0.2/MSDK/plf/GD32VW55x_standard_peripheral/Source\gd32vw55x_wwdgt.c ****     \param[out] none
  94:C:/Users/stapi/OneDrive/Desktop/GD32VW553/GD32VW55X_Wifi_BLE_SDK/GD32VW55x_RELEASE_V1.0.2/MSDK/plf/GD32VW55x_standard_peripheral/Source\gd32vw55x_wwdgt.c ****     \retval     none
  95:C:/Users/stapi/OneDrive/Desktop/GD32VW553/GD32VW55X_Wifi_BLE_SDK/GD32VW55x_RELEASE_V1.0.2/MSDK/plf/GD32VW55x_standard_peripheral/Source\gd32vw55x_wwdgt.c **** */
  96:C:/Users/stapi/OneDrive/Desktop/GD32VW553/GD32VW55X_Wifi_BLE_SDK/GD32VW55x_RELEASE_V1.0.2/MSDK/plf/GD32VW55x_standard_peripheral/Source\gd32vw55x_wwdgt.c **** void wwdgt_interrupt_enable(void)
  97:C:/Users/stapi/OneDrive/Desktop/GD32VW553/GD32VW55X_Wifi_BLE_SDK/GD32VW55x_RELEASE_V1.0.2/MSDK/plf/GD32VW55x_standard_peripheral/Source\gd32vw55x_wwdgt.c **** {
 115              		.loc 1 97 1 is_stmt 1
 116              		.cfi_startproc
  98:C:/Users/stapi/OneDrive/Desktop/GD32VW553/GD32VW55X_Wifi_BLE_SDK/GD32VW55x_RELEASE_V1.0.2/MSDK/plf/GD32VW55x_standard_peripheral/Source\gd32vw55x_wwdgt.c ****     WWDGT_CFG |= WWDGT_CFG_EWIE;
 117              		.loc 1 98 5
 118              		.loc 1 98 15 is_stmt 0
 119 0000 37370040 		li	a4,1073754112
 120 0004 832747C0 		lw	a5,-1020(a4)
 121 0008 93E70720 		ori	a5,a5,512
 122 000c 2322F7C0 		sw	a5,-1020(a4)
  99:C:/Users/stapi/OneDrive/Desktop/GD32VW553/GD32VW55X_Wifi_BLE_SDK/GD32VW55x_RELEASE_V1.0.2/MSDK/plf/GD32VW55x_standard_peripheral/Source\gd32vw55x_wwdgt.c **** }
 123              		.loc 1 99 1
 124 0010 8280     		ret
 125              		.cfi_endproc
 126              	.LFE369:
 128              		.section	.text.wwdgt_flag_get,"ax",@progbits
 129              		.align	1
 130              		.globl	wwdgt_flag_get
 132              	wwdgt_flag_get:
 133              	.LFB370:
 100:C:/Users/stapi/OneDrive/Desktop/GD32VW553/GD32VW55X_Wifi_BLE_SDK/GD32VW55x_RELEASE_V1.0.2/MSDK/plf/GD32VW55x_standard_peripheral/Source\gd32vw55x_wwdgt.c **** 
 101:C:/Users/stapi/OneDrive/Desktop/GD32VW553/GD32VW55X_Wifi_BLE_SDK/GD32VW55x_RELEASE_V1.0.2/MSDK/plf/GD32VW55x_standard_peripheral/Source\gd32vw55x_wwdgt.c **** /*!
 102:C:/Users/stapi/OneDrive/Desktop/GD32VW553/GD32VW55X_Wifi_BLE_SDK/GD32VW55x_RELEASE_V1.0.2/MSDK/plf/GD32VW55x_standard_peripheral/Source\gd32vw55x_wwdgt.c ****     \brief      check early wakeup interrupt state of WWDGT
 103:C:/Users/stapi/OneDrive/Desktop/GD32VW553/GD32VW55X_Wifi_BLE_SDK/GD32VW55x_RELEASE_V1.0.2/MSDK/plf/GD32VW55x_standard_peripheral/Source\gd32vw55x_wwdgt.c ****     \param[in]  none
 104:C:/Users/stapi/OneDrive/Desktop/GD32VW553/GD32VW55X_Wifi_BLE_SDK/GD32VW55x_RELEASE_V1.0.2/MSDK/plf/GD32VW55x_standard_peripheral/Source\gd32vw55x_wwdgt.c ****     \param[out] none
 105:C:/Users/stapi/OneDrive/Desktop/GD32VW553/GD32VW55X_Wifi_BLE_SDK/GD32VW55x_RELEASE_V1.0.2/MSDK/plf/GD32VW55x_standard_peripheral/Source\gd32vw55x_wwdgt.c ****     \retval     FlagStatus: SET or RESET
 106:C:/Users/stapi/OneDrive/Desktop/GD32VW553/GD32VW55X_Wifi_BLE_SDK/GD32VW55x_RELEASE_V1.0.2/MSDK/plf/GD32VW55x_standard_peripheral/Source\gd32vw55x_wwdgt.c **** */
 107:C:/Users/stapi/OneDrive/Desktop/GD32VW553/GD32VW55X_Wifi_BLE_SDK/GD32VW55x_RELEASE_V1.0.2/MSDK/plf/GD32VW55x_standard_peripheral/Source\gd32vw55x_wwdgt.c **** FlagStatus wwdgt_flag_get(void)
 108:C:/Users/stapi/OneDrive/Desktop/GD32VW553/GD32VW55X_Wifi_BLE_SDK/GD32VW55x_RELEASE_V1.0.2/MSDK/plf/GD32VW55x_standard_peripheral/Source\gd32vw55x_wwdgt.c **** {
 134              		.loc 1 108 1 is_stmt 1
 135              		.cfi_startproc
 109:C:/Users/stapi/OneDrive/Desktop/GD32VW553/GD32VW55X_Wifi_BLE_SDK/GD32VW55x_RELEASE_V1.0.2/MSDK/plf/GD32VW55x_standard_peripheral/Source\gd32vw55x_wwdgt.c ****     if (RESET != (WWDGT_STAT & WWDGT_STAT_EWIF)){
 136              		.loc 1 109 5
 137              		.loc 1 109 19 is_stmt 0
 138 0000 B7370040 		li	a5,1073754112
 139 0004 03A587C0 		lw	a0,-1016(a5)
 110:C:/Users/stapi/OneDrive/Desktop/GD32VW553/GD32VW55X_Wifi_BLE_SDK/GD32VW55x_RELEASE_V1.0.2/MSDK/plf/GD32VW55x_standard_peripheral/Source\gd32vw55x_wwdgt.c ****         return SET;
 111:C:/Users/stapi/OneDrive/Desktop/GD32VW553/GD32VW55X_Wifi_BLE_SDK/GD32VW55x_RELEASE_V1.0.2/MSDK/plf/GD32VW55x_standard_peripheral/Source\gd32vw55x_wwdgt.c ****     }
 112:C:/Users/stapi/OneDrive/Desktop/GD32VW553/GD32VW55X_Wifi_BLE_SDK/GD32VW55x_RELEASE_V1.0.2/MSDK/plf/GD32VW55x_standard_peripheral/Source\gd32vw55x_wwdgt.c **** 
 113:C:/Users/stapi/OneDrive/Desktop/GD32VW553/GD32VW55X_Wifi_BLE_SDK/GD32VW55x_RELEASE_V1.0.2/MSDK/plf/GD32VW55x_standard_peripheral/Source\gd32vw55x_wwdgt.c ****     return RESET;
 114:C:/Users/stapi/OneDrive/Desktop/GD32VW553/GD32VW55X_Wifi_BLE_SDK/GD32VW55x_RELEASE_V1.0.2/MSDK/plf/GD32VW55x_standard_peripheral/Source\gd32vw55x_wwdgt.c **** }
 140              		.loc 1 114 1
 141 0008 0589     		andi	a0,a0,1
 142 000a 8280     		ret
 143              		.cfi_endproc
 144              	.LFE370:
 146              		.section	.text.wwdgt_flag_clear,"ax",@progbits
 147              		.align	1
 148              		.globl	wwdgt_flag_clear
 150              	wwdgt_flag_clear:
 151              	.LFB371:
 115:C:/Users/stapi/OneDrive/Desktop/GD32VW553/GD32VW55X_Wifi_BLE_SDK/GD32VW55x_RELEASE_V1.0.2/MSDK/plf/GD32VW55x_standard_peripheral/Source\gd32vw55x_wwdgt.c **** 
 116:C:/Users/stapi/OneDrive/Desktop/GD32VW553/GD32VW55X_Wifi_BLE_SDK/GD32VW55x_RELEASE_V1.0.2/MSDK/plf/GD32VW55x_standard_peripheral/Source\gd32vw55x_wwdgt.c **** /*!
 117:C:/Users/stapi/OneDrive/Desktop/GD32VW553/GD32VW55X_Wifi_BLE_SDK/GD32VW55x_RELEASE_V1.0.2/MSDK/plf/GD32VW55x_standard_peripheral/Source\gd32vw55x_wwdgt.c ****     \brief      clear early wakeup interrupt state of WWDGT
 118:C:/Users/stapi/OneDrive/Desktop/GD32VW553/GD32VW55X_Wifi_BLE_SDK/GD32VW55x_RELEASE_V1.0.2/MSDK/plf/GD32VW55x_standard_peripheral/Source\gd32vw55x_wwdgt.c ****     \param[in]  none
 119:C:/Users/stapi/OneDrive/Desktop/GD32VW553/GD32VW55X_Wifi_BLE_SDK/GD32VW55x_RELEASE_V1.0.2/MSDK/plf/GD32VW55x_standard_peripheral/Source\gd32vw55x_wwdgt.c ****     \param[out] none
 120:C:/Users/stapi/OneDrive/Desktop/GD32VW553/GD32VW55X_Wifi_BLE_SDK/GD32VW55x_RELEASE_V1.0.2/MSDK/plf/GD32VW55x_standard_peripheral/Source\gd32vw55x_wwdgt.c ****     \retval     none
 121:C:/Users/stapi/OneDrive/Desktop/GD32VW553/GD32VW55X_Wifi_BLE_SDK/GD32VW55x_RELEASE_V1.0.2/MSDK/plf/GD32VW55x_standard_peripheral/Source\gd32vw55x_wwdgt.c **** */
 122:C:/Users/stapi/OneDrive/Desktop/GD32VW553/GD32VW55X_Wifi_BLE_SDK/GD32VW55x_RELEASE_V1.0.2/MSDK/plf/GD32VW55x_standard_peripheral/Source\gd32vw55x_wwdgt.c **** void wwdgt_flag_clear(void)
 123:C:/Users/stapi/OneDrive/Desktop/GD32VW553/GD32VW55X_Wifi_BLE_SDK/GD32VW55x_RELEASE_V1.0.2/MSDK/plf/GD32VW55x_standard_peripheral/Source\gd32vw55x_wwdgt.c **** {
 152              		.loc 1 123 1 is_stmt 1
 153              		.cfi_startproc
 124:C:/Users/stapi/OneDrive/Desktop/GD32VW553/GD32VW55X_Wifi_BLE_SDK/GD32VW55x_RELEASE_V1.0.2/MSDK/plf/GD32VW55x_standard_peripheral/Source\gd32vw55x_wwdgt.c ****     WWDGT_STAT = ((uint32_t)RESET);
 154              		.loc 1 124 5
 155              		.loc 1 124 16 is_stmt 0
 156 0000 B7370040 		li	a5,1073754112
 157 0004 23A407C0 		sw	zero,-1016(a5)
 125:C:/Users/stapi/OneDrive/Desktop/GD32VW553/GD32VW55X_Wifi_BLE_SDK/GD32VW55x_RELEASE_V1.0.2/MSDK/plf/GD32VW55x_standard_peripheral/Source\gd32vw55x_wwdgt.c **** }
 158              		.loc 1 125 1
 159 0008 8280     		ret
 160              		.cfi_endproc
 161              	.LFE371:
 163              		.text
 164              	.Letext0:
 165              		.file 2 "c:\\users\\stapi\\onedrive\\desktop\\gd32vw553\\embeddedbuilder_v1.4.7.26843\\tools\\nucl
 166              		.file 3 "c:\\users\\stapi\\onedrive\\desktop\\gd32vw553\\embeddedbuilder_v1.4.7.26843\\tools\\nucl
 167              		.file 4 "..\\..\\..\\..\\plf\\riscv\\gd32vw55x/gd32vw55x.h"
 168              		.file 5 "..\\..\\..\\..\\plf\\GD32VW55x_standard_peripheral\\Include/gd32vw55x_rcu.h"
DEFINED SYMBOLS
                            *ABS*:0000000000000000 gd32vw55x_wwdgt.c
C:\Users\stapi\AppData\Local\Temp\ccSRqFoe.s:13     .text.wwdgt_deinit:0000000000000000 wwdgt_deinit
C:\Users\stapi\AppData\Local\Temp\ccSRqFoe.s:17     .text.wwdgt_deinit:0000000000000000 .L0 
C:\Users\stapi\AppData\Local\Temp\ccSRqFoe.s:18     .text.wwdgt_deinit:0000000000000000 .L0 
C:\Users\stapi\AppData\Local\Temp\ccSRqFoe.s:19     .text.wwdgt_deinit:0000000000000008 .L0 
C:\Users\stapi\AppData\Local\Temp\ccSRqFoe.s:20     .text.wwdgt_deinit:0000000000000008 .L0 
C:\Users\stapi\AppData\Local\Temp\ccSRqFoe.s:21     .text.wwdgt_deinit:0000000000000008 .L0 
C:\Users\stapi\AppData\Local\Temp\ccSRqFoe.s:23     .text.wwdgt_deinit:0000000000000008 .L0 
C:\Users\stapi\AppData\Local\Temp\ccSRqFoe.s:28     .text.wwdgt_deinit:0000000000000016 .L0 
C:\Users\stapi\AppData\Local\Temp\ccSRqFoe.s:32     .text.wwdgt_deinit:0000000000000022 .L0 
C:\Users\stapi\AppData\Local\Temp\ccSRqFoe.s:33     .text.wwdgt_deinit:000000000000002a .L0 
C:\Users\stapi\AppData\Local\Temp\ccSRqFoe.s:34     .text.wwdgt_deinit:000000000000002a .L0 
C:\Users\stapi\AppData\Local\Temp\ccSRqFoe.s:35     .text.wwdgt_deinit:000000000000002a .L0 
C:\Users\stapi\AppData\Local\Temp\ccSRqFoe.s:36     .text.wwdgt_deinit:000000000000002a .L0 
C:\Users\stapi\AppData\Local\Temp\ccSRqFoe.s:43     .text.wwdgt_enable:0000000000000000 wwdgt_enable
C:\Users\stapi\AppData\Local\Temp\ccSRqFoe.s:46     .text.wwdgt_enable:0000000000000000 .L0 
C:\Users\stapi\AppData\Local\Temp\ccSRqFoe.s:47     .text.wwdgt_enable:0000000000000000 .L0 
C:\Users\stapi\AppData\Local\Temp\ccSRqFoe.s:48     .text.wwdgt_enable:0000000000000000 .L0 
C:\Users\stapi\AppData\Local\Temp\ccSRqFoe.s:49     .text.wwdgt_enable:0000000000000000 .L0 
C:\Users\stapi\AppData\Local\Temp\ccSRqFoe.s:54     .text.wwdgt_enable:0000000000000010 .L0 
C:\Users\stapi\AppData\Local\Temp\ccSRqFoe.s:55     .text.wwdgt_enable:0000000000000012 .L0 
C:\Users\stapi\AppData\Local\Temp\ccSRqFoe.s:62     .text.wwdgt_counter_update:0000000000000000 wwdgt_counter_update
C:\Users\stapi\AppData\Local\Temp\ccSRqFoe.s:65     .text.wwdgt_counter_update:0000000000000000 .L0 
C:\Users\stapi\AppData\Local\Temp\ccSRqFoe.s:67     .text.wwdgt_counter_update:0000000000000000 .L0 
C:\Users\stapi\AppData\Local\Temp\ccSRqFoe.s:68     .text.wwdgt_counter_update:0000000000000000 .L0 
C:\Users\stapi\AppData\Local\Temp\ccSRqFoe.s:69     .text.wwdgt_counter_update:0000000000000000 .L0 
C:\Users\stapi\AppData\Local\Temp\ccSRqFoe.s:72     .text.wwdgt_counter_update:0000000000000004 .L0 
C:\Users\stapi\AppData\Local\Temp\ccSRqFoe.s:75     .text.wwdgt_counter_update:000000000000000c .L0 
C:\Users\stapi\AppData\Local\Temp\ccSRqFoe.s:76     .text.wwdgt_counter_update:000000000000000e .L0 
C:\Users\stapi\AppData\Local\Temp\ccSRqFoe.s:83     .text.wwdgt_config:0000000000000000 wwdgt_config
C:\Users\stapi\AppData\Local\Temp\ccSRqFoe.s:86     .text.wwdgt_config:0000000000000000 .L0 
C:\Users\stapi\AppData\Local\Temp\ccSRqFoe.s:88     .text.wwdgt_config:0000000000000000 .L0 
C:\Users\stapi\AppData\Local\Temp\ccSRqFoe.s:89     .text.wwdgt_config:0000000000000000 .L0 
C:\Users\stapi\AppData\Local\Temp\ccSRqFoe.s:90     .text.wwdgt_config:0000000000000000 .L0 
C:\Users\stapi\AppData\Local\Temp\ccSRqFoe.s:92     .text.wwdgt_config:0000000000000004 .L0 
C:\Users\stapi\AppData\Local\Temp\ccSRqFoe.s:95     .text.wwdgt_config:0000000000000008 .L0 
C:\Users\stapi\AppData\Local\Temp\ccSRqFoe.s:98     .text.wwdgt_config:000000000000000c .L0 
C:\Users\stapi\AppData\Local\Temp\ccSRqFoe.s:100    .text.wwdgt_config:0000000000000010 .L0 
C:\Users\stapi\AppData\Local\Temp\ccSRqFoe.s:101    .text.wwdgt_config:0000000000000010 .L0 
C:\Users\stapi\AppData\Local\Temp\ccSRqFoe.s:103    .text.wwdgt_config:0000000000000012 .L0 
C:\Users\stapi\AppData\Local\Temp\ccSRqFoe.s:105    .text.wwdgt_config:0000000000000016 .L0 
C:\Users\stapi\AppData\Local\Temp\ccSRqFoe.s:106    .text.wwdgt_config:0000000000000018 .L0 
C:\Users\stapi\AppData\Local\Temp\ccSRqFoe.s:113    .text.wwdgt_interrupt_enable:0000000000000000 wwdgt_interrupt_enable
C:\Users\stapi\AppData\Local\Temp\ccSRqFoe.s:116    .text.wwdgt_interrupt_enable:0000000000000000 .L0 
C:\Users\stapi\AppData\Local\Temp\ccSRqFoe.s:117    .text.wwdgt_interrupt_enable:0000000000000000 .L0 
C:\Users\stapi\AppData\Local\Temp\ccSRqFoe.s:118    .text.wwdgt_interrupt_enable:0000000000000000 .L0 
C:\Users\stapi\AppData\Local\Temp\ccSRqFoe.s:119    .text.wwdgt_interrupt_enable:0000000000000000 .L0 
C:\Users\stapi\AppData\Local\Temp\ccSRqFoe.s:124    .text.wwdgt_interrupt_enable:0000000000000010 .L0 
C:\Users\stapi\AppData\Local\Temp\ccSRqFoe.s:125    .text.wwdgt_interrupt_enable:0000000000000012 .L0 
C:\Users\stapi\AppData\Local\Temp\ccSRqFoe.s:132    .text.wwdgt_flag_get:0000000000000000 wwdgt_flag_get
C:\Users\stapi\AppData\Local\Temp\ccSRqFoe.s:135    .text.wwdgt_flag_get:0000000000000000 .L0 
C:\Users\stapi\AppData\Local\Temp\ccSRqFoe.s:136    .text.wwdgt_flag_get:0000000000000000 .L0 
C:\Users\stapi\AppData\Local\Temp\ccSRqFoe.s:137    .text.wwdgt_flag_get:0000000000000000 .L0 
C:\Users\stapi\AppData\Local\Temp\ccSRqFoe.s:138    .text.wwdgt_flag_get:0000000000000000 .L0 
C:\Users\stapi\AppData\Local\Temp\ccSRqFoe.s:141    .text.wwdgt_flag_get:0000000000000008 .L0 
C:\Users\stapi\AppData\Local\Temp\ccSRqFoe.s:143    .text.wwdgt_flag_get:000000000000000c .L0 
C:\Users\stapi\AppData\Local\Temp\ccSRqFoe.s:150    .text.wwdgt_flag_clear:0000000000000000 wwdgt_flag_clear
C:\Users\stapi\AppData\Local\Temp\ccSRqFoe.s:153    .text.wwdgt_flag_clear:0000000000000000 .L0 
C:\Users\stapi\AppData\Local\Temp\ccSRqFoe.s:154    .text.wwdgt_flag_clear:0000000000000000 .L0 
C:\Users\stapi\AppData\Local\Temp\ccSRqFoe.s:155    .text.wwdgt_flag_clear:0000000000000000 .L0 
C:\Users\stapi\AppData\Local\Temp\ccSRqFoe.s:156    .text.wwdgt_flag_clear:0000000000000000 .L0 
C:\Users\stapi\AppData\Local\Temp\ccSRqFoe.s:159    .text.wwdgt_flag_clear:0000000000000008 .L0 
C:\Users\stapi\AppData\Local\Temp\ccSRqFoe.s:160    .text.wwdgt_flag_clear:000000000000000a .L0 
C:\Users\stapi\AppData\Local\Temp\ccSRqFoe.s:39     .text.wwdgt_deinit:000000000000002a .L0 
C:\Users\stapi\AppData\Local\Temp\ccSRqFoe.s:58     .text.wwdgt_enable:0000000000000012 .L0 
C:\Users\stapi\AppData\Local\Temp\ccSRqFoe.s:79     .text.wwdgt_counter_update:000000000000000e .L0 
C:\Users\stapi\AppData\Local\Temp\ccSRqFoe.s:109    .text.wwdgt_config:0000000000000018 .L0 
C:\Users\stapi\AppData\Local\Temp\ccSRqFoe.s:128    .text.wwdgt_interrupt_enable:0000000000000012 .L0 
C:\Users\stapi\AppData\Local\Temp\ccSRqFoe.s:146    .text.wwdgt_flag_get:000000000000000c .L0 
C:\Users\stapi\AppData\Local\Temp\ccSRqFoe.s:163    .text.wwdgt_flag_clear:000000000000000a .L0 
                     .debug_frame:0000000000000000 .L0 
C:\Users\stapi\AppData\Local\Temp\ccSRqFoe.s:505    .debug_abbrev:0000000000000000 .Ldebug_abbrev0
C:\Users\stapi\AppData\Local\Temp\ccSRqFoe.s:912    .debug_str:00000000000000e7 .LASF58
C:\Users\stapi\AppData\Local\Temp\ccSRqFoe.s:920    .debug_str:000000000000020a .LASF59
C:\Users\stapi\AppData\Local\Temp\ccSRqFoe.s:966    .debug_str:00000000000003ba .LASF60
C:\Users\stapi\AppData\Local\Temp\ccSRqFoe.s:858    .debug_ranges:0000000000000000 .Ldebug_ranges0
C:\Users\stapi\AppData\Local\Temp\ccSRqFoe.s:876    .debug_line:0000000000000000 .Ldebug_line0
C:\Users\stapi\AppData\Local\Temp\ccSRqFoe.s:986    .debug_str:00000000000004a3 .LASF0
C:\Users\stapi\AppData\Local\Temp\ccSRqFoe.s:930    .debug_str:00000000000002d7 .LASF1
C:\Users\stapi\AppData\Local\Temp\ccSRqFoe.s:926    .debug_str:00000000000002c1 .LASF2
C:\Users\stapi\AppData\Local\Temp\ccSRqFoe.s:898    .debug_str:000000000000008f .LASF3
C:\Users\stapi\AppData\Local\Temp\ccSRqFoe.s:894    .debug_str:000000000000006d .LASF6
C:\Users\stapi\AppData\Local\Temp\ccSRqFoe.s:946    .debug_str:000000000000033a .LASF4
C:\Users\stapi\AppData\Local\Temp\ccSRqFoe.s:952    .debug_str:000000000000035e .LASF5
C:\Users\stapi\AppData\Local\Temp\ccSRqFoe.s:890    .debug_str:0000000000000057 .LASF7
C:\Users\stapi\AppData\Local\Temp\ccSRqFoe.s:968    .debug_str:0000000000000438 .LASF8
C:\Users\stapi\AppData\Local\Temp\ccSRqFoe.s:914    .debug_str:00000000000001e0 .LASF9
C:\Users\stapi\AppData\Local\Temp\ccSRqFoe.s:932    .debug_str:00000000000002e3 .LASF10
C:\Users\stapi\AppData\Local\Temp\ccSRqFoe.s:950    .debug_str:0000000000000359 .LASF11
C:\Users\stapi\AppData\Local\Temp\ccSRqFoe.s:940    .debug_str:000000000000031c .LASF12
C:\Users\stapi\AppData\Local\Temp\ccSRqFoe.s:936    .debug_str:0000000000000307 .LASF13
C:\Users\stapi\AppData\Local\Temp\ccSRqFoe.s:976    .debug_str:0000000000000470 .LASF14
C:\Users\stapi\AppData\Local\Temp\ccSRqFoe.s:994    .debug_str:00000000000004e0 .LASF15
C:\Users\stapi\AppData\Local\Temp\ccSRqFoe.s:934    .debug_str:00000000000002fa .LASF16
C:\Users\stapi\AppData\Local\Temp\ccSRqFoe.s:970    .debug_str:000000000000044a .LASF17
C:\Users\stapi\AppData\Local\Temp\ccSRqFoe.s:886    .debug_str:0000000000000031 .LASF18
C:\Users\stapi\AppData\Local\Temp\ccSRqFoe.s:1000   .debug_str:0000000000000509 .LASF19
C:\Users\stapi\AppData\Local\Temp\ccSRqFoe.s:880    .debug_str:000000000000000b .LASF20
C:\Users\stapi\AppData\Local\Temp\ccSRqFoe.s:900    .debug_str:0000000000000099 .LASF21
C:\Users\stapi\AppData\Local\Temp\ccSRqFoe.s:984    .debug_str:0000000000000498 .LASF22
C:\Users\stapi\AppData\Local\Temp\ccSRqFoe.s:964    .debug_str:00000000000003ad .LASF23
C:\Users\stapi\AppData\Local\Temp\ccSRqFoe.s:878    .debug_str:0000000000000000 .LASF24
C:\Users\stapi\AppData\Local\Temp\ccSRqFoe.s:892    .debug_str:0000000000000062 .LASF25
C:\Users\stapi\AppData\Local\Temp\ccSRqFoe.s:948    .debug_str:000000000000034d .LASF26
C:\Users\stapi\AppData\Local\Temp\ccSRqFoe.s:960    .debug_str:0000000000000392 .LASF27
C:\Users\stapi\AppData\Local\Temp\ccSRqFoe.s:954    .debug_str:0000000000000367 .LASF28
C:\Users\stapi\AppData\Local\Temp\ccSRqFoe.s:982    .debug_str:000000000000048a .LASF29
C:\Users\stapi\AppData\Local\Temp\ccSRqFoe.s:958    .debug_str:0000000000000384 .LASF30
C:\Users\stapi\AppData\Local\Temp\ccSRqFoe.s:998    .debug_str:00000000000004fc .LASF31
C:\Users\stapi\AppData\Local\Temp\ccSRqFoe.s:904    .debug_str:00000000000000af .LASF32
C:\Users\stapi\AppData\Local\Temp\ccSRqFoe.s:908    .debug_str:00000000000000cf .LASF33
C:\Users\stapi\AppData\Local\Temp\ccSRqFoe.s:924    .debug_str:00000000000002b3 .LASF34
C:\Users\stapi\AppData\Local\Temp\ccSRqFoe.s:938    .debug_str:0000000000000310 .LASF35
C:\Users\stapi\AppData\Local\Temp\ccSRqFoe.s:974    .debug_str:0000000000000464 .LASF36
C:\Users\stapi\AppData\Local\Temp\ccSRqFoe.s:910    .debug_str:00000000000000dc .LASF37
C:\Users\stapi\AppData\Local\Temp\ccSRqFoe.s:918    .debug_str:00000000000001fc .LASF38
C:\Users\stapi\AppData\Local\Temp\ccSRqFoe.s:972    .debug_str:0000000000000457 .LASF39
C:\Users\stapi\AppData\Local\Temp\ccSRqFoe.s:942    .debug_str:0000000000000325 .LASF40
C:\Users\stapi\AppData\Local\Temp\ccSRqFoe.s:902    .debug_str:00000000000000a4 .LASF41
C:\Users\stapi\AppData\Local\Temp\ccSRqFoe.s:916    .debug_str:00000000000001ee .LASF42
C:\Users\stapi\AppData\Local\Temp\ccSRqFoe.s:922    .debug_str:00000000000002a4 .LASF43
C:\Users\stapi\AppData\Local\Temp\ccSRqFoe.s:956    .debug_str:0000000000000375 .LASF44
C:\Users\stapi\AppData\Local\Temp\ccSRqFoe.s:992    .debug_str:00000000000004d6 .LASF45
C:\Users\stapi\AppData\Local\Temp\ccSRqFoe.s:996    .debug_str:00000000000004eb .LASF46
C:\Users\stapi\AppData\Local\Temp\ccSRqFoe.s:151    .text.wwdgt_flag_clear:0000000000000000 .LFB371
C:\Users\stapi\AppData\Local\Temp\ccSRqFoe.s:161    .text.wwdgt_flag_clear:000000000000000a .LFE371
C:\Users\stapi\AppData\Local\Temp\ccSRqFoe.s:962    .debug_str:000000000000039e .LASF61
C:\Users\stapi\AppData\Local\Temp\ccSRqFoe.s:133    .text.wwdgt_flag_get:0000000000000000 .LFB370
C:\Users\stapi\AppData\Local\Temp\ccSRqFoe.s:144    .text.wwdgt_flag_get:000000000000000c .LFE370
C:\Users\stapi\AppData\Local\Temp\ccSRqFoe.s:896    .debug_str:0000000000000078 .LASF47
C:\Users\stapi\AppData\Local\Temp\ccSRqFoe.s:114    .text.wwdgt_interrupt_enable:0000000000000000 .LFB369
C:\Users\stapi\AppData\Local\Temp\ccSRqFoe.s:126    .text.wwdgt_interrupt_enable:0000000000000012 .LFE369
C:\Users\stapi\AppData\Local\Temp\ccSRqFoe.s:882    .debug_str:0000000000000017 .LASF51
C:\Users\stapi\AppData\Local\Temp\ccSRqFoe.s:84     .text.wwdgt_config:0000000000000000 .LFB368
C:\Users\stapi\AppData\Local\Temp\ccSRqFoe.s:107    .text.wwdgt_config:0000000000000018 .LFE368
C:\Users\stapi\AppData\Local\Temp\ccSRqFoe.s:928    .debug_str:00000000000002cf .LASF48
C:\Users\stapi\AppData\Local\Temp\ccSRqFoe.s:791    .debug_loc:0000000000000000 .LLST1
C:\Users\stapi\AppData\Local\Temp\ccSRqFoe.s:980    .debug_str:0000000000000483 .LASF49
C:\Users\stapi\AppData\Local\Temp\ccSRqFoe.s:805    .debug_loc:0000000000000021 .LLST2
C:\Users\stapi\AppData\Local\Temp\ccSRqFoe.s:944    .debug_str:0000000000000330 .LASF50
C:\Users\stapi\AppData\Local\Temp\ccSRqFoe.s:906    .debug_str:00000000000000ba .LASF52
C:\Users\stapi\AppData\Local\Temp\ccSRqFoe.s:63     .text.wwdgt_counter_update:0000000000000000 .LFB367
C:\Users\stapi\AppData\Local\Temp\ccSRqFoe.s:77     .text.wwdgt_counter_update:000000000000000e .LFE367
C:\Users\stapi\AppData\Local\Temp\ccSRqFoe.s:990    .debug_str:00000000000004c8 .LASF53
C:\Users\stapi\AppData\Local\Temp\ccSRqFoe.s:819    .debug_loc:0000000000000042 .LLST0
C:\Users\stapi\AppData\Local\Temp\ccSRqFoe.s:884    .debug_str:0000000000000024 .LASF54
C:\Users\stapi\AppData\Local\Temp\ccSRqFoe.s:44     .text.wwdgt_enable:0000000000000000 .LFB366
C:\Users\stapi\AppData\Local\Temp\ccSRqFoe.s:56     .text.wwdgt_enable:0000000000000012 .LFE366
C:\Users\stapi\AppData\Local\Temp\ccSRqFoe.s:978    .debug_str:0000000000000476 .LASF55
C:\Users\stapi\AppData\Local\Temp\ccSRqFoe.s:14     .text.wwdgt_deinit:0000000000000000 .LFB365
C:\Users\stapi\AppData\Local\Temp\ccSRqFoe.s:37     .text.wwdgt_deinit:000000000000002a .LFE365
C:\Users\stapi\AppData\Local\Temp\ccSRqFoe.s:26     .text.wwdgt_deinit:0000000000000016 .LVL0
C:\Users\stapi\AppData\Local\Temp\ccSRqFoe.s:30     .text.wwdgt_deinit:0000000000000022 .LVL1
C:\Users\stapi\AppData\Local\Temp\ccSRqFoe.s:988    .debug_str:00000000000004b0 .LASF56
C:\Users\stapi\AppData\Local\Temp\ccSRqFoe.s:888    .debug_str:000000000000003e .LASF57
C:\Users\stapi\AppData\Local\Temp\ccSRqFoe.s:87     .text.wwdgt_config:0000000000000000 .LVL4
C:\Users\stapi\AppData\Local\Temp\ccSRqFoe.s:93     .text.wwdgt_config:0000000000000008 .LVL5
C:\Users\stapi\AppData\Local\Temp\ccSRqFoe.s:96     .text.wwdgt_config:000000000000000c .LVL6
C:\Users\stapi\AppData\Local\Temp\ccSRqFoe.s:66     .text.wwdgt_counter_update:0000000000000000 .LVL2
C:\Users\stapi\AppData\Local\Temp\ccSRqFoe.s:70     .text.wwdgt_counter_update:0000000000000004 .LVL3
C:\Users\stapi\AppData\Local\Temp\ccSRqFoe.s:170    .debug_info:0000000000000000 .Ldebug_info0

UNDEFINED SYMBOLS
__riscv_save_1
rcu_periph_reset_enable
rcu_periph_reset_disable
__riscv_restore_1
