   1              		.file	"gd32vw55x_exti.c"
   2              		.option nopic
   3              		.attribute arch, "rv32i2p0_m2p0_a2p0_f2p0_c2p0_b_p0p94"
   4              		.attribute unaligned_access, 0
   5              		.attribute stack_align, 16
   6              		.text
   7              	.Ltext0:
   8              		.cfi_sections	.debug_frame
   9              		.section	.text.exti_deinit,"ax",@progbits
  10              		.align	1
  11              		.globl	exti_deinit
  13              	exti_deinit:
  14              	.LFB365:
  15              		.file 1 "C:/Users/stapi/OneDrive/Desktop/GD32VW553/V1_MQTT_OK/GD32VW55X_Wifi_BLE_SDK/GD32VW55x_REL
   1:C:/Users/stapi/OneDrive/Desktop/GD32VW553/V1_MQTT_OK/GD32VW55X_Wifi_BLE_SDK/GD32VW55x_RELEASE_V1.0.2/MSDK/plf/GD32VW55x_standard_peripheral/Source\gd32vw55x_exti.c **** /*!
   2:C:/Users/stapi/OneDrive/Desktop/GD32VW553/V1_MQTT_OK/GD32VW55X_Wifi_BLE_SDK/GD32VW55x_RELEASE_V1.0.2/MSDK/plf/GD32VW55x_standard_peripheral/Source\gd32vw55x_exti.c ****     \file    gd32vw55x_exti.c
   3:C:/Users/stapi/OneDrive/Desktop/GD32VW553/V1_MQTT_OK/GD32VW55X_Wifi_BLE_SDK/GD32VW55x_RELEASE_V1.0.2/MSDK/plf/GD32VW55x_standard_peripheral/Source\gd32vw55x_exti.c ****     \brief   EXTI driver
   4:C:/Users/stapi/OneDrive/Desktop/GD32VW553/V1_MQTT_OK/GD32VW55X_Wifi_BLE_SDK/GD32VW55x_RELEASE_V1.0.2/MSDK/plf/GD32VW55x_standard_peripheral/Source\gd32vw55x_exti.c **** 
   5:C:/Users/stapi/OneDrive/Desktop/GD32VW553/V1_MQTT_OK/GD32VW55X_Wifi_BLE_SDK/GD32VW55x_RELEASE_V1.0.2/MSDK/plf/GD32VW55x_standard_peripheral/Source\gd32vw55x_exti.c ****     \version 2023-07-20, V1.0.0, firmware for GD32VW55x
   6:C:/Users/stapi/OneDrive/Desktop/GD32VW553/V1_MQTT_OK/GD32VW55X_Wifi_BLE_SDK/GD32VW55x_RELEASE_V1.0.2/MSDK/plf/GD32VW55x_standard_peripheral/Source\gd32vw55x_exti.c **** */
   7:C:/Users/stapi/OneDrive/Desktop/GD32VW553/V1_MQTT_OK/GD32VW55X_Wifi_BLE_SDK/GD32VW55x_RELEASE_V1.0.2/MSDK/plf/GD32VW55x_standard_peripheral/Source\gd32vw55x_exti.c **** 
   8:C:/Users/stapi/OneDrive/Desktop/GD32VW553/V1_MQTT_OK/GD32VW55X_Wifi_BLE_SDK/GD32VW55x_RELEASE_V1.0.2/MSDK/plf/GD32VW55x_standard_peripheral/Source\gd32vw55x_exti.c **** /*
   9:C:/Users/stapi/OneDrive/Desktop/GD32VW553/V1_MQTT_OK/GD32VW55X_Wifi_BLE_SDK/GD32VW55x_RELEASE_V1.0.2/MSDK/plf/GD32VW55x_standard_peripheral/Source\gd32vw55x_exti.c ****     Copyright (c) 2023, GigaDevice Semiconductor Inc.
  10:C:/Users/stapi/OneDrive/Desktop/GD32VW553/V1_MQTT_OK/GD32VW55X_Wifi_BLE_SDK/GD32VW55x_RELEASE_V1.0.2/MSDK/plf/GD32VW55x_standard_peripheral/Source\gd32vw55x_exti.c **** 
  11:C:/Users/stapi/OneDrive/Desktop/GD32VW553/V1_MQTT_OK/GD32VW55X_Wifi_BLE_SDK/GD32VW55x_RELEASE_V1.0.2/MSDK/plf/GD32VW55x_standard_peripheral/Source\gd32vw55x_exti.c ****     Redistribution and use in source and binary forms, with or without modification,
  12:C:/Users/stapi/OneDrive/Desktop/GD32VW553/V1_MQTT_OK/GD32VW55X_Wifi_BLE_SDK/GD32VW55x_RELEASE_V1.0.2/MSDK/plf/GD32VW55x_standard_peripheral/Source\gd32vw55x_exti.c **** are permitted provided that the following conditions are met:
  13:C:/Users/stapi/OneDrive/Desktop/GD32VW553/V1_MQTT_OK/GD32VW55X_Wifi_BLE_SDK/GD32VW55x_RELEASE_V1.0.2/MSDK/plf/GD32VW55x_standard_peripheral/Source\gd32vw55x_exti.c **** 
  14:C:/Users/stapi/OneDrive/Desktop/GD32VW553/V1_MQTT_OK/GD32VW55X_Wifi_BLE_SDK/GD32VW55x_RELEASE_V1.0.2/MSDK/plf/GD32VW55x_standard_peripheral/Source\gd32vw55x_exti.c ****     1. Redistributions of source code must retain the above copyright notice, this
  15:C:/Users/stapi/OneDrive/Desktop/GD32VW553/V1_MQTT_OK/GD32VW55X_Wifi_BLE_SDK/GD32VW55x_RELEASE_V1.0.2/MSDK/plf/GD32VW55x_standard_peripheral/Source\gd32vw55x_exti.c ****        list of conditions and the following disclaimer.
  16:C:/Users/stapi/OneDrive/Desktop/GD32VW553/V1_MQTT_OK/GD32VW55X_Wifi_BLE_SDK/GD32VW55x_RELEASE_V1.0.2/MSDK/plf/GD32VW55x_standard_peripheral/Source\gd32vw55x_exti.c ****     2. Redistributions in binary form must reproduce the above copyright notice,
  17:C:/Users/stapi/OneDrive/Desktop/GD32VW553/V1_MQTT_OK/GD32VW55X_Wifi_BLE_SDK/GD32VW55x_RELEASE_V1.0.2/MSDK/plf/GD32VW55x_standard_peripheral/Source\gd32vw55x_exti.c ****        this list of conditions and the following disclaimer in the documentation
  18:C:/Users/stapi/OneDrive/Desktop/GD32VW553/V1_MQTT_OK/GD32VW55X_Wifi_BLE_SDK/GD32VW55x_RELEASE_V1.0.2/MSDK/plf/GD32VW55x_standard_peripheral/Source\gd32vw55x_exti.c ****        and/or other materials provided with the distribution.
  19:C:/Users/stapi/OneDrive/Desktop/GD32VW553/V1_MQTT_OK/GD32VW55X_Wifi_BLE_SDK/GD32VW55x_RELEASE_V1.0.2/MSDK/plf/GD32VW55x_standard_peripheral/Source\gd32vw55x_exti.c ****     3. Neither the name of the copyright holder nor the names of its contributors
  20:C:/Users/stapi/OneDrive/Desktop/GD32VW553/V1_MQTT_OK/GD32VW55X_Wifi_BLE_SDK/GD32VW55x_RELEASE_V1.0.2/MSDK/plf/GD32VW55x_standard_peripheral/Source\gd32vw55x_exti.c ****        may be used to endorse or promote products derived from this software without
  21:C:/Users/stapi/OneDrive/Desktop/GD32VW553/V1_MQTT_OK/GD32VW55X_Wifi_BLE_SDK/GD32VW55x_RELEASE_V1.0.2/MSDK/plf/GD32VW55x_standard_peripheral/Source\gd32vw55x_exti.c ****        specific prior written permission.
  22:C:/Users/stapi/OneDrive/Desktop/GD32VW553/V1_MQTT_OK/GD32VW55X_Wifi_BLE_SDK/GD32VW55x_RELEASE_V1.0.2/MSDK/plf/GD32VW55x_standard_peripheral/Source\gd32vw55x_exti.c **** 
  23:C:/Users/stapi/OneDrive/Desktop/GD32VW553/V1_MQTT_OK/GD32VW55X_Wifi_BLE_SDK/GD32VW55x_RELEASE_V1.0.2/MSDK/plf/GD32VW55x_standard_peripheral/Source\gd32vw55x_exti.c ****     THIS SOFTWARE IS PROVIDED BY THE COPYRIGHT HOLDERS AND CONTRIBUTORS "AS IS"
  24:C:/Users/stapi/OneDrive/Desktop/GD32VW553/V1_MQTT_OK/GD32VW55X_Wifi_BLE_SDK/GD32VW55x_RELEASE_V1.0.2/MSDK/plf/GD32VW55x_standard_peripheral/Source\gd32vw55x_exti.c **** AND ANY EXPRESS OR IMPLIED WARRANTIES, INCLUDING, BUT NOT LIMITED TO, THE IMPLIED
  25:C:/Users/stapi/OneDrive/Desktop/GD32VW553/V1_MQTT_OK/GD32VW55X_Wifi_BLE_SDK/GD32VW55x_RELEASE_V1.0.2/MSDK/plf/GD32VW55x_standard_peripheral/Source\gd32vw55x_exti.c **** WARRANTIES OF MERCHANTABILITY AND FITNESS FOR A PARTICULAR PURPOSE ARE DISCLAIMED.
  26:C:/Users/stapi/OneDrive/Desktop/GD32VW553/V1_MQTT_OK/GD32VW55X_Wifi_BLE_SDK/GD32VW55x_RELEASE_V1.0.2/MSDK/plf/GD32VW55x_standard_peripheral/Source\gd32vw55x_exti.c **** IN NO EVENT SHALL THE COPYRIGHT HOLDER OR CONTRIBUTORS BE LIABLE FOR ANY DIRECT,
  27:C:/Users/stapi/OneDrive/Desktop/GD32VW553/V1_MQTT_OK/GD32VW55X_Wifi_BLE_SDK/GD32VW55x_RELEASE_V1.0.2/MSDK/plf/GD32VW55x_standard_peripheral/Source\gd32vw55x_exti.c **** INDIRECT, INCIDENTAL, SPECIAL, EXEMPLARY, OR CONSEQUENTIAL DAMAGES (INCLUDING, BUT
  28:C:/Users/stapi/OneDrive/Desktop/GD32VW553/V1_MQTT_OK/GD32VW55X_Wifi_BLE_SDK/GD32VW55x_RELEASE_V1.0.2/MSDK/plf/GD32VW55x_standard_peripheral/Source\gd32vw55x_exti.c **** NOT LIMITED TO, PROCUREMENT OF SUBSTITUTE GOODS OR SERVICES; LOSS OF USE, DATA, OR
  29:C:/Users/stapi/OneDrive/Desktop/GD32VW553/V1_MQTT_OK/GD32VW55X_Wifi_BLE_SDK/GD32VW55x_RELEASE_V1.0.2/MSDK/plf/GD32VW55x_standard_peripheral/Source\gd32vw55x_exti.c **** PROFITS; OR BUSINESS INTERRUPTION) HOWEVER CAUSED AND ON ANY THEORY OF LIABILITY,
  30:C:/Users/stapi/OneDrive/Desktop/GD32VW553/V1_MQTT_OK/GD32VW55X_Wifi_BLE_SDK/GD32VW55x_RELEASE_V1.0.2/MSDK/plf/GD32VW55x_standard_peripheral/Source\gd32vw55x_exti.c **** WHETHER IN CONTRACT, STRICT LIABILITY, OR TORT (INCLUDING NEGLIGENCE OR OTHERWISE)
  31:C:/Users/stapi/OneDrive/Desktop/GD32VW553/V1_MQTT_OK/GD32VW55X_Wifi_BLE_SDK/GD32VW55x_RELEASE_V1.0.2/MSDK/plf/GD32VW55x_standard_peripheral/Source\gd32vw55x_exti.c **** ARISING IN ANY WAY OUT OF THE USE OF THIS SOFTWARE, EVEN IF ADVISED OF THE POSSIBILITY
  32:C:/Users/stapi/OneDrive/Desktop/GD32VW553/V1_MQTT_OK/GD32VW55X_Wifi_BLE_SDK/GD32VW55x_RELEASE_V1.0.2/MSDK/plf/GD32VW55x_standard_peripheral/Source\gd32vw55x_exti.c **** OF SUCH DAMAGE.
  33:C:/Users/stapi/OneDrive/Desktop/GD32VW553/V1_MQTT_OK/GD32VW55X_Wifi_BLE_SDK/GD32VW55x_RELEASE_V1.0.2/MSDK/plf/GD32VW55x_standard_peripheral/Source\gd32vw55x_exti.c **** */
  34:C:/Users/stapi/OneDrive/Desktop/GD32VW553/V1_MQTT_OK/GD32VW55X_Wifi_BLE_SDK/GD32VW55x_RELEASE_V1.0.2/MSDK/plf/GD32VW55x_standard_peripheral/Source\gd32vw55x_exti.c **** 
  35:C:/Users/stapi/OneDrive/Desktop/GD32VW553/V1_MQTT_OK/GD32VW55X_Wifi_BLE_SDK/GD32VW55x_RELEASE_V1.0.2/MSDK/plf/GD32VW55x_standard_peripheral/Source\gd32vw55x_exti.c **** #include "gd32vw55x_exti.h"
  36:C:/Users/stapi/OneDrive/Desktop/GD32VW553/V1_MQTT_OK/GD32VW55X_Wifi_BLE_SDK/GD32VW55x_RELEASE_V1.0.2/MSDK/plf/GD32VW55x_standard_peripheral/Source\gd32vw55x_exti.c **** 
  37:C:/Users/stapi/OneDrive/Desktop/GD32VW553/V1_MQTT_OK/GD32VW55X_Wifi_BLE_SDK/GD32VW55x_RELEASE_V1.0.2/MSDK/plf/GD32VW55x_standard_peripheral/Source\gd32vw55x_exti.c **** #define EXTI_REG_RESET_VALUE            ((uint32_t)0x00000000U)
  38:C:/Users/stapi/OneDrive/Desktop/GD32VW553/V1_MQTT_OK/GD32VW55X_Wifi_BLE_SDK/GD32VW55x_RELEASE_V1.0.2/MSDK/plf/GD32VW55x_standard_peripheral/Source\gd32vw55x_exti.c **** 
  39:C:/Users/stapi/OneDrive/Desktop/GD32VW553/V1_MQTT_OK/GD32VW55X_Wifi_BLE_SDK/GD32VW55x_RELEASE_V1.0.2/MSDK/plf/GD32VW55x_standard_peripheral/Source\gd32vw55x_exti.c **** /*!
  40:C:/Users/stapi/OneDrive/Desktop/GD32VW553/V1_MQTT_OK/GD32VW55X_Wifi_BLE_SDK/GD32VW55x_RELEASE_V1.0.2/MSDK/plf/GD32VW55x_standard_peripheral/Source\gd32vw55x_exti.c ****     \brief      deinitialize the EXTI
  41:C:/Users/stapi/OneDrive/Desktop/GD32VW553/V1_MQTT_OK/GD32VW55X_Wifi_BLE_SDK/GD32VW55x_RELEASE_V1.0.2/MSDK/plf/GD32VW55x_standard_peripheral/Source\gd32vw55x_exti.c ****     \param[in]  none
  42:C:/Users/stapi/OneDrive/Desktop/GD32VW553/V1_MQTT_OK/GD32VW55X_Wifi_BLE_SDK/GD32VW55x_RELEASE_V1.0.2/MSDK/plf/GD32VW55x_standard_peripheral/Source\gd32vw55x_exti.c ****     \param[out] none
  43:C:/Users/stapi/OneDrive/Desktop/GD32VW553/V1_MQTT_OK/GD32VW55X_Wifi_BLE_SDK/GD32VW55x_RELEASE_V1.0.2/MSDK/plf/GD32VW55x_standard_peripheral/Source\gd32vw55x_exti.c ****     \retval     none
  44:C:/Users/stapi/OneDrive/Desktop/GD32VW553/V1_MQTT_OK/GD32VW55X_Wifi_BLE_SDK/GD32VW55x_RELEASE_V1.0.2/MSDK/plf/GD32VW55x_standard_peripheral/Source\gd32vw55x_exti.c **** */
  45:C:/Users/stapi/OneDrive/Desktop/GD32VW553/V1_MQTT_OK/GD32VW55X_Wifi_BLE_SDK/GD32VW55x_RELEASE_V1.0.2/MSDK/plf/GD32VW55x_standard_peripheral/Source\gd32vw55x_exti.c **** void exti_deinit(void)
  46:C:/Users/stapi/OneDrive/Desktop/GD32VW553/V1_MQTT_OK/GD32VW55X_Wifi_BLE_SDK/GD32VW55x_RELEASE_V1.0.2/MSDK/plf/GD32VW55x_standard_peripheral/Source\gd32vw55x_exti.c **** {
  16              		.loc 1 46 1
  17              		.cfi_startproc
  47:C:/Users/stapi/OneDrive/Desktop/GD32VW553/V1_MQTT_OK/GD32VW55X_Wifi_BLE_SDK/GD32VW55x_RELEASE_V1.0.2/MSDK/plf/GD32VW55x_standard_peripheral/Source\gd32vw55x_exti.c ****     /* reset the value of all the EXTI registers */
  48:C:/Users/stapi/OneDrive/Desktop/GD32VW553/V1_MQTT_OK/GD32VW55X_Wifi_BLE_SDK/GD32VW55x_RELEASE_V1.0.2/MSDK/plf/GD32VW55x_standard_peripheral/Source\gd32vw55x_exti.c ****     EXTI_INTEN   = EXTI_REG_RESET_VALUE;
  18              		.loc 1 48 5
  19              		.loc 1 48 18 is_stmt 0
  20 0000 B7470140 		li	a5,1073823744
  21 0004 23A007C0 		sw	zero,-1024(a5)
  49:C:/Users/stapi/OneDrive/Desktop/GD32VW553/V1_MQTT_OK/GD32VW55X_Wifi_BLE_SDK/GD32VW55x_RELEASE_V1.0.2/MSDK/plf/GD32VW55x_standard_peripheral/Source\gd32vw55x_exti.c ****     EXTI_EVEN    = EXTI_REG_RESET_VALUE;
  22              		.loc 1 49 5 is_stmt 1
  23              		.loc 1 49 18 is_stmt 0
  24 0008 23A207C0 		sw	zero,-1020(a5)
  50:C:/Users/stapi/OneDrive/Desktop/GD32VW553/V1_MQTT_OK/GD32VW55X_Wifi_BLE_SDK/GD32VW55x_RELEASE_V1.0.2/MSDK/plf/GD32VW55x_standard_peripheral/Source\gd32vw55x_exti.c ****     EXTI_RTEN    = EXTI_REG_RESET_VALUE;
  25              		.loc 1 50 5 is_stmt 1
  26              		.loc 1 50 18 is_stmt 0
  27 000c 23A407C0 		sw	zero,-1016(a5)
  51:C:/Users/stapi/OneDrive/Desktop/GD32VW553/V1_MQTT_OK/GD32VW55X_Wifi_BLE_SDK/GD32VW55x_RELEASE_V1.0.2/MSDK/plf/GD32VW55x_standard_peripheral/Source\gd32vw55x_exti.c ****     EXTI_FTEN    = EXTI_REG_RESET_VALUE;
  28              		.loc 1 51 5 is_stmt 1
  29              		.loc 1 51 18 is_stmt 0
  30 0010 23A607C0 		sw	zero,-1012(a5)
  52:C:/Users/stapi/OneDrive/Desktop/GD32VW553/V1_MQTT_OK/GD32VW55X_Wifi_BLE_SDK/GD32VW55x_RELEASE_V1.0.2/MSDK/plf/GD32VW55x_standard_peripheral/Source\gd32vw55x_exti.c ****     EXTI_SWIEV   = EXTI_REG_RESET_VALUE;
  31              		.loc 1 52 5 is_stmt 1
  32              		.loc 1 52 18 is_stmt 0
  33 0014 23A807C0 		sw	zero,-1008(a5)
  53:C:/Users/stapi/OneDrive/Desktop/GD32VW553/V1_MQTT_OK/GD32VW55X_Wifi_BLE_SDK/GD32VW55x_RELEASE_V1.0.2/MSDK/plf/GD32VW55x_standard_peripheral/Source\gd32vw55x_exti.c **** }
  34              		.loc 1 53 1
  35 0018 8280     		ret
  36              		.cfi_endproc
  37              	.LFE365:
  39              		.section	.text.exti_init,"ax",@progbits
  40              		.align	1
  41              		.globl	exti_init
  43              	exti_init:
  44              	.LFB366:
  54:C:/Users/stapi/OneDrive/Desktop/GD32VW553/V1_MQTT_OK/GD32VW55X_Wifi_BLE_SDK/GD32VW55x_RELEASE_V1.0.2/MSDK/plf/GD32VW55x_standard_peripheral/Source\gd32vw55x_exti.c **** 
  55:C:/Users/stapi/OneDrive/Desktop/GD32VW553/V1_MQTT_OK/GD32VW55X_Wifi_BLE_SDK/GD32VW55x_RELEASE_V1.0.2/MSDK/plf/GD32VW55x_standard_peripheral/Source\gd32vw55x_exti.c **** /*!
  56:C:/Users/stapi/OneDrive/Desktop/GD32VW553/V1_MQTT_OK/GD32VW55X_Wifi_BLE_SDK/GD32VW55x_RELEASE_V1.0.2/MSDK/plf/GD32VW55x_standard_peripheral/Source\gd32vw55x_exti.c ****     \brief      initialize the EXTI line x
  57:C:/Users/stapi/OneDrive/Desktop/GD32VW553/V1_MQTT_OK/GD32VW55X_Wifi_BLE_SDK/GD32VW55x_RELEASE_V1.0.2/MSDK/plf/GD32VW55x_standard_peripheral/Source\gd32vw55x_exti.c ****     \param[in]  linex: EXTI line number, refer to exti_line_enum
  58:C:/Users/stapi/OneDrive/Desktop/GD32VW553/V1_MQTT_OK/GD32VW55X_Wifi_BLE_SDK/GD32VW55x_RELEASE_V1.0.2/MSDK/plf/GD32VW55x_standard_peripheral/Source\gd32vw55x_exti.c ****                 only one parameter can be selected which is shown as below:
  59:C:/Users/stapi/OneDrive/Desktop/GD32VW553/V1_MQTT_OK/GD32VW55X_Wifi_BLE_SDK/GD32VW55x_RELEASE_V1.0.2/MSDK/plf/GD32VW55x_standard_peripheral/Source\gd32vw55x_exti.c ****       \arg        EXTI_x (x=0..17,19..25): EXTI line x
  60:C:/Users/stapi/OneDrive/Desktop/GD32VW553/V1_MQTT_OK/GD32VW55X_Wifi_BLE_SDK/GD32VW55x_RELEASE_V1.0.2/MSDK/plf/GD32VW55x_standard_peripheral/Source\gd32vw55x_exti.c ****     \param[in]  mode: interrupt or event mode, refer to exti_mode_enum
  61:C:/Users/stapi/OneDrive/Desktop/GD32VW553/V1_MQTT_OK/GD32VW55X_Wifi_BLE_SDK/GD32VW55x_RELEASE_V1.0.2/MSDK/plf/GD32VW55x_standard_peripheral/Source\gd32vw55x_exti.c ****                 only one parameter can be selected which is shown as below:
  62:C:/Users/stapi/OneDrive/Desktop/GD32VW553/V1_MQTT_OK/GD32VW55X_Wifi_BLE_SDK/GD32VW55x_RELEASE_V1.0.2/MSDK/plf/GD32VW55x_standard_peripheral/Source\gd32vw55x_exti.c ****       \arg        EXTI_INTERRUPT: interrupt mode
  63:C:/Users/stapi/OneDrive/Desktop/GD32VW553/V1_MQTT_OK/GD32VW55X_Wifi_BLE_SDK/GD32VW55x_RELEASE_V1.0.2/MSDK/plf/GD32VW55x_standard_peripheral/Source\gd32vw55x_exti.c ****       \arg        EXTI_EVENT: event mode
  64:C:/Users/stapi/OneDrive/Desktop/GD32VW553/V1_MQTT_OK/GD32VW55X_Wifi_BLE_SDK/GD32VW55x_RELEASE_V1.0.2/MSDK/plf/GD32VW55x_standard_peripheral/Source\gd32vw55x_exti.c ****     \param[in]  trig_type: interrupt trigger type, refer to exti_trig_type_enum
  65:C:/Users/stapi/OneDrive/Desktop/GD32VW553/V1_MQTT_OK/GD32VW55X_Wifi_BLE_SDK/GD32VW55x_RELEASE_V1.0.2/MSDK/plf/GD32VW55x_standard_peripheral/Source\gd32vw55x_exti.c ****                 only one parameter can be selected which is shown as below:
  66:C:/Users/stapi/OneDrive/Desktop/GD32VW553/V1_MQTT_OK/GD32VW55X_Wifi_BLE_SDK/GD32VW55x_RELEASE_V1.0.2/MSDK/plf/GD32VW55x_standard_peripheral/Source\gd32vw55x_exti.c ****       \arg        EXTI_TRIG_RISING: rising edge trigger
  67:C:/Users/stapi/OneDrive/Desktop/GD32VW553/V1_MQTT_OK/GD32VW55X_Wifi_BLE_SDK/GD32VW55x_RELEASE_V1.0.2/MSDK/plf/GD32VW55x_standard_peripheral/Source\gd32vw55x_exti.c ****       \arg        EXTI_TRIG_FALLING: falling edge trigger
  68:C:/Users/stapi/OneDrive/Desktop/GD32VW553/V1_MQTT_OK/GD32VW55X_Wifi_BLE_SDK/GD32VW55x_RELEASE_V1.0.2/MSDK/plf/GD32VW55x_standard_peripheral/Source\gd32vw55x_exti.c ****       \arg        EXTI_TRIG_BOTH: rising and falling edge trigger
  69:C:/Users/stapi/OneDrive/Desktop/GD32VW553/V1_MQTT_OK/GD32VW55X_Wifi_BLE_SDK/GD32VW55x_RELEASE_V1.0.2/MSDK/plf/GD32VW55x_standard_peripheral/Source\gd32vw55x_exti.c ****       \arg        EXTI_TRIG_NONE: without rising edge or falling edge trigger
  70:C:/Users/stapi/OneDrive/Desktop/GD32VW553/V1_MQTT_OK/GD32VW55X_Wifi_BLE_SDK/GD32VW55x_RELEASE_V1.0.2/MSDK/plf/GD32VW55x_standard_peripheral/Source\gd32vw55x_exti.c ****     \param[out] none
  71:C:/Users/stapi/OneDrive/Desktop/GD32VW553/V1_MQTT_OK/GD32VW55X_Wifi_BLE_SDK/GD32VW55x_RELEASE_V1.0.2/MSDK/plf/GD32VW55x_standard_peripheral/Source\gd32vw55x_exti.c ****     \retval     none
  72:C:/Users/stapi/OneDrive/Desktop/GD32VW553/V1_MQTT_OK/GD32VW55X_Wifi_BLE_SDK/GD32VW55x_RELEASE_V1.0.2/MSDK/plf/GD32VW55x_standard_peripheral/Source\gd32vw55x_exti.c **** */
  73:C:/Users/stapi/OneDrive/Desktop/GD32VW553/V1_MQTT_OK/GD32VW55X_Wifi_BLE_SDK/GD32VW55x_RELEASE_V1.0.2/MSDK/plf/GD32VW55x_standard_peripheral/Source\gd32vw55x_exti.c **** void exti_init(exti_line_enum linex, exti_mode_enum mode, exti_trig_type_enum trig_type)
  74:C:/Users/stapi/OneDrive/Desktop/GD32VW553/V1_MQTT_OK/GD32VW55X_Wifi_BLE_SDK/GD32VW55x_RELEASE_V1.0.2/MSDK/plf/GD32VW55x_standard_peripheral/Source\gd32vw55x_exti.c **** {
  45              		.loc 1 74 1 is_stmt 1
  46              		.cfi_startproc
  47              	.LVL0:
  75:C:/Users/stapi/OneDrive/Desktop/GD32VW553/V1_MQTT_OK/GD32VW55X_Wifi_BLE_SDK/GD32VW55x_RELEASE_V1.0.2/MSDK/plf/GD32VW55x_standard_peripheral/Source\gd32vw55x_exti.c ****     /* reset the EXTI line x */
  76:C:/Users/stapi/OneDrive/Desktop/GD32VW553/V1_MQTT_OK/GD32VW55X_Wifi_BLE_SDK/GD32VW55x_RELEASE_V1.0.2/MSDK/plf/GD32VW55x_standard_peripheral/Source\gd32vw55x_exti.c ****     EXTI_INTEN &= ~(uint32_t)linex;
  48              		.loc 1 76 5
  49              		.loc 1 76 16 is_stmt 0
  50 0000 B7460140 		li	a3,1073823744
  51 0004 138706C0 		addi	a4,a3,-1024
  52 0008 03280700 		lw	a6,0(a4)
  53              		.loc 1 76 19
  54 000c 9347F5FF 		not	a5,a0
  55              		.loc 1 76 16
  56 0010 3378F800 		and	a6,a6,a5
  57 0014 23200701 		sw	a6,0(a4)
  77:C:/Users/stapi/OneDrive/Desktop/GD32VW553/V1_MQTT_OK/GD32VW55X_Wifi_BLE_SDK/GD32VW55x_RELEASE_V1.0.2/MSDK/plf/GD32VW55x_standard_peripheral/Source\gd32vw55x_exti.c ****     EXTI_EVEN &= ~(uint32_t)linex;
  58              		.loc 1 77 5 is_stmt 1
  59              		.loc 1 77 15 is_stmt 0
  60 0018 03284700 		lw	a6,4(a4)
  61 001c 33F80701 		and	a6,a5,a6
  62 0020 23220701 		sw	a6,4(a4)
  78:C:/Users/stapi/OneDrive/Desktop/GD32VW553/V1_MQTT_OK/GD32VW55X_Wifi_BLE_SDK/GD32VW55x_RELEASE_V1.0.2/MSDK/plf/GD32VW55x_standard_peripheral/Source\gd32vw55x_exti.c ****     EXTI_RTEN &= ~(uint32_t)linex;
  63              		.loc 1 78 5 is_stmt 1
  64              		.loc 1 78 15 is_stmt 0
  65 0024 03288700 		lw	a6,8(a4)
  66 0028 33F80701 		and	a6,a5,a6
  67 002c 23240701 		sw	a6,8(a4)
  79:C:/Users/stapi/OneDrive/Desktop/GD32VW553/V1_MQTT_OK/GD32VW55X_Wifi_BLE_SDK/GD32VW55x_RELEASE_V1.0.2/MSDK/plf/GD32VW55x_standard_peripheral/Source\gd32vw55x_exti.c ****     EXTI_FTEN &= ~(uint32_t)linex;
  68              		.loc 1 79 5 is_stmt 1
  69              		.loc 1 79 15 is_stmt 0
  70 0030 0328C700 		lw	a6,12(a4)
  71 0034 33F80701 		and	a6,a5,a6
  72 0038 23260701 		sw	a6,12(a4)
  80:C:/Users/stapi/OneDrive/Desktop/GD32VW553/V1_MQTT_OK/GD32VW55X_Wifi_BLE_SDK/GD32VW55x_RELEASE_V1.0.2/MSDK/plf/GD32VW55x_standard_peripheral/Source\gd32vw55x_exti.c **** 
  81:C:/Users/stapi/OneDrive/Desktop/GD32VW553/V1_MQTT_OK/GD32VW55X_Wifi_BLE_SDK/GD32VW55x_RELEASE_V1.0.2/MSDK/plf/GD32VW55x_standard_peripheral/Source\gd32vw55x_exti.c ****     /* set the EXTI mode and enable the interrupts or events from EXTI line x */
  82:C:/Users/stapi/OneDrive/Desktop/GD32VW553/V1_MQTT_OK/GD32VW55X_Wifi_BLE_SDK/GD32VW55x_RELEASE_V1.0.2/MSDK/plf/GD32VW55x_standard_peripheral/Source\gd32vw55x_exti.c ****     switch(mode) {
  73              		.loc 1 82 5 is_stmt 1
  74 003c 95C5     		beq	a1,zero,.L3
  75 003e 0547     		li	a4,1
  76 0040 638AE502 		beq	a1,a4,.L4
  77              	.L5:
  83:C:/Users/stapi/OneDrive/Desktop/GD32VW553/V1_MQTT_OK/GD32VW55X_Wifi_BLE_SDK/GD32VW55x_RELEASE_V1.0.2/MSDK/plf/GD32VW55x_standard_peripheral/Source\gd32vw55x_exti.c ****     case EXTI_INTERRUPT:
  84:C:/Users/stapi/OneDrive/Desktop/GD32VW553/V1_MQTT_OK/GD32VW55X_Wifi_BLE_SDK/GD32VW55x_RELEASE_V1.0.2/MSDK/plf/GD32VW55x_standard_peripheral/Source\gd32vw55x_exti.c ****         EXTI_INTEN |= (uint32_t)linex;
  85:C:/Users/stapi/OneDrive/Desktop/GD32VW553/V1_MQTT_OK/GD32VW55X_Wifi_BLE_SDK/GD32VW55x_RELEASE_V1.0.2/MSDK/plf/GD32VW55x_standard_peripheral/Source\gd32vw55x_exti.c ****         break;
  86:C:/Users/stapi/OneDrive/Desktop/GD32VW553/V1_MQTT_OK/GD32VW55X_Wifi_BLE_SDK/GD32VW55x_RELEASE_V1.0.2/MSDK/plf/GD32VW55x_standard_peripheral/Source\gd32vw55x_exti.c ****     case EXTI_EVENT:
  87:C:/Users/stapi/OneDrive/Desktop/GD32VW553/V1_MQTT_OK/GD32VW55X_Wifi_BLE_SDK/GD32VW55x_RELEASE_V1.0.2/MSDK/plf/GD32VW55x_standard_peripheral/Source\gd32vw55x_exti.c ****         EXTI_EVEN |= (uint32_t)linex;
  88:C:/Users/stapi/OneDrive/Desktop/GD32VW553/V1_MQTT_OK/GD32VW55X_Wifi_BLE_SDK/GD32VW55x_RELEASE_V1.0.2/MSDK/plf/GD32VW55x_standard_peripheral/Source\gd32vw55x_exti.c ****         break;
  89:C:/Users/stapi/OneDrive/Desktop/GD32VW553/V1_MQTT_OK/GD32VW55X_Wifi_BLE_SDK/GD32VW55x_RELEASE_V1.0.2/MSDK/plf/GD32VW55x_standard_peripheral/Source\gd32vw55x_exti.c ****     default:
  90:C:/Users/stapi/OneDrive/Desktop/GD32VW553/V1_MQTT_OK/GD32VW55X_Wifi_BLE_SDK/GD32VW55x_RELEASE_V1.0.2/MSDK/plf/GD32VW55x_standard_peripheral/Source\gd32vw55x_exti.c ****         break;
  91:C:/Users/stapi/OneDrive/Desktop/GD32VW553/V1_MQTT_OK/GD32VW55X_Wifi_BLE_SDK/GD32VW55x_RELEASE_V1.0.2/MSDK/plf/GD32VW55x_standard_peripheral/Source\gd32vw55x_exti.c ****     }
  92:C:/Users/stapi/OneDrive/Desktop/GD32VW553/V1_MQTT_OK/GD32VW55X_Wifi_BLE_SDK/GD32VW55x_RELEASE_V1.0.2/MSDK/plf/GD32VW55x_standard_peripheral/Source\gd32vw55x_exti.c **** 
  93:C:/Users/stapi/OneDrive/Desktop/GD32VW553/V1_MQTT_OK/GD32VW55X_Wifi_BLE_SDK/GD32VW55x_RELEASE_V1.0.2/MSDK/plf/GD32VW55x_standard_peripheral/Source\gd32vw55x_exti.c ****     /* set the EXTI trigger type */
  94:C:/Users/stapi/OneDrive/Desktop/GD32VW553/V1_MQTT_OK/GD32VW55X_Wifi_BLE_SDK/GD32VW55x_RELEASE_V1.0.2/MSDK/plf/GD32VW55x_standard_peripheral/Source\gd32vw55x_exti.c ****     switch(trig_type) {
  78              		.loc 1 94 5
  79 0044 0547     		li	a4,1
  80 0046 630DE602 		beq	a2,a4,.L6
  81 004a 0947     		li	a4,2
  82 004c 6305E604 		beq	a2,a4,.L7
  83 0050 29EE     		bne	a2,zero,.L2
  95:C:/Users/stapi/OneDrive/Desktop/GD32VW553/V1_MQTT_OK/GD32VW55X_Wifi_BLE_SDK/GD32VW55x_RELEASE_V1.0.2/MSDK/plf/GD32VW55x_standard_peripheral/Source\gd32vw55x_exti.c ****     case EXTI_TRIG_RISING:
  96:C:/Users/stapi/OneDrive/Desktop/GD32VW553/V1_MQTT_OK/GD32VW55X_Wifi_BLE_SDK/GD32VW55x_RELEASE_V1.0.2/MSDK/plf/GD32VW55x_standard_peripheral/Source\gd32vw55x_exti.c ****         EXTI_RTEN |= (uint32_t)linex;
  84              		.loc 1 96 9
  85              		.loc 1 96 19 is_stmt 0
  86 0052 37470140 		li	a4,1073823744
  87 0056 130707C0 		addi	a4,a4,-1024
  88 005a 1447     		lw	a3,8(a4)
  89 005c 558D     		or	a0,a3,a0
  90              	.LVL1:
  91 005e 08C7     		sw	a0,8(a4)
  97:C:/Users/stapi/OneDrive/Desktop/GD32VW553/V1_MQTT_OK/GD32VW55X_Wifi_BLE_SDK/GD32VW55x_RELEASE_V1.0.2/MSDK/plf/GD32VW55x_standard_peripheral/Source\gd32vw55x_exti.c ****         EXTI_FTEN &= ~(uint32_t)linex;
  92              		.loc 1 97 9 is_stmt 1
  93              		.loc 1 97 19 is_stmt 0
  94 0060 5447     		lw	a3,12(a4)
  95 0062 F58F     		and	a5,a5,a3
  96              	.LVL2:
  97 0064 5CC7     		sw	a5,12(a4)
  98:C:/Users/stapi/OneDrive/Desktop/GD32VW553/V1_MQTT_OK/GD32VW55X_Wifi_BLE_SDK/GD32VW55x_RELEASE_V1.0.2/MSDK/plf/GD32VW55x_standard_peripheral/Source\gd32vw55x_exti.c ****         break;
  98              		.loc 1 98 9 is_stmt 1
  99 0066 8280     		ret
 100              	.LVL3:
 101              	.L3:
  84:C:/Users/stapi/OneDrive/Desktop/GD32VW553/V1_MQTT_OK/GD32VW55X_Wifi_BLE_SDK/GD32VW55x_RELEASE_V1.0.2/MSDK/plf/GD32VW55x_standard_peripheral/Source\gd32vw55x_exti.c ****         break;
 102              		.loc 1 84 9
  84:C:/Users/stapi/OneDrive/Desktop/GD32VW553/V1_MQTT_OK/GD32VW55X_Wifi_BLE_SDK/GD32VW55x_RELEASE_V1.0.2/MSDK/plf/GD32VW55x_standard_peripheral/Source\gd32vw55x_exti.c ****         break;
 103              		.loc 1 84 20 is_stmt 0
 104 0068 03A706C0 		lw	a4,-1024(a3)
 105 006c 498F     		or	a4,a4,a0
 106 006e 23A0E6C0 		sw	a4,-1024(a3)
  85:C:/Users/stapi/OneDrive/Desktop/GD32VW553/V1_MQTT_OK/GD32VW55X_Wifi_BLE_SDK/GD32VW55x_RELEASE_V1.0.2/MSDK/plf/GD32VW55x_standard_peripheral/Source\gd32vw55x_exti.c ****     case EXTI_EVENT:
 107              		.loc 1 85 9 is_stmt 1
 108 0072 C9BF     		j	.L5
 109              	.L4:
  87:C:/Users/stapi/OneDrive/Desktop/GD32VW553/V1_MQTT_OK/GD32VW55X_Wifi_BLE_SDK/GD32VW55x_RELEASE_V1.0.2/MSDK/plf/GD32VW55x_standard_peripheral/Source\gd32vw55x_exti.c ****         break;
 110              		.loc 1 87 9
  87:C:/Users/stapi/OneDrive/Desktop/GD32VW553/V1_MQTT_OK/GD32VW55X_Wifi_BLE_SDK/GD32VW55x_RELEASE_V1.0.2/MSDK/plf/GD32VW55x_standard_peripheral/Source\gd32vw55x_exti.c ****         break;
 111              		.loc 1 87 19 is_stmt 0
 112 0074 03A746C0 		lw	a4,-1020(a3)
 113 0078 498F     		or	a4,a4,a0
 114 007a 23A2E6C0 		sw	a4,-1020(a3)
  88:C:/Users/stapi/OneDrive/Desktop/GD32VW553/V1_MQTT_OK/GD32VW55X_Wifi_BLE_SDK/GD32VW55x_RELEASE_V1.0.2/MSDK/plf/GD32VW55x_standard_peripheral/Source\gd32vw55x_exti.c ****     default:
 115              		.loc 1 88 9 is_stmt 1
 116 007e D9B7     		j	.L5
 117              	.L6:
  99:C:/Users/stapi/OneDrive/Desktop/GD32VW553/V1_MQTT_OK/GD32VW55X_Wifi_BLE_SDK/GD32VW55x_RELEASE_V1.0.2/MSDK/plf/GD32VW55x_standard_peripheral/Source\gd32vw55x_exti.c ****     case EXTI_TRIG_FALLING:
 100:C:/Users/stapi/OneDrive/Desktop/GD32VW553/V1_MQTT_OK/GD32VW55X_Wifi_BLE_SDK/GD32VW55x_RELEASE_V1.0.2/MSDK/plf/GD32VW55x_standard_peripheral/Source\gd32vw55x_exti.c ****         EXTI_RTEN &= ~(uint32_t)linex;
 118              		.loc 1 100 9
 119              		.loc 1 100 19 is_stmt 0
 120 0080 37470140 		li	a4,1073823744
 121 0084 130707C0 		addi	a4,a4,-1024
 122 0088 1447     		lw	a3,8(a4)
 123 008a F58F     		and	a5,a5,a3
 124 008c 1CC7     		sw	a5,8(a4)
 101:C:/Users/stapi/OneDrive/Desktop/GD32VW553/V1_MQTT_OK/GD32VW55X_Wifi_BLE_SDK/GD32VW55x_RELEASE_V1.0.2/MSDK/plf/GD32VW55x_standard_peripheral/Source\gd32vw55x_exti.c ****         EXTI_FTEN |= (uint32_t)linex;
 125              		.loc 1 101 9 is_stmt 1
 126              		.loc 1 101 19 is_stmt 0
 127 008e 5C47     		lw	a5,12(a4)
 128 0090 5D8D     		or	a0,a5,a0
 129              	.LVL4:
 130 0092 48C7     		sw	a0,12(a4)
 102:C:/Users/stapi/OneDrive/Desktop/GD32VW553/V1_MQTT_OK/GD32VW55X_Wifi_BLE_SDK/GD32VW55x_RELEASE_V1.0.2/MSDK/plf/GD32VW55x_standard_peripheral/Source\gd32vw55x_exti.c ****         break;
 131              		.loc 1 102 9 is_stmt 1
 132 0094 8280     		ret
 133              	.LVL5:
 134              	.L7:
 103:C:/Users/stapi/OneDrive/Desktop/GD32VW553/V1_MQTT_OK/GD32VW55X_Wifi_BLE_SDK/GD32VW55x_RELEASE_V1.0.2/MSDK/plf/GD32VW55x_standard_peripheral/Source\gd32vw55x_exti.c ****     case EXTI_TRIG_BOTH:
 104:C:/Users/stapi/OneDrive/Desktop/GD32VW553/V1_MQTT_OK/GD32VW55X_Wifi_BLE_SDK/GD32VW55x_RELEASE_V1.0.2/MSDK/plf/GD32VW55x_standard_peripheral/Source\gd32vw55x_exti.c ****         EXTI_RTEN |= (uint32_t)linex;
 135              		.loc 1 104 9
 136              		.loc 1 104 19 is_stmt 0
 137 0096 B7470140 		li	a5,1073823744
 138 009a 938707C0 		addi	a5,a5,-1024
 139 009e 9847     		lw	a4,8(a5)
 140 00a0 498F     		or	a4,a4,a0
 141 00a2 98C7     		sw	a4,8(a5)
 105:C:/Users/stapi/OneDrive/Desktop/GD32VW553/V1_MQTT_OK/GD32VW55X_Wifi_BLE_SDK/GD32VW55x_RELEASE_V1.0.2/MSDK/plf/GD32VW55x_standard_peripheral/Source\gd32vw55x_exti.c ****         EXTI_FTEN |= (uint32_t)linex;
 142              		.loc 1 105 9 is_stmt 1
 143              		.loc 1 105 19 is_stmt 0
 144 00a4 D847     		lw	a4,12(a5)
 145 00a6 598D     		or	a0,a4,a0
 146              	.LVL6:
 147 00a8 C8C7     		sw	a0,12(a5)
 106:C:/Users/stapi/OneDrive/Desktop/GD32VW553/V1_MQTT_OK/GD32VW55X_Wifi_BLE_SDK/GD32VW55x_RELEASE_V1.0.2/MSDK/plf/GD32VW55x_standard_peripheral/Source\gd32vw55x_exti.c ****         break;
 148              		.loc 1 106 9 is_stmt 1
 149              	.L2:
 107:C:/Users/stapi/OneDrive/Desktop/GD32VW553/V1_MQTT_OK/GD32VW55X_Wifi_BLE_SDK/GD32VW55x_RELEASE_V1.0.2/MSDK/plf/GD32VW55x_standard_peripheral/Source\gd32vw55x_exti.c ****     case EXTI_TRIG_NONE:
 108:C:/Users/stapi/OneDrive/Desktop/GD32VW553/V1_MQTT_OK/GD32VW55X_Wifi_BLE_SDK/GD32VW55x_RELEASE_V1.0.2/MSDK/plf/GD32VW55x_standard_peripheral/Source\gd32vw55x_exti.c ****     default:
 109:C:/Users/stapi/OneDrive/Desktop/GD32VW553/V1_MQTT_OK/GD32VW55X_Wifi_BLE_SDK/GD32VW55x_RELEASE_V1.0.2/MSDK/plf/GD32VW55x_standard_peripheral/Source\gd32vw55x_exti.c ****         break;
 110:C:/Users/stapi/OneDrive/Desktop/GD32VW553/V1_MQTT_OK/GD32VW55X_Wifi_BLE_SDK/GD32VW55x_RELEASE_V1.0.2/MSDK/plf/GD32VW55x_standard_peripheral/Source\gd32vw55x_exti.c ****     }
 111:C:/Users/stapi/OneDrive/Desktop/GD32VW553/V1_MQTT_OK/GD32VW55X_Wifi_BLE_SDK/GD32VW55x_RELEASE_V1.0.2/MSDK/plf/GD32VW55x_standard_peripheral/Source\gd32vw55x_exti.c **** }
 150              		.loc 1 111 1 is_stmt 0
 151 00aa 8280     		ret
 152              		.cfi_endproc
 153              	.LFE366:
 155              		.section	.text.exti_interrupt_enable,"ax",@progbits
 156              		.align	1
 157              		.globl	exti_interrupt_enable
 159              	exti_interrupt_enable:
 160              	.LFB367:
 112:C:/Users/stapi/OneDrive/Desktop/GD32VW553/V1_MQTT_OK/GD32VW55X_Wifi_BLE_SDK/GD32VW55x_RELEASE_V1.0.2/MSDK/plf/GD32VW55x_standard_peripheral/Source\gd32vw55x_exti.c **** 
 113:C:/Users/stapi/OneDrive/Desktop/GD32VW553/V1_MQTT_OK/GD32VW55X_Wifi_BLE_SDK/GD32VW55x_RELEASE_V1.0.2/MSDK/plf/GD32VW55x_standard_peripheral/Source\gd32vw55x_exti.c **** /*!
 114:C:/Users/stapi/OneDrive/Desktop/GD32VW553/V1_MQTT_OK/GD32VW55X_Wifi_BLE_SDK/GD32VW55x_RELEASE_V1.0.2/MSDK/plf/GD32VW55x_standard_peripheral/Source\gd32vw55x_exti.c ****     \brief      enable the interrupts from EXTI line x
 115:C:/Users/stapi/OneDrive/Desktop/GD32VW553/V1_MQTT_OK/GD32VW55X_Wifi_BLE_SDK/GD32VW55x_RELEASE_V1.0.2/MSDK/plf/GD32VW55x_standard_peripheral/Source\gd32vw55x_exti.c ****     \param[in]  linex: EXTI line number, refer to exti_line_enum
 116:C:/Users/stapi/OneDrive/Desktop/GD32VW553/V1_MQTT_OK/GD32VW55X_Wifi_BLE_SDK/GD32VW55x_RELEASE_V1.0.2/MSDK/plf/GD32VW55x_standard_peripheral/Source\gd32vw55x_exti.c ****                 only one parameter can be selected which is shown as below:
 117:C:/Users/stapi/OneDrive/Desktop/GD32VW553/V1_MQTT_OK/GD32VW55X_Wifi_BLE_SDK/GD32VW55x_RELEASE_V1.0.2/MSDK/plf/GD32VW55x_standard_peripheral/Source\gd32vw55x_exti.c ****       \arg        EXTI_x (x=0..17,19..25): EXTI line x
 118:C:/Users/stapi/OneDrive/Desktop/GD32VW553/V1_MQTT_OK/GD32VW55X_Wifi_BLE_SDK/GD32VW55x_RELEASE_V1.0.2/MSDK/plf/GD32VW55x_standard_peripheral/Source\gd32vw55x_exti.c ****     \param[out] none
 119:C:/Users/stapi/OneDrive/Desktop/GD32VW553/V1_MQTT_OK/GD32VW55X_Wifi_BLE_SDK/GD32VW55x_RELEASE_V1.0.2/MSDK/plf/GD32VW55x_standard_peripheral/Source\gd32vw55x_exti.c ****     \retval     none
 120:C:/Users/stapi/OneDrive/Desktop/GD32VW553/V1_MQTT_OK/GD32VW55X_Wifi_BLE_SDK/GD32VW55x_RELEASE_V1.0.2/MSDK/plf/GD32VW55x_standard_peripheral/Source\gd32vw55x_exti.c **** */
 121:C:/Users/stapi/OneDrive/Desktop/GD32VW553/V1_MQTT_OK/GD32VW55X_Wifi_BLE_SDK/GD32VW55x_RELEASE_V1.0.2/MSDK/plf/GD32VW55x_standard_peripheral/Source\gd32vw55x_exti.c **** void exti_interrupt_enable(exti_line_enum linex)
 122:C:/Users/stapi/OneDrive/Desktop/GD32VW553/V1_MQTT_OK/GD32VW55X_Wifi_BLE_SDK/GD32VW55x_RELEASE_V1.0.2/MSDK/plf/GD32VW55x_standard_peripheral/Source\gd32vw55x_exti.c **** {
 161              		.loc 1 122 1 is_stmt 1
 162              		.cfi_startproc
 163              	.LVL7:
 123:C:/Users/stapi/OneDrive/Desktop/GD32VW553/V1_MQTT_OK/GD32VW55X_Wifi_BLE_SDK/GD32VW55x_RELEASE_V1.0.2/MSDK/plf/GD32VW55x_standard_peripheral/Source\gd32vw55x_exti.c ****     EXTI_INTEN |= (uint32_t)linex;
 164              		.loc 1 123 5
 165              		.loc 1 123 16 is_stmt 0
 166 0000 37470140 		li	a4,1073823744
 167 0004 832707C0 		lw	a5,-1024(a4)
 168 0008 C98F     		or	a5,a5,a0
 169 000a 2320F7C0 		sw	a5,-1024(a4)
 124:C:/Users/stapi/OneDrive/Desktop/GD32VW553/V1_MQTT_OK/GD32VW55X_Wifi_BLE_SDK/GD32VW55x_RELEASE_V1.0.2/MSDK/plf/GD32VW55x_standard_peripheral/Source\gd32vw55x_exti.c **** }
 170              		.loc 1 124 1
 171 000e 8280     		ret
 172              		.cfi_endproc
 173              	.LFE367:
 175              		.section	.text.exti_interrupt_disable,"ax",@progbits
 176              		.align	1
 177              		.globl	exti_interrupt_disable
 179              	exti_interrupt_disable:
 180              	.LFB368:
 125:C:/Users/stapi/OneDrive/Desktop/GD32VW553/V1_MQTT_OK/GD32VW55X_Wifi_BLE_SDK/GD32VW55x_RELEASE_V1.0.2/MSDK/plf/GD32VW55x_standard_peripheral/Source\gd32vw55x_exti.c **** 
 126:C:/Users/stapi/OneDrive/Desktop/GD32VW553/V1_MQTT_OK/GD32VW55X_Wifi_BLE_SDK/GD32VW55x_RELEASE_V1.0.2/MSDK/plf/GD32VW55x_standard_peripheral/Source\gd32vw55x_exti.c **** /*!
 127:C:/Users/stapi/OneDrive/Desktop/GD32VW553/V1_MQTT_OK/GD32VW55X_Wifi_BLE_SDK/GD32VW55x_RELEASE_V1.0.2/MSDK/plf/GD32VW55x_standard_peripheral/Source\gd32vw55x_exti.c ****     \brief      disable the interrupt from EXTI line x
 128:C:/Users/stapi/OneDrive/Desktop/GD32VW553/V1_MQTT_OK/GD32VW55X_Wifi_BLE_SDK/GD32VW55x_RELEASE_V1.0.2/MSDK/plf/GD32VW55x_standard_peripheral/Source\gd32vw55x_exti.c ****     \param[in]  linex: EXTI line number, refer to exti_line_enum
 129:C:/Users/stapi/OneDrive/Desktop/GD32VW553/V1_MQTT_OK/GD32VW55X_Wifi_BLE_SDK/GD32VW55x_RELEASE_V1.0.2/MSDK/plf/GD32VW55x_standard_peripheral/Source\gd32vw55x_exti.c ****                 only one parameter can be selected which is shown as below:
 130:C:/Users/stapi/OneDrive/Desktop/GD32VW553/V1_MQTT_OK/GD32VW55X_Wifi_BLE_SDK/GD32VW55x_RELEASE_V1.0.2/MSDK/plf/GD32VW55x_standard_peripheral/Source\gd32vw55x_exti.c ****       \arg        EXTI_x (x=0..17,19..25): EXTI line x
 131:C:/Users/stapi/OneDrive/Desktop/GD32VW553/V1_MQTT_OK/GD32VW55X_Wifi_BLE_SDK/GD32VW55x_RELEASE_V1.0.2/MSDK/plf/GD32VW55x_standard_peripheral/Source\gd32vw55x_exti.c ****     \param[out] none
 132:C:/Users/stapi/OneDrive/Desktop/GD32VW553/V1_MQTT_OK/GD32VW55X_Wifi_BLE_SDK/GD32VW55x_RELEASE_V1.0.2/MSDK/plf/GD32VW55x_standard_peripheral/Source\gd32vw55x_exti.c ****     \retval     none
 133:C:/Users/stapi/OneDrive/Desktop/GD32VW553/V1_MQTT_OK/GD32VW55X_Wifi_BLE_SDK/GD32VW55x_RELEASE_V1.0.2/MSDK/plf/GD32VW55x_standard_peripheral/Source\gd32vw55x_exti.c **** */
 134:C:/Users/stapi/OneDrive/Desktop/GD32VW553/V1_MQTT_OK/GD32VW55X_Wifi_BLE_SDK/GD32VW55x_RELEASE_V1.0.2/MSDK/plf/GD32VW55x_standard_peripheral/Source\gd32vw55x_exti.c **** void exti_interrupt_disable(exti_line_enum linex)
 135:C:/Users/stapi/OneDrive/Desktop/GD32VW553/V1_MQTT_OK/GD32VW55X_Wifi_BLE_SDK/GD32VW55x_RELEASE_V1.0.2/MSDK/plf/GD32VW55x_standard_peripheral/Source\gd32vw55x_exti.c **** {
 181              		.loc 1 135 1 is_stmt 1
 182              		.cfi_startproc
 183              	.LVL8:
 136:C:/Users/stapi/OneDrive/Desktop/GD32VW553/V1_MQTT_OK/GD32VW55X_Wifi_BLE_SDK/GD32VW55x_RELEASE_V1.0.2/MSDK/plf/GD32VW55x_standard_peripheral/Source\gd32vw55x_exti.c ****     EXTI_INTEN &= ~(uint32_t)linex;
 184              		.loc 1 136 5
 185              		.loc 1 136 16 is_stmt 0
 186 0000 B7470140 		li	a5,1073823744
 187 0004 03A707C0 		lw	a4,-1024(a5)
 188 0008 3375A740 		andn	a0,a4,a0
 189              	.LVL9:
 190 000c 23A0A7C0 		sw	a0,-1024(a5)
 137:C:/Users/stapi/OneDrive/Desktop/GD32VW553/V1_MQTT_OK/GD32VW55X_Wifi_BLE_SDK/GD32VW55x_RELEASE_V1.0.2/MSDK/plf/GD32VW55x_standard_peripheral/Source\gd32vw55x_exti.c **** }
 191              		.loc 1 137 1
 192 0010 8280     		ret
 193              		.cfi_endproc
 194              	.LFE368:
 196              		.section	.text.exti_event_enable,"ax",@progbits
 197              		.align	1
 198              		.globl	exti_event_enable
 200              	exti_event_enable:
 201              	.LFB369:
 138:C:/Users/stapi/OneDrive/Desktop/GD32VW553/V1_MQTT_OK/GD32VW55X_Wifi_BLE_SDK/GD32VW55x_RELEASE_V1.0.2/MSDK/plf/GD32VW55x_standard_peripheral/Source\gd32vw55x_exti.c **** 
 139:C:/Users/stapi/OneDrive/Desktop/GD32VW553/V1_MQTT_OK/GD32VW55X_Wifi_BLE_SDK/GD32VW55x_RELEASE_V1.0.2/MSDK/plf/GD32VW55x_standard_peripheral/Source\gd32vw55x_exti.c **** /*!
 140:C:/Users/stapi/OneDrive/Desktop/GD32VW553/V1_MQTT_OK/GD32VW55X_Wifi_BLE_SDK/GD32VW55x_RELEASE_V1.0.2/MSDK/plf/GD32VW55x_standard_peripheral/Source\gd32vw55x_exti.c ****     \brief      enable the events from EXTI line x
 141:C:/Users/stapi/OneDrive/Desktop/GD32VW553/V1_MQTT_OK/GD32VW55X_Wifi_BLE_SDK/GD32VW55x_RELEASE_V1.0.2/MSDK/plf/GD32VW55x_standard_peripheral/Source\gd32vw55x_exti.c ****     \param[in]  linex: EXTI line number, refer to exti_line_enum
 142:C:/Users/stapi/OneDrive/Desktop/GD32VW553/V1_MQTT_OK/GD32VW55X_Wifi_BLE_SDK/GD32VW55x_RELEASE_V1.0.2/MSDK/plf/GD32VW55x_standard_peripheral/Source\gd32vw55x_exti.c ****                 only one parameter can be selected which is shown as below:
 143:C:/Users/stapi/OneDrive/Desktop/GD32VW553/V1_MQTT_OK/GD32VW55X_Wifi_BLE_SDK/GD32VW55x_RELEASE_V1.0.2/MSDK/plf/GD32VW55x_standard_peripheral/Source\gd32vw55x_exti.c ****       \arg        EXTI_x (x=0..17,19..25): EXTI line x
 144:C:/Users/stapi/OneDrive/Desktop/GD32VW553/V1_MQTT_OK/GD32VW55X_Wifi_BLE_SDK/GD32VW55x_RELEASE_V1.0.2/MSDK/plf/GD32VW55x_standard_peripheral/Source\gd32vw55x_exti.c ****     \param[out] none
 145:C:/Users/stapi/OneDrive/Desktop/GD32VW553/V1_MQTT_OK/GD32VW55X_Wifi_BLE_SDK/GD32VW55x_RELEASE_V1.0.2/MSDK/plf/GD32VW55x_standard_peripheral/Source\gd32vw55x_exti.c ****     \retval     none
 146:C:/Users/stapi/OneDrive/Desktop/GD32VW553/V1_MQTT_OK/GD32VW55X_Wifi_BLE_SDK/GD32VW55x_RELEASE_V1.0.2/MSDK/plf/GD32VW55x_standard_peripheral/Source\gd32vw55x_exti.c **** */
 147:C:/Users/stapi/OneDrive/Desktop/GD32VW553/V1_MQTT_OK/GD32VW55X_Wifi_BLE_SDK/GD32VW55x_RELEASE_V1.0.2/MSDK/plf/GD32VW55x_standard_peripheral/Source\gd32vw55x_exti.c **** void exti_event_enable(exti_line_enum linex)
 148:C:/Users/stapi/OneDrive/Desktop/GD32VW553/V1_MQTT_OK/GD32VW55X_Wifi_BLE_SDK/GD32VW55x_RELEASE_V1.0.2/MSDK/plf/GD32VW55x_standard_peripheral/Source\gd32vw55x_exti.c **** {
 202              		.loc 1 148 1 is_stmt 1
 203              		.cfi_startproc
 204              	.LVL10:
 149:C:/Users/stapi/OneDrive/Desktop/GD32VW553/V1_MQTT_OK/GD32VW55X_Wifi_BLE_SDK/GD32VW55x_RELEASE_V1.0.2/MSDK/plf/GD32VW55x_standard_peripheral/Source\gd32vw55x_exti.c ****     EXTI_EVEN |= (uint32_t)linex;
 205              		.loc 1 149 5
 206              		.loc 1 149 15 is_stmt 0
 207 0000 37470140 		li	a4,1073823744
 208 0004 832747C0 		lw	a5,-1020(a4)
 209 0008 C98F     		or	a5,a5,a0
 210 000a 2322F7C0 		sw	a5,-1020(a4)
 150:C:/Users/stapi/OneDrive/Desktop/GD32VW553/V1_MQTT_OK/GD32VW55X_Wifi_BLE_SDK/GD32VW55x_RELEASE_V1.0.2/MSDK/plf/GD32VW55x_standard_peripheral/Source\gd32vw55x_exti.c **** }
 211              		.loc 1 150 1
 212 000e 8280     		ret
 213              		.cfi_endproc
 214              	.LFE369:
 216              		.section	.text.exti_event_disable,"ax",@progbits
 217              		.align	1
 218              		.globl	exti_event_disable
 220              	exti_event_disable:
 221              	.LFB370:
 151:C:/Users/stapi/OneDrive/Desktop/GD32VW553/V1_MQTT_OK/GD32VW55X_Wifi_BLE_SDK/GD32VW55x_RELEASE_V1.0.2/MSDK/plf/GD32VW55x_standard_peripheral/Source\gd32vw55x_exti.c **** 
 152:C:/Users/stapi/OneDrive/Desktop/GD32VW553/V1_MQTT_OK/GD32VW55X_Wifi_BLE_SDK/GD32VW55x_RELEASE_V1.0.2/MSDK/plf/GD32VW55x_standard_peripheral/Source\gd32vw55x_exti.c **** /*!
 153:C:/Users/stapi/OneDrive/Desktop/GD32VW553/V1_MQTT_OK/GD32VW55X_Wifi_BLE_SDK/GD32VW55x_RELEASE_V1.0.2/MSDK/plf/GD32VW55x_standard_peripheral/Source\gd32vw55x_exti.c ****     \brief      disable the events from EXTI line x
 154:C:/Users/stapi/OneDrive/Desktop/GD32VW553/V1_MQTT_OK/GD32VW55X_Wifi_BLE_SDK/GD32VW55x_RELEASE_V1.0.2/MSDK/plf/GD32VW55x_standard_peripheral/Source\gd32vw55x_exti.c ****     \param[in]  linex: EXTI line number, refer to exti_line_enum
 155:C:/Users/stapi/OneDrive/Desktop/GD32VW553/V1_MQTT_OK/GD32VW55X_Wifi_BLE_SDK/GD32VW55x_RELEASE_V1.0.2/MSDK/plf/GD32VW55x_standard_peripheral/Source\gd32vw55x_exti.c ****                 only one parameter can be selected which is shown as below:
 156:C:/Users/stapi/OneDrive/Desktop/GD32VW553/V1_MQTT_OK/GD32VW55X_Wifi_BLE_SDK/GD32VW55x_RELEASE_V1.0.2/MSDK/plf/GD32VW55x_standard_peripheral/Source\gd32vw55x_exti.c ****       \arg        EXTI_x (x=0..17,19..25): EXTI line x
 157:C:/Users/stapi/OneDrive/Desktop/GD32VW553/V1_MQTT_OK/GD32VW55X_Wifi_BLE_SDK/GD32VW55x_RELEASE_V1.0.2/MSDK/plf/GD32VW55x_standard_peripheral/Source\gd32vw55x_exti.c ****     \param[out] none
 158:C:/Users/stapi/OneDrive/Desktop/GD32VW553/V1_MQTT_OK/GD32VW55X_Wifi_BLE_SDK/GD32VW55x_RELEASE_V1.0.2/MSDK/plf/GD32VW55x_standard_peripheral/Source\gd32vw55x_exti.c ****     \retval     none
 159:C:/Users/stapi/OneDrive/Desktop/GD32VW553/V1_MQTT_OK/GD32VW55X_Wifi_BLE_SDK/GD32VW55x_RELEASE_V1.0.2/MSDK/plf/GD32VW55x_standard_peripheral/Source\gd32vw55x_exti.c **** */
 160:C:/Users/stapi/OneDrive/Desktop/GD32VW553/V1_MQTT_OK/GD32VW55X_Wifi_BLE_SDK/GD32VW55x_RELEASE_V1.0.2/MSDK/plf/GD32VW55x_standard_peripheral/Source\gd32vw55x_exti.c **** void exti_event_disable(exti_line_enum linex)
 161:C:/Users/stapi/OneDrive/Desktop/GD32VW553/V1_MQTT_OK/GD32VW55X_Wifi_BLE_SDK/GD32VW55x_RELEASE_V1.0.2/MSDK/plf/GD32VW55x_standard_peripheral/Source\gd32vw55x_exti.c **** {
 222              		.loc 1 161 1 is_stmt 1
 223              		.cfi_startproc
 224              	.LVL11:
 162:C:/Users/stapi/OneDrive/Desktop/GD32VW553/V1_MQTT_OK/GD32VW55X_Wifi_BLE_SDK/GD32VW55x_RELEASE_V1.0.2/MSDK/plf/GD32VW55x_standard_peripheral/Source\gd32vw55x_exti.c ****     EXTI_EVEN &= ~(uint32_t)linex;
 225              		.loc 1 162 5
 226              		.loc 1 162 15 is_stmt 0
 227 0000 B7470140 		li	a5,1073823744
 228 0004 03A747C0 		lw	a4,-1020(a5)
 229 0008 3375A740 		andn	a0,a4,a0
 230              	.LVL12:
 231 000c 23A2A7C0 		sw	a0,-1020(a5)
 163:C:/Users/stapi/OneDrive/Desktop/GD32VW553/V1_MQTT_OK/GD32VW55X_Wifi_BLE_SDK/GD32VW55x_RELEASE_V1.0.2/MSDK/plf/GD32VW55x_standard_peripheral/Source\gd32vw55x_exti.c **** }
 232              		.loc 1 163 1
 233 0010 8280     		ret
 234              		.cfi_endproc
 235              	.LFE370:
 237              		.section	.text.exti_software_interrupt_enable,"ax",@progbits
 238              		.align	1
 239              		.globl	exti_software_interrupt_enable
 241              	exti_software_interrupt_enable:
 242              	.LFB371:
 164:C:/Users/stapi/OneDrive/Desktop/GD32VW553/V1_MQTT_OK/GD32VW55X_Wifi_BLE_SDK/GD32VW55x_RELEASE_V1.0.2/MSDK/plf/GD32VW55x_standard_peripheral/Source\gd32vw55x_exti.c **** 
 165:C:/Users/stapi/OneDrive/Desktop/GD32VW553/V1_MQTT_OK/GD32VW55X_Wifi_BLE_SDK/GD32VW55x_RELEASE_V1.0.2/MSDK/plf/GD32VW55x_standard_peripheral/Source\gd32vw55x_exti.c **** /*!
 166:C:/Users/stapi/OneDrive/Desktop/GD32VW553/V1_MQTT_OK/GD32VW55X_Wifi_BLE_SDK/GD32VW55x_RELEASE_V1.0.2/MSDK/plf/GD32VW55x_standard_peripheral/Source\gd32vw55x_exti.c ****     \brief      enable the software interrupt event from EXTI line x
 167:C:/Users/stapi/OneDrive/Desktop/GD32VW553/V1_MQTT_OK/GD32VW55X_Wifi_BLE_SDK/GD32VW55x_RELEASE_V1.0.2/MSDK/plf/GD32VW55x_standard_peripheral/Source\gd32vw55x_exti.c ****     \param[in]  linex: EXTI line number, refer to exti_line_enum
 168:C:/Users/stapi/OneDrive/Desktop/GD32VW553/V1_MQTT_OK/GD32VW55X_Wifi_BLE_SDK/GD32VW55x_RELEASE_V1.0.2/MSDK/plf/GD32VW55x_standard_peripheral/Source\gd32vw55x_exti.c ****                 only one parameter can be selected which is shown as below:
 169:C:/Users/stapi/OneDrive/Desktop/GD32VW553/V1_MQTT_OK/GD32VW55X_Wifi_BLE_SDK/GD32VW55x_RELEASE_V1.0.2/MSDK/plf/GD32VW55x_standard_peripheral/Source\gd32vw55x_exti.c ****       \arg        EXTI_x (x=0..17,19..25): EXTI line x
 170:C:/Users/stapi/OneDrive/Desktop/GD32VW553/V1_MQTT_OK/GD32VW55X_Wifi_BLE_SDK/GD32VW55x_RELEASE_V1.0.2/MSDK/plf/GD32VW55x_standard_peripheral/Source\gd32vw55x_exti.c ****     \param[out] none
 171:C:/Users/stapi/OneDrive/Desktop/GD32VW553/V1_MQTT_OK/GD32VW55X_Wifi_BLE_SDK/GD32VW55x_RELEASE_V1.0.2/MSDK/plf/GD32VW55x_standard_peripheral/Source\gd32vw55x_exti.c ****     \retval     none
 172:C:/Users/stapi/OneDrive/Desktop/GD32VW553/V1_MQTT_OK/GD32VW55X_Wifi_BLE_SDK/GD32VW55x_RELEASE_V1.0.2/MSDK/plf/GD32VW55x_standard_peripheral/Source\gd32vw55x_exti.c **** */
 173:C:/Users/stapi/OneDrive/Desktop/GD32VW553/V1_MQTT_OK/GD32VW55X_Wifi_BLE_SDK/GD32VW55x_RELEASE_V1.0.2/MSDK/plf/GD32VW55x_standard_peripheral/Source\gd32vw55x_exti.c **** void exti_software_interrupt_enable(exti_line_enum linex)
 174:C:/Users/stapi/OneDrive/Desktop/GD32VW553/V1_MQTT_OK/GD32VW55X_Wifi_BLE_SDK/GD32VW55x_RELEASE_V1.0.2/MSDK/plf/GD32VW55x_standard_peripheral/Source\gd32vw55x_exti.c **** {
 243              		.loc 1 174 1 is_stmt 1
 244              		.cfi_startproc
 245              	.LVL13:
 175:C:/Users/stapi/OneDrive/Desktop/GD32VW553/V1_MQTT_OK/GD32VW55X_Wifi_BLE_SDK/GD32VW55x_RELEASE_V1.0.2/MSDK/plf/GD32VW55x_standard_peripheral/Source\gd32vw55x_exti.c ****     EXTI_SWIEV |= (uint32_t)linex;
 246              		.loc 1 175 5
 247              		.loc 1 175 16 is_stmt 0
 248 0000 37470140 		li	a4,1073823744
 249 0004 832707C1 		lw	a5,-1008(a4)
 250 0008 C98F     		or	a5,a5,a0
 251 000a 2328F7C0 		sw	a5,-1008(a4)
 176:C:/Users/stapi/OneDrive/Desktop/GD32VW553/V1_MQTT_OK/GD32VW55X_Wifi_BLE_SDK/GD32VW55x_RELEASE_V1.0.2/MSDK/plf/GD32VW55x_standard_peripheral/Source\gd32vw55x_exti.c **** }
 252              		.loc 1 176 1
 253 000e 8280     		ret
 254              		.cfi_endproc
 255              	.LFE371:
 257              		.section	.text.exti_software_interrupt_disable,"ax",@progbits
 258              		.align	1
 259              		.globl	exti_software_interrupt_disable
 261              	exti_software_interrupt_disable:
 262              	.LFB372:
 177:C:/Users/stapi/OneDrive/Desktop/GD32VW553/V1_MQTT_OK/GD32VW55X_Wifi_BLE_SDK/GD32VW55x_RELEASE_V1.0.2/MSDK/plf/GD32VW55x_standard_peripheral/Source\gd32vw55x_exti.c **** 
 178:C:/Users/stapi/OneDrive/Desktop/GD32VW553/V1_MQTT_OK/GD32VW55X_Wifi_BLE_SDK/GD32VW55x_RELEASE_V1.0.2/MSDK/plf/GD32VW55x_standard_peripheral/Source\gd32vw55x_exti.c **** /*!
 179:C:/Users/stapi/OneDrive/Desktop/GD32VW553/V1_MQTT_OK/GD32VW55X_Wifi_BLE_SDK/GD32VW55x_RELEASE_V1.0.2/MSDK/plf/GD32VW55x_standard_peripheral/Source\gd32vw55x_exti.c ****     \brief      disable the software interrupt event from EXTI line x
 180:C:/Users/stapi/OneDrive/Desktop/GD32VW553/V1_MQTT_OK/GD32VW55X_Wifi_BLE_SDK/GD32VW55x_RELEASE_V1.0.2/MSDK/plf/GD32VW55x_standard_peripheral/Source\gd32vw55x_exti.c ****     \param[in]  linex: EXTI line number, refer to exti_line_enum
 181:C:/Users/stapi/OneDrive/Desktop/GD32VW553/V1_MQTT_OK/GD32VW55X_Wifi_BLE_SDK/GD32VW55x_RELEASE_V1.0.2/MSDK/plf/GD32VW55x_standard_peripheral/Source\gd32vw55x_exti.c ****                 only one parameter can be selected which is shown as below:
 182:C:/Users/stapi/OneDrive/Desktop/GD32VW553/V1_MQTT_OK/GD32VW55X_Wifi_BLE_SDK/GD32VW55x_RELEASE_V1.0.2/MSDK/plf/GD32VW55x_standard_peripheral/Source\gd32vw55x_exti.c ****       \arg        EXTI_x (x=0..17,19..25): EXTI line x
 183:C:/Users/stapi/OneDrive/Desktop/GD32VW553/V1_MQTT_OK/GD32VW55X_Wifi_BLE_SDK/GD32VW55x_RELEASE_V1.0.2/MSDK/plf/GD32VW55x_standard_peripheral/Source\gd32vw55x_exti.c ****     \param[out] none
 184:C:/Users/stapi/OneDrive/Desktop/GD32VW553/V1_MQTT_OK/GD32VW55X_Wifi_BLE_SDK/GD32VW55x_RELEASE_V1.0.2/MSDK/plf/GD32VW55x_standard_peripheral/Source\gd32vw55x_exti.c ****     \retval     none
 185:C:/Users/stapi/OneDrive/Desktop/GD32VW553/V1_MQTT_OK/GD32VW55X_Wifi_BLE_SDK/GD32VW55x_RELEASE_V1.0.2/MSDK/plf/GD32VW55x_standard_peripheral/Source\gd32vw55x_exti.c **** */
 186:C:/Users/stapi/OneDrive/Desktop/GD32VW553/V1_MQTT_OK/GD32VW55X_Wifi_BLE_SDK/GD32VW55x_RELEASE_V1.0.2/MSDK/plf/GD32VW55x_standard_peripheral/Source\gd32vw55x_exti.c **** void exti_software_interrupt_disable(exti_line_enum linex)
 187:C:/Users/stapi/OneDrive/Desktop/GD32VW553/V1_MQTT_OK/GD32VW55X_Wifi_BLE_SDK/GD32VW55x_RELEASE_V1.0.2/MSDK/plf/GD32VW55x_standard_peripheral/Source\gd32vw55x_exti.c **** {
 263              		.loc 1 187 1 is_stmt 1
 264              		.cfi_startproc
 265              	.LVL14:
 188:C:/Users/stapi/OneDrive/Desktop/GD32VW553/V1_MQTT_OK/GD32VW55X_Wifi_BLE_SDK/GD32VW55x_RELEASE_V1.0.2/MSDK/plf/GD32VW55x_standard_peripheral/Source\gd32vw55x_exti.c ****     EXTI_SWIEV &= ~(uint32_t)linex;
 266              		.loc 1 188 5
 267              		.loc 1 188 16 is_stmt 0
 268 0000 B7470140 		li	a5,1073823744
 269 0004 03A707C1 		lw	a4,-1008(a5)
 270 0008 3375A740 		andn	a0,a4,a0
 271              	.LVL15:
 272 000c 23A8A7C0 		sw	a0,-1008(a5)
 189:C:/Users/stapi/OneDrive/Desktop/GD32VW553/V1_MQTT_OK/GD32VW55X_Wifi_BLE_SDK/GD32VW55x_RELEASE_V1.0.2/MSDK/plf/GD32VW55x_standard_peripheral/Source\gd32vw55x_exti.c **** }
 273              		.loc 1 189 1
 274 0010 8280     		ret
 275              		.cfi_endproc
 276              	.LFE372:
 278              		.section	.text.exti_flag_get,"ax",@progbits
 279              		.align	1
 280              		.globl	exti_flag_get
 282              	exti_flag_get:
 283              	.LFB373:
 190:C:/Users/stapi/OneDrive/Desktop/GD32VW553/V1_MQTT_OK/GD32VW55X_Wifi_BLE_SDK/GD32VW55x_RELEASE_V1.0.2/MSDK/plf/GD32VW55x_standard_peripheral/Source\gd32vw55x_exti.c **** 
 191:C:/Users/stapi/OneDrive/Desktop/GD32VW553/V1_MQTT_OK/GD32VW55X_Wifi_BLE_SDK/GD32VW55x_RELEASE_V1.0.2/MSDK/plf/GD32VW55x_standard_peripheral/Source\gd32vw55x_exti.c **** /*!
 192:C:/Users/stapi/OneDrive/Desktop/GD32VW553/V1_MQTT_OK/GD32VW55X_Wifi_BLE_SDK/GD32VW55x_RELEASE_V1.0.2/MSDK/plf/GD32VW55x_standard_peripheral/Source\gd32vw55x_exti.c ****     \brief      get EXTI line x interrupt pending flag
 193:C:/Users/stapi/OneDrive/Desktop/GD32VW553/V1_MQTT_OK/GD32VW55X_Wifi_BLE_SDK/GD32VW55x_RELEASE_V1.0.2/MSDK/plf/GD32VW55x_standard_peripheral/Source\gd32vw55x_exti.c ****     \param[in]  linex: EXTI line number, refer to exti_line_enum
 194:C:/Users/stapi/OneDrive/Desktop/GD32VW553/V1_MQTT_OK/GD32VW55X_Wifi_BLE_SDK/GD32VW55x_RELEASE_V1.0.2/MSDK/plf/GD32VW55x_standard_peripheral/Source\gd32vw55x_exti.c ****                 only one parameter can be selected which is shown as below:
 195:C:/Users/stapi/OneDrive/Desktop/GD32VW553/V1_MQTT_OK/GD32VW55X_Wifi_BLE_SDK/GD32VW55x_RELEASE_V1.0.2/MSDK/plf/GD32VW55x_standard_peripheral/Source\gd32vw55x_exti.c ****       \arg        EXTI_x (x=0..17,19..25): EXTI line x
 196:C:/Users/stapi/OneDrive/Desktop/GD32VW553/V1_MQTT_OK/GD32VW55X_Wifi_BLE_SDK/GD32VW55x_RELEASE_V1.0.2/MSDK/plf/GD32VW55x_standard_peripheral/Source\gd32vw55x_exti.c ****     \param[out] none
 197:C:/Users/stapi/OneDrive/Desktop/GD32VW553/V1_MQTT_OK/GD32VW55X_Wifi_BLE_SDK/GD32VW55x_RELEASE_V1.0.2/MSDK/plf/GD32VW55x_standard_peripheral/Source\gd32vw55x_exti.c ****     \retval     FlagStatus: status of flag (RESET or SET)
 198:C:/Users/stapi/OneDrive/Desktop/GD32VW553/V1_MQTT_OK/GD32VW55X_Wifi_BLE_SDK/GD32VW55x_RELEASE_V1.0.2/MSDK/plf/GD32VW55x_standard_peripheral/Source\gd32vw55x_exti.c **** */
 199:C:/Users/stapi/OneDrive/Desktop/GD32VW553/V1_MQTT_OK/GD32VW55X_Wifi_BLE_SDK/GD32VW55x_RELEASE_V1.0.2/MSDK/plf/GD32VW55x_standard_peripheral/Source\gd32vw55x_exti.c **** FlagStatus exti_flag_get(exti_line_enum linex)
 200:C:/Users/stapi/OneDrive/Desktop/GD32VW553/V1_MQTT_OK/GD32VW55X_Wifi_BLE_SDK/GD32VW55x_RELEASE_V1.0.2/MSDK/plf/GD32VW55x_standard_peripheral/Source\gd32vw55x_exti.c **** {
 284              		.loc 1 200 1 is_stmt 1
 285              		.cfi_startproc
 286              	.LVL16:
 201:C:/Users/stapi/OneDrive/Desktop/GD32VW553/V1_MQTT_OK/GD32VW55X_Wifi_BLE_SDK/GD32VW55x_RELEASE_V1.0.2/MSDK/plf/GD32VW55x_standard_peripheral/Source\gd32vw55x_exti.c ****     if(RESET != (EXTI_PD & (uint32_t)linex)) {
 287              		.loc 1 201 5
 288              		.loc 1 201 18 is_stmt 0
 289 0000 B7470140 		li	a5,1073823744
 290 0004 83A747C1 		lw	a5,-1004(a5)
 291              		.loc 1 201 26
 292 0008 7D8D     		and	a0,a5,a0
 293              	.LVL17:
 202:C:/Users/stapi/OneDrive/Desktop/GD32VW553/V1_MQTT_OK/GD32VW55X_Wifi_BLE_SDK/GD32VW55x_RELEASE_V1.0.2/MSDK/plf/GD32VW55x_standard_peripheral/Source\gd32vw55x_exti.c ****         return SET;
 203:C:/Users/stapi/OneDrive/Desktop/GD32VW553/V1_MQTT_OK/GD32VW55X_Wifi_BLE_SDK/GD32VW55x_RELEASE_V1.0.2/MSDK/plf/GD32VW55x_standard_peripheral/Source\gd32vw55x_exti.c ****     } else {
 204:C:/Users/stapi/OneDrive/Desktop/GD32VW553/V1_MQTT_OK/GD32VW55X_Wifi_BLE_SDK/GD32VW55x_RELEASE_V1.0.2/MSDK/plf/GD32VW55x_standard_peripheral/Source\gd32vw55x_exti.c ****         return RESET;
 205:C:/Users/stapi/OneDrive/Desktop/GD32VW553/V1_MQTT_OK/GD32VW55X_Wifi_BLE_SDK/GD32VW55x_RELEASE_V1.0.2/MSDK/plf/GD32VW55x_standard_peripheral/Source\gd32vw55x_exti.c ****     }
 206:C:/Users/stapi/OneDrive/Desktop/GD32VW553/V1_MQTT_OK/GD32VW55X_Wifi_BLE_SDK/GD32VW55x_RELEASE_V1.0.2/MSDK/plf/GD32VW55x_standard_peripheral/Source\gd32vw55x_exti.c **** }
 294              		.loc 1 206 1
 295 000a 3335A000 		snez	a0,a0
 296 000e 8280     		ret
 297              		.cfi_endproc
 298              	.LFE373:
 300              		.section	.text.exti_flag_clear,"ax",@progbits
 301              		.align	1
 302              		.globl	exti_flag_clear
 304              	exti_flag_clear:
 305              	.LFB374:
 207:C:/Users/stapi/OneDrive/Desktop/GD32VW553/V1_MQTT_OK/GD32VW55X_Wifi_BLE_SDK/GD32VW55x_RELEASE_V1.0.2/MSDK/plf/GD32VW55x_standard_peripheral/Source\gd32vw55x_exti.c **** 
 208:C:/Users/stapi/OneDrive/Desktop/GD32VW553/V1_MQTT_OK/GD32VW55X_Wifi_BLE_SDK/GD32VW55x_RELEASE_V1.0.2/MSDK/plf/GD32VW55x_standard_peripheral/Source\gd32vw55x_exti.c **** /*!
 209:C:/Users/stapi/OneDrive/Desktop/GD32VW553/V1_MQTT_OK/GD32VW55X_Wifi_BLE_SDK/GD32VW55x_RELEASE_V1.0.2/MSDK/plf/GD32VW55x_standard_peripheral/Source\gd32vw55x_exti.c ****     \brief      clear EXTI line x interrupt pending flag
 210:C:/Users/stapi/OneDrive/Desktop/GD32VW553/V1_MQTT_OK/GD32VW55X_Wifi_BLE_SDK/GD32VW55x_RELEASE_V1.0.2/MSDK/plf/GD32VW55x_standard_peripheral/Source\gd32vw55x_exti.c ****     \param[in]  linex: EXTI line number, refer to exti_line_enum
 211:C:/Users/stapi/OneDrive/Desktop/GD32VW553/V1_MQTT_OK/GD32VW55X_Wifi_BLE_SDK/GD32VW55x_RELEASE_V1.0.2/MSDK/plf/GD32VW55x_standard_peripheral/Source\gd32vw55x_exti.c ****                 only one parameter can be selected which is shown as below:
 212:C:/Users/stapi/OneDrive/Desktop/GD32VW553/V1_MQTT_OK/GD32VW55X_Wifi_BLE_SDK/GD32VW55x_RELEASE_V1.0.2/MSDK/plf/GD32VW55x_standard_peripheral/Source\gd32vw55x_exti.c ****       \arg        EXTI_x (x=0..17,19..25): EXTI line x
 213:C:/Users/stapi/OneDrive/Desktop/GD32VW553/V1_MQTT_OK/GD32VW55X_Wifi_BLE_SDK/GD32VW55x_RELEASE_V1.0.2/MSDK/plf/GD32VW55x_standard_peripheral/Source\gd32vw55x_exti.c ****     \param[out] none
 214:C:/Users/stapi/OneDrive/Desktop/GD32VW553/V1_MQTT_OK/GD32VW55X_Wifi_BLE_SDK/GD32VW55x_RELEASE_V1.0.2/MSDK/plf/GD32VW55x_standard_peripheral/Source\gd32vw55x_exti.c ****     \retval     none
 215:C:/Users/stapi/OneDrive/Desktop/GD32VW553/V1_MQTT_OK/GD32VW55X_Wifi_BLE_SDK/GD32VW55x_RELEASE_V1.0.2/MSDK/plf/GD32VW55x_standard_peripheral/Source\gd32vw55x_exti.c **** */
 216:C:/Users/stapi/OneDrive/Desktop/GD32VW553/V1_MQTT_OK/GD32VW55X_Wifi_BLE_SDK/GD32VW55x_RELEASE_V1.0.2/MSDK/plf/GD32VW55x_standard_peripheral/Source\gd32vw55x_exti.c **** void exti_flag_clear(exti_line_enum linex)
 217:C:/Users/stapi/OneDrive/Desktop/GD32VW553/V1_MQTT_OK/GD32VW55X_Wifi_BLE_SDK/GD32VW55x_RELEASE_V1.0.2/MSDK/plf/GD32VW55x_standard_peripheral/Source\gd32vw55x_exti.c **** {
 306              		.loc 1 217 1 is_stmt 1
 307              		.cfi_startproc
 308              	.LVL18:
 218:C:/Users/stapi/OneDrive/Desktop/GD32VW553/V1_MQTT_OK/GD32VW55X_Wifi_BLE_SDK/GD32VW55x_RELEASE_V1.0.2/MSDK/plf/GD32VW55x_standard_peripheral/Source\gd32vw55x_exti.c ****     EXTI_PD = (uint32_t)linex;
 309              		.loc 1 218 5
 310              		.loc 1 218 13 is_stmt 0
 311 0000 B7470140 		li	a5,1073823744
 312 0004 23AAA7C0 		sw	a0,-1004(a5)
 219:C:/Users/stapi/OneDrive/Desktop/GD32VW553/V1_MQTT_OK/GD32VW55X_Wifi_BLE_SDK/GD32VW55x_RELEASE_V1.0.2/MSDK/plf/GD32VW55x_standard_peripheral/Source\gd32vw55x_exti.c **** }
 313              		.loc 1 219 1
 314 0008 8280     		ret
 315              		.cfi_endproc
 316              	.LFE374:
 318              		.section	.text.exti_interrupt_flag_get,"ax",@progbits
 319              		.align	1
 320              		.globl	exti_interrupt_flag_get
 322              	exti_interrupt_flag_get:
 323              	.LFB378:
 324              		.cfi_startproc
 325 0000 17030000 		tail	exti_flag_get
 325      67000300 
 326              		.cfi_endproc
 327              	.LFE378:
 329              		.section	.text.exti_interrupt_flag_clear,"ax",@progbits
 330              		.align	1
 331              		.globl	exti_interrupt_flag_clear
 333              	exti_interrupt_flag_clear:
 334              	.LFB380:
 335              		.cfi_startproc
 336 0000 B7470140 		li	a5,1073823744
 337 0004 23AAA7C0 		sw	a0,-1004(a5)
 338 0008 8280     		ret
 339              		.cfi_endproc
 340              	.LFE380:
 342              		.text
 343              	.Letext0:
 344              		.file 2 "c:\\users\\stapi\\onedrive\\desktop\\gd32vw553\\embeddedbuilder_v1.4.7.26843\\tools\\nucl
 345              		.file 3 "c:\\users\\stapi\\onedrive\\desktop\\gd32vw553\\embeddedbuilder_v1.4.7.26843\\tools\\nucl
 346              		.file 4 "..\\..\\..\\..\\plf\\riscv\\gd32vw55x/gd32vw55x.h"
 347              		.file 5 "..\\..\\..\\..\\plf\\GD32VW55x_standard_peripheral\\Include/gd32vw55x_exti.h"
DEFINED SYMBOLS
                            *ABS*:0000000000000000 gd32vw55x_exti.c
C:\Users\stapi\AppData\Local\Temp\ccSSMglb.s:13     .text.exti_deinit:0000000000000000 exti_deinit
C:\Users\stapi\AppData\Local\Temp\ccSSMglb.s:17     .text.exti_deinit:0000000000000000 .L0 
C:\Users\stapi\AppData\Local\Temp\ccSSMglb.s:18     .text.exti_deinit:0000000000000000 .L0 
C:\Users\stapi\AppData\Local\Temp\ccSSMglb.s:19     .text.exti_deinit:0000000000000000 .L0 
C:\Users\stapi\AppData\Local\Temp\ccSSMglb.s:20     .text.exti_deinit:0000000000000000 .L0 
C:\Users\stapi\AppData\Local\Temp\ccSSMglb.s:23     .text.exti_deinit:0000000000000008 .L0 
C:\Users\stapi\AppData\Local\Temp\ccSSMglb.s:24     .text.exti_deinit:0000000000000008 .L0 
C:\Users\stapi\AppData\Local\Temp\ccSSMglb.s:26     .text.exti_deinit:000000000000000c .L0 
C:\Users\stapi\AppData\Local\Temp\ccSSMglb.s:27     .text.exti_deinit:000000000000000c .L0 
C:\Users\stapi\AppData\Local\Temp\ccSSMglb.s:29     .text.exti_deinit:0000000000000010 .L0 
C:\Users\stapi\AppData\Local\Temp\ccSSMglb.s:30     .text.exti_deinit:0000000000000010 .L0 
C:\Users\stapi\AppData\Local\Temp\ccSSMglb.s:32     .text.exti_deinit:0000000000000014 .L0 
C:\Users\stapi\AppData\Local\Temp\ccSSMglb.s:33     .text.exti_deinit:0000000000000014 .L0 
C:\Users\stapi\AppData\Local\Temp\ccSSMglb.s:35     .text.exti_deinit:0000000000000018 .L0 
C:\Users\stapi\AppData\Local\Temp\ccSSMglb.s:36     .text.exti_deinit:000000000000001a .L0 
C:\Users\stapi\AppData\Local\Temp\ccSSMglb.s:43     .text.exti_init:0000000000000000 exti_init
C:\Users\stapi\AppData\Local\Temp\ccSSMglb.s:46     .text.exti_init:0000000000000000 .L0 
C:\Users\stapi\AppData\Local\Temp\ccSSMglb.s:48     .text.exti_init:0000000000000000 .L0 
C:\Users\stapi\AppData\Local\Temp\ccSSMglb.s:49     .text.exti_init:0000000000000000 .L0 
C:\Users\stapi\AppData\Local\Temp\ccSSMglb.s:50     .text.exti_init:0000000000000000 .L0 
C:\Users\stapi\AppData\Local\Temp\ccSSMglb.s:54     .text.exti_init:000000000000000c .L0 
C:\Users\stapi\AppData\Local\Temp\ccSSMglb.s:56     .text.exti_init:0000000000000010 .L0 
C:\Users\stapi\AppData\Local\Temp\ccSSMglb.s:59     .text.exti_init:0000000000000018 .L0 
C:\Users\stapi\AppData\Local\Temp\ccSSMglb.s:60     .text.exti_init:0000000000000018 .L0 
C:\Users\stapi\AppData\Local\Temp\ccSSMglb.s:64     .text.exti_init:0000000000000024 .L0 
C:\Users\stapi\AppData\Local\Temp\ccSSMglb.s:65     .text.exti_init:0000000000000024 .L0 
C:\Users\stapi\AppData\Local\Temp\ccSSMglb.s:69     .text.exti_init:0000000000000030 .L0 
C:\Users\stapi\AppData\Local\Temp\ccSSMglb.s:70     .text.exti_init:0000000000000030 .L0 
C:\Users\stapi\AppData\Local\Temp\ccSSMglb.s:74     .text.exti_init:000000000000003c .L0 
C:\Users\stapi\AppData\Local\Temp\ccSSMglb.s:79     .text.exti_init:0000000000000044 .L0 
C:\Users\stapi\AppData\Local\Temp\ccSSMglb.s:85     .text.exti_init:0000000000000052 .L0 
C:\Users\stapi\AppData\Local\Temp\ccSSMglb.s:86     .text.exti_init:0000000000000052 .L0 
C:\Users\stapi\AppData\Local\Temp\ccSSMglb.s:93     .text.exti_init:0000000000000060 .L0 
C:\Users\stapi\AppData\Local\Temp\ccSSMglb.s:94     .text.exti_init:0000000000000060 .L0 
C:\Users\stapi\AppData\Local\Temp\ccSSMglb.s:99     .text.exti_init:0000000000000066 .L0 
C:\Users\stapi\AppData\Local\Temp\ccSSMglb.s:103    .text.exti_init:0000000000000068 .L0 
C:\Users\stapi\AppData\Local\Temp\ccSSMglb.s:104    .text.exti_init:0000000000000068 .L0 
C:\Users\stapi\AppData\Local\Temp\ccSSMglb.s:108    .text.exti_init:0000000000000072 .L0 
C:\Users\stapi\AppData\Local\Temp\ccSSMglb.s:111    .text.exti_init:0000000000000074 .L0 
C:\Users\stapi\AppData\Local\Temp\ccSSMglb.s:112    .text.exti_init:0000000000000074 .L0 
C:\Users\stapi\AppData\Local\Temp\ccSSMglb.s:116    .text.exti_init:000000000000007e .L0 
C:\Users\stapi\AppData\Local\Temp\ccSSMglb.s:119    .text.exti_init:0000000000000080 .L0 
C:\Users\stapi\AppData\Local\Temp\ccSSMglb.s:120    .text.exti_init:0000000000000080 .L0 
C:\Users\stapi\AppData\Local\Temp\ccSSMglb.s:126    .text.exti_init:000000000000008e .L0 
C:\Users\stapi\AppData\Local\Temp\ccSSMglb.s:127    .text.exti_init:000000000000008e .L0 
C:\Users\stapi\AppData\Local\Temp\ccSSMglb.s:132    .text.exti_init:0000000000000094 .L0 
C:\Users\stapi\AppData\Local\Temp\ccSSMglb.s:136    .text.exti_init:0000000000000096 .L0 
C:\Users\stapi\AppData\Local\Temp\ccSSMglb.s:137    .text.exti_init:0000000000000096 .L0 
C:\Users\stapi\AppData\Local\Temp\ccSSMglb.s:143    .text.exti_init:00000000000000a4 .L0 
C:\Users\stapi\AppData\Local\Temp\ccSSMglb.s:144    .text.exti_init:00000000000000a4 .L0 
C:\Users\stapi\AppData\Local\Temp\ccSSMglb.s:150    .text.exti_init:00000000000000aa .L0 
C:\Users\stapi\AppData\Local\Temp\ccSSMglb.s:151    .text.exti_init:00000000000000aa .L0 
C:\Users\stapi\AppData\Local\Temp\ccSSMglb.s:152    .text.exti_init:00000000000000ac .L0 
C:\Users\stapi\AppData\Local\Temp\ccSSMglb.s:159    .text.exti_interrupt_enable:0000000000000000 exti_interrupt_enable
C:\Users\stapi\AppData\Local\Temp\ccSSMglb.s:162    .text.exti_interrupt_enable:0000000000000000 .L0 
C:\Users\stapi\AppData\Local\Temp\ccSSMglb.s:164    .text.exti_interrupt_enable:0000000000000000 .L0 
C:\Users\stapi\AppData\Local\Temp\ccSSMglb.s:165    .text.exti_interrupt_enable:0000000000000000 .L0 
C:\Users\stapi\AppData\Local\Temp\ccSSMglb.s:166    .text.exti_interrupt_enable:0000000000000000 .L0 
C:\Users\stapi\AppData\Local\Temp\ccSSMglb.s:171    .text.exti_interrupt_enable:000000000000000e .L0 
C:\Users\stapi\AppData\Local\Temp\ccSSMglb.s:172    .text.exti_interrupt_enable:0000000000000010 .L0 
C:\Users\stapi\AppData\Local\Temp\ccSSMglb.s:179    .text.exti_interrupt_disable:0000000000000000 exti_interrupt_disable
C:\Users\stapi\AppData\Local\Temp\ccSSMglb.s:182    .text.exti_interrupt_disable:0000000000000000 .L0 
C:\Users\stapi\AppData\Local\Temp\ccSSMglb.s:184    .text.exti_interrupt_disable:0000000000000000 .L0 
C:\Users\stapi\AppData\Local\Temp\ccSSMglb.s:185    .text.exti_interrupt_disable:0000000000000000 .L0 
C:\Users\stapi\AppData\Local\Temp\ccSSMglb.s:186    .text.exti_interrupt_disable:0000000000000000 .L0 
C:\Users\stapi\AppData\Local\Temp\ccSSMglb.s:192    .text.exti_interrupt_disable:0000000000000010 .L0 
C:\Users\stapi\AppData\Local\Temp\ccSSMglb.s:193    .text.exti_interrupt_disable:0000000000000012 .L0 
C:\Users\stapi\AppData\Local\Temp\ccSSMglb.s:200    .text.exti_event_enable:0000000000000000 exti_event_enable
C:\Users\stapi\AppData\Local\Temp\ccSSMglb.s:203    .text.exti_event_enable:0000000000000000 .L0 
C:\Users\stapi\AppData\Local\Temp\ccSSMglb.s:205    .text.exti_event_enable:0000000000000000 .L0 
C:\Users\stapi\AppData\Local\Temp\ccSSMglb.s:206    .text.exti_event_enable:0000000000000000 .L0 
C:\Users\stapi\AppData\Local\Temp\ccSSMglb.s:207    .text.exti_event_enable:0000000000000000 .L0 
C:\Users\stapi\AppData\Local\Temp\ccSSMglb.s:212    .text.exti_event_enable:000000000000000e .L0 
C:\Users\stapi\AppData\Local\Temp\ccSSMglb.s:213    .text.exti_event_enable:0000000000000010 .L0 
C:\Users\stapi\AppData\Local\Temp\ccSSMglb.s:220    .text.exti_event_disable:0000000000000000 exti_event_disable
C:\Users\stapi\AppData\Local\Temp\ccSSMglb.s:223    .text.exti_event_disable:0000000000000000 .L0 
C:\Users\stapi\AppData\Local\Temp\ccSSMglb.s:225    .text.exti_event_disable:0000000000000000 .L0 
C:\Users\stapi\AppData\Local\Temp\ccSSMglb.s:226    .text.exti_event_disable:0000000000000000 .L0 
C:\Users\stapi\AppData\Local\Temp\ccSSMglb.s:227    .text.exti_event_disable:0000000000000000 .L0 
C:\Users\stapi\AppData\Local\Temp\ccSSMglb.s:233    .text.exti_event_disable:0000000000000010 .L0 
C:\Users\stapi\AppData\Local\Temp\ccSSMglb.s:234    .text.exti_event_disable:0000000000000012 .L0 
C:\Users\stapi\AppData\Local\Temp\ccSSMglb.s:241    .text.exti_software_interrupt_enable:0000000000000000 exti_software_interrupt_enable
C:\Users\stapi\AppData\Local\Temp\ccSSMglb.s:244    .text.exti_software_interrupt_enable:0000000000000000 .L0 
C:\Users\stapi\AppData\Local\Temp\ccSSMglb.s:246    .text.exti_software_interrupt_enable:0000000000000000 .L0 
C:\Users\stapi\AppData\Local\Temp\ccSSMglb.s:247    .text.exti_software_interrupt_enable:0000000000000000 .L0 
C:\Users\stapi\AppData\Local\Temp\ccSSMglb.s:248    .text.exti_software_interrupt_enable:0000000000000000 .L0 
C:\Users\stapi\AppData\Local\Temp\ccSSMglb.s:253    .text.exti_software_interrupt_enable:000000000000000e .L0 
C:\Users\stapi\AppData\Local\Temp\ccSSMglb.s:254    .text.exti_software_interrupt_enable:0000000000000010 .L0 
C:\Users\stapi\AppData\Local\Temp\ccSSMglb.s:261    .text.exti_software_interrupt_disable:0000000000000000 exti_software_interrupt_disable
C:\Users\stapi\AppData\Local\Temp\ccSSMglb.s:264    .text.exti_software_interrupt_disable:0000000000000000 .L0 
C:\Users\stapi\AppData\Local\Temp\ccSSMglb.s:266    .text.exti_software_interrupt_disable:0000000000000000 .L0 
C:\Users\stapi\AppData\Local\Temp\ccSSMglb.s:267    .text.exti_software_interrupt_disable:0000000000000000 .L0 
C:\Users\stapi\AppData\Local\Temp\ccSSMglb.s:268    .text.exti_software_interrupt_disable:0000000000000000 .L0 
C:\Users\stapi\AppData\Local\Temp\ccSSMglb.s:274    .text.exti_software_interrupt_disable:0000000000000010 .L0 
C:\Users\stapi\AppData\Local\Temp\ccSSMglb.s:275    .text.exti_software_interrupt_disable:0000000000000012 .L0 
C:\Users\stapi\AppData\Local\Temp\ccSSMglb.s:282    .text.exti_flag_get:0000000000000000 exti_flag_get
C:\Users\stapi\AppData\Local\Temp\ccSSMglb.s:285    .text.exti_flag_get:0000000000000000 .L0 
C:\Users\stapi\AppData\Local\Temp\ccSSMglb.s:287    .text.exti_flag_get:0000000000000000 .L0 
C:\Users\stapi\AppData\Local\Temp\ccSSMglb.s:288    .text.exti_flag_get:0000000000000000 .L0 
C:\Users\stapi\AppData\Local\Temp\ccSSMglb.s:289    .text.exti_flag_get:0000000000000000 .L0 
C:\Users\stapi\AppData\Local\Temp\ccSSMglb.s:292    .text.exti_flag_get:0000000000000008 .L0 
C:\Users\stapi\AppData\Local\Temp\ccSSMglb.s:295    .text.exti_flag_get:000000000000000a .L0 
C:\Users\stapi\AppData\Local\Temp\ccSSMglb.s:297    .text.exti_flag_get:0000000000000010 .L0 
C:\Users\stapi\AppData\Local\Temp\ccSSMglb.s:304    .text.exti_flag_clear:0000000000000000 exti_flag_clear
C:\Users\stapi\AppData\Local\Temp\ccSSMglb.s:307    .text.exti_flag_clear:0000000000000000 .L0 
C:\Users\stapi\AppData\Local\Temp\ccSSMglb.s:309    .text.exti_flag_clear:0000000000000000 .L0 
C:\Users\stapi\AppData\Local\Temp\ccSSMglb.s:310    .text.exti_flag_clear:0000000000000000 .L0 
C:\Users\stapi\AppData\Local\Temp\ccSSMglb.s:311    .text.exti_flag_clear:0000000000000000 .L0 
C:\Users\stapi\AppData\Local\Temp\ccSSMglb.s:314    .text.exti_flag_clear:0000000000000008 .L0 
C:\Users\stapi\AppData\Local\Temp\ccSSMglb.s:315    .text.exti_flag_clear:000000000000000a .L0 
C:\Users\stapi\AppData\Local\Temp\ccSSMglb.s:322    .text.exti_interrupt_flag_get:0000000000000000 exti_interrupt_flag_get
C:\Users\stapi\AppData\Local\Temp\ccSSMglb.s:324    .text.exti_interrupt_flag_get:0000000000000000 .L0 
C:\Users\stapi\AppData\Local\Temp\ccSSMglb.s:326    .text.exti_interrupt_flag_get:0000000000000008 .L0 
C:\Users\stapi\AppData\Local\Temp\ccSSMglb.s:333    .text.exti_interrupt_flag_clear:0000000000000000 exti_interrupt_flag_clear
C:\Users\stapi\AppData\Local\Temp\ccSSMglb.s:335    .text.exti_interrupt_flag_clear:0000000000000000 .L0 
C:\Users\stapi\AppData\Local\Temp\ccSSMglb.s:339    .text.exti_interrupt_flag_clear:000000000000000a .L0 
C:\Users\stapi\AppData\Local\Temp\ccSSMglb.s:39     .text.exti_deinit:000000000000001a .L0 
C:\Users\stapi\AppData\Local\Temp\ccSSMglb.s:155    .text.exti_init:00000000000000ac .L0 
C:\Users\stapi\AppData\Local\Temp\ccSSMglb.s:175    .text.exti_interrupt_enable:0000000000000010 .L0 
C:\Users\stapi\AppData\Local\Temp\ccSSMglb.s:196    .text.exti_interrupt_disable:0000000000000012 .L0 
C:\Users\stapi\AppData\Local\Temp\ccSSMglb.s:216    .text.exti_event_enable:0000000000000010 .L0 
C:\Users\stapi\AppData\Local\Temp\ccSSMglb.s:237    .text.exti_event_disable:0000000000000012 .L0 
C:\Users\stapi\AppData\Local\Temp\ccSSMglb.s:257    .text.exti_software_interrupt_enable:0000000000000010 .L0 
C:\Users\stapi\AppData\Local\Temp\ccSSMglb.s:278    .text.exti_software_interrupt_disable:0000000000000012 .L0 
C:\Users\stapi\AppData\Local\Temp\ccSSMglb.s:300    .text.exti_flag_get:0000000000000010 .L0 
C:\Users\stapi\AppData\Local\Temp\ccSSMglb.s:318    .text.exti_flag_clear:000000000000000a .L0 
                     .debug_frame:0000000000000000 .L0 
C:\Users\stapi\AppData\Local\Temp\ccSSMglb.s:101    .text.exti_init:0000000000000068 .L3
C:\Users\stapi\AppData\Local\Temp\ccSSMglb.s:109    .text.exti_init:0000000000000074 .L4
C:\Users\stapi\AppData\Local\Temp\ccSSMglb.s:117    .text.exti_init:0000000000000080 .L6
C:\Users\stapi\AppData\Local\Temp\ccSSMglb.s:134    .text.exti_init:0000000000000096 .L7
C:\Users\stapi\AppData\Local\Temp\ccSSMglb.s:149    .text.exti_init:00000000000000aa .L2
C:\Users\stapi\AppData\Local\Temp\ccSSMglb.s:77     .text.exti_init:0000000000000044 .L5
C:\Users\stapi\AppData\Local\Temp\ccSSMglb.s:804    .debug_abbrev:0000000000000000 .Ldebug_abbrev0
C:\Users\stapi\AppData\Local\Temp\ccSSMglb.s:1329   .debug_str:000000000000013c .LASF60
C:\Users\stapi\AppData\Local\Temp\ccSSMglb.s:1321   .debug_str:000000000000006c .LASF61
C:\Users\stapi\AppData\Local\Temp\ccSSMglb.s:1415   .debug_str:0000000000000417 .LASF62
C:\Users\stapi\AppData\Local\Temp\ccSSMglb.s:1279   .debug_ranges:0000000000000000 .Ldebug_ranges0
C:\Users\stapi\AppData\Local\Temp\ccSSMglb.s:1303   .debug_line:0000000000000000 .Ldebug_line0
C:\Users\stapi\AppData\Local\Temp\ccSSMglb.s:1367   .debug_str:0000000000000303 .LASF0
C:\Users\stapi\AppData\Local\Temp\ccSSMglb.s:1355   .debug_str:00000000000002cf .LASF1
C:\Users\stapi\AppData\Local\Temp\ccSSMglb.s:1345   .debug_str:000000000000029f .LASF2
C:\Users\stapi\AppData\Local\Temp\ccSSMglb.s:1315   .debug_str:000000000000003a .LASF3
C:\Users\stapi\AppData\Local\Temp\ccSSMglb.s:1393   .debug_str:0000000000000384 .LASF4
C:\Users\stapi\AppData\Local\Temp\ccSSMglb.s:1337   .debug_str:000000000000026b .LASF5
C:\Users\stapi\AppData\Local\Temp\ccSSMglb.s:1309   .debug_str:000000000000001b .LASF10
C:\Users\stapi\AppData\Local\Temp\ccSSMglb.s:1405   .debug_str:00000000000003de .LASF6
C:\Users\stapi\AppData\Local\Temp\ccSSMglb.s:1331   .debug_str:0000000000000235 .LASF7
C:\Users\stapi\AppData\Local\Temp\ccSSMglb.s:1333   .debug_str:0000000000000243 .LASF8
C:\Users\stapi\AppData\Local\Temp\ccSSMglb.s:1389   .debug_str:0000000000000360 .LASF9
C:\Users\stapi\AppData\Local\Temp\ccSSMglb.s:1323   .debug_str:0000000000000110 .LASF11
C:\Users\stapi\AppData\Local\Temp\ccSSMglb.s:1425   .debug_str:00000000000004d9 .LASF12
C:\Users\stapi\AppData\Local\Temp\ccSSMglb.s:1435   .debug_str:0000000000000520 .LASF13
C:\Users\stapi\AppData\Local\Temp\ccSSMglb.s:1369   .debug_str:0000000000000310 .LASF14
C:\Users\stapi\AppData\Local\Temp\ccSSMglb.s:1395   .debug_str:0000000000000397 .LASF15
C:\Users\stapi\AppData\Local\Temp\ccSSMglb.s:1397   .debug_str:000000000000039e .LASF16
C:\Users\stapi\AppData\Local\Temp\ccSSMglb.s:1375   .debug_str:000000000000032e .LASF17
C:\Users\stapi\AppData\Local\Temp\ccSSMglb.s:1377   .debug_str:0000000000000335 .LASF18
C:\Users\stapi\AppData\Local\Temp\ccSSMglb.s:1379   .debug_str:000000000000033c .LASF19
C:\Users\stapi\AppData\Local\Temp\ccSSMglb.s:1399   .debug_str:00000000000003a5 .LASF20
C:\Users\stapi\AppData\Local\Temp\ccSSMglb.s:1383   .debug_str:000000000000034b .LASF21
C:\Users\stapi\AppData\Local\Temp\ccSSMglb.s:1385   .debug_str:0000000000000352 .LASF22
C:\Users\stapi\AppData\Local\Temp\ccSSMglb.s:1387   .debug_str:0000000000000359 .LASF23
C:\Users\stapi\AppData\Local\Temp\ccSSMglb.s:1349   .debug_str:00000000000002b7 .LASF24
C:\Users\stapi\AppData\Local\Temp\ccSSMglb.s:1351   .debug_str:00000000000002bf .LASF25
C:\Users\stapi\AppData\Local\Temp\ccSSMglb.s:1353   .debug_str:00000000000002c7 .LASF26
C:\Users\stapi\AppData\Local\Temp\ccSSMglb.s:1307   .debug_str:0000000000000013 .LASF27
C:\Users\stapi\AppData\Local\Temp\ccSSMglb.s:1357   .debug_str:00000000000002db .LASF28
C:\Users\stapi\AppData\Local\Temp\ccSSMglb.s:1359   .debug_str:00000000000002e3 .LASF29
C:\Users\stapi\AppData\Local\Temp\ccSSMglb.s:1361   .debug_str:00000000000002eb .LASF30
C:\Users\stapi\AppData\Local\Temp\ccSSMglb.s:1363   .debug_str:00000000000002f3 .LASF31
C:\Users\stapi\AppData\Local\Temp\ccSSMglb.s:1365   .debug_str:00000000000002fb .LASF32
C:\Users\stapi\AppData\Local\Temp\ccSSMglb.s:1409   .debug_str:00000000000003ff .LASF33
C:\Users\stapi\AppData\Local\Temp\ccSSMglb.s:1411   .debug_str:0000000000000407 .LASF34
C:\Users\stapi\AppData\Local\Temp\ccSSMglb.s:1413   .debug_str:000000000000040f .LASF35
C:\Users\stapi\AppData\Local\Temp\ccSSMglb.s:1381   .debug_str:0000000000000343 .LASF36
C:\Users\stapi\AppData\Local\Temp\ccSSMglb.s:1417   .debug_str:00000000000004a0 .LASF37
C:\Users\stapi\AppData\Local\Temp\ccSSMglb.s:1419   .debug_str:00000000000004a8 .LASF38
C:\Users\stapi\AppData\Local\Temp\ccSSMglb.s:1407   .debug_str:00000000000003f0 .LASF39
C:\Users\stapi\AppData\Local\Temp\ccSSMglb.s:1313   .debug_str:000000000000002b .LASF40
C:\Users\stapi\AppData\Local\Temp\ccSSMglb.s:1371   .debug_str:0000000000000317 .LASF41
C:\Users\stapi\AppData\Local\Temp\ccSSMglb.s:1343   .debug_str:0000000000000290 .LASF42
C:\Users\stapi\AppData\Local\Temp\ccSSMglb.s:1335   .debug_str:000000000000025a .LASF43
C:\Users\stapi\AppData\Local\Temp\ccSSMglb.s:1401   .debug_str:00000000000003ac .LASF44
C:\Users\stapi\AppData\Local\Temp\ccSSMglb.s:1327   .debug_str:000000000000012d .LASF45
C:\Users\stapi\AppData\Local\Temp\ccSSMglb.s:1423   .debug_str:00000000000004ca .LASF46
C:\Users\stapi\AppData\Local\Temp\ccSSMglb.s:1325   .debug_str:0000000000000119 .LASF47
C:\Users\stapi\AppData\Local\Temp\ccSSMglb.s:1421   .debug_str:00000000000004b0 .LASF63
C:\Users\stapi\AppData\Local\Temp\ccSSMglb.s:1427   .debug_str:00000000000004df .LASF48
C:\Users\stapi\AppData\Local\Temp\ccSSMglb.s:1319   .debug_str:0000000000000054 .LASF49
C:\Users\stapi\AppData\Local\Temp\ccSSMglb.s:1317   .debug_str:0000000000000044 .LASF50
C:\Users\stapi\AppData\Local\Temp\ccSSMglb.s:1431   .debug_str:00000000000004fb .LASF64
C:\Users\stapi\AppData\Local\Temp\ccSSMglb.s:283    .text.exti_flag_get:0000000000000000 .LFB373
C:\Users\stapi\AppData\Local\Temp\ccSSMglb.s:298    .text.exti_flag_get:0000000000000010 .LFE373
C:\Users\stapi\AppData\Local\Temp\ccSSMglb.s:1149   .debug_loc:0000000000000000 .LLST4
C:\Users\stapi\AppData\Local\Temp\ccSSMglb.s:1403   .debug_str:00000000000003be .LASF51
C:\Users\stapi\AppData\Local\Temp\ccSSMglb.s:262    .text.exti_software_interrupt_disable:0000000000000000 .LFB372
C:\Users\stapi\AppData\Local\Temp\ccSSMglb.s:276    .text.exti_software_interrupt_disable:0000000000000012 .LFE372
C:\Users\stapi\AppData\Local\Temp\ccSSMglb.s:1163   .debug_loc:0000000000000021 .LLST3
C:\Users\stapi\AppData\Local\Temp\ccSSMglb.s:1391   .debug_str:0000000000000365 .LASF52
C:\Users\stapi\AppData\Local\Temp\ccSSMglb.s:242    .text.exti_software_interrupt_enable:0000000000000000 .LFB371
C:\Users\stapi\AppData\Local\Temp\ccSSMglb.s:255    .text.exti_software_interrupt_enable:0000000000000010 .LFE371
C:\Users\stapi\AppData\Local\Temp\ccSSMglb.s:1305   .debug_str:0000000000000000 .LASF53
C:\Users\stapi\AppData\Local\Temp\ccSSMglb.s:221    .text.exti_event_disable:0000000000000000 .LFB370
C:\Users\stapi\AppData\Local\Temp\ccSSMglb.s:235    .text.exti_event_disable:0000000000000012 .LFE370
C:\Users\stapi\AppData\Local\Temp\ccSSMglb.s:1177   .debug_loc:0000000000000042 .LLST2
C:\Users\stapi\AppData\Local\Temp\ccSSMglb.s:1341   .debug_str:000000000000027e .LASF54
C:\Users\stapi\AppData\Local\Temp\ccSSMglb.s:201    .text.exti_event_enable:0000000000000000 .LFB369
C:\Users\stapi\AppData\Local\Temp\ccSSMglb.s:214    .text.exti_event_enable:0000000000000010 .LFE369
C:\Users\stapi\AppData\Local\Temp\ccSSMglb.s:1433   .debug_str:0000000000000509 .LASF55
C:\Users\stapi\AppData\Local\Temp\ccSSMglb.s:180    .text.exti_interrupt_disable:0000000000000000 .LFB368
C:\Users\stapi\AppData\Local\Temp\ccSSMglb.s:194    .text.exti_interrupt_disable:0000000000000012 .LFE368
C:\Users\stapi\AppData\Local\Temp\ccSSMglb.s:1191   .debug_loc:0000000000000063 .LLST1
C:\Users\stapi\AppData\Local\Temp\ccSSMglb.s:1429   .debug_str:00000000000004e5 .LASF56
C:\Users\stapi\AppData\Local\Temp\ccSSMglb.s:160    .text.exti_interrupt_enable:0000000000000000 .LFB367
C:\Users\stapi\AppData\Local\Temp\ccSSMglb.s:173    .text.exti_interrupt_enable:0000000000000010 .LFE367
C:\Users\stapi\AppData\Local\Temp\ccSSMglb.s:1347   .debug_str:00000000000002ad .LASF57
C:\Users\stapi\AppData\Local\Temp\ccSSMglb.s:44     .text.exti_init:0000000000000000 .LFB366
C:\Users\stapi\AppData\Local\Temp\ccSSMglb.s:153    .text.exti_init:00000000000000ac .LFE366
C:\Users\stapi\AppData\Local\Temp\ccSSMglb.s:1205   .debug_loc:0000000000000084 .LLST0
C:\Users\stapi\AppData\Local\Temp\ccSSMglb.s:1311   .debug_str:0000000000000026 .LASF58
C:\Users\stapi\AppData\Local\Temp\ccSSMglb.s:1339   .debug_str:0000000000000274 .LASF59
C:\Users\stapi\AppData\Local\Temp\ccSSMglb.s:1373   .debug_str:0000000000000322 .LASF65
C:\Users\stapi\AppData\Local\Temp\ccSSMglb.s:14     .text.exti_deinit:0000000000000000 .LFB365
C:\Users\stapi\AppData\Local\Temp\ccSSMglb.s:37     .text.exti_deinit:000000000000001a .LFE365
C:\Users\stapi\AppData\Local\Temp\ccSSMglb.s:305    .text.exti_flag_clear:0000000000000000 .LFB374
C:\Users\stapi\AppData\Local\Temp\ccSSMglb.s:316    .text.exti_flag_clear:000000000000000a .LFE374
C:\Users\stapi\AppData\Local\Temp\ccSSMglb.s:286    .text.exti_flag_get:0000000000000000 .LVL16
C:\Users\stapi\AppData\Local\Temp\ccSSMglb.s:293    .text.exti_flag_get:000000000000000a .LVL17
C:\Users\stapi\AppData\Local\Temp\ccSSMglb.s:265    .text.exti_software_interrupt_disable:0000000000000000 .LVL14
C:\Users\stapi\AppData\Local\Temp\ccSSMglb.s:271    .text.exti_software_interrupt_disable:000000000000000c .LVL15
C:\Users\stapi\AppData\Local\Temp\ccSSMglb.s:224    .text.exti_event_disable:0000000000000000 .LVL11
C:\Users\stapi\AppData\Local\Temp\ccSSMglb.s:230    .text.exti_event_disable:000000000000000c .LVL12
C:\Users\stapi\AppData\Local\Temp\ccSSMglb.s:183    .text.exti_interrupt_disable:0000000000000000 .LVL8
C:\Users\stapi\AppData\Local\Temp\ccSSMglb.s:189    .text.exti_interrupt_disable:000000000000000c .LVL9
C:\Users\stapi\AppData\Local\Temp\ccSSMglb.s:47     .text.exti_init:0000000000000000 .LVL0
C:\Users\stapi\AppData\Local\Temp\ccSSMglb.s:90     .text.exti_init:000000000000005e .LVL1
C:\Users\stapi\AppData\Local\Temp\ccSSMglb.s:96     .text.exti_init:0000000000000064 .LVL2
C:\Users\stapi\AppData\Local\Temp\ccSSMglb.s:100    .text.exti_init:0000000000000068 .LVL3
C:\Users\stapi\AppData\Local\Temp\ccSSMglb.s:129    .text.exti_init:0000000000000092 .LVL4
C:\Users\stapi\AppData\Local\Temp\ccSSMglb.s:133    .text.exti_init:0000000000000096 .LVL5
C:\Users\stapi\AppData\Local\Temp\ccSSMglb.s:146    .text.exti_init:00000000000000a8 .LVL6
C:\Users\stapi\AppData\Local\Temp\ccSSMglb.s:349    .debug_info:0000000000000000 .Ldebug_info0

NO UNDEFINED SYMBOLS
