   1              		.file	"ip.c"
   2              		.option nopic
   3              		.attribute arch, "rv32i2p0_m2p0_a2p0_f2p0_c2p0_b_p0p94"
   4              		.attribute unaligned_access, 0
   5              		.attribute stack_align, 16
   6              		.text
   7              	.Ltext0:
   8              		.cfi_sections	.debug_frame
   9              		.globl	ip_data
  10              		.section	.bss.ip_data,"aw",@nobits
  11              		.align	2
  14              	ip_data:
  15 0000 00000000 		.zero	24
  15      00000000 
  15      00000000 
  15      00000000 
  15      00000000 
  16              		.text
  17              	.Letext0:
  18              		.file 1 "c:\\users\\stapi\\onedrive\\desktop\\gd32vw553\\embeddedbuilder_v1.4.7.26843\\tools\\nucl
  19              		.file 2 "c:\\users\\stapi\\onedrive\\desktop\\gd32vw553\\embeddedbuilder_v1.4.7.26843\\tools\\nucl
  20              		.file 3 "..\\..\\..\\..\\lwip\\lwip-2.1.2\\src\\include/lwip/arch.h"
  21              		.file 4 "..\\..\\..\\..\\lwip\\lwip-2.1.2\\src\\include/lwip/ip4_addr.h"
  22              		.file 5 "..\\..\\..\\..\\lwip\\lwip-2.1.2\\src\\include/lwip/ip_addr.h"
  23              		.file 6 "..\\..\\..\\..\\lwip\\lwip-2.1.2\\src\\include/lwip/err.h"
  24              		.file 7 "..\\..\\..\\..\\lwip\\lwip-2.1.2\\src\\include/lwip/pbuf.h"
  25              		.file 8 "..\\..\\..\\..\\lwip\\lwip-2.1.2\\src\\include/lwip/netif.h"
  26              		.file 9 "..\\..\\..\\..\\lwip\\lwip-2.1.2\\src\\include/lwip/prot/ip4.h"
  27              		.file 10 "..\\..\\..\\..\\lwip\\lwip-2.1.2\\src\\include/lwip/ip.h"
  28              		.file 11 "..\\..\\..\\..\\lwip\\lwip-2.1.2\\src\\include/lwip/memp.h"
  29              		.file 12 "C:/Users/stapi/OneDrive/Desktop/GD32VW553/GD32VW55X_Wifi_BLE_SDK/GD32VW55x_RELEASE_V1.0.
DEFINED SYMBOLS
                            *ABS*:0000000000000000 ip.c
C:\Users\stapi\AppData\Local\Temp\ccX1LP9G.s:14     .bss.ip_data:0000000000000000 ip_data
C:\Users\stapi\AppData\Local\Temp\ccX1LP9G.s:770    .debug_abbrev:0000000000000000 .Ldebug_abbrev0
C:\Users\stapi\AppData\Local\Temp\ccX1LP9G.s:1164   .debug_str:00000000000001e8 .LASF96
C:\Users\stapi\AppData\Local\Temp\ccX1LP9G.s:1102   .debug_str:0000000000000027 .LASF97
C:\Users\stapi\AppData\Local\Temp\ccX1LP9G.s:1248   .debug_str:0000000000000546 .LASF98
C:\Users\stapi\AppData\Local\Temp\ccX1LP9G.s:1094   .debug_line:0000000000000000 .Ldebug_line0
C:\Users\stapi\AppData\Local\Temp\ccX1LP9G.s:1230   .debug_str:00000000000004dc .LASF0
C:\Users\stapi\AppData\Local\Temp\ccX1LP9G.s:1158   .debug_str:00000000000001cc .LASF2
C:\Users\stapi\AppData\Local\Temp\ccX1LP9G.s:1292   .debug_str:00000000000006aa .LASF1
C:\Users\stapi\AppData\Local\Temp\ccX1LP9G.s:1198   .debug_str:00000000000003fe .LASF3
C:\Users\stapi\AppData\Local\Temp\ccX1LP9G.s:1116   .debug_str:00000000000000dc .LASF4
C:\Users\stapi\AppData\Local\Temp\ccX1LP9G.s:1130   .debug_str:0000000000000118 .LASF5
C:\Users\stapi\AppData\Local\Temp\ccX1LP9G.s:1226   .debug_str:00000000000004ba .LASF6
C:\Users\stapi\AppData\Local\Temp\ccX1LP9G.s:1174   .debug_str:0000000000000334 .LASF7
C:\Users\stapi\AppData\Local\Temp\ccX1LP9G.s:1128   .debug_str:000000000000010d .LASF8
C:\Users\stapi\AppData\Local\Temp\ccX1LP9G.s:1250   .debug_str:00000000000005c4 .LASF9
C:\Users\stapi\AppData\Local\Temp\ccX1LP9G.s:1166   .debug_str:00000000000002e1 .LASF10
C:\Users\stapi\AppData\Local\Temp\ccX1LP9G.s:1168   .debug_str:00000000000002ef .LASF11
C:\Users\stapi\AppData\Local\Temp\ccX1LP9G.s:1214   .debug_str:000000000000046c .LASF12
C:\Users\stapi\AppData\Local\Temp\ccX1LP9G.s:1108   .debug_str:00000000000000b2 .LASF13
C:\Users\stapi\AppData\Local\Temp\ccX1LP9G.s:1144   .debug_str:0000000000000177 .LASF14
C:\Users\stapi\AppData\Local\Temp\ccX1LP9G.s:1216   .debug_str:0000000000000479 .LASF15
C:\Users\stapi\AppData\Local\Temp\ccX1LP9G.s:1210   .debug_str:0000000000000458 .LASF16
C:\Users\stapi\AppData\Local\Temp\ccX1LP9G.s:1234   .debug_str:00000000000004eb .LASF17
C:\Users\stapi\AppData\Local\Temp\ccX1LP9G.s:1284   .debug_str:0000000000000690 .LASF18
C:\Users\stapi\AppData\Local\Temp\ccX1LP9G.s:1162   .debug_str:00000000000001e3 .LASF19
C:\Users\stapi\AppData\Local\Temp\ccX1LP9G.s:1264   .debug_str:000000000000060c .LASF20
C:\Users\stapi\AppData\Local\Temp\ccX1LP9G.s:1260   .debug_str:00000000000005fc .LASF21
C:\Users\stapi\AppData\Local\Temp\ccX1LP9G.s:1240   .debug_str:000000000000051d .LASF25
C:\Users\stapi\AppData\Local\Temp\ccX1LP9G.s:1098   .debug_str:000000000000000f .LASF27
C:\Users\stapi\AppData\Local\Temp\ccX1LP9G.s:1254   .debug_str:00000000000005e3 .LASF22
C:\Users\stapi\AppData\Local\Temp\ccX1LP9G.s:1178   .debug_str:0000000000000355 .LASF23
C:\Users\stapi\AppData\Local\Temp\ccX1LP9G.s:1232   .debug_str:00000000000004e5 .LASF24
C:\Users\stapi\AppData\Local\Temp\ccX1LP9G.s:1294   .debug_str:00000000000006b4 .LASF26
C:\Users\stapi\AppData\Local\Temp\ccX1LP9G.s:1290   .debug_str:00000000000006a5 .LASF28
C:\Users\stapi\AppData\Local\Temp\ccX1LP9G.s:1246   .debug_str:000000000000053e .LASF29
C:\Users\stapi\AppData\Local\Temp\ccX1LP9G.s:1172   .debug_str:000000000000032c .LASF30
C:\Users\stapi\AppData\Local\Temp\ccX1LP9G.s:1182   .debug_str:0000000000000380 .LASF31
C:\Users\stapi\AppData\Local\Temp\ccX1LP9G.s:1206   .debug_str:0000000000000430 .LASF32
C:\Users\stapi\AppData\Local\Temp\ccX1LP9G.s:1202   .debug_str:0000000000000415 .LASF33
C:\Users\stapi\AppData\Local\Temp\ccX1LP9G.s:1252   .debug_str:00000000000005d6 .LASF34
C:\Users\stapi\AppData\Local\Temp\ccX1LP9G.s:1282   .debug_str:0000000000000683 .LASF35
C:\Users\stapi\AppData\Local\Temp\ccX1LP9G.s:1280   .debug_str:0000000000000676 .LASF36
C:\Users\stapi\AppData\Local\Temp\ccX1LP9G.s:1148   .debug_str:0000000000000187 .LASF37
C:\Users\stapi\AppData\Local\Temp\ccX1LP9G.s:1268   .debug_str:0000000000000621 .LASF38
C:\Users\stapi\AppData\Local\Temp\ccX1LP9G.s:1096   .debug_str:0000000000000000 .LASF39
C:\Users\stapi\AppData\Local\Temp\ccX1LP9G.s:1228   .debug_str:00000000000004cd .LASF40
C:\Users\stapi\AppData\Local\Temp\ccX1LP9G.s:1156   .debug_str:00000000000001bd .LASF41
C:\Users\stapi\AppData\Local\Temp\ccX1LP9G.s:1118   .debug_str:00000000000000e6 .LASF42
C:\Users\stapi\AppData\Local\Temp\ccX1LP9G.s:1114   .debug_str:00000000000000cf .LASF43
C:\Users\stapi\AppData\Local\Temp\ccX1LP9G.s:1236   .debug_str:00000000000004f0 .LASF44
C:\Users\stapi\AppData\Local\Temp\ccX1LP9G.s:1274   .debug_str:000000000000064a .LASF45
C:\Users\stapi\AppData\Local\Temp\ccX1LP9G.s:1220   .debug_str:000000000000048a .LASF46
C:\Users\stapi\AppData\Local\Temp\ccX1LP9G.s:1138   .debug_str:0000000000000149 .LASF47
C:\Users\stapi\AppData\Local\Temp\ccX1LP9G.s:1154   .debug_str:00000000000001b2 .LASF48
C:\Users\stapi\AppData\Local\Temp\ccX1LP9G.s:1242   .debug_str:0000000000000526 .LASF49
C:\Users\stapi\AppData\Local\Temp\ccX1LP9G.s:1266   .debug_str:0000000000000612 .LASF50
C:\Users\stapi\AppData\Local\Temp\ccX1LP9G.s:1200   .debug_str:000000000000040c .LASF51
C:\Users\stapi\AppData\Local\Temp\ccX1LP9G.s:1170   .debug_str:0000000000000306 .LASF55
C:\Users\stapi\AppData\Local\Temp\ccX1LP9G.s:1194   .debug_str:00000000000003cd .LASF52
C:\Users\stapi\AppData\Local\Temp\ccX1LP9G.s:1208   .debug_str:0000000000000436 .LASF53
C:\Users\stapi\AppData\Local\Temp\ccX1LP9G.s:1180   .debug_str:000000000000035f .LASF54
C:\Users\stapi\AppData\Local\Temp\ccX1LP9G.s:1176   .debug_str:000000000000033d .LASF56
C:\Users\stapi\AppData\Local\Temp\ccX1LP9G.s:1136   .debug_str:0000000000000134 .LASF57
C:\Users\stapi\AppData\Local\Temp\ccX1LP9G.s:1222   .debug_str:000000000000049a .LASF58
C:\Users\stapi\AppData\Local\Temp\ccX1LP9G.s:1256   .debug_str:00000000000005ee .LASF59
C:\Users\stapi\AppData\Local\Temp\ccX1LP9G.s:1146   .debug_str:000000000000017f .LASF60
C:\Users\stapi\AppData\Local\Temp\ccX1LP9G.s:1258   .debug_str:00000000000005f4 .LASF61
C:\Users\stapi\AppData\Local\Temp\ccX1LP9G.s:1120   .debug_str:00000000000000f2 .LASF62
C:\Users\stapi\AppData\Local\Temp\ccX1LP9G.s:1278   .debug_str:000000000000066f .LASF63
C:\Users\stapi\AppData\Local\Temp\ccX1LP9G.s:1160   .debug_str:00000000000001d8 .LASF64
C:\Users\stapi\AppData\Local\Temp\ccX1LP9G.s:1110   .debug_str:00000000000000b9 .LASF65
C:\Users\stapi\AppData\Local\Temp\ccX1LP9G.s:1132   .debug_str:0000000000000123 .LASF66
C:\Users\stapi\AppData\Local\Temp\ccX1LP9G.s:1106   .debug_str:00000000000000ab .LASF67
C:\Users\stapi\AppData\Local\Temp\ccX1LP9G.s:1288   .debug_str:000000000000069a .LASF68
C:\Users\stapi\AppData\Local\Temp\ccX1LP9G.s:1192   .debug_str:00000000000003c8 .LASF69
C:\Users\stapi\AppData\Local\Temp\ccX1LP9G.s:1272   .debug_str:0000000000000641 .LASF70
C:\Users\stapi\AppData\Local\Temp\ccX1LP9G.s:1140   .debug_str:000000000000015a .LASF71
C:\Users\stapi\AppData\Local\Temp\ccX1LP9G.s:1212   .debug_str:0000000000000461 .LASF72
C:\Users\stapi\AppData\Local\Temp\ccX1LP9G.s:1262   .debug_str:0000000000000602 .LASF73
C:\Users\stapi\AppData\Local\Temp\ccX1LP9G.s:1196   .debug_str:00000000000003ef .LASF74
C:\Users\stapi\AppData\Local\Temp\ccX1LP9G.s:1112   .debug_str:00000000000000bf .LASF75
C:\Users\stapi\AppData\Local\Temp\ccX1LP9G.s:1204   .debug_str:000000000000041c .LASF76
C:\Users\stapi\AppData\Local\Temp\ccX1LP9G.s:1188   .debug_str:00000000000003a7 .LASF77
C:\Users\stapi\AppData\Local\Temp\ccX1LP9G.s:1276   .debug_str:000000000000065f .LASF78
C:\Users\stapi\AppData\Local\Temp\ccX1LP9G.s:1142   .debug_str:000000000000016a .LASF79
C:\Users\stapi\AppData\Local\Temp\ccX1LP9G.s:1122   .debug_str:00000000000000f8 .LASF80
C:\Users\stapi\AppData\Local\Temp\ccX1LP9G.s:1126   .debug_str:0000000000000107 .LASF81
C:\Users\stapi\AppData\Local\Temp\ccX1LP9G.s:1286   .debug_str:0000000000000695 .LASF82
C:\Users\stapi\AppData\Local\Temp\ccX1LP9G.s:1134   .debug_str:000000000000012f .LASF83
C:\Users\stapi\AppData\Local\Temp\ccX1LP9G.s:1124   .debug_str:00000000000000ff .LASF84
C:\Users\stapi\AppData\Local\Temp\ccX1LP9G.s:1150   .debug_str:000000000000019b .LASF85
C:\Users\stapi\AppData\Local\Temp\ccX1LP9G.s:1104   .debug_str:00000000000000a4 .LASF86
C:\Users\stapi\AppData\Local\Temp\ccX1LP9G.s:1190   .debug_str:00000000000003c0 .LASF87
C:\Users\stapi\AppData\Local\Temp\ccX1LP9G.s:1186   .debug_str:00000000000003a2 .LASF88
C:\Users\stapi\AppData\Local\Temp\ccX1LP9G.s:1224   .debug_str:00000000000004af .LASF89
C:\Users\stapi\AppData\Local\Temp\ccX1LP9G.s:1244   .debug_str:0000000000000530 .LASF90
C:\Users\stapi\AppData\Local\Temp\ccX1LP9G.s:1184   .debug_str:000000000000038e .LASF91
C:\Users\stapi\AppData\Local\Temp\ccX1LP9G.s:1100   .debug_str:0000000000000014 .LASF92
C:\Users\stapi\AppData\Local\Temp\ccX1LP9G.s:1238   .debug_str:0000000000000503 .LASF93
C:\Users\stapi\AppData\Local\Temp\ccX1LP9G.s:1152   .debug_str:00000000000001a0 .LASF94
C:\Users\stapi\AppData\Local\Temp\ccX1LP9G.s:1270   .debug_str:000000000000062e .LASF95
C:\Users\stapi\AppData\Local\Temp\ccX1LP9G.s:1218   .debug_str:0000000000000482 .LASF99
C:\Users\stapi\AppData\Local\Temp\ccX1LP9G.s:31     .debug_info:0000000000000000 .Ldebug_info0

NO UNDEFINED SYMBOLS
