11:02:17 **** Clean-only build of configuration Debug for project MBL ****
make -j16 clean 
rm -rf ./platform/entry.o ./platform/env_init.o ./platform/gd32vw55x_eclic.d ./platform/gd32vw55x_eclic.o ./platform/gd32vw55x_fmc.d ./platform/gd32vw55x_fmc.o ./platform/gd32vw55x_gpio.d ./platform/gd32vw55x_gpio.o ./platform/gd32vw55x_rcu.d ./platform/gd32vw55x_rcu.o ./platform/gd32vw55x_usart.d ./platform/gd32vw55x_usart.o ./platform/handlers.d ./platform/handlers.o ./platform/init.d ./platform/init_rom_symbol.d ./platform/init_rom_symbol.o ./platform/lib_hook_mbl.d ./platform/lib_hook_mbl.o ./platform/start.o ./platform/system_gd32vw55x.d ./platform/system_gd32vw55x.o
rm -rf ./mainboot/mbl.d ./mainboot/mbl.o ./mainboot/mbl_image_validate.d ./mainboot/mbl_image_validate.o
rm -rf MBL.bin MBL.elf MBL.hex MBL.lst MBL.siz
 
11:02:18 **** Build of configuration Debug for project MBL ****
make -j16 all 
cmd /C "..\..\mbl_prebuild.bat riscv-nuclei-elf-"
Active code page: 65001
cd=C:\Users\stapi\OneDrive\Desktop\GD32VW553\V1_MQTT_OK\GD32VW55X_Wifi_BLE_SDK\GD32VW55x_RELEASE_V1.0.2\MBL\project\eclipse\Debug
 
Building file: C:/Users/stapi/OneDrive/Desktop/GD32VW553/V1_MQTT_OK/GD32VW55X_Wifi_BLE_SDK/GD32VW55x_RELEASE_V1.0.2/MSDK/plf/riscv/env/entry.S
Building file: C:/Users/stapi/OneDrive/Desktop/GD32VW553/V1_MQTT_OK/GD32VW55X_Wifi_BLE_SDK/GD32VW55x_RELEASE_V1.0.2/MSDK/plf/GD32VW55x_standard_peripheral/Source/gd32vw55x_eclic.c
Building file: C:/Users/stapi/OneDrive/Desktop/GD32VW553/V1_MQTT_OK/GD32VW55X_Wifi_BLE_SDK/GD32VW55x_RELEASE_V1.0.2/MSDK/plf/GD32VW55x_standard_peripheral/Source/gd32vw55x_fmc.c
Invoking: GD RISC-V MCU Assembler
Invoking: GD RISC-V MCU C Compiler
riscv-nuclei-elf-gcc -march=rv32imafcbp -mcmodel=medlow -msmall-data-limit=8 -msave-restore -mabi=ilp32f -O2 -fmessage-length=0 -fsigned-char -ffunction-sections -fdata-sections -fno-common -Wuninitialized  -g -Wa,-adhlns=platform/entry.o.lst   -x assembler-with-cpp -I../../../../config -I../../../mainboot/ -I../../../../MSDK/plf/riscv/gd32vw55x -I../../../../MSDK/plf/riscv/NMSIS/Core/Include -I../../../../MSDK/plf/GD32VW55x_standard_peripheral -I../../../../MSDK/plf/GD32VW55x_standard_peripheral/Include -c -o "platform/entry.o" "C:/Users/stapi/OneDrive/Desktop/GD32VW553/V1_MQTT_OK/GD32VW55X_Wifi_BLE_SDK/GD32VW55x_RELEASE_V1.0.2/MSDK/plf/riscv/env/entry.S"
riscv-nuclei-elf-gcc -march=rv32imafcbp -mcmodel=medlow -msmall-data-limit=8 -msave-restore -mabi=ilp32f -O2 -fmessage-length=0 -fsigned-char -ffunction-sections -fdata-sections -fno-common -Wuninitialized  -g -std=c99 -DEXEC_USING_STD_PRINTF -I../../../../config -I../../../../ROM-EXPORT/bootloader -I../../../../ROM-EXPORT/halcomm -I../../../../ROM-EXPORT/mbedtls-2.17.0-rom/include -I../../../../MSDK/plf/riscv/gd32vw55x -I../../../../MSDK/plf/riscv/NMSIS/Core/Include -I../../../../MSDK/plf/GD32VW55x_standard_peripheral/Include -I../../../../MSDK/plf/GD32VW55x_standard_peripheral -I../../../../MSDK/plf/src -I../../../../MSDK/macsw/export -I../../../../MSDK/app -I../../../mainboot/ -MMD -MP -MF"platform/gd32vw55x_eclic.d" -MT"platform/gd32vw55x_eclic.o" -Wa,-adhlns=platform/gd32vw55x_eclic.o.lst   -c -o "platform/gd32vw55x_eclic.o" "C:/Users/stapi/OneDrive/Desktop/GD32VW553/V1_MQTT_OK/GD32VW55X_Wifi_BLE_SDK/GD32VW55x_RELEASE_V1.0.2/MSDK/plf/GD32VW55x_standard_peripheral/Source/gd32vw55x_eclic.c"
Building file: C:/Users/stapi/OneDrive/Desktop/GD32VW553/V1_MQTT_OK/GD32VW55X_Wifi_BLE_SDK/GD32VW55x_RELEASE_V1.0.2/MSDK/plf/GD32VW55x_standard_peripheral/Source/gd32vw55x_gpio.c
Invoking: GD RISC-V MCU C Compiler
riscv-nuclei-elf-gcc -march=rv32imafcbp -mcmodel=medlow -msmall-data-limit=8 -msave-restore -mabi=ilp32f -O2 -fmessage-length=0 -fsigned-char -ffunction-sections -fdata-sections -fno-common -Wuninitialized  -g -std=c99 -DEXEC_USING_STD_PRINTF -I../../../../config -I../../../../ROM-EXPORT/bootloader -I../../../../ROM-EXPORT/halcomm -I../../../../ROM-EXPORT/mbedtls-2.17.0-rom/include -I../../../../MSDK/plf/riscv/gd32vw55x -I../../../../MSDK/plf/riscv/NMSIS/Core/Include -I../../../../MSDK/plf/GD32VW55x_standard_peripheral/Include -I../../../../MSDK/plf/GD32VW55x_standard_peripheral -I../../../../MSDK/plf/src -I../../../../MSDK/macsw/export -I../../../../MSDK/app -I../../../mainboot/ -MMD -MP -MF"platform/gd32vw55x_fmc.d" -MT"platform/gd32vw55x_fmc.o" -Wa,-adhlns=platform/gd32vw55x_fmc.o.lst   -c -o "platform/gd32vw55x_fmc.o" "C:/Users/stapi/OneDrive/Desktop/GD32VW553/V1_MQTT_OK/GD32VW55X_Wifi_BLE_SDK/GD32VW55x_RELEASE_V1.0.2/MSDK/plf/GD32VW55x_standard_peripheral/Source/gd32vw55x_fmc.c"
Invoking: GD RISC-V MCU C Compiler
riscv-nuclei-elf-gcc -march=rv32imafcbp -mcmodel=medlow -msmall-data-limit=8 -msave-restore -mabi=ilp32f -O2 -fmessage-length=0 -fsigned-char -ffunction-sections -fdata-sections -fno-common -Wuninitialized  -g -std=c99 -DEXEC_USING_STD_PRINTF -I../../../../config -I../../../../ROM-EXPORT/bootloader -I../../../../ROM-EXPORT/halcomm -I../../../../ROM-EXPORT/mbedtls-2.17.0-rom/include -I../../../../MSDK/plf/riscv/gd32vw55x -I../../../../MSDK/plf/riscv/NMSIS/Core/Include -I../../../../MSDK/plf/GD32VW55x_standard_peripheral/Include -I../../../../MSDK/plf/GD32VW55x_standard_peripheral -I../../../../MSDK/plf/src -I../../../../MSDK/macsw/export -I../../../../MSDK/app -I../../../mainboot/ -MMD -MP -MF"platform/gd32vw55x_gpio.d" -MT"platform/gd32vw55x_gpio.o" -Wa,-adhlns=platform/gd32vw55x_gpio.o.lst   -c -o "platform/gd32vw55x_gpio.o" "C:/Users/stapi/OneDrive/Desktop/GD32VW553/V1_MQTT_OK/GD32VW55X_Wifi_BLE_SDK/GD32VW55x_RELEASE_V1.0.2/MSDK/plf/GD32VW55x_standard_peripheral/Source/gd32vw55x_gpio.c"
Building file: C:/Users/stapi/OneDrive/Desktop/GD32VW553/V1_MQTT_OK/GD32VW55X_Wifi_BLE_SDK/GD32VW55x_RELEASE_V1.0.2/MSDK/plf/GD32VW55x_standard_peripheral/Source/gd32vw55x_rcu.c
Building file: C:/Users/stapi/OneDrive/Desktop/GD32VW553/V1_MQTT_OK/GD32VW55X_Wifi_BLE_SDK/GD32VW55x_RELEASE_V1.0.2/MSDK/plf/GD32VW55x_standard_peripheral/Source/gd32vw55x_usart.c
Building file: C:/Users/stapi/OneDrive/Desktop/GD32VW553/V1_MQTT_OK/GD32VW55X_Wifi_BLE_SDK/GD32VW55x_RELEASE_V1.0.2/MSDK/plf/riscv/env/handlers.c
Invoking: GD RISC-V MCU C Compiler
Building file: C:/Users/stapi/OneDrive/Desktop/GD32VW553/V1_MQTT_OK/GD32VW55X_Wifi_BLE_SDK/GD32VW55x_RELEASE_V1.0.2/MSDK/plf/riscv/env/env_init.c
riscv-nuclei-elf-gcc -march=rv32imafcbp -mcmodel=medlow -msmall-data-limit=8 -msave-restore -mabi=ilp32f -O2 -fmessage-length=0 -fsigned-char -ffunction-sections -fdata-sections -fno-common -Wuninitialized  -g -std=c99 -DEXEC_USING_STD_PRINTF -I../../../../config -I../../../../ROM-EXPORT/bootloader -I../../../../ROM-EXPORT/halcomm -I../../../../ROM-EXPORT/mbedtls-2.17.0-rom/include -I../../../../MSDK/plf/riscv/gd32vw55x -I../../../../MSDK/plf/riscv/NMSIS/Core/Include -I../../../../MSDK/plf/GD32VW55x_standard_peripheral/Include -I../../../../MSDK/plf/GD32VW55x_standard_peripheral -I../../../../MSDK/plf/src -I../../../../MSDK/macsw/export -I../../../../MSDK/app -I../../../mainboot/ -MMD -MP -MF"platform/gd32vw55x_usart.d" -MT"platform/gd32vw55x_usart.o" -Wa,-adhlns=platform/gd32vw55x_usart.o.lst   -c -o "platform/gd32vw55x_usart.o" "C:/Users/stapi/OneDrive/Desktop/GD32VW553/V1_MQTT_OK/GD32VW55X_Wifi_BLE_SDK/GD32VW55x_RELEASE_V1.0.2/MSDK/plf/GD32VW55x_standard_peripheral/Source/gd32vw55x_usart.c"
Building file: C:/Users/stapi/OneDrive/Desktop/GD32VW553/V1_MQTT_OK/GD32VW55X_Wifi_BLE_SDK/GD32VW55x_RELEASE_V1.0.2/MSDK/plf/riscv/arch/lib/lib_hook_mbl.c
Invoking: GD RISC-V MCU C Compiler
Building file: C:/Users/stapi/OneDrive/Desktop/GD32VW553/V1_MQTT_OK/GD32VW55X_Wifi_BLE_SDK/GD32VW55x_RELEASE_V1.0.2/MSDK/plf/src/init_rom_symbol.c
Invoking: GD RISC-V MCU C Compiler
Building file: C:/Users/stapi/OneDrive/Desktop/GD32VW553/V1_MQTT_OK/GD32VW55X_Wifi_BLE_SDK/GD32VW55x_RELEASE_V1.0.2/MSDK/plf/riscv/env/start.S
Building file: C:/Users/stapi/OneDrive/Desktop/GD32VW553/V1_MQTT_OK/GD32VW55X_Wifi_BLE_SDK/GD32VW55x_RELEASE_V1.0.2/MSDK/plf/riscv/gd32vw55x/system_gd32vw55x.c
Invoking: GD RISC-V MCU C Compiler
Invoking: GD RISC-V MCU C Compiler
Invoking: GD RISC-V MCU C Compiler
riscv-nuclei-elf-gcc -march=rv32imafcbp -mcmodel=medlow -msmall-data-limit=8 -msave-restore -mabi=ilp32f -O2 -fmessage-length=0 -fsigned-char -ffunction-sections -fdata-sections -fno-common -Wuninitialized  -g -std=c99 -DEXEC_USING_STD_PRINTF -I../../../../config -I../../../../ROM-EXPORT/bootloader -I../../../../ROM-EXPORT/halcomm -I../../../../ROM-EXPORT/mbedtls-2.17.0-rom/include -I../../../../MSDK/plf/riscv/gd32vw55x -I../../../../MSDK/plf/riscv/NMSIS/Core/Include -I../../../../MSDK/plf/GD32VW55x_standard_peripheral/Include -I../../../../MSDK/plf/GD32VW55x_standard_peripheral -I../../../../MSDK/plf/src -I../../../../MSDK/macsw/export -I../../../../MSDK/app -I../../../mainboot/ -MMD -MP -MF"platform/gd32vw55x_rcu.d" -MT"platform/gd32vw55x_rcu.o" -Wa,-adhlns=platform/gd32vw55x_rcu.o.lst   -c -o "platform/gd32vw55x_rcu.o" "C:/Users/stapi/OneDrive/Desktop/GD32VW553/V1_MQTT_OK/GD32VW55X_Wifi_BLE_SDK/GD32VW55x_RELEASE_V1.0.2/MSDK/plf/GD32VW55x_standard_peripheral/Source/gd32vw55x_rcu.c"
riscv-nuclei-elf-gcc -march=rv32imafcbp -mcmodel=medlow -msmall-data-limit=8 -msave-restore -mabi=ilp32f -O2 -fmessage-length=0 -fsigned-char -ffunction-sections -fdata-sections -fno-common -Wuninitialized  -g -std=c99 -DEXEC_USING_STD_PRINTF -I../../../../config -I../../../../ROM-EXPORT/bootloader -I../../../../ROM-EXPORT/halcomm -I../../../../ROM-EXPORT/mbedtls-2.17.0-rom/include -I../../../../MSDK/plf/riscv/gd32vw55x -I../../../../MSDK/plf/riscv/NMSIS/Core/Include -I../../../../MSDK/plf/GD32VW55x_standard_peripheral/Include -I../../../../MSDK/plf/GD32VW55x_standard_peripheral -I../../../../MSDK/plf/src -I../../../../MSDK/macsw/export -I../../../../MSDK/app -I../../../mainboot/ -MMD -MP -MF"platform/env_init.d" -MT"platform/env_init.o" -Wa,-adhlns=platform/env_init.o.lst   -c -o "platform/env_init.o" "C:/Users/stapi/OneDrive/Desktop/GD32VW553/V1_MQTT_OK/GD32VW55X_Wifi_BLE_SDK/GD32VW55x_RELEASE_V1.0.2/MSDK/plf/riscv/env/env_init.c"
Building file: C:/Users/stapi/OneDrive/Desktop/GD32VW553/V1_MQTT_OK/GD32VW55X_Wifi_BLE_SDK/GD32VW55x_RELEASE_V1.0.2/MBL/mainboot/mbl.c
riscv-nuclei-elf-gcc -march=rv32imafcbp -mcmodel=medlow -msmall-data-limit=8 -msave-restore -mabi=ilp32f -O2 -fmessage-length=0 -fsigned-char -ffunction-sections -fdata-sections -fno-common -Wuninitialized  -g -std=c99 -DEXEC_USING_STD_PRINTF -I../../../../config -I../../../../ROM-EXPORT/bootloader -I../../../../ROM-EXPORT/halcomm -I../../../../ROM-EXPORT/mbedtls-2.17.0-rom/include -I../../../../MSDK/plf/riscv/gd32vw55x -I../../../../MSDK/plf/riscv/NMSIS/Core/Include -I../../../../MSDK/plf/GD32VW55x_standard_peripheral/Include -I../../../../MSDK/plf/GD32VW55x_standard_peripheral -I../../../../MSDK/plf/src -I../../../../MSDK/macsw/export -I../../../../MSDK/app -I../../../mainboot/ -MMD -MP -MF"platform/handlers.d" -MT"platform/handlers.o" -Wa,-adhlns=platform/handlers.o.lst   -c -o "platform/handlers.o" "C:/Users/stapi/OneDrive/Desktop/GD32VW553/V1_MQTT_OK/GD32VW55X_Wifi_BLE_SDK/GD32VW55x_RELEASE_V1.0.2/MSDK/plf/riscv/env/handlers.c"
riscv-nuclei-elf-gcc -march=rv32imafcbp -mcmodel=medlow -msmall-data-limit=8 -msave-restore -mabi=ilp32f -O2 -fmessage-length=0 -fsigned-char -ffunction-sections -fdata-sections -fno-common -Wuninitialized  -g -std=c99 -DEXEC_USING_STD_PRINTF -I../../../../config -I../../../../ROM-EXPORT/bootloader -I../../../../ROM-EXPORT/halcomm -I../../../../ROM-EXPORT/mbedtls-2.17.0-rom/include -I../../../../MSDK/plf/riscv/gd32vw55x -I../../../../MSDK/plf/riscv/NMSIS/Core/Include -I../../../../MSDK/plf/GD32VW55x_standard_peripheral/Include -I../../../../MSDK/plf/GD32VW55x_standard_peripheral -I../../../../MSDK/plf/src -I../../../../MSDK/macsw/export -I../../../../MSDK/app -I../../../mainboot/ -MMD -MP -MF"platform/lib_hook_mbl.d" -MT"platform/lib_hook_mbl.o" -Wa,-adhlns=platform/lib_hook_mbl.o.lst   -c -o "platform/lib_hook_mbl.o" "C:/Users/stapi/OneDrive/Desktop/GD32VW553/V1_MQTT_OK/GD32VW55X_Wifi_BLE_SDK/GD32VW55x_RELEASE_V1.0.2/MSDK/plf/riscv/arch/lib/lib_hook_mbl.c"
Invoking: GD RISC-V MCU Assembler
riscv-nuclei-elf-gcc -march=rv32imafcbp -mcmodel=medlow -msmall-data-limit=8 -msave-restore -mabi=ilp32f -O2 -fmessage-length=0 -fsigned-char -ffunction-sections -fdata-sections -fno-common -Wuninitialized  -g -std=c99 -DEXEC_USING_STD_PRINTF -I../../../../config -I../../../../ROM-EXPORT/bootloader -I../../../../ROM-EXPORT/halcomm -I../../../../ROM-EXPORT/mbedtls-2.17.0-rom/include -I../../../../MSDK/plf/riscv/gd32vw55x -I../../../../MSDK/plf/riscv/NMSIS/Core/Include -I../../../../MSDK/plf/GD32VW55x_standard_peripheral/Include -I../../../../MSDK/plf/GD32VW55x_standard_peripheral -I../../../../MSDK/plf/src -I../../../../MSDK/macsw/export -I../../../../MSDK/app -I../../../mainboot/ -MMD -MP -MF"platform/init_rom_symbol.d" -MT"platform/init_rom_symbol.o" -Wa,-adhlns=platform/init_rom_symbol.o.lst   -c -o "platform/init_rom_symbol.o" "C:/Users/stapi/OneDrive/Desktop/GD32VW553/V1_MQTT_OK/GD32VW55X_Wifi_BLE_SDK/GD32VW55x_RELEASE_V1.0.2/MSDK/plf/src/init_rom_symbol.c"
riscv-nuclei-elf-gcc -march=rv32imafcbp -mcmodel=medlow -msmall-data-limit=8 -msave-restore -mabi=ilp32f -O2 -fmessage-length=0 -fsigned-char -ffunction-sections -fdata-sections -fno-common -Wuninitialized  -g -Wa,-adhlns=platform/start.o.lst   -x assembler-with-cpp -I../../../../config -I../../../mainboot/ -I../../../../MSDK/plf/riscv/gd32vw55x -I../../../../MSDK/plf/riscv/NMSIS/Core/Include -I../../../../MSDK/plf/GD32VW55x_standard_peripheral -I../../../../MSDK/plf/GD32VW55x_standard_peripheral/Include -c -o "platform/start.o" "C:/Users/stapi/OneDrive/Desktop/GD32VW553/V1_MQTT_OK/GD32VW55X_Wifi_BLE_SDK/GD32VW55x_RELEASE_V1.0.2/MSDK/plf/riscv/env/start.S"
Invoking: GD RISC-V MCU C Compiler
riscv-nuclei-elf-gcc -march=rv32imafcbp -mcmodel=medlow -msmall-data-limit=8 -msave-restore -mabi=ilp32f -O2 -fmessage-length=0 -fsigned-char -ffunction-sections -fdata-sections -fno-common -Wuninitialized  -g -std=c99 -DEXEC_USING_STD_PRINTF -I../../../../config -I../../../../ROM-EXPORT/bootloader -I../../../../ROM-EXPORT/halcomm -I../../../../ROM-EXPORT/mbedtls-2.17.0-rom/include -I../../../../MSDK/plf/riscv/gd32vw55x -I../../../../MSDK/plf/riscv/NMSIS/Core/Include -I../../../../MSDK/plf/GD32VW55x_standard_peripheral/Include -I../../../../MSDK/plf/GD32VW55x_standard_peripheral -I../../../../MSDK/plf/src -I../../../../MSDK/macsw/export -I../../../../MSDK/app -I../../../mainboot/ -MMD -MP -MF"platform/system_gd32vw55x.d" -MT"platform/system_gd32vw55x.o" -Wa,-adhlns=platform/system_gd32vw55x.o.lst   -c -o "platform/system_gd32vw55x.o" "C:/Users/stapi/OneDrive/Desktop/GD32VW553/V1_MQTT_OK/GD32VW55X_Wifi_BLE_SDK/GD32VW55x_RELEASE_V1.0.2/MSDK/plf/riscv/gd32vw55x/system_gd32vw55x.c"
Building file: C:/Users/stapi/OneDrive/Desktop/GD32VW553/V1_MQTT_OK/GD32VW55X_Wifi_BLE_SDK/GD32VW55x_RELEASE_V1.0.2/MBL/mainboot/mbl_image_validate.c
Invoking: GD RISC-V MCU C Compiler
riscv-nuclei-elf-gcc -march=rv32imafcbp -mcmodel=medlow -msmall-data-limit=8 -msave-restore -mabi=ilp32f -O2 -fmessage-length=0 -fsigned-char -ffunction-sections -fdata-sections -fno-common -Wuninitialized  -g -std=c99 -DEXEC_USING_STD_PRINTF -I../../../../config -I../../../../ROM-EXPORT/bootloader -I../../../../ROM-EXPORT/halcomm -I../../../../ROM-EXPORT/mbedtls-2.17.0-rom/include -I../../../../MSDK/plf/riscv/gd32vw55x -I../../../../MSDK/plf/riscv/NMSIS/Core/Include -I../../../../MSDK/plf/GD32VW55x_standard_peripheral/Include -I../../../../MSDK/plf/GD32VW55x_standard_peripheral -I../../../../MSDK/plf/src -I../../../../MSDK/macsw/export -I../../../../MSDK/app -I../../../mainboot/ -MMD -MP -MF"mainboot/mbl.d" -MT"mainboot/mbl.o" -Wa,-adhlns=mainboot/mbl.o.lst   -c -o "mainboot/mbl.o" "C:/Users/stapi/OneDrive/Desktop/GD32VW553/V1_MQTT_OK/GD32VW55X_Wifi_BLE_SDK/GD32VW55x_RELEASE_V1.0.2/MBL/mainboot/mbl.c"
Invoking: GD RISC-V MCU C Compiler
riscv-nuclei-elf-gcc -march=rv32imafcbp -mcmodel=medlow -msmall-data-limit=8 -msave-restore -mabi=ilp32f -O2 -fmessage-length=0 -fsigned-char -ffunction-sections -fdata-sections -fno-common -Wuninitialized  -g -std=c99 -DEXEC_USING_STD_PRINTF -I../../../../config -I../../../../ROM-EXPORT/bootloader -I../../../../ROM-EXPORT/halcomm -I../../../../ROM-EXPORT/mbedtls-2.17.0-rom/include -I../../../../MSDK/plf/riscv/gd32vw55x -I../../../../MSDK/plf/riscv/NMSIS/Core/Include -I../../../../MSDK/plf/GD32VW55x_standard_peripheral/Include -I../../../../MSDK/plf/GD32VW55x_standard_peripheral -I../../../../MSDK/plf/src -I../../../../MSDK/macsw/export -I../../../../MSDK/app -I../../../mainboot/ -MMD -MP -MF"mainboot/mbl_image_validate.d" -MT"mainboot/mbl_image_validate.o" -Wa,-adhlns=mainboot/mbl_image_validate.o.lst   -c -o "mainboot/mbl_image_validate.o" "C:/Users/stapi/OneDrive/Desktop/GD32VW553/V1_MQTT_OK/GD32VW55X_Wifi_BLE_SDK/GD32VW55x_RELEASE_V1.0.2/MBL/mainboot/mbl_image_validate.c"
Finished building: C:/Users/stapi/OneDrive/Desktop/GD32VW553/V1_MQTT_OK/GD32VW55X_Wifi_BLE_SDK/GD32VW55x_RELEASE_V1.0.2/MSDK/plf/riscv/env/entry.S
Finished building: C:/Users/stapi/OneDrive/Desktop/GD32VW553/V1_MQTT_OK/GD32VW55X_Wifi_BLE_SDK/GD32VW55x_RELEASE_V1.0.2/MSDK/plf/riscv/arch/lib/lib_hook_mbl.c
 
 
Finished building: C:/Users/stapi/OneDrive/Desktop/GD32VW553/V1_MQTT_OK/GD32VW55X_Wifi_BLE_SDK/GD32VW55x_RELEASE_V1.0.2/MSDK/plf/GD32VW55x_standard_peripheral/Source/gd32vw55x_eclic.c
Finished building: C:/Users/stapi/OneDrive/Desktop/GD32VW553/V1_MQTT_OK/GD32VW55X_Wifi_BLE_SDK/GD32VW55x_RELEASE_V1.0.2/MSDK/plf/riscv/env/start.S
Finished building: C:/Users/stapi/OneDrive/Desktop/GD32VW553/V1_MQTT_OK/GD32VW55X_Wifi_BLE_SDK/GD32VW55x_RELEASE_V1.0.2/MSDK/plf/GD32VW55x_standard_peripheral/Source/gd32vw55x_gpio.c
 
 
 
Finished building: C:/Users/stapi/OneDrive/Desktop/GD32VW553/V1_MQTT_OK/GD32VW55X_Wifi_BLE_SDK/GD32VW55x_RELEASE_V1.0.2/MSDK/plf/riscv/gd32vw55x/system_gd32vw55x.c
 
Finished building: C:/Users/stapi/OneDrive/Desktop/GD32VW553/V1_MQTT_OK/GD32VW55X_Wifi_BLE_SDK/GD32VW55x_RELEASE_V1.0.2/MSDK/plf/riscv/env/env_init.c
Finished building: C:/Users/stapi/OneDrive/Desktop/GD32VW553/V1_MQTT_OK/GD32VW55X_Wifi_BLE_SDK/GD32VW55x_RELEASE_V1.0.2/MSDK/plf/riscv/env/handlers.c
 
 
Finished building: C:/Users/stapi/OneDrive/Desktop/GD32VW553/V1_MQTT_OK/GD32VW55X_Wifi_BLE_SDK/GD32VW55x_RELEASE_V1.0.2/MBL/mainboot/mbl_image_validate.c
 
Finished building: C:/Users/stapi/OneDrive/Desktop/GD32VW553/V1_MQTT_OK/GD32VW55X_Wifi_BLE_SDK/GD32VW55x_RELEASE_V1.0.2/MSDK/plf/GD32VW55x_standard_peripheral/Source/gd32vw55x_fmc.c
 
Finished building: C:/Users/stapi/OneDrive/Desktop/GD32VW553/V1_MQTT_OK/GD32VW55X_Wifi_BLE_SDK/GD32VW55x_RELEASE_V1.0.2/MSDK/plf/GD32VW55x_standard_peripheral/Source/gd32vw55x_usart.c
 
Finished building: C:/Users/stapi/OneDrive/Desktop/GD32VW553/V1_MQTT_OK/GD32VW55X_Wifi_BLE_SDK/GD32VW55x_RELEASE_V1.0.2/MSDK/plf/GD32VW55x_standard_peripheral/Source/gd32vw55x_rcu.c
Finished building: C:/Users/stapi/OneDrive/Desktop/GD32VW553/V1_MQTT_OK/GD32VW55X_Wifi_BLE_SDK/GD32VW55x_RELEASE_V1.0.2/MBL/mainboot/mbl.c
 
 
Finished building: C:/Users/stapi/OneDrive/Desktop/GD32VW553/V1_MQTT_OK/GD32VW55X_Wifi_BLE_SDK/GD32VW55x_RELEASE_V1.0.2/MSDK/plf/src/init_rom_symbol.c
 
Building target: MBL.elf
Invoking: GD RISC-V MCU Linker
riscv-nuclei-elf-gcc -march=rv32imafcbp -mcmodel=medlow -msmall-data-limit=8 -msave-restore -mabi=ilp32f -O2 -fmessage-length=0 -fsigned-char -ffunction-sections -fdata-sections -fno-common -Wuninitialized  -g -Wl,-Map,"MBL.map" -T "..\mbl.lds" -nostartfiles -Xlinker --gc-sections --specs=nano.specs --specs=nosys.specs -Wl,--just-symbols=../../../../ROM-EXPORT/symbol/rom_symbol_m.gcc -o "MBL.elf"  ./platform/entry.o ./platform/gd32vw55x_eclic.o ./platform/gd32vw55x_fmc.o ./platform/gd32vw55x_gpio.o ./platform/gd32vw55x_rcu.o ./platform/gd32vw55x_usart.o ./platform/handlers.o ./platform/env_init.o ./platform/init_rom_symbol.o ./platform/lib_hook_mbl.o ./platform/start.o ./platform/system_gd32vw55x.o  ./mainboot/mbl.o ./mainboot/mbl_image_validate.o   
Finished building target: MBL.elf
 
Invoking: GD RISC-V MCU Flash Image(Hex)
Invoking: GD RISC-V MCU Flash Image(Bin)
riscv-nuclei-elf-objcopy -O ihex  "MBL.elf"  "MBL.hex"
Invoking: GD RISC-V MCU Listing
riscv-nuclei-elf-objcopy -O binary  "MBL.elf"  "MBL.bin"
Invoking: GD RISC-V MCU Print Size
riscv-nuclei-elf-objdump --source --all-headers --demangle --line-numbers --wide "MBL.elf" > "MBL.lst"
riscv-nuclei-elf-size --format=berkeley "MBL.elf"
   text	   data	    bss	    dec	    hex	filename
  12930	   4200	  17070	  34200	   8598	MBL.elf
Finished building: MBL.hex
Finished building: MBL.bin
Finished building: MBL.siz
 
 
 
Finished building: MBL.lst
 
cmd /C "..\..\mbl_afterbuild.bat  riscv-nuclei-elf- ..\..\..\..\ ECDSA256 CERT C:\Users\stapi\OneDrive\Desktop\GD32VW553\EmbeddedBuilder_v1.4.7.26843\EmbeddedBuilder\/../Tools/OpenOCD/xpack-openocd-0.11.0-3/bin "00ffeeddccbbaa998877665544332211" "
Active code page: 65001
"Not add image header and tailer, goto download!"
        1 file(s) copied.
 
11:02:21 **** Clean-only build of configuration msdk for project MSDK ****
make -j16 clean 
rm -rf ./wifi_manager/wifi_eloop.d ./wifi_manager/wifi_eloop.o ./wifi_manager/wifi_init.d ./wifi_manager/wifi_init.o ./wifi_manager/wifi_management.d ./wifi_manager/wifi_management.o ./wifi_manager/wifi_net_ip.d ./wifi_manager/wifi_net_ip.o ./wifi_manager/wifi_netlink.d ./wifi_manager/wifi_netlink.o ./wifi_manager/wifi_vif.d ./wifi_manager/wifi_vif.o ./wifi_manager/wifi_wpa.d ./wifi_manager/wifi_wpa.o
rm -rf ./util/aes_ecb.d ./util/aes_ecb.o ./util/cJSON.d ./util/cJSON.o ./util/crc.d ./util/crc.o ./util/cyclic_buffer.d ./util/cyclic_buffer.o ./util/debug_print.d ./util/debug_print.o ./util/dlist.d ./util/dlist.o ./util/slist.d ./util/slist.o ./util/trace_ext.d ./util/trace_ext.o ./util/user_setting.d ./util/user_setting.o ./util/util.d ./util/util.o
rm -rf ./tuya/src/tkl_adc.d ./tuya/src/tkl_adc.o ./tuya/src/tkl_bluetooth.d ./tuya/src/tkl_bluetooth.o ./tuya/src/tkl_bluetooth_bredr.d ./tuya/src/tkl_bluetooth_bredr.o ./tuya/src/tkl_bluetooth_mesh_device.d ./tuya/src/tkl_bluetooth_mesh_device.o ./tuya/src/tkl_bluetooth_mesh_prov.d ./tuya/src/tkl_bluetooth_mesh_prov.o ./tuya/src/tkl_flash.d ./tuya/src/tkl_flash.o ./tuya/src/tkl_gpio.d ./tuya/src/tkl_gpio.o ./tuya/src/tkl_i2c.d ./tuya/src/tkl_i2c.o ./tuya/src/tkl_lwip.d ./tuya/src/tkl_lwip.o ./tuya/src/tkl_memory.d ./tuya/src/tkl_memory.o ./tuya/src/tkl_mutex.d ./tuya/src/tkl_mutex.o ./tuya/src/tkl_network.d ./tuya/src/tkl_network.o ./tuya/src/tkl_ota.d ./tuya/src/tkl_ota.o ./tuya/src/tkl_output.d ./tuya/src/tkl_output.o ./tuya/src/tkl_pinmux.d ./tuya/src/tkl_pinmux.o ./tuya/src/tkl_pwm.d ./tuya/src/tkl_pwm.o ./tuya/src/tkl_queue.d ./tuya/src/tkl_queue.o ./tuya/src/tkl_rtc.d ./tuya/src/tkl_rtc.o ./tuya/src/tkl_semaphore.d ./tuya/src/tkl_semaphore.o ./tuya/src/tkl_sleep.d ./tuya/src/tkl_sleep.o ./tuya/src/tkl_spi.d ./tuya/src/tkl_spi.o ./tuya/src/tkl_system.d ./tuya/src/tkl_system.o ./tuya/src/tkl_thread.d ./tuya/src/tkl_thread.o ./tuya/src/tkl_timer.d ./tuya/src/tkl_timer.o ./tuya/src/tkl_uart.d ./tuya/src/tkl_uart.o ./tuya/src/tkl_watchdog.d ./tuya/src/tkl_watchdog.o ./tuya/src/tkl_wifi.d ./tuya/src/tkl_wifi.o ./tuya/src/tkl_wifi_hostap.d ./tuya/src/tkl_wifi_hostap.o ./tuya/src/tuya_ble_hal.d ./tuya/src/tuya_ble_hal.o
rm -rf ./plf/src/ble_uart.d ./plf/src/ble_uart.o ./plf/src/dma.d ./plf/src/dma.o ./plf/src/gd32vw55x_platform.d ./plf/src/gd32vw55x_platform.o ./plf/src/init_rom.d ./plf/src/init_rom.o ./plf/src/lib_hook.d ./plf/src/lib_hook.o ./plf/src/log_uart.d ./plf/src/log_uart.o ./plf/src/nvds_flash.d ./plf/src/nvds_flash.o ./plf/src/plf_assert.d ./plf/src/plf_assert.o ./plf/src/raw_flash_api.d ./plf/src/raw_flash_api.o ./plf/src/systime.d ./plf/src/systime.o ./plf/src/trace_uart.d ./plf/src/trace_uart.o ./plf/src/trng.d ./plf/src/trng.o ./plf/src/uart.d ./plf/src/uart.o ./plf/src/wakelock.d ./plf/src/wakelock.o
rm -rf ./plf/gd32vw55x/gd32vw55x_it.d ./plf/gd32vw55x/gd32vw55x_it.o ./plf/gd32vw55x/system_gd32vw55x.d ./plf/gd32vw55x/system_gd32vw55x.o
rm -rf ./plf/env/entry.o ./plf/env/env_init.d ./plf/env/env_init.o ./plf/env/handlers.d ./plf/env/handlers.o ./plf/env/start.o
rm -rf ./plf/GD32VW55x_standard_peripheral/gd32vw55x_adc.d ./plf/GD32VW55x_standard_peripheral/gd32vw55x_adc.o ./plf/GD32VW55x_standard_peripheral/gd32vw55x_cau.d ./plf/GD32VW55x_standard_peripheral/gd32vw55x_cau.o ./plf/GD32VW55x_standard_peripheral/gd32vw55x_cau_aes.d ./plf/GD32VW55x_standard_peripheral/gd32vw55x_cau_aes.o ./plf/GD32VW55x_standard_peripheral/gd32vw55x_cau_des.d ./plf/GD32VW55x_standard_peripheral/gd32vw55x_cau_des.o ./plf/GD32VW55x_standard_peripheral/gd32vw55x_cau_tdes.d ./plf/GD32VW55x_standard_peripheral/gd32vw55x_cau_tdes.o ./plf/GD32VW55x_standard_peripheral/gd32vw55x_crc.d ./plf/GD32VW55x_standard_peripheral/gd32vw55x_crc.o ./plf/GD32VW55x_standard_peripheral/gd32vw55x_dbg.d ./plf/GD32VW55x_standard_peripheral/gd32vw55x_dbg.o ./plf/GD32VW55x_standard_peripheral/gd32vw55x_dma.d ./plf/GD32VW55x_standard_peripheral/gd32vw55x_dma.o ./plf/GD32VW55x_standard_peripheral/gd32vw55x_eclic.d ./plf/GD32VW55x_standard_peripheral/gd32vw55x_eclic.o ./plf/GD32VW55x_standard_peripheral/gd32vw55x_efuse.d ./plf/GD32VW55x_standard_peripheral/gd32vw55x_efuse.o ./plf/GD32VW55x_standard_peripheral/gd32vw55x_exti.d ./plf/GD32VW55x_standard_peripheral/gd32vw55x_exti.o ./plf/GD32VW55x_standard_peripheral/gd32vw55x_fmc.d ./plf/GD32VW55x_standard_peripheral/gd32vw55x_fmc.o ./plf/GD32VW55x_standard_peripheral/gd32vw55x_fwdgt.d ./plf/GD32VW55x_standard_peripheral/gd32vw55x_fwdgt.o ./plf/GD32VW55x_standard_peripheral/gd32vw55x_gpio.d ./plf/GD32VW55x_standard_peripheral/gd32vw55x_gpio.o ./plf/GD32VW55x_standard_peripheral/gd32vw55x_hau.d ./plf/GD32VW55x_standard_peripheral/gd32vw55x_hau.o ./plf/GD32VW55x_standard_peripheral/gd32vw55x_hau_sha_md5.d ./plf/GD32VW55x_standard_peripheral/gd32vw55x_hau_sha_md5.o ./plf/GD32VW55x_standard_peripheral/gd32vw55x_i2c.d ./plf/GD32VW55x_standard_peripheral/gd32vw55x_i2c.o ./plf/GD32VW55x_standard_peripheral/gd32vw55x_pkcau.d ./plf/GD32VW55x_standard_peripheral/gd32vw55x_pkcau.o ./plf/GD32VW55x_standard_peripheral/gd32vw55x_pmu.d ./plf/GD32VW55x_standard_peripheral/gd32vw55x_pmu.o ./plf/GD32VW55x_standard_peripheral/gd32vw55x_qspi.d ./plf/GD32VW55x_standard_peripheral/gd32vw55x_qspi.o ./plf/GD32VW55x_standard_peripheral/gd32vw55x_rcu.d ./plf/GD32VW55x_standard_peripheral/gd32vw55x_rcu.o ./plf/GD32VW55x_standard_peripheral/gd32vw55x_rtc.d ./plf/GD32VW55x_standard_peripheral/gd32vw55x_rtc.o ./plf/GD32VW55x_standard_peripheral/gd32vw55x_spi.d ./plf/GD32VW55x_standard_peripheral/gd32vw55x_spi.o ./plf/GD32VW55x_standard_peripheral/gd32vw55x_syscfg.d ./plf/GD32VW55x_standard_peripheral/gd32vw55x_syscfg.o ./plf/GD32VW55x_standard_peripheral/gd32vw55x_timer.d ./plf/GD32VW55x_standard_peripheral/gd32vw55x_timer.o ./plf/GD32VW55x_standard_peripheral/gd32vw55x_trng.d ./plf/GD32VW55x_standard_peripheral/gd32vw55x_trng.o ./plf/GD32VW55x_standard_peripheral/gd32vw55x_usart.d ./plf/GD32VW55x_standard_peripheral/gd32vw55x_usart.o ./plf/GD32VW55x_standard_peripheral/gd32vw55x_wwdgt.d ./plf/GD32VW55x_standard_peripheral/gd32vw55x_wwdgt.o
rm -rf ./os/freertos/croutine.d ./os/freertos/croutine.o ./os/freertos/event_groups.d ./os/freertos/event_groups.o ./os/freertos/heap_4.d ./os/freertos/heap_4.o ./os/freertos/list.d ./os/freertos/list.o ./os/freertos/port.d ./os/freertos/port.o ./os/freertos/portasm.o ./os/freertos/queue.d ./os/freertos/queue.o ./os/freertos/stream_buffer.d ./os/freertos/stream_buffer.o ./os/freertos/tasks.d ./os/freertos/tasks.o ./os/freertos/tickless_sleep.d ./os/freertos/tickless_sleep.o ./os/freertos/timers.d ./os/freertos/timers.o
rm -rf ./os/wrapper_os.d ./os/wrapper_os.o
rm -rf ./mbedtls/debug.d ./mbedtls/debug.o ./mbedtls/mbedtls_patch.d ./mbedtls/mbedtls_patch.o ./mbedtls/net_sockets.d ./mbedtls/net_sockets.o ./mbedtls/ssl_cache.d ./mbedtls/ssl_cache.o ./mbedtls/ssl_ciphersuites.d ./mbedtls/ssl_ciphersuites.o ./mbedtls/ssl_cli.d ./mbedtls/ssl_cli.o ./mbedtls/ssl_client.d ./mbedtls/ssl_client.o ./mbedtls/ssl_cookie.d ./mbedtls/ssl_cookie.o ./mbedtls/ssl_default_conf.d ./mbedtls/ssl_default_conf.o ./mbedtls/ssl_srv.d ./mbedtls/ssl_srv.o ./mbedtls/ssl_ticket.d ./mbedtls/ssl_ticket.o ./mbedtls/ssl_tls.d ./mbedtls/ssl_tls.o
rm -rf ./lwip/ipv6/dhcp6.d ./lwip/ipv6/dhcp6.o ./lwip/ipv6/ethip6.d ./lwip/ipv6/ethip6.o ./lwip/ipv6/icmp6.d ./lwip/ipv6/icmp6.o ./lwip/ipv6/inet6.d ./lwip/ipv6/inet6.o ./lwip/ipv6/ip6.d ./lwip/ipv6/ip6.o ./lwip/ipv6/ip6_addr.d ./lwip/ipv6/ip6_addr.o ./lwip/ipv6/ip6_frag.d ./lwip/ipv6/ip6_frag.o ./lwip/ipv6/mld6.d ./lwip/ipv6/mld6.o ./lwip/ipv6/nd6.d ./lwip/ipv6/nd6.o
rm -rf ./lwip/altcp.d ./lwip/altcp.o ./lwip/altcp_alloc.d ./lwip/altcp_alloc.o ./lwip/altcp_tcp.d ./lwip/altcp_tcp.o ./lwip/altcp_tls_mbedtls.d ./lwip/altcp_tls_mbedtls.o ./lwip/altcp_tls_mbedtls_mem.d ./lwip/altcp_tls_mbedtls_mem.o ./lwip/api_lib.d ./lwip/api_lib.o ./lwip/api_msg.d ./lwip/api_msg.o ./lwip/autoip.d ./lwip/autoip.o ./lwip/def.d ./lwip/def.o ./lwip/dhcp.d ./lwip/dhcp.o ./lwip/dhcpd.d ./lwip/dhcpd.o ./lwip/dns.d ./lwip/dns.o ./lwip/err.d ./lwip/err.o ./lwip/etharp.d ./lwip/etharp.o ./lwip/ethernet.d ./lwip/ethernet.o ./lwip/icmp.d ./lwip/icmp.o ./lwip/igmp.d ./lwip/igmp.o ./lwip/inet_chksum.d ./lwip/inet_chksum.o ./lwip/init.d ./lwip/init.o ./lwip/ip.d ./lwip/ip.o ./lwip/ip4.d ./lwip/ip4.o ./lwip/ip4_addr.d ./lwip/ip4_addr.o ./lwip/ip4_frag.d ./lwip/ip4_frag.o ./lwip/lwip_sockets_demo.d ./lwip/lwip_sockets_demo.o ./lwip/lwiperf.d ./lwip/lwiperf.o ./lwip/mem.d ./lwip/mem.o ./lwip/memp.d ./lwip/memp.o ./lwip/mqtt.d ./lwip/mqtt.o ./lwip/mqtt5.d ./lwip/mqtt5.o ./lwip/netbuf.d ./lwip/netbuf.o ./lwip/netdb.d ./lwip/netdb.o ./lwip/netif.d ./lwip/netif.o ./lwip/netifapi.d ./lwip/netifapi.o ./lwip/pbuf.d ./lwip/pbuf.o ./lwip/raw.d ./lwip/raw.o ./lwip/sockets.d ./lwip/sockets.o ./lwip/stats.d ./lwip/stats.o ./lwip/sys.d ./lwip/sys.o ./lwip/sys_arch.d ./lwip/sys_arch.o ./lwip/tcp.d ./lwip/tcp.o ./lwip/tcp_in.d ./lwip/tcp_in.o ./lwip/tcp_out.d ./lwip/tcp_out.o ./lwip/tcpip.d ./lwip/tcpip.o ./lwip/timeouts.d ./lwip/timeouts.o ./lwip/udp.d ./lwip/udp.o ./lwip/wifi_netif.d ./lwip/wifi_netif.o
rm -rf ./coap/coap_address.d ./coap/coap_address.o ./coap/coap_asn1.d ./coap/coap_asn1.o ./coap/coap_async.d ./coap/coap_async.o ./coap/coap_block.d ./coap/coap_block.o ./coap/coap_cache.d ./coap/coap_cache.o ./coap/coap_debug.d ./coap/coap_debug.o ./coap/coap_dtls.d ./coap/coap_dtls.o ./coap/coap_encode.d ./coap/coap_encode.o ./coap/coap_event.d ./coap/coap_event.o ./coap/coap_hashkey.d ./coap/coap_hashkey.o ./coap/coap_io.d ./coap/coap_io.o ./coap/coap_io_lwip.d ./coap/coap_io_lwip.o ./coap/coap_layers.d ./coap/coap_layers.o ./coap/coap_mem.d ./coap/coap_mem.o ./coap/coap_net.d ./coap/coap_net.o ./coap/coap_netif.d ./coap/coap_netif.o ./coap/coap_notls.d ./coap/coap_notls.o ./coap/coap_option.d ./coap/coap_option.o ./coap/coap_pdu.d ./coap/coap_pdu.o ./coap/coap_prng.d ./coap/coap_prng.o ./coap/coap_resource.d ./coap/coap_resource.o ./coap/coap_session.d ./coap/coap_session.o ./coap/coap_str.d ./coap/coap_str.o ./coap/coap_subscribe.d ./coap/coap_subscribe.o ./coap/coap_tcp.d ./coap/coap_tcp.o ./coap/coap_time.d ./coap/coap_time.o ./coap/coap_uri.d ./coap/coap_uri.o ./coap/coap_ws.d ./coap/coap_ws.o
rm -rf ./ble_profile/ble_bass.d ./ble_profile/ble_bass.o ./ble_profile/ble_cscss.d ./ble_profile/ble_cscss.o ./ble_profile/ble_datatrans_srv.d ./ble_profile/ble_datatrans_srv.o ./ble_profile/ble_diss.d ./ble_profile/ble_diss.o ./ble_profile/ble_glps.d ./ble_profile/ble_glps.o ./ble_profile/ble_hpsc.d ./ble_profile/ble_hpsc.o ./ble_profile/ble_hpss.d ./ble_profile/ble_hpss.o ./ble_profile/ble_iass.d ./ble_profile/ble_iass.o ./ble_profile/ble_llss.d ./ble_profile/ble_llss.o ./ble_profile/ble_profile_utils.d ./ble_profile/ble_profile_utils.o ./ble_profile/ble_proxm.d ./ble_profile/ble_proxm.o ./ble_profile/ble_proxr.d ./ble_profile/ble_proxr.o ./ble_profile/ble_sample_cli.d ./ble_profile/ble_sample_cli.o ./ble_profile/ble_sample_srv.d ./ble_profile/ble_sample_srv.o ./ble_profile/ble_throughput_cli.d ./ble_profile/ble_throughput_cli.o ./ble_profile/ble_throughput_srv.d ./ble_profile/ble_throughput_srv.o ./ble_profile/ble_tpss.d ./ble_profile/ble_tpss.o
rm -rf ./ble_app/app_adapter_mgr.d ./ble_app/app_adapter_mgr.o ./ble_app/app_adv_mgr.d ./ble_app/app_adv_mgr.o ./ble_app/app_bass.d ./ble_app/app_bass.o ./ble_app/app_blue_courier_link.d ./ble_app/app_blue_courier_link.o ./ble_app/app_blue_courier_prot.d ./ble_app/app_blue_courier_prot.o ./ble_app/app_cmd.d ./ble_app/app_cmd.o ./ble_app/app_conn_mgr.d ./ble_app/app_conn_mgr.o ./ble_app/app_cscss.d ./ble_app/app_cscss.o ./ble_app/app_datatrans_srv.d ./ble_app/app_datatrans_srv.o ./ble_app/app_dev_mgr.d ./ble_app/app_dev_mgr.o ./ble_app/app_diss.d ./ble_app/app_diss.o ./ble_app/app_gatt_bqb.d ./ble_app/app_gatt_bqb.o ./ble_app/app_http_proxy_client.d ./ble_app/app_http_proxy_client.o ./ble_app/app_http_proxy_server.d ./ble_app/app_http_proxy_server.o ./ble_app/app_iso_mgr.d ./ble_app/app_iso_mgr.o ./ble_app/app_l2cap.d ./ble_app/app_l2cap.o ./ble_app/app_list_mgr.d ./ble_app/app_list_mgr.o ./ble_app/app_per_sync_mgr.d ./ble_app/app_per_sync_mgr.o ./ble_app/app_prox_monitor.d ./ble_app/app_prox_monitor.o ./ble_app/app_prox_rpt.d ./ble_app/app_prox_rpt.o ./ble_app/app_scan_mgr.d ./ble_app/app_scan_mgr.o ./ble_app/app_sec_mgr.d ./ble_app/app_sec_mgr.o ./ble_app/app_virtual_hci.d ./ble_app/app_virtual_hci.o ./ble_app/virtual_hci.d ./ble_app/virtual_hci.o
rm -rf ./app/coap_example/client-coap.d ./app/coap_example/client-coap.o ./app/coap_example/server-coap.d ./app/coap_example/server-coap.o
rm -rf ./app/atcmd.d ./app/atcmd.o ./app/ble_init.d ./app/ble_init.o ./app/cmd_shell.d ./app/cmd_shell.o ./app/iperf.d ./app/iperf.o ./app/iperf3_main.d ./app/iperf3_main.o ./app/main.d ./app/main.o ./app/mqtt_cmd.d ./app/mqtt_cmd.o ./app/ota_demo.d ./app/ota_demo.o ./app/ping.d ./app/ping.o
rm -rf ./alicloud/alicloud_entry.d ./alicloud/alicloud_entry.o ./alicloud/hal_awss_gd.d ./alicloud/hal_awss_gd.o ./alicloud/hal_crypto_gd.d ./alicloud/hal_crypto_gd.o ./alicloud/hal_kv_gd.d ./alicloud/hal_kv_gd.o ./alicloud/hal_os_gd.d ./alicloud/hal_os_gd.o ./alicloud/hal_ota_gd.d ./alicloud/hal_ota_gd.o ./alicloud/hal_product_gd.d ./alicloud/hal_product_gd.o ./alicloud/hal_system_gd.d ./alicloud/hal_system_gd.o ./alicloud/hal_tcp_gd.d ./alicloud/hal_tcp_gd.o ./alicloud/hal_tls_gd.d ./alicloud/hal_tls_gd.o ./alicloud/hal_udp_gd.d ./alicloud/hal_udp_gd.o ./alicloud/hal_wifi_gd.d ./alicloud/hal_wifi_gd.o ./alicloud/living_platform_awss_reset.d ./alicloud/living_platform_awss_reset.o ./alicloud/living_platform_main.d ./alicloud/living_platform_main.o ./alicloud/living_platform_ut.d ./alicloud/living_platform_ut.o
rm -rf ./FatFS/diskio.d ./FatFS/diskio.o ./FatFS/fatfs.d ./FatFS/fatfs.o ./FatFS/ff.d ./FatFS/ff.o ./FatFS/ffsystem.d ./FatFS/ffsystem.o ./FatFS/ffunicode.d ./FatFS/ffunicode.o
rm -rf MSDK.bin MSDK.elf MSDK.lst MSDK.siz
 
11:02:22 **** Build of configuration msdk for project MSDK ****
make -j16 all 
Building file: C:/Users/stapi/OneDrive/Desktop/GD32VW553/V1_MQTT_OK/GD32VW55X_Wifi_BLE_SDK/GD32VW55x_RELEASE_V1.0.2/MSDK/wifi_manager/wifi_eloop.c
Building file: C:/Users/stapi/OneDrive/Desktop/GD32VW553/V1_MQTT_OK/GD32VW55X_Wifi_BLE_SDK/GD32VW55x_RELEASE_V1.0.2/MSDK/wifi_manager/wifi_init.c
Building file: C:/Users/stapi/OneDrive/Desktop/GD32VW553/V1_MQTT_OK/GD32VW55X_Wifi_BLE_SDK/GD32VW55x_RELEASE_V1.0.2/MSDK/wifi_manager/wifi_management.c
Invoking: GD RISC-V MCU C Compiler
Invoking: GD RISC-V MCU C Compiler
riscv-nuclei-elf-gcc -march=rv32imac -mabi=ilp32 -mcmodel=medlow -msmall-data-limit=8 -O0 -fmessage-length=0 -fsigned-char -ffunction-sections -fdata-sections  -g -std=gnu11 -MMD -MP -MF"wifi_manager/wifi_eloop.d" -MT"wifi_manager/wifi_eloop.o" -Wa,-adhlns=wifi_manager/wifi_eloop.o.lst   -c -o "wifi_manager/wifi_eloop.o" "C:/Users/stapi/OneDrive/Desktop/GD32VW553/V1_MQTT_OK/GD32VW55X_Wifi_BLE_SDK/GD32VW55x_RELEASE_V1.0.2/MSDK/wifi_manager/wifi_eloop.c"
Building file: C:/Users/stapi/OneDrive/Desktop/GD32VW553/V1_MQTT_OK/GD32VW55X_Wifi_BLE_SDK/GD32VW55x_RELEASE_V1.0.2/MSDK/wifi_manager/wifi_net_ip.c
riscv-nuclei-elf-gcc -march=rv32imac -mabi=ilp32 -mcmodel=medlow -msmall-data-limit=8 -O0 -fmessage-length=0 -fsigned-char -ffunction-sections -fdata-sections  -g -std=gnu11 -MMD -MP -MF"wifi_manager/wifi_init.d" -MT"wifi_manager/wifi_init.o" -Wa,-adhlns=wifi_manager/wifi_init.o.lst   -c -o "wifi_manager/wifi_init.o" "C:/Users/stapi/OneDrive/Desktop/GD32VW553/V1_MQTT_OK/GD32VW55X_Wifi_BLE_SDK/GD32VW55x_RELEASE_V1.0.2/MSDK/wifi_manager/wifi_init.c"
Invoking: GD RISC-V MCU C Compiler
riscv-nuclei-elf-gcc -march=rv32imac -mabi=ilp32 -mcmodel=medlow -msmall-data-limit=8 -O0 -fmessage-length=0 -fsigned-char -ffunction-sections -fdata-sections  -g -std=gnu11 -MMD -MP -MF"wifi_manager/wifi_management.d" -MT"wifi_manager/wifi_management.o" -Wa,-adhlns=wifi_manager/wifi_management.o.lst   -c -o "wifi_manager/wifi_management.o" "C:/Users/stapi/OneDrive/Desktop/GD32VW553/V1_MQTT_OK/GD32VW55X_Wifi_BLE_SDK/GD32VW55x_RELEASE_V1.0.2/MSDK/wifi_manager/wifi_management.c"
Invoking: GD RISC-V MCU C Compiler
riscv-nuclei-elf-gcc -march=rv32imac -mabi=ilp32 -mcmodel=medlow -msmall-data-limit=8 -O0 -fmessage-length=0 -fsigned-char -ffunction-sections -fdata-sections  -g -std=gnu11 -MMD -MP -MF"wifi_manager/wifi_net_ip.d" -MT"wifi_manager/wifi_net_ip.o" -Wa,-adhlns=wifi_manager/wifi_net_ip.o.lst   -c -o "wifi_manager/wifi_net_ip.o" "C:/Users/stapi/OneDrive/Desktop/GD32VW553/V1_MQTT_OK/GD32VW55X_Wifi_BLE_SDK/GD32VW55x_RELEASE_V1.0.2/MSDK/wifi_manager/wifi_net_ip.c"
Building file: C:/Users/stapi/OneDrive/Desktop/GD32VW553/V1_MQTT_OK/GD32VW55X_Wifi_BLE_SDK/GD32VW55x_RELEASE_V1.0.2/MSDK/wifi_manager/wifi_netlink.c
Building file: C:/Users/stapi/OneDrive/Desktop/GD32VW553/V1_MQTT_OK/GD32VW55X_Wifi_BLE_SDK/GD32VW55x_RELEASE_V1.0.2/MSDK/wifi_manager/wifi_vif.c
Invoking: GD RISC-V MCU C Compiler
riscv-nuclei-elf-gcc -march=rv32imac -mabi=ilp32 -mcmodel=medlow -msmall-data-limit=8 -O0 -fmessage-length=0 -fsigned-char -ffunction-sections -fdata-sections  -g -std=gnu11 -MMD -MP -MF"wifi_manager/wifi_netlink.d" -MT"wifi_manager/wifi_netlink.o" -Wa,-adhlns=wifi_manager/wifi_netlink.o.lst   -c -o "wifi_manager/wifi_netlink.o" "C:/Users/stapi/OneDrive/Desktop/GD32VW553/V1_MQTT_OK/GD32VW55X_Wifi_BLE_SDK/GD32VW55x_RELEASE_V1.0.2/MSDK/wifi_manager/wifi_netlink.c"
Building file: C:/Users/stapi/OneDrive/Desktop/GD32VW553/V1_MQTT_OK/GD32VW55X_Wifi_BLE_SDK/GD32VW55x_RELEASE_V1.0.2/MSDK/wifi_manager/wifi_wpa.c
Invoking: GD RISC-V MCU C Compiler
riscv-nuclei-elf-gcc -march=rv32imac -mabi=ilp32 -mcmodel=medlow -msmall-data-limit=8 -O0 -fmessage-length=0 -fsigned-char -ffunction-sections -fdata-sections  -g -std=gnu11 -MMD -MP -MF"wifi_manager/wifi_vif.d" -MT"wifi_manager/wifi_vif.o" -Wa,-adhlns=wifi_manager/wifi_vif.o.lst   -c -o "wifi_manager/wifi_vif.o" "C:/Users/stapi/OneDrive/Desktop/GD32VW553/V1_MQTT_OK/GD32VW55X_Wifi_BLE_SDK/GD32VW55x_RELEASE_V1.0.2/MSDK/wifi_manager/wifi_vif.c"
Building file: C:/Users/stapi/OneDrive/Desktop/GD32VW553/V1_MQTT_OK/GD32VW55X_Wifi_BLE_SDK/GD32VW55x_RELEASE_V1.0.2/MSDK/util/src/aes_ecb.c
Invoking: GD RISC-V MCU C Compiler
C:/Users/stapi/OneDrive/Desktop/GD32VW553/V1_MQTT_OK/GD32VW55X_Wifi_BLE_SDK/GD32VW55x_RELEASE_V1.0.2/MSDK/wifi_manager/wifi_eloop.c:50:10: fatal error: wrapper_os.h: No such file or directory
riscv-nuclei-elf-gcc -march=rv32imac -mabi=ilp32 -mcmodel=medlow -msmall-data-limit=8 -O0 -fmessage-length=0 -fsigned-char -ffunction-sections -fdata-sections  -g -std=gnu11 -MMD -MP -MF"wifi_manager/wifi_wpa.d" -MT"wifi_manager/wifi_wpa.o" -Wa,-adhlns=wifi_manager/wifi_wpa.o.lst   -c -o "wifi_manager/wifi_wpa.o" "C:/Users/stapi/OneDrive/Desktop/GD32VW553/V1_MQTT_OK/GD32VW55X_Wifi_BLE_SDK/GD32VW55x_RELEASE_V1.0.2/MSDK/wifi_manager/wifi_wpa.c"
   50 | #include "wrapper_os.h"
Building file: C:/Users/stapi/OneDrive/Desktop/GD32VW553/V1_MQTT_OK/GD32VW55X_Wifi_BLE_SDK/GD32VW55x_RELEASE_V1.0.2/MSDK/util/src/cJSON.c
      |          ^~~~~~~~~~~~~~
compilation terminated.
C:/Users/stapi/OneDrive/Desktop/GD32VW553/V1_MQTT_OK/GD32VW55X_Wifi_BLE_SDK/GD32VW55x_RELEASE_V1.0.2/MSDK/wifi_manager/wifi_init.c:35:10: fatal error: wrapper_os.h: No such file or directory
   35 | #include "wrapper_os.h"
      |          ^~~~~~~~~~~~~~
compilation terminated.
Invoking: GD RISC-V MCU C Compiler
make: *** [wifi_manager/subdir.mk:38: wifi_manager/wifi_eloop.o] Error 1
make: *** Waiting for unfinished jobs....
riscv-nuclei-elf-gcc -march=rv32imac -mabi=ilp32 -mcmodel=medlow -msmall-data-limit=8 -O0 -fmessage-length=0 -fsigned-char -ffunction-sections -fdata-sections  -g -std=gnu11 -MMD -MP -MF"util/aes_ecb.d" -MT"util/aes_ecb.o" -Wa,-adhlns=util/aes_ecb.o.lst   -c -o "util/aes_ecb.o" "C:/Users/stapi/OneDrive/Desktop/GD32VW553/V1_MQTT_OK/GD32VW55X_Wifi_BLE_SDK/GD32VW55x_RELEASE_V1.0.2/MSDK/util/src/aes_ecb.c"
In file included from C:/Users/stapi/OneDrive/Desktop/GD32VW553/V1_MQTT_OK/GD32VW55X_Wifi_BLE_SDK/GD32VW55x_RELEASE_V1.0.2/MSDK/wifi_manager/wifi_management.c:36:
C:/Users/stapi/OneDrive/Desktop/GD32VW553/V1_MQTT_OK/GD32VW55X_Wifi_BLE_SDK/GD32VW55x_RELEASE_V1.0.2/MSDK/wifi_manager/wifi_vif.h:38:10: fatal error: app_cfg.h: No such file or directory
Building file: C:/Users/stapi/OneDrive/Desktop/GD32VW553/V1_MQTT_OK/GD32VW55X_Wifi_BLE_SDK/GD32VW55x_RELEASE_V1.0.2/MSDK/util/src/crc.c
   38 | #include "app_cfg.h"
      |          ^~~~~~~~~~~
compilation terminated.
make: *** [wifi_manager/subdir.mk:45: wifi_manager/wifi_init.o] Error 1
Invoking: GD RISC-V MCU C Compiler
C:/Users/stapi/OneDrive/Desktop/GD32VW553/V1_MQTT_OK/GD32VW55X_Wifi_BLE_SDK/GD32VW55x_RELEASE_V1.0.2/MSDK/wifi_manager/wifi_net_ip.c:35:10: fatal error: wrapper_os.h: No such file or directory
riscv-nuclei-elf-gcc -march=rv32imac -mabi=ilp32 -mcmodel=medlow -msmall-data-limit=8 -O0 -fmessage-length=0 -fsigned-char -ffunction-sections -fdata-sections  -g -std=gnu11 -MMD -MP -MF"util/cJSON.d" -MT"util/cJSON.o" -Wa,-adhlns=util/cJSON.o.lst   -c -o "util/cJSON.o" "C:/Users/stapi/OneDrive/Desktop/GD32VW553/V1_MQTT_OK/GD32VW55X_Wifi_BLE_SDK/GD32VW55x_RELEASE_V1.0.2/MSDK/util/src/cJSON.c"
   35 | #include "wrapper_os.h"
      |          ^~~~~~~~~~~~~~
make: *** [wifi_manager/subdir.mk:52: wifi_manager/wifi_management.o] Error 1
compilation terminated.
Invoking: GD RISC-V MCU C Compiler
riscv-nuclei-elf-gcc -march=rv32imac -mabi=ilp32 -mcmodel=medlow -msmall-data-limit=8 -O0 -fmessage-length=0 -fsigned-char -ffunction-sections -fdata-sections  -g -std=gnu11 -MMD -MP -MF"util/crc.d" -MT"util/crc.o" -Wa,-adhlns=util/crc.o.lst   -c -o "util/crc.o" "C:/Users/stapi/OneDrive/Desktop/GD32VW553/V1_MQTT_OK/GD32VW55X_Wifi_BLE_SDK/GD32VW55x_RELEASE_V1.0.2/MSDK/util/src/crc.c"
make: *** [wifi_manager/subdir.mk:59: wifi_manager/wifi_net_ip.o] Error 1
In file included from C:/Users/stapi/OneDrive/Desktop/GD32VW553/V1_MQTT_OK/GD32VW55X_Wifi_BLE_SDK/GD32VW55x_RELEASE_V1.0.2/MSDK/wifi_manager/wifi_netlink.c:35:
C:/Users/stapi/OneDrive/Desktop/GD32VW553/V1_MQTT_OK/GD32VW55X_Wifi_BLE_SDK/GD32VW55x_RELEASE_V1.0.2/MSDK/wifi_manager/wifi_vif.h:38:10: fatal error: app_cfg.h: No such file or directory
   38 | #include "app_cfg.h"
      |          ^~~~~~~~~~~
compilation terminated.
make: *** [wifi_manager/subdir.mk:66: wifi_manager/wifi_netlink.o] Error 1
In file included from C:/Users/stapi/OneDrive/Desktop/GD32VW553/V1_MQTT_OK/GD32VW55X_Wifi_BLE_SDK/GD32VW55x_RELEASE_V1.0.2/MSDK/wifi_manager/wifi_vif.c:35:
C:/Users/stapi/OneDrive/Desktop/GD32VW553/V1_MQTT_OK/GD32VW55X_Wifi_BLE_SDK/GD32VW55x_RELEASE_V1.0.2/MSDK/wifi_manager/wifi_vif.h:38:10: fatal error: app_cfg.h: No such file or directory
   38 | #include "app_cfg.h"
      |          ^~~~~~~~~~~
compilation terminated.
make: *** [wifi_manager/subdir.mk:73: wifi_manager/wifi_vif.o] Error 1
C:/Users/stapi/OneDrive/Desktop/GD32VW553/V1_MQTT_OK/GD32VW55X_Wifi_BLE_SDK/GD32VW55x_RELEASE_V1.0.2/MSDK/wifi_manager/wifi_wpa.c:35:10: fatal error: wifi_export.h: No such file or directory
   35 | #include "wifi_export.h"
      |          ^~~~~~~~~~~~~~~
compilation terminated.
make: *** [wifi_manager/subdir.mk:80: wifi_manager/wifi_wpa.o] Error 1
C:/Users/stapi/OneDrive/Desktop/GD32VW553/V1_MQTT_OK/GD32VW55X_Wifi_BLE_SDK/GD32VW55x_RELEASE_V1.0.2/MSDK/util/src/cJSON.c:27:10: fatal error: app_cfg.h: No such file or directory
   27 | #include "app_cfg.h"
      |          ^~~~~~~~~~~
compilation terminated.
C:/Users/stapi/OneDrive/Desktop/GD32VW553/V1_MQTT_OK/GD32VW55X_Wifi_BLE_SDK/GD32VW55x_RELEASE_V1.0.2/MSDK/util/src/aes_ecb.c:38:10: fatal error: aes_ecb.h: No such file or directory
   38 | #include "aes_ecb.h"
      |          ^~~~~~~~~~~
compilation terminated.
C:/Users/stapi/OneDrive/Desktop/GD32VW553/V1_MQTT_OK/GD32VW55X_Wifi_BLE_SDK/GD32VW55x_RELEASE_V1.0.2/MSDK/util/src/crc.c:39:10: fatal error: crc.h: No such file or directory
   39 | #include "crc.h"
      |          ^~~~~~~
compilation terminated.
make: *** [util/subdir.mk:54: util/cJSON.o] Error 1
make: *** [util/subdir.mk:47: util/aes_ecb.o] Error 1
make: *** [util/subdir.mk:61: util/crc.o] Error 1
"make -j16 all" terminated with exit code 2. Build might be incomplete.
