11:02:18 **** Build of configuration Debug for project MBL ****
make -j16 all 
cmd /C "..\..\mbl_prebuild.bat riscv-nuclei-elf-"
Active code page: 65001
cd=C:\Users\stapi\OneDrive\Desktop\GD32VW553\V1_MQTT_OK\GD32VW55X_Wifi_BLE_SDK\GD32VW55x_RELEASE_V1.0.2\MBL\project\eclipse\Debug
 
Building file: C:/Users/stapi/OneDrive/Desktop/GD32VW553/V1_MQTT_OK/GD32VW55X_Wifi_BLE_SDK/GD32VW55x_RELEASE_V1.0.2/MSDK/plf/riscv/env/entry.S
Building file: C:/Users/stapi/OneDrive/Desktop/GD32VW553/V1_MQTT_OK/GD32VW55X_Wifi_BLE_SDK/GD32VW55x_RELEASE_V1.0.2/MSDK/plf/GD32VW55x_standard_peripheral/Source/gd32vw55x_eclic.c
Building file: C:/Users/stapi/OneDrive/Desktop/GD32VW553/V1_MQTT_OK/GD32VW55X_Wifi_BLE_SDK/GD32VW55x_RELEASE_V1.0.2/MSDK/plf/GD32VW55x_standard_peripheral/Source/gd32vw55x_fmc.c
Invoking: GD RISC-V MCU Assembler
Invoking: GD RISC-V MCU C Compiler
riscv-nuclei-elf-gcc -march=rv32imafcbp -mcmodel=medlow -msmall-data-limit=8 -msave-restore -mabi=ilp32f -O2 -fmessage-length=0 -fsigned-char -ffunction-sections -fdata-sections -fno-common -Wuninitialized  -g -Wa,-adhlns=platform/entry.o.lst   -x assembler-with-cpp -I../../../../config -I../../../mainboot/ -I../../../../MSDK/plf/riscv/gd32vw55x -I../../../../MSDK/plf/riscv/NMSIS/Core/Include -I../../../../MSDK/plf/GD32VW55x_standard_peripheral -I../../../../MSDK/plf/GD32VW55x_standard_peripheral/Include -c -o "platform/entry.o" "C:/Users/stapi/OneDrive/Desktop/GD32VW553/V1_MQTT_OK/GD32VW55X_Wifi_BLE_SDK/GD32VW55x_RELEASE_V1.0.2/MSDK/plf/riscv/env/entry.S"
riscv-nuclei-elf-gcc -march=rv32imafcbp -mcmodel=medlow -msmall-data-limit=8 -msave-restore -mabi=ilp32f -O2 -fmessage-length=0 -fsigned-char -ffunction-sections -fdata-sections -fno-common -Wuninitialized  -g -std=c99 -DEXEC_USING_STD_PRINTF -I../../../../config -I../../../../ROM-EXPORT/bootloader -I../../../../ROM-EXPORT/halcomm -I../../../../ROM-EXPORT/mbedtls-2.17.0-rom/include -I../../../../MSDK/plf/riscv/gd32vw55x -I../../../../MSDK/plf/riscv/NMSIS/Core/Include -I../../../../MSDK/plf/GD32VW55x_standard_peripheral/Include -I../../../../MSDK/plf/GD32VW55x_standard_peripheral -I../../../../MSDK/plf/src -I../../../../MSDK/macsw/export -I../../../../MSDK/app -I../../../mainboot/ -MMD -MP -MF"platform/gd32vw55x_eclic.d" -MT"platform/gd32vw55x_eclic.o" -Wa,-adhlns=platform/gd32vw55x_eclic.o.lst   -c -o "platform/gd32vw55x_eclic.o" "C:/Users/stapi/OneDrive/Desktop/GD32VW553/V1_MQTT_OK/GD32VW55X_Wifi_BLE_SDK/GD32VW55x_RELEASE_V1.0.2/MSDK/plf/GD32VW55x_standard_peripheral/Source/gd32vw55x_eclic.c"
Building file: C:/Users/stapi/OneDrive/Desktop/GD32VW553/V1_MQTT_OK/GD32VW55X_Wifi_BLE_SDK/GD32VW55x_RELEASE_V1.0.2/MSDK/plf/GD32VW55x_standard_peripheral/Source/gd32vw55x_gpio.c
Invoking: GD RISC-V MCU C Compiler
riscv-nuclei-elf-gcc -march=rv32imafcbp -mcmodel=medlow -msmall-data-limit=8 -msave-restore -mabi=ilp32f -O2 -fmessage-length=0 -fsigned-char -ffunction-sections -fdata-sections -fno-common -Wuninitialized  -g -std=c99 -DEXEC_USING_STD_PRINTF -I../../../../config -I../../../../ROM-EXPORT/bootloader -I../../../../ROM-EXPORT/halcomm -I../../../../ROM-EXPORT/mbedtls-2.17.0-rom/include -I../../../../MSDK/plf/riscv/gd32vw55x -I../../../../MSDK/plf/riscv/NMSIS/Core/Include -I../../../../MSDK/plf/GD32VW55x_standard_peripheral/Include -I../../../../MSDK/plf/GD32VW55x_standard_peripheral -I../../../../MSDK/plf/src -I../../../../MSDK/macsw/export -I../../../../MSDK/app -I../../../mainboot/ -MMD -MP -MF"platform/gd32vw55x_fmc.d" -MT"platform/gd32vw55x_fmc.o" -Wa,-adhlns=platform/gd32vw55x_fmc.o.lst   -c -o "platform/gd32vw55x_fmc.o" "C:/Users/stapi/OneDrive/Desktop/GD32VW553/V1_MQTT_OK/GD32VW55X_Wifi_BLE_SDK/GD32VW55x_RELEASE_V1.0.2/MSDK/plf/GD32VW55x_standard_peripheral/Source/gd32vw55x_fmc.c"
Invoking: GD RISC-V MCU C Compiler
riscv-nuclei-elf-gcc -march=rv32imafcbp -mcmodel=medlow -msmall-data-limit=8 -msave-restore -mabi=ilp32f -O2 -fmessage-length=0 -fsigned-char -ffunction-sections -fdata-sections -fno-common -Wuninitialized  -g -std=c99 -DEXEC_USING_STD_PRINTF -I../../../../config -I../../../../ROM-EXPORT/bootloader -I../../../../ROM-EXPORT/halcomm -I../../../../ROM-EXPORT/mbedtls-2.17.0-rom/include -I../../../../MSDK/plf/riscv/gd32vw55x -I../../../../MSDK/plf/riscv/NMSIS/Core/Include -I../../../../MSDK/plf/GD32VW55x_standard_peripheral/Include -I../../../../MSDK/plf/GD32VW55x_standard_peripheral -I../../../../MSDK/plf/src -I../../../../MSDK/macsw/export -I../../../../MSDK/app -I../../../mainboot/ -MMD -MP -MF"platform/gd32vw55x_gpio.d" -MT"platform/gd32vw55x_gpio.o" -Wa,-adhlns=platform/gd32vw55x_gpio.o.lst   -c -o "platform/gd32vw55x_gpio.o" "C:/Users/stapi/OneDrive/Desktop/GD32VW553/V1_MQTT_OK/GD32VW55X_Wifi_BLE_SDK/GD32VW55x_RELEASE_V1.0.2/MSDK/plf/GD32VW55x_standard_peripheral/Source/gd32vw55x_gpio.c"
Building file: C:/Users/stapi/OneDrive/Desktop/GD32VW553/V1_MQTT_OK/GD32VW55X_Wifi_BLE_SDK/GD32VW55x_RELEASE_V1.0.2/MSDK/plf/GD32VW55x_standard_peripheral/Source/gd32vw55x_rcu.c
Building file: C:/Users/stapi/OneDrive/Desktop/GD32VW553/V1_MQTT_OK/GD32VW55X_Wifi_BLE_SDK/GD32VW55x_RELEASE_V1.0.2/MSDK/plf/GD32VW55x_standard_peripheral/Source/gd32vw55x_usart.c
Building file: C:/Users/stapi/OneDrive/Desktop/GD32VW553/V1_MQTT_OK/GD32VW55X_Wifi_BLE_SDK/GD32VW55x_RELEASE_V1.0.2/MSDK/plf/riscv/env/handlers.c
Invoking: GD RISC-V MCU C Compiler
Building file: C:/Users/stapi/OneDrive/Desktop/GD32VW553/V1_MQTT_OK/GD32VW55X_Wifi_BLE_SDK/GD32VW55x_RELEASE_V1.0.2/MSDK/plf/riscv/env/env_init.c
riscv-nuclei-elf-gcc -march=rv32imafcbp -mcmodel=medlow -msmall-data-limit=8 -msave-restore -mabi=ilp32f -O2 -fmessage-length=0 -fsigned-char -ffunction-sections -fdata-sections -fno-common -Wuninitialized  -g -std=c99 -DEXEC_USING_STD_PRINTF -I../../../../config -I../../../../ROM-EXPORT/bootloader -I../../../../ROM-EXPORT/halcomm -I../../../../ROM-EXPORT/mbedtls-2.17.0-rom/include -I../../../../MSDK/plf/riscv/gd32vw55x -I../../../../MSDK/plf/riscv/NMSIS/Core/Include -I../../../../MSDK/plf/GD32VW55x_standard_peripheral/Include -I../../../../MSDK/plf/GD32VW55x_standard_peripheral -I../../../../MSDK/plf/src -I../../../../MSDK/macsw/export -I../../../../MSDK/app -I../../../mainboot/ -MMD -MP -MF"platform/gd32vw55x_usart.d" -MT"platform/gd32vw55x_usart.o" -Wa,-adhlns=platform/gd32vw55x_usart.o.lst   -c -o "platform/gd32vw55x_usart.o" "C:/Users/stapi/OneDrive/Desktop/GD32VW553/V1_MQTT_OK/GD32VW55X_Wifi_BLE_SDK/GD32VW55x_RELEASE_V1.0.2/MSDK/plf/GD32VW55x_standard_peripheral/Source/gd32vw55x_usart.c"
Building file: C:/Users/stapi/OneDrive/Desktop/GD32VW553/V1_MQTT_OK/GD32VW55X_Wifi_BLE_SDK/GD32VW55x_RELEASE_V1.0.2/MSDK/plf/riscv/arch/lib/lib_hook_mbl.c
Invoking: GD RISC-V MCU C Compiler
Building file: C:/Users/stapi/OneDrive/Desktop/GD32VW553/V1_MQTT_OK/GD32VW55X_Wifi_BLE_SDK/GD32VW55x_RELEASE_V1.0.2/MSDK/plf/src/init_rom_symbol.c
Invoking: GD RISC-V MCU C Compiler
Building file: C:/Users/stapi/OneDrive/Desktop/GD32VW553/V1_MQTT_OK/GD32VW55X_Wifi_BLE_SDK/GD32VW55x_RELEASE_V1.0.2/MSDK/plf/riscv/env/start.S
Building file: C:/Users/stapi/OneDrive/Desktop/GD32VW553/V1_MQTT_OK/GD32VW55X_Wifi_BLE_SDK/GD32VW55x_RELEASE_V1.0.2/MSDK/plf/riscv/gd32vw55x/system_gd32vw55x.c
Invoking: GD RISC-V MCU C Compiler
Invoking: GD RISC-V MCU C Compiler
Invoking: GD RISC-V MCU C Compiler
riscv-nuclei-elf-gcc -march=rv32imafcbp -mcmodel=medlow -msmall-data-limit=8 -msave-restore -mabi=ilp32f -O2 -fmessage-length=0 -fsigned-char -ffunction-sections -fdata-sections -fno-common -Wuninitialized  -g -std=c99 -DEXEC_USING_STD_PRINTF -I../../../../config -I../../../../ROM-EXPORT/bootloader -I../../../../ROM-EXPORT/halcomm -I../../../../ROM-EXPORT/mbedtls-2.17.0-rom/include -I../../../../MSDK/plf/riscv/gd32vw55x -I../../../../MSDK/plf/riscv/NMSIS/Core/Include -I../../../../MSDK/plf/GD32VW55x_standard_peripheral/Include -I../../../../MSDK/plf/GD32VW55x_standard_peripheral -I../../../../MSDK/plf/src -I../../../../MSDK/macsw/export -I../../../../MSDK/app -I../../../mainboot/ -MMD -MP -MF"platform/gd32vw55x_rcu.d" -MT"platform/gd32vw55x_rcu.o" -Wa,-adhlns=platform/gd32vw55x_rcu.o.lst   -c -o "platform/gd32vw55x_rcu.o" "C:/Users/stapi/OneDrive/Desktop/GD32VW553/V1_MQTT_OK/GD32VW55X_Wifi_BLE_SDK/GD32VW55x_RELEASE_V1.0.2/MSDK/plf/GD32VW55x_standard_peripheral/Source/gd32vw55x_rcu.c"
riscv-nuclei-elf-gcc -march=rv32imafcbp -mcmodel=medlow -msmall-data-limit=8 -msave-restore -mabi=ilp32f -O2 -fmessage-length=0 -fsigned-char -ffunction-sections -fdata-sections -fno-common -Wuninitialized  -g -std=c99 -DEXEC_USING_STD_PRINTF -I../../../../config -I../../../../ROM-EXPORT/bootloader -I../../../../ROM-EXPORT/halcomm -I../../../../ROM-EXPORT/mbedtls-2.17.0-rom/include -I../../../../MSDK/plf/riscv/gd32vw55x -I../../../../MSDK/plf/riscv/NMSIS/Core/Include -I../../../../MSDK/plf/GD32VW55x_standard_peripheral/Include -I../../../../MSDK/plf/GD32VW55x_standard_peripheral -I../../../../MSDK/plf/src -I../../../../MSDK/macsw/export -I../../../../MSDK/app -I../../../mainboot/ -MMD -MP -MF"platform/env_init.d" -MT"platform/env_init.o" -Wa,-adhlns=platform/env_init.o.lst   -c -o "platform/env_init.o" "C:/Users/stapi/OneDrive/Desktop/GD32VW553/V1_MQTT_OK/GD32VW55X_Wifi_BLE_SDK/GD32VW55x_RELEASE_V1.0.2/MSDK/plf/riscv/env/env_init.c"
Building file: C:/Users/stapi/OneDrive/Desktop/GD32VW553/V1_MQTT_OK/GD32VW55X_Wifi_BLE_SDK/GD32VW55x_RELEASE_V1.0.2/MBL/mainboot/mbl.c
riscv-nuclei-elf-gcc -march=rv32imafcbp -mcmodel=medlow -msmall-data-limit=8 -msave-restore -mabi=ilp32f -O2 -fmessage-length=0 -fsigned-char -ffunction-sections -fdata-sections -fno-common -Wuninitialized  -g -std=c99 -DEXEC_USING_STD_PRINTF -I../../../../config -I../../../../ROM-EXPORT/bootloader -I../../../../ROM-EXPORT/halcomm -I../../../../ROM-EXPORT/mbedtls-2.17.0-rom/include -I../../../../MSDK/plf/riscv/gd32vw55x -I../../../../MSDK/plf/riscv/NMSIS/Core/Include -I../../../../MSDK/plf/GD32VW55x_standard_peripheral/Include -I../../../../MSDK/plf/GD32VW55x_standard_peripheral -I../../../../MSDK/plf/src -I../../../../MSDK/macsw/export -I../../../../MSDK/app -I../../../mainboot/ -MMD -MP -MF"platform/handlers.d" -MT"platform/handlers.o" -Wa,-adhlns=platform/handlers.o.lst   -c -o "platform/handlers.o" "C:/Users/stapi/OneDrive/Desktop/GD32VW553/V1_MQTT_OK/GD32VW55X_Wifi_BLE_SDK/GD32VW55x_RELEASE_V1.0.2/MSDK/plf/riscv/env/handlers.c"
riscv-nuclei-elf-gcc -march=rv32imafcbp -mcmodel=medlow -msmall-data-limit=8 -msave-restore -mabi=ilp32f -O2 -fmessage-length=0 -fsigned-char -ffunction-sections -fdata-sections -fno-common -Wuninitialized  -g -std=c99 -DEXEC_USING_STD_PRINTF -I../../../../config -I../../../../ROM-EXPORT/bootloader -I../../../../ROM-EXPORT/halcomm -I../../../../ROM-EXPORT/mbedtls-2.17.0-rom/include -I../../../../MSDK/plf/riscv/gd32vw55x -I../../../../MSDK/plf/riscv/NMSIS/Core/Include -I../../../../MSDK/plf/GD32VW55x_standard_peripheral/Include -I../../../../MSDK/plf/GD32VW55x_standard_peripheral -I../../../../MSDK/plf/src -I../../../../MSDK/macsw/export -I../../../../MSDK/app -I../../../mainboot/ -MMD -MP -MF"platform/lib_hook_mbl.d" -MT"platform/lib_hook_mbl.o" -Wa,-adhlns=platform/lib_hook_mbl.o.lst   -c -o "platform/lib_hook_mbl.o" "C:/Users/stapi/OneDrive/Desktop/GD32VW553/V1_MQTT_OK/GD32VW55X_Wifi_BLE_SDK/GD32VW55x_RELEASE_V1.0.2/MSDK/plf/riscv/arch/lib/lib_hook_mbl.c"
Invoking: GD RISC-V MCU Assembler
riscv-nuclei-elf-gcc -march=rv32imafcbp -mcmodel=medlow -msmall-data-limit=8 -msave-restore -mabi=ilp32f -O2 -fmessage-length=0 -fsigned-char -ffunction-sections -fdata-sections -fno-common -Wuninitialized  -g -std=c99 -DEXEC_USING_STD_PRINTF -I../../../../config -I../../../../ROM-EXPORT/bootloader -I../../../../ROM-EXPORT/halcomm -I../../../../ROM-EXPORT/mbedtls-2.17.0-rom/include -I../../../../MSDK/plf/riscv/gd32vw55x -I../../../../MSDK/plf/riscv/NMSIS/Core/Include -I../../../../MSDK/plf/GD32VW55x_standard_peripheral/Include -I../../../../MSDK/plf/GD32VW55x_standard_peripheral -I../../../../MSDK/plf/src -I../../../../MSDK/macsw/export -I../../../../MSDK/app -I../../../mainboot/ -MMD -MP -MF"platform/init_rom_symbol.d" -MT"platform/init_rom_symbol.o" -Wa,-adhlns=platform/init_rom_symbol.o.lst   -c -o "platform/init_rom_symbol.o" "C:/Users/stapi/OneDrive/Desktop/GD32VW553/V1_MQTT_OK/GD32VW55X_Wifi_BLE_SDK/GD32VW55x_RELEASE_V1.0.2/MSDK/plf/src/init_rom_symbol.c"
riscv-nuclei-elf-gcc -march=rv32imafcbp -mcmodel=medlow -msmall-data-limit=8 -msave-restore -mabi=ilp32f -O2 -fmessage-length=0 -fsigned-char -ffunction-sections -fdata-sections -fno-common -Wuninitialized  -g -Wa,-adhlns=platform/start.o.lst   -x assembler-with-cpp -I../../../../config -I../../../mainboot/ -I../../../../MSDK/plf/riscv/gd32vw55x -I../../../../MSDK/plf/riscv/NMSIS/Core/Include -I../../../../MSDK/plf/GD32VW55x_standard_peripheral -I../../../../MSDK/plf/GD32VW55x_standard_peripheral/Include -c -o "platform/start.o" "C:/Users/stapi/OneDrive/Desktop/GD32VW553/V1_MQTT_OK/GD32VW55X_Wifi_BLE_SDK/GD32VW55x_RELEASE_V1.0.2/MSDK/plf/riscv/env/start.S"
Invoking: GD RISC-V MCU C Compiler
riscv-nuclei-elf-gcc -march=rv32imafcbp -mcmodel=medlow -msmall-data-limit=8 -msave-restore -mabi=ilp32f -O2 -fmessage-length=0 -fsigned-char -ffunction-sections -fdata-sections -fno-common -Wuninitialized  -g -std=c99 -DEXEC_USING_STD_PRINTF -I../../../../config -I../../../../ROM-EXPORT/bootloader -I../../../../ROM-EXPORT/halcomm -I../../../../ROM-EXPORT/mbedtls-2.17.0-rom/include -I../../../../MSDK/plf/riscv/gd32vw55x -I../../../../MSDK/plf/riscv/NMSIS/Core/Include -I../../../../MSDK/plf/GD32VW55x_standard_peripheral/Include -I../../../../MSDK/plf/GD32VW55x_standard_peripheral -I../../../../MSDK/plf/src -I../../../../MSDK/macsw/export -I../../../../MSDK/app -I../../../mainboot/ -MMD -MP -MF"platform/system_gd32vw55x.d" -MT"platform/system_gd32vw55x.o" -Wa,-adhlns=platform/system_gd32vw55x.o.lst   -c -o "platform/system_gd32vw55x.o" "C:/Users/stapi/OneDrive/Desktop/GD32VW553/V1_MQTT_OK/GD32VW55X_Wifi_BLE_SDK/GD32VW55x_RELEASE_V1.0.2/MSDK/plf/riscv/gd32vw55x/system_gd32vw55x.c"
Building file: C:/Users/stapi/OneDrive/Desktop/GD32VW553/V1_MQTT_OK/GD32VW55X_Wifi_BLE_SDK/GD32VW55x_RELEASE_V1.0.2/MBL/mainboot/mbl_image_validate.c
Invoking: GD RISC-V MCU C Compiler
riscv-nuclei-elf-gcc -march=rv32imafcbp -mcmodel=medlow -msmall-data-limit=8 -msave-restore -mabi=ilp32f -O2 -fmessage-length=0 -fsigned-char -ffunction-sections -fdata-sections -fno-common -Wuninitialized  -g -std=c99 -DEXEC_USING_STD_PRINTF -I../../../../config -I../../../../ROM-EXPORT/bootloader -I../../../../ROM-EXPORT/halcomm -I../../../../ROM-EXPORT/mbedtls-2.17.0-rom/include -I../../../../MSDK/plf/riscv/gd32vw55x -I../../../../MSDK/plf/riscv/NMSIS/Core/Include -I../../../../MSDK/plf/GD32VW55x_standard_peripheral/Include -I../../../../MSDK/plf/GD32VW55x_standard_peripheral -I../../../../MSDK/plf/src -I../../../../MSDK/macsw/export -I../../../../MSDK/app -I../../../mainboot/ -MMD -MP -MF"mainboot/mbl.d" -MT"mainboot/mbl.o" -Wa,-adhlns=mainboot/mbl.o.lst   -c -o "mainboot/mbl.o" "C:/Users/stapi/OneDrive/Desktop/GD32VW553/V1_MQTT_OK/GD32VW55X_Wifi_BLE_SDK/GD32VW55x_RELEASE_V1.0.2/MBL/mainboot/mbl.c"
Invoking: GD RISC-V MCU C Compiler
riscv-nuclei-elf-gcc -march=rv32imafcbp -mcmodel=medlow -msmall-data-limit=8 -msave-restore -mabi=ilp32f -O2 -fmessage-length=0 -fsigned-char -ffunction-sections -fdata-sections -fno-common -Wuninitialized  -g -std=c99 -DEXEC_USING_STD_PRINTF -I../../../../config -I../../../../ROM-EXPORT/bootloader -I../../../../ROM-EXPORT/halcomm -I../../../../ROM-EXPORT/mbedtls-2.17.0-rom/include -I../../../../MSDK/plf/riscv/gd32vw55x -I../../../../MSDK/plf/riscv/NMSIS/Core/Include -I../../../../MSDK/plf/GD32VW55x_standard_peripheral/Include -I../../../../MSDK/plf/GD32VW55x_standard_peripheral -I../../../../MSDK/plf/src -I../../../../MSDK/macsw/export -I../../../../MSDK/app -I../../../mainboot/ -MMD -MP -MF"mainboot/mbl_image_validate.d" -MT"mainboot/mbl_image_validate.o" -Wa,-adhlns=mainboot/mbl_image_validate.o.lst   -c -o "mainboot/mbl_image_validate.o" "C:/Users/stapi/OneDrive/Desktop/GD32VW553/V1_MQTT_OK/GD32VW55X_Wifi_BLE_SDK/GD32VW55x_RELEASE_V1.0.2/MBL/mainboot/mbl_image_validate.c"
Finished building: C:/Users/stapi/OneDrive/Desktop/GD32VW553/V1_MQTT_OK/GD32VW55X_Wifi_BLE_SDK/GD32VW55x_RELEASE_V1.0.2/MSDK/plf/riscv/env/entry.S
Finished building: C:/Users/stapi/OneDrive/Desktop/GD32VW553/V1_MQTT_OK/GD32VW55X_Wifi_BLE_SDK/GD32VW55x_RELEASE_V1.0.2/MSDK/plf/riscv/arch/lib/lib_hook_mbl.c
 
 
Finished building: C:/Users/stapi/OneDrive/Desktop/GD32VW553/V1_MQTT_OK/GD32VW55X_Wifi_BLE_SDK/GD32VW55x_RELEASE_V1.0.2/MSDK/plf/GD32VW55x_standard_peripheral/Source/gd32vw55x_eclic.c
Finished building: C:/Users/stapi/OneDrive/Desktop/GD32VW553/V1_MQTT_OK/GD32VW55X_Wifi_BLE_SDK/GD32VW55x_RELEASE_V1.0.2/MSDK/plf/riscv/env/start.S
Finished building: C:/Users/stapi/OneDrive/Desktop/GD32VW553/V1_MQTT_OK/GD32VW55X_Wifi_BLE_SDK/GD32VW55x_RELEASE_V1.0.2/MSDK/plf/GD32VW55x_standard_peripheral/Source/gd32vw55x_gpio.c
 
 
 
Finished building: C:/Users/stapi/OneDrive/Desktop/GD32VW553/V1_MQTT_OK/GD32VW55X_Wifi_BLE_SDK/GD32VW55x_RELEASE_V1.0.2/MSDK/plf/riscv/gd32vw55x/system_gd32vw55x.c
 
Finished building: C:/Users/stapi/OneDrive/Desktop/GD32VW553/V1_MQTT_OK/GD32VW55X_Wifi_BLE_SDK/GD32VW55x_RELEASE_V1.0.2/MSDK/plf/riscv/env/env_init.c
Finished building: C:/Users/stapi/OneDrive/Desktop/GD32VW553/V1_MQTT_OK/GD32VW55X_Wifi_BLE_SDK/GD32VW55x_RELEASE_V1.0.2/MSDK/plf/riscv/env/handlers.c
 
 
Finished building: C:/Users/stapi/OneDrive/Desktop/GD32VW553/V1_MQTT_OK/GD32VW55X_Wifi_BLE_SDK/GD32VW55x_RELEASE_V1.0.2/MBL/mainboot/mbl_image_validate.c
 
Finished building: C:/Users/stapi/OneDrive/Desktop/GD32VW553/V1_MQTT_OK/GD32VW55X_Wifi_BLE_SDK/GD32VW55x_RELEASE_V1.0.2/MSDK/plf/GD32VW55x_standard_peripheral/Source/gd32vw55x_fmc.c
 
Finished building: C:/Users/stapi/OneDrive/Desktop/GD32VW553/V1_MQTT_OK/GD32VW55X_Wifi_BLE_SDK/GD32VW55x_RELEASE_V1.0.2/MSDK/plf/GD32VW55x_standard_peripheral/Source/gd32vw55x_usart.c
 
Finished building: C:/Users/stapi/OneDrive/Desktop/GD32VW553/V1_MQTT_OK/GD32VW55X_Wifi_BLE_SDK/GD32VW55x_RELEASE_V1.0.2/MSDK/plf/GD32VW55x_standard_peripheral/Source/gd32vw55x_rcu.c
Finished building: C:/Users/stapi/OneDrive/Desktop/GD32VW553/V1_MQTT_OK/GD32VW55X_Wifi_BLE_SDK/GD32VW55x_RELEASE_V1.0.2/MBL/mainboot/mbl.c
 
 
Finished building: C:/Users/stapi/OneDrive/Desktop/GD32VW553/V1_MQTT_OK/GD32VW55X_Wifi_BLE_SDK/GD32VW55x_RELEASE_V1.0.2/MSDK/plf/src/init_rom_symbol.c
 
Building target: MBL.elf
Invoking: GD RISC-V MCU Linker
riscv-nuclei-elf-gcc -march=rv32imafcbp -mcmodel=medlow -msmall-data-limit=8 -msave-restore -mabi=ilp32f -O2 -fmessage-length=0 -fsigned-char -ffunction-sections -fdata-sections -fno-common -Wuninitialized  -g -Wl,-Map,"MBL.map" -T "..\mbl.lds" -nostartfiles -Xlinker --gc-sections --specs=nano.specs --specs=nosys.specs -Wl,--just-symbols=../../../../ROM-EXPORT/symbol/rom_symbol_m.gcc -o "MBL.elf"  ./platform/entry.o ./platform/gd32vw55x_eclic.o ./platform/gd32vw55x_fmc.o ./platform/gd32vw55x_gpio.o ./platform/gd32vw55x_rcu.o ./platform/gd32vw55x_usart.o ./platform/handlers.o ./platform/env_init.o ./platform/init_rom_symbol.o ./platform/lib_hook_mbl.o ./platform/start.o ./platform/system_gd32vw55x.o  ./mainboot/mbl.o ./mainboot/mbl_image_validate.o   
Finished building target: MBL.elf
 
Invoking: GD RISC-V MCU Flash Image(Hex)
Invoking: GD RISC-V MCU Flash Image(Bin)
riscv-nuclei-elf-objcopy -O ihex  "MBL.elf"  "MBL.hex"
Invoking: GD RISC-V MCU Listing
riscv-nuclei-elf-objcopy -O binary  "MBL.elf"  "MBL.bin"
Invoking: GD RISC-V MCU Print Size
riscv-nuclei-elf-objdump --source --all-headers --demangle --line-numbers --wide "MBL.elf" > "MBL.lst"
riscv-nuclei-elf-size --format=berkeley "MBL.elf"
   text	   data	    bss	    dec	    hex	filename
  12930	   4200	  17070	  34200	   8598	MBL.elf
Finished building: MBL.hex
Finished building: MBL.bin
Finished building: MBL.siz
 
 
 
Finished building: MBL.lst
 
cmd /C "..\..\mbl_afterbuild.bat  riscv-nuclei-elf- ..\..\..\..\ ECDSA256 CERT C:\Users\stapi\OneDrive\Desktop\GD32VW553\EmbeddedBuilder_v1.4.7.26843\EmbeddedBuilder\/../Tools/OpenOCD/xpack-openocd-0.11.0-3/bin "00ffeeddccbbaa998877665544332211" "
Active code page: 65001
"Not add image header and tailer, goto download!"
        1 file(s) copied.
 

11:02:21 Build Finished. 0 errors, 0 warnings. (took 2s.824ms)

